# vdrive tag=h264_jump1_cbr2000 codec=h264 1920x1080 rc=cbr br=2000 fps=60/60 gop=30 gopmode=normalp ltrint=0 ltrqpo=0 iqp=32 pqp=32 profile=10 level=51 tier=0 qp[10..51] iqp[10..51] iqd=0 firstqp=-1 iprop[10..40] idrrange=2 stattime=1 vq=0 ir=0/0 slice=0 debreath=0 scd=-1 rowqpd=-1 vui=-1 move=0 nframes=240
src=/root/rc65/clips/static.yuyv frames=30 loop=pingpong motion=jump mstep=1 window=0..-1
AX_SYS_Init rc=0x0
AX_VENC_Init rc=0x0
AX_VENC_CreateChn(7) rc=0x0
StartRecvFrame rc=0x0
AX_POOL_CreatePool id=0x0
blk=0x5e000000 phys=0x742d1000 virt=0xffff7ec25000
frame: modid=0x11 stride=1920 fmt=0xd
  snapshot pre: 3 venc_ko blocks (pool0 0x73801000 len 0x10000)
src frame 0: srcf=0 off=0 br=2000
frame 0: send=0x0 get=0x0 len=22260 coding=0 startqp=0 meanqp=0 picbytes=0 pskip=0 nalus=3 n7:32 n8:9 n5:22219
  snapshot f000: 3 venc_ko blocks (pool0 0x73801000 len 0x10000)
src frame 1: srcf=1 off=540 br=2000
frame 1: send=0x0 get=0x0 len=6749 coding=1 startqp=0 meanqp=0 picbytes=0 pskip=0 nalus=1 n1:6749
  snapshot f001: 3 venc_ko blocks (pool0 0x73801000 len 0x10000)
src frame 2: srcf=2 off=1080 br=2000
frame 2: send=0x0 get=0x0 len=5315 coding=1 startqp=0 meanqp=0 picbytes=0 pskip=0 nalus=1 n1:5315
  snapshot f002: 3 venc_ko blocks (pool0 0x73801000 len 0x10000)
src frame 3: srcf=3 off=1620 br=2000
frame 3: send=0x0 get=0x0 len=5682 coding=1 startqp=0 meanqp=0 picbytes=0 pskip=0 nalus=1 n1:5682
  snapshot f003: 3 venc_ko blocks (pool0 0x73801000 len 0x10000)
src frame 4: srcf=4 off=2160 br=2000
frame 4: send=0x0 get=0x0 len=5184 coding=1 startqp=0 meanqp=0 picbytes=0 pskip=0 nalus=1 n1:5184
  snapshot f004: 3 venc_ko blocks (pool0 0x73801000 len 0x10000)
src frame 5: srcf=5 off=2700 br=2000
frame 5: send=0x0 get=0x0 len=4891 coding=1 startqp=0 meanqp=0 picbytes=0 pskip=0 nalus=1 n1:4891
  snapshot f005: 3 venc_ko blocks (pool0 0x73801000 len 0x10000)
src frame 6: srcf=6 off=3240 br=2000
frame 6: send=0x0 get=0x0 len=4758 coding=1 startqp=0 meanqp=0 picbytes=0 pskip=0 nalus=1 n1:4758
  snapshot f006: 3 venc_ko blocks (pool0 0x73801000 len 0x10000)
src frame 7: srcf=7 off=3780 br=2000
frame 7: send=0x0 get=0x0 len=4073 coding=1 startqp=0 meanqp=0 picbytes=0 pskip=0 nalus=1 n1:4073
  snapshot f007: 3 venc_ko blocks (pool0 0x73801000 len 0x10000)
src frame 8: srcf=8 off=4320 br=2000
frame 8: send=0x0 get=0x0 len=4130 coding=1 startqp=0 meanqp=0 picbytes=0 pskip=0 nalus=1 n1:4130
  snapshot f008: 3 venc_ko blocks (pool0 0x73801000 len 0x10000)
src frame 9: srcf=9 off=4860 br=2000
frame 9: send=0x0 get=0x0 len=4054 coding=1 startqp=0 meanqp=0 picbytes=0 pskip=0 nalus=1 n1:4054
  snapshot f009: 3 venc_ko blocks (pool0 0x73801000 len 0x10000)
src frame 10: srcf=10 off=5400 br=2000
frame 10: send=0x0 get=0x0 len=4125 coding=1 startqp=0 meanqp=0 picbytes=0 pskip=0 nalus=1 n1:4125
  snapshot f010: 3 venc_ko blocks (pool0 0x73801000 len 0x10000)
src frame 11: srcf=11 off=5940 br=2000
frame 11: send=0x0 get=0x0 len=3933 coding=1 startqp=0 meanqp=0 picbytes=0 pskip=0 nalus=1 n1:3933
  snapshot f011: 3 venc_ko blocks (pool0 0x73801000 len 0x10000)
src frame 12: srcf=12 off=6480 br=2000
frame 12: send=0x0 get=0x0 len=4080 coding=1 startqp=0 meanqp=0 picbytes=0 pskip=0 nalus=1 n1:4080
  snapshot f012: 3 venc_ko blocks (pool0 0x73801000 len 0x10000)
src frame 13: srcf=13 off=7020 br=2000
frame 13: send=0x0 get=0x0 len=3995 coding=1 startqp=0 meanqp=0 picbytes=0 pskip=0 nalus=1 n1:3995
  snapshot f013: 3 venc_ko blocks (pool0 0x73801000 len 0x10000)
src frame 14: srcf=14 off=7560 br=2000
frame 14: send=0x0 get=0x0 len=4064 coding=1 startqp=0 meanqp=0 picbytes=0 pskip=0 nalus=1 n1:4064
  snapshot f014: 3 venc_ko blocks (pool0 0x73801000 len 0x10000)
src frame 15: srcf=15 off=8100 br=2000
frame 15: send=0x0 get=0x0 len=4031 coding=1 startqp=0 meanqp=0 picbytes=0 pskip=0 nalus=1 n1:4031
  snapshot f015: 3 venc_ko blocks (pool0 0x73801000 len 0x10000)
src frame 16: srcf=16 off=8640 br=2000
frame 16: send=0x0 get=0x0 len=4049 coding=1 startqp=0 meanqp=0 picbytes=0 pskip=0 nalus=1 n1:4049
  snapshot f016: 3 venc_ko blocks (pool0 0x73801000 len 0x10000)
src frame 17: srcf=17 off=9180 br=2000
frame 17: send=0x0 get=0x0 len=3978 coding=1 startqp=0 meanqp=0 picbytes=0 pskip=0 nalus=1 n1:3978
  snapshot f017: 3 venc_ko blocks (pool0 0x73801000 len 0x10000)
src frame 18: srcf=18 off=9720 br=2000
frame 18: send=0x0 get=0x0 len=4035 coding=1 startqp=0 meanqp=0 picbytes=0 pskip=0 nalus=1 n1:4035
  snapshot f018: 3 venc_ko blocks (pool0 0x73801000 len 0x10000)
src frame 19: srcf=19 off=10260 br=2000
frame 19: send=0x0 get=0x0 len=3972 coding=1 startqp=0 meanqp=0 picbytes=0 pskip=0 nalus=1 n1:3972
  snapshot f019: 3 venc_ko blocks (pool0 0x73801000 len 0x10000)
src frame 20: srcf=20 off=10800 br=2000
frame 20: send=0x0 get=0x0 len=4025 coding=1 startqp=0 meanqp=0 picbytes=0 pskip=0 nalus=1 n1:4025
  snapshot f020: 3 venc_ko blocks (pool0 0x73801000 len 0x10000)
src frame 21: srcf=21 off=11340 br=2000
frame 21: send=0x0 get=0x0 len=3956 coding=1 startqp=0 meanqp=0 picbytes=0 pskip=0 nalus=1 n1:3956
  snapshot f021: 3 venc_ko blocks (pool0 0x73801000 len 0x10000)
src frame 22: srcf=22 off=11880 br=2000
frame 22: send=0x0 get=0x0 len=4008 coding=1 startqp=0 meanqp=0 picbytes=0 pskip=0 nalus=1 n1:4008
  snapshot f022: 3 venc_ko blocks (pool0 0x73801000 len 0x10000)
src frame 23: srcf=23 off=12420 br=2000
frame 23: send=0x0 get=0x0 len=3954 coding=1 startqp=0 meanqp=0 picbytes=0 pskip=0 nalus=1 n1:3954
  snapshot f023: 3 venc_ko blocks (pool0 0x73801000 len 0x10000)
src frame 24: srcf=24 off=12960 br=2000
frame 24: send=0x0 get=0x0 len=3968 coding=1 startqp=0 meanqp=0 picbytes=0 pskip=0 nalus=1 n1:3968
  snapshot f024: 3 venc_ko blocks (pool0 0x73801000 len 0x10000)
src frame 25: srcf=25 off=13500 br=2000
frame 25: send=0x0 get=0x0 len=4017 coding=1 startqp=0 meanqp=0 picbytes=0 pskip=0 nalus=1 n1:4017
  snapshot f025: 3 venc_ko blocks (pool0 0x73801000 len 0x10000)
src frame 26: srcf=26 off=14040 br=2000
frame 26: send=0x0 get=0x0 len=4059 coding=1 startqp=0 meanqp=0 picbytes=0 pskip=0 nalus=1 n1:4059
  snapshot f026: 3 venc_ko blocks (pool0 0x73801000 len 0x10000)
src frame 27: srcf=27 off=14580 br=2000
frame 27: send=0x0 get=0x0 len=3949 coding=1 startqp=0 meanqp=0 picbytes=0 pskip=0 nalus=1 n1:3949
  snapshot f027: 3 venc_ko blocks (pool0 0x73801000 len 0x10000)
src frame 28: srcf=28 off=15120 br=2000
frame 28: send=0x0 get=0x0 len=4755 coding=1 startqp=0 meanqp=0 picbytes=0 pskip=0 nalus=1 n1:4755
  snapshot f028: 3 venc_ko blocks (pool0 0x73801000 len 0x10000)
src frame 29: srcf=29 off=15660 br=2000
frame 29: send=0x0 get=0x0 len=4011 coding=1 startqp=0 meanqp=0 picbytes=0 pskip=0 nalus=1 n1:4011
  snapshot f029: 3 venc_ko blocks (pool0 0x73801000 len 0x10000)
src frame 30: srcf=28 off=16200 br=2000
frame 30: send=0x0 get=0x0 len=22267 coding=0 startqp=0 meanqp=0 picbytes=0 pskip=0 nalus=3 n7:32 n8:9 n5:22226
  snapshot f030: 3 venc_ko blocks (pool0 0x73801000 len 0x10000)
src frame 31: srcf=27 off=16740 br=2000
frame 31: send=0x0 get=0x0 len=7305 coding=1 startqp=0 meanqp=0 picbytes=0 pskip=0 nalus=1 n1:7305
  snapshot f031: 3 venc_ko blocks (pool0 0x73801000 len 0x10000)
src frame 32: srcf=26 off=17280 br=2000
frame 32: send=0x0 get=0x0 len=5418 coding=1 startqp=0 meanqp=0 picbytes=0 pskip=0 nalus=1 n1:5418
  snapshot f032: 3 venc_ko blocks (pool0 0x73801000 len 0x10000)
src frame 33: srcf=25 off=17820 br=2000
frame 33: send=0x0 get=0x0 len=5698 coding=1 startqp=0 meanqp=0 picbytes=0 pskip=0 nalus=1 n1:5698
  snapshot f033: 3 venc_ko blocks (pool0 0x73801000 len 0x10000)
src frame 34: srcf=24 off=18360 br=2000
frame 34: send=0x0 get=0x0 len=5072 coding=1 startqp=0 meanqp=0 picbytes=0 pskip=0 nalus=1 n1:5072
  snapshot f034: 3 venc_ko blocks (pool0 0x73801000 len 0x10000)
src frame 35: srcf=23 off=18900 br=2000
frame 35: send=0x0 get=0x0 len=5330 coding=1 startqp=0 meanqp=0 picbytes=0 pskip=0 nalus=1 n1:5330
  snapshot f035: 3 venc_ko blocks (pool0 0x73801000 len 0x10000)
src frame 36: srcf=22 off=19440 br=2000
frame 36: send=0x0 get=0x0 len=5090 coding=1 startqp=0 meanqp=0 picbytes=0 pskip=0 nalus=1 n1:5090
  snapshot f036: 3 venc_ko blocks (pool0 0x73801000 len 0x10000)
src frame 37: srcf=21 off=19980 br=2000
frame 37: send=0x0 get=0x0 len=5209 coding=1 startqp=0 meanqp=0 picbytes=0 pskip=0 nalus=1 n1:5209
  snapshot f037: 3 venc_ko blocks (pool0 0x73801000 len 0x10000)
src frame 38: srcf=20 off=20520 br=2000
frame 38: send=0x0 get=0x0 len=4946 coding=1 startqp=0 meanqp=0 picbytes=0 pskip=0 nalus=1 n1:4946
  snapshot f038: 3 venc_ko blocks (pool0 0x73801000 len 0x10000)
src frame 39: srcf=19 off=21060 br=2000
frame 39: send=0x0 get=0x0 len=5296 coding=1 startqp=0 meanqp=0 picbytes=0 pskip=0 nalus=1 n1:5296
  snapshot f039: 3 venc_ko blocks (pool0 0x73801000 len 0x10000)
src frame 40: srcf=18 off=21600 br=2000
frame 40: send=0x0 get=0x0 len=4922 coding=1 startqp=0 meanqp=0 picbytes=0 pskip=0 nalus=1 n1:4922
  snapshot f040: 3 venc_ko blocks (pool0 0x73801000 len 0x10000)
src frame 41: srcf=17 off=22140 br=2000
frame 41: send=0x0 get=0x0 len=5290 coding=1 startqp=0 meanqp=0 picbytes=0 pskip=0 nalus=1 n1:5290
  snapshot f041: 3 venc_ko blocks (pool0 0x73801000 len 0x10000)
src frame 42: srcf=16 off=22680 br=2000
frame 42: send=0x0 get=0x0 len=4998 coding=1 startqp=0 meanqp=0 picbytes=0 pskip=0 nalus=1 n1:4998
  snapshot f042: 3 venc_ko blocks (pool0 0x73801000 len 0x10000)
src frame 43: srcf=15 off=23220 br=2000
frame 43: send=0x0 get=0x0 len=5309 coding=1 startqp=0 meanqp=0 picbytes=0 pskip=0 nalus=1 n1:5309
  snapshot f043: 3 venc_ko blocks (pool0 0x73801000 len 0x10000)
src frame 44: srcf=14 off=23760 br=2000
frame 44: send=0x0 get=0x0 len=4924 coding=1 startqp=0 meanqp=0 picbytes=0 pskip=0 nalus=1 n1:4924
  snapshot f044: 3 venc_ko blocks (pool0 0x73801000 len 0x10000)
src frame 45: srcf=13 off=24300 br=2000
frame 45: send=0x0 get=0x0 len=5145 coding=1 startqp=0 meanqp=0 picbytes=0 pskip=0 nalus=1 n1:5145
  snapshot f045: 3 venc_ko blocks (pool0 0x73801000 len 0x10000)
src frame 46: srcf=12 off=24840 br=2000
frame 46: send=0x0 get=0x0 len=5026 coding=1 startqp=0 meanqp=0 picbytes=0 pskip=0 nalus=1 n1:5026
  snapshot f046: 3 venc_ko blocks (pool0 0x73801000 len 0x10000)
src frame 47: srcf=11 off=25380 br=2000
frame 47: send=0x0 get=0x0 len=5284 coding=1 startqp=0 meanqp=0 picbytes=0 pskip=0 nalus=1 n1:5284
  snapshot f047: 3 venc_ko blocks (pool0 0x73801000 len 0x10000)
src frame 48: srcf=10 off=25920 br=2000
frame 48: send=0x0 get=0x0 len=4987 coding=1 startqp=0 meanqp=0 picbytes=0 pskip=0 nalus=1 n1:4987
  snapshot f048: 3 venc_ko blocks (pool0 0x73801000 len 0x10000)
src frame 49: srcf=9 off=26460 br=2000
frame 49: send=0x0 get=0x0 len=5224 coding=1 startqp=0 meanqp=0 picbytes=0 pskip=0 nalus=1 n1:5224
  snapshot f049: 3 venc_ko blocks (pool0 0x73801000 len 0x10000)
src frame 50: srcf=8 off=27000 br=2000
frame 50: send=0x0 get=0x0 len=4893 coding=1 startqp=0 meanqp=0 picbytes=0 pskip=0 nalus=1 n1:4893
  snapshot f050: 3 venc_ko blocks (pool0 0x73801000 len 0x10000)
src frame 51: srcf=7 off=27540 br=2000
frame 51: send=0x0 get=0x0 len=5079 coding=1 startqp=0 meanqp=0 picbytes=0 pskip=0 nalus=1 n1:5079
  snapshot f051: 3 venc_ko blocks (pool0 0x73801000 len 0x10000)
src frame 52: srcf=6 off=28080 br=2000
frame 52: send=0x0 get=0x0 len=5014 coding=1 startqp=0 meanqp=0 picbytes=0 pskip=0 nalus=1 n1:5014
  snapshot f052: 3 venc_ko blocks (pool0 0x73801000 len 0x10000)
src frame 53: srcf=5 off=28620 br=2000
frame 53: send=0x0 get=0x0 len=5100 coding=1 startqp=0 meanqp=0 picbytes=0 pskip=0 nalus=1 n1:5100
  snapshot f053: 3 venc_ko blocks (pool0 0x73801000 len 0x10000)
src frame 54: srcf=4 off=29160 br=2000
frame 54: send=0x0 get=0x0 len=4916 coding=1 startqp=0 meanqp=0 picbytes=0 pskip=0 nalus=1 n1:4916
  snapshot f054: 3 venc_ko blocks (pool0 0x73801000 len 0x10000)
src frame 55: srcf=3 off=29700 br=2000
frame 55: send=0x0 get=0x0 len=5079 coding=1 startqp=0 meanqp=0 picbytes=0 pskip=0 nalus=1 n1:5079
  snapshot f055: 3 venc_ko blocks (pool0 0x73801000 len 0x10000)
src frame 56: srcf=2 off=30240 br=2000
frame 56: send=0x0 get=0x0 len=4939 coding=1 startqp=0 meanqp=0 picbytes=0 pskip=0 nalus=1 n1:4939
  snapshot f056: 3 venc_ko blocks (pool0 0x73801000 len 0x10000)
src frame 57: srcf=1 off=30780 br=2000
frame 57: send=0x0 get=0x0 len=4830 coding=1 startqp=0 meanqp=0 picbytes=0 pskip=0 nalus=1 n1:4830
  snapshot f057: 3 venc_ko blocks (pool0 0x73801000 len 0x10000)
src frame 58: srcf=0 off=31320 br=2000
frame 58: send=0x0 get=0x0 len=4926 coding=1 startqp=0 meanqp=0 picbytes=0 pskip=0 nalus=1 n1:4926
  snapshot f058: 3 venc_ko blocks (pool0 0x73801000 len 0x10000)
src frame 59: srcf=1 off=31860 br=2000
frame 59: send=0x0 get=0x0 len=4790 coding=1 startqp=0 meanqp=0 picbytes=0 pskip=0 nalus=1 n1:4790
  snapshot f059: 3 venc_ko blocks (pool0 0x73801000 len 0x10000)
src frame 60: srcf=2 off=32400 br=2000
frame 60: send=0x0 get=0x0 len=22267 coding=0 startqp=0 meanqp=0 picbytes=0 pskip=0 nalus=3 n7:32 n8:9 n5:22226
  snapshot f060: 3 venc_ko blocks (pool0 0x73801000 len 0x10000)
src frame 61: srcf=3 off=32940 br=2000
frame 61: send=0x0 get=0x0 len=6865 coding=1 startqp=0 meanqp=0 picbytes=0 pskip=0 nalus=1 n1:6865
  snapshot f061: 3 venc_ko blocks (pool0 0x73801000 len 0x10000)
src frame 62: srcf=4 off=33480 br=2000
frame 62: send=0x0 get=0x0 len=5363 coding=1 startqp=0 meanqp=0 picbytes=0 pskip=0 nalus=1 n1:5363
  snapshot f062: 3 venc_ko blocks (pool0 0x73801000 len 0x10000)
src frame 63: srcf=5 off=34020 br=2000
frame 63: send=0x0 get=0x0 len=5727 coding=1 startqp=0 meanqp=0 picbytes=0 pskip=0 nalus=1 n1:5727
  snapshot f063: 3 venc_ko blocks (pool0 0x73801000 len 0x10000)
src frame 64: srcf=6 off=34560 br=2000
frame 64: send=0x0 get=0x0 len=5116 coding=1 startqp=0 meanqp=0 picbytes=0 pskip=0 nalus=1 n1:5116
  snapshot f064: 3 venc_ko blocks (pool0 0x73801000 len 0x10000)
src frame 65: srcf=7 off=35100 br=2000
frame 65: send=0x0 get=0x0 len=5162 coding=1 startqp=0 meanqp=0 picbytes=0 pskip=0 nalus=1 n1:5162
  snapshot f065: 3 venc_ko blocks (pool0 0x73801000 len 0x10000)
src frame 66: srcf=8 off=35640 br=2000
frame 66: send=0x0 get=0x0 len=4998 coding=1 startqp=0 meanqp=0 picbytes=0 pskip=0 nalus=1 n1:4998
  snapshot f066: 3 venc_ko blocks (pool0 0x73801000 len 0x10000)
src frame 67: srcf=9 off=36180 br=2000
frame 67: send=0x0 get=0x0 len=5143 coding=1 startqp=0 meanqp=0 picbytes=0 pskip=0 nalus=1 n1:5143
  snapshot f067: 3 venc_ko blocks (pool0 0x73801000 len 0x10000)
src frame 68: srcf=10 off=36720 br=2000
frame 68: send=0x0 get=0x0 len=5059 coding=1 startqp=0 meanqp=0 picbytes=0 pskip=0 nalus=1 n1:5059
  snapshot f068: 3 venc_ko blocks (pool0 0x73801000 len 0x10000)
src frame 69: srcf=11 off=37260 br=2000
frame 69: send=0x0 get=0x0 len=5114 coding=1 startqp=0 meanqp=0 picbytes=0 pskip=0 nalus=1 n1:5114
  snapshot f069: 3 venc_ko blocks (pool0 0x73801000 len 0x10000)
src frame 70: srcf=12 off=37800 br=2000
frame 70: send=0x0 get=0x0 len=4999 coding=1 startqp=0 meanqp=0 picbytes=0 pskip=0 nalus=1 n1:4999
  snapshot f070: 3 venc_ko blocks (pool0 0x73801000 len 0x10000)
src frame 71: srcf=13 off=38340 br=2000
frame 71: send=0x0 get=0x0 len=5164 coding=1 startqp=0 meanqp=0 picbytes=0 pskip=0 nalus=1 n1:5164
  snapshot f071: 3 venc_ko blocks (pool0 0x73801000 len 0x10000)
src frame 72: srcf=14 off=38880 br=2000
frame 72: send=0x0 get=0x0 len=5018 coding=1 startqp=0 meanqp=0 picbytes=0 pskip=0 nalus=1 n1:5018
  snapshot f072: 3 venc_ko blocks (pool0 0x73801000 len 0x10000)
src frame 73: srcf=15 off=39420 br=2000
frame 73: send=0x0 get=0x0 len=5141 coding=1 startqp=0 meanqp=0 picbytes=0 pskip=0 nalus=1 n1:5141
  snapshot f073: 3 venc_ko blocks (pool0 0x73801000 len 0x10000)
src frame 74: srcf=16 off=39960 br=2000
frame 74: send=0x0 get=0x0 len=4957 coding=1 startqp=0 meanqp=0 picbytes=0 pskip=0 nalus=1 n1:4957
  snapshot f074: 3 venc_ko blocks (pool0 0x73801000 len 0x10000)
src frame 75: srcf=17 off=40500 br=2000
frame 75: send=0x0 get=0x0 len=5127 coding=1 startqp=0 meanqp=0 picbytes=0 pskip=0 nalus=1 n1:5127
  snapshot f075: 3 venc_ko blocks (pool0 0x73801000 len 0x10000)
src frame 76: srcf=18 off=41040 br=2000
frame 76: send=0x0 get=0x0 len=5040 coding=1 startqp=0 meanqp=0 picbytes=0 pskip=0 nalus=1 n1:5040
  snapshot f076: 3 venc_ko blocks (pool0 0x73801000 len 0x10000)
src frame 77: srcf=19 off=41580 br=2000
frame 77: send=0x0 get=0x0 len=4983 coding=1 startqp=0 meanqp=0 picbytes=0 pskip=0 nalus=1 n1:4983
  snapshot f077: 3 venc_ko blocks (pool0 0x73801000 len 0x10000)
src frame 78: srcf=20 off=42120 br=2000
frame 78: send=0x0 get=0x0 len=4974 coding=1 startqp=0 meanqp=0 picbytes=0 pskip=0 nalus=1 n1:4974
  snapshot f078: 3 venc_ko blocks (pool0 0x73801000 len 0x10000)
src frame 79: srcf=21 off=42660 br=2000
frame 79: send=0x0 get=0x0 len=5042 coding=1 startqp=0 meanqp=0 picbytes=0 pskip=0 nalus=1 n1:5042
  snapshot f079: 3 venc_ko blocks (pool0 0x73801000 len 0x10000)
src frame 80: srcf=22 off=43200 br=2000
frame 80: send=0x0 get=0x0 len=4989 coding=1 startqp=0 meanqp=0 picbytes=0 pskip=0 nalus=1 n1:4989
  snapshot f080: 3 venc_ko blocks (pool0 0x73801000 len 0x10000)
src frame 81: srcf=23 off=43740 br=2000
frame 81: send=0x0 get=0x0 len=4881 coding=1 startqp=0 meanqp=0 picbytes=0 pskip=0 nalus=1 n1:4881
  snapshot f081: 3 venc_ko blocks (pool0 0x73801000 len 0x10000)
src frame 82: srcf=24 off=44280 br=2000
frame 82: send=0x0 get=0x0 len=4959 coding=1 startqp=0 meanqp=0 picbytes=0 pskip=0 nalus=1 n1:4959
  snapshot f082: 3 venc_ko blocks (pool0 0x73801000 len 0x10000)
src frame 83: srcf=25 off=44820 br=2000
frame 83: send=0x0 get=0x0 len=4868 coding=1 startqp=0 meanqp=0 picbytes=0 pskip=0 nalus=1 n1:4868
  snapshot f083: 3 venc_ko blocks (pool0 0x73801000 len 0x10000)
src frame 84: srcf=26 off=45360 br=2000
frame 84: send=0x0 get=0x0 len=4887 coding=1 startqp=0 meanqp=0 picbytes=0 pskip=0 nalus=1 n1:4887
  snapshot f084: 3 venc_ko blocks (pool0 0x73801000 len 0x10000)
src frame 85: srcf=27 off=45900 br=2000
frame 85: send=0x0 get=0x0 len=4814 coding=1 startqp=0 meanqp=0 picbytes=0 pskip=0 nalus=1 n1:4814
  snapshot f085: 3 venc_ko blocks (pool0 0x73801000 len 0x10000)
src frame 86: srcf=28 off=46440 br=2000
frame 86: send=0x0 get=0x0 len=4966 coding=1 startqp=0 meanqp=0 picbytes=0 pskip=0 nalus=1 n1:4966
  snapshot f086: 3 venc_ko blocks (pool0 0x73801000 len 0x10000)
src frame 87: srcf=29 off=46980 br=2000
frame 87: send=0x0 get=0x0 len=4883 coding=1 startqp=0 meanqp=0 picbytes=0 pskip=0 nalus=1 n1:4883
  snapshot f087: 3 venc_ko blocks (pool0 0x73801000 len 0x10000)
src frame 88: srcf=28 off=47520 br=2000
frame 88: send=0x0 get=0x0 len=4850 coding=1 startqp=0 meanqp=0 picbytes=0 pskip=0 nalus=1 n1:4850
  snapshot f088: 3 venc_ko blocks (pool0 0x73801000 len 0x10000)
src frame 89: srcf=27 off=48060 br=2000
frame 89: send=0x0 get=0x0 len=4953 coding=1 startqp=0 meanqp=0 picbytes=0 pskip=0 nalus=1 n1:4953
  snapshot f089: 3 venc_ko blocks (pool0 0x73801000 len 0x10000)
src frame 90: srcf=26 off=48600 br=2000
frame 90: send=0x0 get=0x0 len=22267 coding=0 startqp=0 meanqp=0 picbytes=0 pskip=0 nalus=3 n7:32 n8:9 n5:22226
  snapshot f090: 3 venc_ko blocks (pool0 0x73801000 len 0x10000)
src frame 91: srcf=25 off=49140 br=2000
frame 91: send=0x0 get=0x0 len=6641 coding=1 startqp=0 meanqp=0 picbytes=0 pskip=0 nalus=1 n1:6641
  snapshot f091: 3 venc_ko blocks (pool0 0x73801000 len 0x10000)
src frame 92: srcf=24 off=49680 br=2000
frame 92: send=0x0 get=0x0 len=5345 coding=1 startqp=0 meanqp=0 picbytes=0 pskip=0 nalus=1 n1:5345
  snapshot f092: 3 venc_ko blocks (pool0 0x73801000 len 0x10000)
src frame 93: srcf=23 off=50220 br=2000
frame 93: send=0x0 get=0x0 len=5049 coding=1 startqp=0 meanqp=0 picbytes=0 pskip=0 nalus=1 n1:5049
  snapshot f093: 3 venc_ko blocks (pool0 0x73801000 len 0x10000)
src frame 94: srcf=22 off=50760 br=2000
frame 94: send=0x0 get=0x0 len=4994 coding=1 startqp=0 meanqp=0 picbytes=0 pskip=0 nalus=1 n1:4994
  snapshot f094: 3 venc_ko blocks (pool0 0x73801000 len 0x10000)
src frame 95: srcf=21 off=51300 br=2000
frame 95: send=0x0 get=0x0 len=4904 coding=1 startqp=0 meanqp=0 picbytes=0 pskip=0 nalus=1 n1:4904
  snapshot f095: 3 venc_ko blocks (pool0 0x73801000 len 0x10000)
src frame 96: srcf=20 off=51840 br=2000
frame 96: send=0x0 get=0x0 len=4929 coding=1 startqp=0 meanqp=0 picbytes=0 pskip=0 nalus=1 n1:4929
  snapshot f096: 3 venc_ko blocks (pool0 0x73801000 len 0x10000)
src frame 97: srcf=19 off=52380 br=2000
frame 97: send=0x0 get=0x0 len=4847 coding=1 startqp=0 meanqp=0 picbytes=0 pskip=0 nalus=1 n1:4847
  snapshot f097: 3 venc_ko blocks (pool0 0x73801000 len 0x10000)
src frame 98: srcf=18 off=52920 br=2000
frame 98: send=0x0 get=0x0 len=4828 coding=1 startqp=0 meanqp=0 picbytes=0 pskip=0 nalus=1 n1:4828
  snapshot f098: 3 venc_ko blocks (pool0 0x73801000 len 0x10000)
src frame 99: srcf=17 off=53460 br=2000
frame 99: send=0x0 get=0x0 len=4850 coding=1 startqp=0 meanqp=0 picbytes=0 pskip=0 nalus=1 n1:4850
  snapshot f099: 3 venc_ko blocks (pool0 0x73801000 len 0x10000)
src frame 100: srcf=16 off=54000 br=2000
frame 100: send=0x0 get=0x0 len=4896 coding=1 startqp=0 meanqp=0 picbytes=0 pskip=0 nalus=1 n1:4896
  snapshot f100: 3 venc_ko blocks (pool0 0x73801000 len 0x10000)
src frame 101: srcf=15 off=54540 br=2000
frame 101: send=0x0 get=0x0 len=4882 coding=1 startqp=0 meanqp=0 picbytes=0 pskip=0 nalus=1 n1:4882
  snapshot f101: 3 venc_ko blocks (pool0 0x73801000 len 0x10000)
src frame 102: srcf=14 off=55080 br=2000
frame 102: send=0x0 get=0x0 len=4752 coding=1 startqp=0 meanqp=0 picbytes=0 pskip=0 nalus=1 n1:4752
  snapshot f102: 3 venc_ko blocks (pool0 0x73801000 len 0x10000)
src frame 103: srcf=13 off=55620 br=2000
frame 103: send=0x0 get=0x0 len=4804 coding=1 startqp=0 meanqp=0 picbytes=0 pskip=0 nalus=1 n1:4804
  snapshot f103: 3 venc_ko blocks (pool0 0x73801000 len 0x10000)
src frame 104: srcf=12 off=56160 br=2000
frame 104: send=0x0 get=0x0 len=4874 coding=1 startqp=0 meanqp=0 picbytes=0 pskip=0 nalus=1 n1:4874
  snapshot f104: 3 venc_ko blocks (pool0 0x73801000 len 0x10000)
src frame 105: srcf=11 off=56700 br=2000
frame 105: send=0x0 get=0x0 len=4892 coding=1 startqp=0 meanqp=0 picbytes=0 pskip=0 nalus=1 n1:4892
  snapshot f105: 3 venc_ko blocks (pool0 0x73801000 len 0x10000)
src frame 106: srcf=10 off=57240 br=2000
frame 106: send=0x0 get=0x0 len=4884 coding=1 startqp=0 meanqp=0 picbytes=0 pskip=0 nalus=1 n1:4884
  snapshot f106: 3 venc_ko blocks (pool0 0x73801000 len 0x10000)
src frame 107: srcf=9 off=57780 br=2000
frame 107: send=0x0 get=0x0 len=4835 coding=1 startqp=0 meanqp=0 picbytes=0 pskip=0 nalus=1 n1:4835
  snapshot f107: 3 venc_ko blocks (pool0 0x73801000 len 0x10000)
src frame 108: srcf=8 off=58320 br=2000
frame 108: send=0x0 get=0x0 len=4853 coding=1 startqp=0 meanqp=0 picbytes=0 pskip=0 nalus=1 n1:4853
  snapshot f108: 3 venc_ko blocks (pool0 0x73801000 len 0x10000)
src frame 109: srcf=7 off=58860 br=2000
frame 109: send=0x0 get=0x0 len=4894 coding=1 startqp=0 meanqp=0 picbytes=0 pskip=0 nalus=1 n1:4894
  snapshot f109: 3 venc_ko blocks (pool0 0x73801000 len 0x10000)
src frame 110: srcf=6 off=59400 br=2000
frame 110: send=0x0 get=0x0 len=4879 coding=1 startqp=0 meanqp=0 picbytes=0 pskip=0 nalus=1 n1:4879
  snapshot f110: 3 venc_ko blocks (pool0 0x73801000 len 0x10000)
src frame 111: srcf=5 off=59940 br=2000
frame 111: send=0x0 get=0x0 len=4833 coding=1 startqp=0 meanqp=0 picbytes=0 pskip=0 nalus=1 n1:4833
  snapshot f111: 3 venc_ko blocks (pool0 0x73801000 len 0x10000)
src frame 112: srcf=4 off=60480 br=2000
frame 112: send=0x0 get=0x0 len=4764 coding=1 startqp=0 meanqp=0 picbytes=0 pskip=0 nalus=1 n1:4764
  snapshot f112: 3 venc_ko blocks (pool0 0x73801000 len 0x10000)
src frame 113: srcf=3 off=61020 br=2000
frame 113: send=0x0 get=0x0 len=4900 coding=1 startqp=0 meanqp=0 picbytes=0 pskip=0 nalus=1 n1:4900
  snapshot f113: 3 venc_ko blocks (pool0 0x73801000 len 0x10000)
src frame 114: srcf=2 off=61560 br=2000
frame 114: send=0x0 get=0x0 len=4830 coding=1 startqp=0 meanqp=0 picbytes=0 pskip=0 nalus=1 n1:4830
  snapshot f114: 3 venc_ko blocks (pool0 0x73801000 len 0x10000)
src frame 115: srcf=1 off=62100 br=2000
frame 115: send=0x0 get=0x0 len=4770 coding=1 startqp=0 meanqp=0 picbytes=0 pskip=0 nalus=1 n1:4770
  snapshot f115: 3 venc_ko blocks (pool0 0x73801000 len 0x10000)
src frame 116: srcf=0 off=62640 br=2000
frame 116: send=0x0 get=0x0 len=4799 coding=1 startqp=0 meanqp=0 picbytes=0 pskip=0 nalus=1 n1:4799
  snapshot f116: 3 venc_ko blocks (pool0 0x73801000 len 0x10000)
src frame 117: srcf=1 off=63180 br=2000
frame 117: send=0x0 get=0x0 len=4838 coding=1 startqp=0 meanqp=0 picbytes=0 pskip=0 nalus=1 n1:4838
  snapshot f117: 3 venc_ko blocks (pool0 0x73801000 len 0x10000)
src frame 118: srcf=2 off=63720 br=2000
frame 118: send=0x0 get=0x0 len=4825 coding=1 startqp=0 meanqp=0 picbytes=0 pskip=0 nalus=1 n1:4825
  snapshot f118: 3 venc_ko blocks (pool0 0x73801000 len 0x10000)
src frame 119: srcf=3 off=64260 br=2000
frame 119: send=0x0 get=0x0 len=4883 coding=1 startqp=0 meanqp=0 picbytes=0 pskip=0 nalus=1 n1:4883
  snapshot f119: 3 venc_ko blocks (pool0 0x73801000 len 0x10000)
src frame 120: srcf=4 off=64800 br=2000
frame 120: send=0x0 get=0x0 len=22267 coding=0 startqp=0 meanqp=0 picbytes=0 pskip=0 nalus=3 n7:32 n8:9 n5:22226
  snapshot f120: 3 venc_ko blocks (pool0 0x73801000 len 0x10000)
src frame 121: srcf=5 off=65340 br=2000
frame 121: send=0x0 get=0x0 len=6643 coding=1 startqp=0 meanqp=0 picbytes=0 pskip=0 nalus=1 n1:6643
  snapshot f121: 3 venc_ko blocks (pool0 0x73801000 len 0x10000)
src frame 122: srcf=6 off=65880 br=2000
frame 122: send=0x0 get=0x0 len=5345 coding=1 startqp=0 meanqp=0 picbytes=0 pskip=0 nalus=1 n1:5345
  snapshot f122: 3 venc_ko blocks (pool0 0x73801000 len 0x10000)
src frame 123: srcf=7 off=66420 br=2000
frame 123: send=0x0 get=0x0 len=5142 coding=1 startqp=0 meanqp=0 picbytes=0 pskip=0 nalus=1 n1:5142
  snapshot f123: 3 venc_ko blocks (pool0 0x73801000 len 0x10000)
src frame 124: srcf=8 off=66960 br=2000
frame 124: send=0x0 get=0x0 len=5046 coding=1 startqp=0 meanqp=0 picbytes=0 pskip=0 nalus=1 n1:5046
  snapshot f124: 3 venc_ko blocks (pool0 0x73801000 len 0x10000)
src frame 125: srcf=9 off=67500 br=2000
frame 125: send=0x0 get=0x0 len=5091 coding=1 startqp=0 meanqp=0 picbytes=0 pskip=0 nalus=1 n1:5091
  snapshot f125: 3 venc_ko blocks (pool0 0x73801000 len 0x10000)
src frame 126: srcf=10 off=68040 br=2000
frame 126: send=0x0 get=0x0 len=4953 coding=1 startqp=0 meanqp=0 picbytes=0 pskip=0 nalus=1 n1:4953
  snapshot f126: 3 venc_ko blocks (pool0 0x73801000 len 0x10000)
src frame 127: srcf=11 off=68580 br=2000
frame 127: send=0x0 get=0x0 len=4904 coding=1 startqp=0 meanqp=0 picbytes=0 pskip=0 nalus=1 n1:4904
  snapshot f127: 3 venc_ko blocks (pool0 0x73801000 len 0x10000)
src frame 128: srcf=12 off=69120 br=2000
frame 128: send=0x0 get=0x0 len=4944 coding=1 startqp=0 meanqp=0 picbytes=0 pskip=0 nalus=1 n1:4944
  snapshot f128: 3 venc_ko blocks (pool0 0x73801000 len 0x10000)
src frame 129: srcf=13 off=69660 br=2000
frame 129: send=0x0 get=0x0 len=4991 coding=1 startqp=0 meanqp=0 picbytes=0 pskip=0 nalus=1 n1:4991
  snapshot f129: 3 venc_ko blocks (pool0 0x73801000 len 0x10000)
src frame 130: srcf=14 off=70200 br=2000
frame 130: send=0x0 get=0x0 len=5016 coding=1 startqp=0 meanqp=0 picbytes=0 pskip=0 nalus=1 n1:5016
  snapshot f130: 3 venc_ko blocks (pool0 0x73801000 len 0x10000)
src frame 131: srcf=15 off=70740 br=2000
frame 131: send=0x0 get=0x0 len=5008 coding=1 startqp=0 meanqp=0 picbytes=0 pskip=0 nalus=1 n1:5008
  snapshot f131: 3 venc_ko blocks (pool0 0x73801000 len 0x10000)
src frame 132: srcf=16 off=71280 br=2000
frame 132: send=0x0 get=0x0 len=4920 coding=1 startqp=0 meanqp=0 picbytes=0 pskip=0 nalus=1 n1:4920
  snapshot f132: 3 venc_ko blocks (pool0 0x73801000 len 0x10000)
src frame 133: srcf=17 off=71820 br=2000
frame 133: send=0x0 get=0x0 len=4908 coding=1 startqp=0 meanqp=0 picbytes=0 pskip=0 nalus=1 n1:4908
  snapshot f133: 3 venc_ko blocks (pool0 0x73801000 len 0x10000)
src frame 134: srcf=18 off=72360 br=2000
frame 134: send=0x0 get=0x0 len=4810 coding=1 startqp=0 meanqp=0 picbytes=0 pskip=0 nalus=1 n1:4810
  snapshot f134: 3 venc_ko blocks (pool0 0x73801000 len 0x10000)
src frame 135: srcf=19 off=72900 br=2000
frame 135: send=0x0 get=0x0 len=4839 coding=1 startqp=0 meanqp=0 picbytes=0 pskip=0 nalus=1 n1:4839
  snapshot f135: 3 venc_ko blocks (pool0 0x73801000 len 0x10000)
src frame 136: srcf=20 off=73440 br=2000
frame 136: send=0x0 get=0x0 len=5012 coding=1 startqp=0 meanqp=0 picbytes=0 pskip=0 nalus=1 n1:5012
  snapshot f136: 3 venc_ko blocks (pool0 0x73801000 len 0x10000)
src frame 137: srcf=21 off=73980 br=2000
frame 137: send=0x0 get=0x0 len=4894 coding=1 startqp=0 meanqp=0 picbytes=0 pskip=0 nalus=1 n1:4894
  snapshot f137: 3 venc_ko blocks (pool0 0x73801000 len 0x10000)
src frame 138: srcf=22 off=74520 br=2000
frame 138: send=0x0 get=0x0 len=4812 coding=1 startqp=0 meanqp=0 picbytes=0 pskip=0 nalus=1 n1:4812
  snapshot f138: 3 venc_ko blocks (pool0 0x73801000 len 0x10000)
src frame 139: srcf=23 off=75060 br=2000
frame 139: send=0x0 get=0x0 len=4900 coding=1 startqp=0 meanqp=0 picbytes=0 pskip=0 nalus=1 n1:4900
  snapshot f139: 3 venc_ko blocks (pool0 0x73801000 len 0x10000)
src frame 140: srcf=24 off=75600 br=2000
frame 140: send=0x0 get=0x0 len=4994 coding=1 startqp=0 meanqp=0 picbytes=0 pskip=0 nalus=1 n1:4994
  snapshot f140: 3 venc_ko blocks (pool0 0x73801000 len 0x10000)
src frame 141: srcf=25 off=76140 br=2000
frame 141: send=0x0 get=0x0 len=4826 coding=1 startqp=0 meanqp=0 picbytes=0 pskip=0 nalus=1 n1:4826
  snapshot f141: 3 venc_ko blocks (pool0 0x73801000 len 0x10000)
src frame 142: srcf=26 off=76680 br=2000
frame 142: send=0x0 get=0x0 len=4948 coding=1 startqp=0 meanqp=0 picbytes=0 pskip=0 nalus=1 n1:4948
  snapshot f142: 3 venc_ko blocks (pool0 0x73801000 len 0x10000)
src frame 143: srcf=27 off=77220 br=2000
frame 143: send=0x0 get=0x0 len=4811 coding=1 startqp=0 meanqp=0 picbytes=0 pskip=0 nalus=1 n1:4811
  snapshot f143: 3 venc_ko blocks (pool0 0x73801000 len 0x10000)
src frame 144: srcf=28 off=77760 br=2000
frame 144: send=0x0 get=0x0 len=4909 coding=1 startqp=0 meanqp=0 picbytes=0 pskip=0 nalus=1 n1:4909
  snapshot f144: 3 venc_ko blocks (pool0 0x73801000 len 0x10000)
src frame 145: srcf=29 off=78300 br=2000
frame 145: send=0x0 get=0x0 len=4763 coding=1 startqp=0 meanqp=0 picbytes=0 pskip=0 nalus=1 n1:4763
  snapshot f145: 3 venc_ko blocks (pool0 0x73801000 len 0x10000)
src frame 146: srcf=28 off=78840 br=2000
frame 146: send=0x0 get=0x0 len=4883 coding=1 startqp=0 meanqp=0 picbytes=0 pskip=0 nalus=1 n1:4883
  snapshot f146: 3 venc_ko blocks (pool0 0x73801000 len 0x10000)
src frame 147: srcf=27 off=79380 br=2000
frame 147: send=0x0 get=0x0 len=4841 coding=1 startqp=0 meanqp=0 picbytes=0 pskip=0 nalus=1 n1:4841
  snapshot f147: 3 venc_ko blocks (pool0 0x73801000 len 0x10000)
src frame 148: srcf=26 off=79920 br=2000
frame 148: send=0x0 get=0x0 len=4924 coding=1 startqp=0 meanqp=0 picbytes=0 pskip=0 nalus=1 n1:4924
  snapshot f148: 3 venc_ko blocks (pool0 0x73801000 len 0x10000)
src frame 149: srcf=25 off=80460 br=2000
frame 149: send=0x0 get=0x0 len=4862 coding=1 startqp=0 meanqp=0 picbytes=0 pskip=0 nalus=1 n1:4862
  snapshot f149: 3 venc_ko blocks (pool0 0x73801000 len 0x10000)
src frame 150: srcf=24 off=81000 br=2000
frame 150: send=0x0 get=0x0 len=22267 coding=0 startqp=0 meanqp=0 picbytes=0 pskip=0 nalus=3 n7:32 n8:9 n5:22226
  snapshot f150: 3 venc_ko blocks (pool0 0x73801000 len 0x10000)
src frame 151: srcf=23 off=81540 br=2000
frame 151: send=0x0 get=0x0 len=6641 coding=1 startqp=0 meanqp=0 picbytes=0 pskip=0 nalus=1 n1:6641
  snapshot f151: 3 venc_ko blocks (pool0 0x73801000 len 0x10000)
src frame 152: srcf=22 off=82080 br=2000
frame 152: send=0x0 get=0x0 len=5298 coding=1 startqp=0 meanqp=0 picbytes=0 pskip=0 nalus=1 n1:5298
  snapshot f152: 3 venc_ko blocks (pool0 0x73801000 len 0x10000)
src frame 153: srcf=21 off=82620 br=2000
frame 153: send=0x0 get=0x0 len=5077 coding=1 startqp=0 meanqp=0 picbytes=0 pskip=0 nalus=1 n1:5077
  snapshot f153: 3 venc_ko blocks (pool0 0x73801000 len 0x10000)
src frame 154: srcf=20 off=83160 br=2000
frame 154: send=0x0 get=0x0 len=4993 coding=1 startqp=0 meanqp=0 picbytes=0 pskip=0 nalus=1 n1:4993
  snapshot f154: 3 venc_ko blocks (pool0 0x73801000 len 0x10000)
src frame 155: srcf=19 off=83700 br=2000
frame 155: send=0x0 get=0x0 len=4999 coding=1 startqp=0 meanqp=0 picbytes=0 pskip=0 nalus=1 n1:4999
  snapshot f155: 3 venc_ko blocks (pool0 0x73801000 len 0x10000)
src frame 156: srcf=18 off=84240 br=2000
frame 156: send=0x0 get=0x0 len=4974 coding=1 startqp=0 meanqp=0 picbytes=0 pskip=0 nalus=1 n1:4974
  snapshot f156: 3 venc_ko blocks (pool0 0x73801000 len 0x10000)
src frame 157: srcf=17 off=84780 br=2000
frame 157: send=0x0 get=0x0 len=4815 coding=1 startqp=0 meanqp=0 picbytes=0 pskip=0 nalus=1 n1:4815
  snapshot f157: 3 venc_ko blocks (pool0 0x73801000 len 0x10000)
src frame 158: srcf=16 off=85320 br=2000
frame 158: send=0x0 get=0x0 len=4820 coding=1 startqp=0 meanqp=0 picbytes=0 pskip=0 nalus=1 n1:4820
  snapshot f158: 3 venc_ko blocks (pool0 0x73801000 len 0x10000)
src frame 159: srcf=15 off=85860 br=2000
frame 159: send=0x0 get=0x0 len=4877 coding=1 startqp=0 meanqp=0 picbytes=0 pskip=0 nalus=1 n1:4877
  snapshot f159: 3 venc_ko blocks (pool0 0x73801000 len 0x10000)
src frame 160: srcf=14 off=86400 br=2000
frame 160: send=0x0 get=0x0 len=4870 coding=1 startqp=0 meanqp=0 picbytes=0 pskip=0 nalus=1 n1:4870
  snapshot f160: 3 venc_ko blocks (pool0 0x73801000 len 0x10000)
src frame 161: srcf=13 off=86940 br=2000
frame 161: send=0x0 get=0x0 len=4811 coding=1 startqp=0 meanqp=0 picbytes=0 pskip=0 nalus=1 n1:4811
  snapshot f161: 3 venc_ko blocks (pool0 0x73801000 len 0x10000)
src frame 162: srcf=12 off=87480 br=2000
frame 162: send=0x0 get=0x0 len=4814 coding=1 startqp=0 meanqp=0 picbytes=0 pskip=0 nalus=1 n1:4814
  snapshot f162: 3 venc_ko blocks (pool0 0x73801000 len 0x10000)
src frame 163: srcf=11 off=88020 br=2000
frame 163: send=0x0 get=0x0 len=4884 coding=1 startqp=0 meanqp=0 picbytes=0 pskip=0 nalus=1 n1:4884
  snapshot f163: 3 venc_ko blocks (pool0 0x73801000 len 0x10000)
src frame 164: srcf=10 off=88560 br=2000
frame 164: send=0x0 get=0x0 len=4849 coding=1 startqp=0 meanqp=0 picbytes=0 pskip=0 nalus=1 n1:4849
  snapshot f164: 3 venc_ko blocks (pool0 0x73801000 len 0x10000)
src frame 165: srcf=9 off=89100 br=2000
frame 165: send=0x0 get=0x0 len=4876 coding=1 startqp=0 meanqp=0 picbytes=0 pskip=0 nalus=1 n1:4876
  snapshot f165: 3 venc_ko blocks (pool0 0x73801000 len 0x10000)
src frame 166: srcf=8 off=89640 br=2000
frame 166: send=0x0 get=0x0 len=4911 coding=1 startqp=0 meanqp=0 picbytes=0 pskip=0 nalus=1 n1:4911
  snapshot f166: 3 venc_ko blocks (pool0 0x73801000 len 0x10000)
src frame 167: srcf=7 off=90180 br=2000
frame 167: send=0x0 get=0x0 len=4822 coding=1 startqp=0 meanqp=0 picbytes=0 pskip=0 nalus=1 n1:4822
  snapshot f167: 3 venc_ko blocks (pool0 0x73801000 len 0x10000)
src frame 168: srcf=6 off=90720 br=2000
frame 168: send=0x0 get=0x0 len=4848 coding=1 startqp=0 meanqp=0 picbytes=0 pskip=0 nalus=1 n1:4848
  snapshot f168: 3 venc_ko blocks (pool0 0x73801000 len 0x10000)
src frame 169: srcf=5 off=91260 br=2000
frame 169: send=0x0 get=0x0 len=4905 coding=1 startqp=0 meanqp=0 picbytes=0 pskip=0 nalus=1 n1:4905
  snapshot f169: 3 venc_ko blocks (pool0 0x73801000 len 0x10000)
src frame 170: srcf=4 off=91800 br=2000
frame 170: send=0x0 get=0x0 len=4878 coding=1 startqp=0 meanqp=0 picbytes=0 pskip=0 nalus=1 n1:4878
  snapshot f170: 3 venc_ko blocks (pool0 0x73801000 len 0x10000)
src frame 171: srcf=3 off=92340 br=2000
frame 171: send=0x0 get=0x0 len=4845 coding=1 startqp=0 meanqp=0 picbytes=0 pskip=0 nalus=1 n1:4845
  snapshot f171: 3 venc_ko blocks (pool0 0x73801000 len 0x10000)
src frame 172: srcf=2 off=92880 br=2000
frame 172: send=0x0 get=0x0 len=4890 coding=1 startqp=0 meanqp=0 picbytes=0 pskip=0 nalus=1 n1:4890
  snapshot f172: 3 venc_ko blocks (pool0 0x73801000 len 0x10000)
src frame 173: srcf=1 off=93420 br=2000
frame 173: send=0x0 get=0x0 len=4849 coding=1 startqp=0 meanqp=0 picbytes=0 pskip=0 nalus=1 n1:4849
  snapshot f173: 3 venc_ko blocks (pool0 0x73801000 len 0x10000)
src frame 174: srcf=0 off=93960 br=2000
frame 174: send=0x0 get=0x0 len=4873 coding=1 startqp=0 meanqp=0 picbytes=0 pskip=0 nalus=1 n1:4873
  snapshot f174: 3 venc_ko blocks (pool0 0x73801000 len 0x10000)
src frame 175: srcf=1 off=94500 br=2000
frame 175: send=0x0 get=0x0 len=4812 coding=1 startqp=0 meanqp=0 picbytes=0 pskip=0 nalus=1 n1:4812
  snapshot f175: 3 venc_ko blocks (pool0 0x73801000 len 0x10000)
src frame 176: srcf=2 off=95040 br=2000
frame 176: send=0x0 get=0x0 len=4863 coding=1 startqp=0 meanqp=0 picbytes=0 pskip=0 nalus=1 n1:4863
  snapshot f176: 3 venc_ko blocks (pool0 0x73801000 len 0x10000)
src frame 177: srcf=3 off=95580 br=2000
frame 177: send=0x0 get=0x0 len=4856 coding=1 startqp=0 meanqp=0 picbytes=0 pskip=0 nalus=1 n1:4856
  snapshot f177: 3 venc_ko blocks (pool0 0x73801000 len 0x10000)
src frame 178: srcf=4 off=96120 br=2000
frame 178: send=0x0 get=0x0 len=4933 coding=1 startqp=0 meanqp=0 picbytes=0 pskip=0 nalus=1 n1:4933
  snapshot f178: 3 venc_ko blocks (pool0 0x73801000 len 0x10000)
src frame 179: srcf=5 off=96660 br=2000
frame 179: send=0x0 get=0x0 len=4838 coding=1 startqp=0 meanqp=0 picbytes=0 pskip=0 nalus=1 n1:4838
  snapshot f179: 3 venc_ko blocks (pool0 0x73801000 len 0x10000)
src frame 180: srcf=6 off=97200 br=2000
frame 180: send=0x0 get=0x0 len=22267 coding=0 startqp=0 meanqp=0 picbytes=0 pskip=0 nalus=3 n7:32 n8:9 n5:22226
  snapshot f180: 3 venc_ko blocks (pool0 0x73801000 len 0x10000)
src frame 181: srcf=7 off=97740 br=2000
frame 181: send=0x0 get=0x0 len=6702 coding=1 startqp=0 meanqp=0 picbytes=0 pskip=0 nalus=1 n1:6702
  snapshot f181: 3 venc_ko blocks (pool0 0x73801000 len 0x10000)
src frame 182: srcf=8 off=98280 br=2000
frame 182: send=0x0 get=0x0 len=5324 coding=1 startqp=0 meanqp=0 picbytes=0 pskip=0 nalus=1 n1:5324
  snapshot f182: 3 venc_ko blocks (pool0 0x73801000 len 0x10000)
src frame 183: srcf=9 off=98820 br=2000
frame 183: send=0x0 get=0x0 len=5485 coding=1 startqp=0 meanqp=0 picbytes=0 pskip=0 nalus=1 n1:5485
  snapshot f183: 3 venc_ko blocks (pool0 0x73801000 len 0x10000)
src frame 184: srcf=10 off=99360 br=2000
frame 184: send=0x0 get=0x0 len=5122 coding=1 startqp=0 meanqp=0 picbytes=0 pskip=0 nalus=1 n1:5122
  snapshot f184: 3 venc_ko blocks (pool0 0x73801000 len 0x10000)
src frame 185: srcf=11 off=99900 br=2000
frame 185: send=0x0 get=0x0 len=5186 coding=1 startqp=0 meanqp=0 picbytes=0 pskip=0 nalus=1 n1:5186
  snapshot f185: 3 venc_ko blocks (pool0 0x73801000 len 0x10000)
src frame 186: srcf=12 off=100440 br=2000
frame 186: send=0x0 get=0x0 len=4973 coding=1 startqp=0 meanqp=0 picbytes=0 pskip=0 nalus=1 n1:4973
  snapshot f186: 3 venc_ko blocks (pool0 0x73801000 len 0x10000)
src frame 187: srcf=13 off=100980 br=2000
frame 187: send=0x0 get=0x0 len=4955 coding=1 startqp=0 meanqp=0 picbytes=0 pskip=0 nalus=1 n1:4955
  snapshot f187: 3 venc_ko blocks (pool0 0x73801000 len 0x10000)
src frame 188: srcf=14 off=101520 br=2000
frame 188: send=0x0 get=0x0 len=4984 coding=1 startqp=0 meanqp=0 picbytes=0 pskip=0 nalus=1 n1:4984
  snapshot f188: 3 venc_ko blocks (pool0 0x73801000 len 0x10000)
src frame 189: srcf=15 off=102060 br=2000
frame 189: send=0x0 get=0x0 len=5034 coding=1 startqp=0 meanqp=0 picbytes=0 pskip=0 nalus=1 n1:5034
  snapshot f189: 3 venc_ko blocks (pool0 0x73801000 len 0x10000)
src frame 190: srcf=16 off=102600 br=2000
frame 190: send=0x0 get=0x0 len=4979 coding=1 startqp=0 meanqp=0 picbytes=0 pskip=0 nalus=1 n1:4979
  snapshot f190: 3 venc_ko blocks (pool0 0x73801000 len 0x10000)
src frame 191: srcf=17 off=103140 br=2000
frame 191: send=0x0 get=0x0 len=4918 coding=1 startqp=0 meanqp=0 picbytes=0 pskip=0 nalus=1 n1:4918
  snapshot f191: 3 venc_ko blocks (pool0 0x73801000 len 0x10000)
src frame 192: srcf=18 off=103680 br=2000
frame 192: send=0x0 get=0x0 len=4873 coding=1 startqp=0 meanqp=0 picbytes=0 pskip=0 nalus=1 n1:4873
  snapshot f192: 3 venc_ko blocks (pool0 0x73801000 len 0x10000)
src frame 193: srcf=19 off=104220 br=2000
frame 193: send=0x0 get=0x0 len=4892 coding=1 startqp=0 meanqp=0 picbytes=0 pskip=0 nalus=1 n1:4892
  snapshot f193: 3 venc_ko blocks (pool0 0x73801000 len 0x10000)
src frame 194: srcf=20 off=104760 br=2000
frame 194: send=0x0 get=0x0 len=4984 coding=1 startqp=0 meanqp=0 picbytes=0 pskip=0 nalus=1 n1:4984
  snapshot f194: 3 venc_ko blocks (pool0 0x73801000 len 0x10000)
src frame 195: srcf=21 off=105300 br=2000
frame 195: send=0x0 get=0x0 len=4797 coding=1 startqp=0 meanqp=0 picbytes=0 pskip=0 nalus=1 n1:4797
  snapshot f195: 3 venc_ko blocks (pool0 0x73801000 len 0x10000)
src frame 196: srcf=22 off=105840 br=2000
frame 196: send=0x0 get=0x0 len=4936 coding=1 startqp=0 meanqp=0 picbytes=0 pskip=0 nalus=1 n1:4936
  snapshot f196: 3 venc_ko blocks (pool0 0x73801000 len 0x10000)
src frame 197: srcf=23 off=106380 br=2000
frame 197: send=0x0 get=0x0 len=4845 coding=1 startqp=0 meanqp=0 picbytes=0 pskip=0 nalus=1 n1:4845
  snapshot f197: 3 venc_ko blocks (pool0 0x73801000 len 0x10000)
src frame 198: srcf=24 off=106920 br=2000
frame 198: send=0x0 get=0x0 len=4959 coding=1 startqp=0 meanqp=0 picbytes=0 pskip=0 nalus=1 n1:4959
  snapshot f198: 3 venc_ko blocks (pool0 0x73801000 len 0x10000)
src frame 199: srcf=25 off=107460 br=2000
frame 199: send=0x0 get=0x0 len=4805 coding=1 startqp=0 meanqp=0 picbytes=0 pskip=0 nalus=1 n1:4805
  snapshot f199: 3 venc_ko blocks (pool0 0x73801000 len 0x10000)
src frame 200: srcf=26 off=108000 br=2000
frame 200: send=0x0 get=0x0 len=4826 coding=1 startqp=0 meanqp=0 picbytes=0 pskip=0 nalus=1 n1:4826
  snapshot f200: 3 venc_ko blocks (pool0 0x73801000 len 0x10000)
src frame 201: srcf=27 off=108540 br=2000
frame 201: send=0x0 get=0x0 len=4785 coding=1 startqp=0 meanqp=0 picbytes=0 pskip=0 nalus=1 n1:4785
  snapshot f201: 3 venc_ko blocks (pool0 0x73801000 len 0x10000)
src frame 202: srcf=28 off=109080 br=2000
frame 202: send=0x0 get=0x0 len=4880 coding=1 startqp=0 meanqp=0 picbytes=0 pskip=0 nalus=1 n1:4880
  snapshot f202: 3 venc_ko blocks (pool0 0x73801000 len 0x10000)
src frame 203: srcf=29 off=109620 br=2000
frame 203: send=0x0 get=0x0 len=4790 coding=1 startqp=0 meanqp=0 picbytes=0 pskip=0 nalus=1 n1:4790
  snapshot f203: 3 venc_ko blocks (pool0 0x73801000 len 0x10000)
src frame 204: srcf=28 off=110160 br=2000
frame 204: send=0x0 get=0x0 len=4817 coding=1 startqp=0 meanqp=0 picbytes=0 pskip=0 nalus=1 n1:4817
  snapshot f204: 3 venc_ko blocks (pool0 0x73801000 len 0x10000)
src frame 205: srcf=27 off=110700 br=2000
frame 205: send=0x0 get=0x0 len=4862 coding=1 startqp=0 meanqp=0 picbytes=0 pskip=0 nalus=1 n1:4862
  snapshot f205: 3 venc_ko blocks (pool0 0x73801000 len 0x10000)
src frame 206: srcf=26 off=111240 br=2000
frame 206: send=0x0 get=0x0 len=4899 coding=1 startqp=0 meanqp=0 picbytes=0 pskip=0 nalus=1 n1:4899
  snapshot f206: 3 venc_ko blocks (pool0 0x73801000 len 0x10000)
src frame 207: srcf=25 off=111780 br=2000
frame 207: send=0x0 get=0x0 len=4770 coding=1 startqp=0 meanqp=0 picbytes=0 pskip=0 nalus=1 n1:4770
  snapshot f207: 3 venc_ko blocks (pool0 0x73801000 len 0x10000)
src frame 208: srcf=24 off=112320 br=2000
frame 208: send=0x0 get=0x0 len=4800 coding=1 startqp=0 meanqp=0 picbytes=0 pskip=0 nalus=1 n1:4800
  snapshot f208: 3 venc_ko blocks (pool0 0x73801000 len 0x10000)
src frame 209: srcf=23 off=112860 br=2000
frame 209: send=0x0 get=0x0 len=4901 coding=1 startqp=0 meanqp=0 picbytes=0 pskip=0 nalus=1 n1:4901
  snapshot f209: 3 venc_ko blocks (pool0 0x73801000 len 0x10000)
src frame 210: srcf=22 off=113400 br=2000
frame 210: send=0x0 get=0x0 len=22267 coding=0 startqp=0 meanqp=0 picbytes=0 pskip=0 nalus=3 n7:32 n8:9 n5:22226
  snapshot f210: 3 venc_ko blocks (pool0 0x73801000 len 0x10000)
src frame 211: srcf=21 off=113940 br=2000
frame 211: send=0x0 get=0x0 len=6641 coding=1 startqp=0 meanqp=0 picbytes=0 pskip=0 nalus=1 n1:6641
  snapshot f211: 3 venc_ko blocks (pool0 0x73801000 len 0x10000)
src frame 212: srcf=20 off=114480 br=2000
frame 212: send=0x0 get=0x0 len=5298 coding=1 startqp=0 meanqp=0 picbytes=0 pskip=0 nalus=1 n1:5298
  snapshot f212: 3 venc_ko blocks (pool0 0x73801000 len 0x10000)
src frame 213: srcf=19 off=115020 br=2000
frame 213: send=0x0 get=0x0 len=5077 coding=1 startqp=0 meanqp=0 picbytes=0 pskip=0 nalus=1 n1:5077
  snapshot f213: 3 venc_ko blocks (pool0 0x73801000 len 0x10000)
src frame 214: srcf=18 off=115560 br=2000
frame 214: send=0x0 get=0x0 len=4993 coding=1 startqp=0 meanqp=0 picbytes=0 pskip=0 nalus=1 n1:4993
  snapshot f214: 3 venc_ko blocks (pool0 0x73801000 len 0x10000)
src frame 215: srcf=17 off=116100 br=2000
frame 215: send=0x0 get=0x0 len=4999 coding=1 startqp=0 meanqp=0 picbytes=0 pskip=0 nalus=1 n1:4999
  snapshot f215: 3 venc_ko blocks (pool0 0x73801000 len 0x10000)
src frame 216: srcf=16 off=116640 br=2000
frame 216: send=0x0 get=0x0 len=4974 coding=1 startqp=0 meanqp=0 picbytes=0 pskip=0 nalus=1 n1:4974
  snapshot f216: 3 venc_ko blocks (pool0 0x73801000 len 0x10000)
src frame 217: srcf=15 off=117180 br=2000
frame 217: send=0x0 get=0x0 len=4815 coding=1 startqp=0 meanqp=0 picbytes=0 pskip=0 nalus=1 n1:4815
  snapshot f217: 3 venc_ko blocks (pool0 0x73801000 len 0x10000)
src frame 218: srcf=14 off=117720 br=2000
frame 218: send=0x0 get=0x0 len=4820 coding=1 startqp=0 meanqp=0 picbytes=0 pskip=0 nalus=1 n1:4820
  snapshot f218: 3 venc_ko blocks (pool0 0x73801000 len 0x10000)
src frame 219: srcf=13 off=118260 br=2000
frame 219: send=0x0 get=0x0 len=4880 coding=1 startqp=0 meanqp=0 picbytes=0 pskip=0 nalus=1 n1:4880
  snapshot f219: 3 venc_ko blocks (pool0 0x73801000 len 0x10000)
src frame 220: srcf=12 off=118800 br=2000
frame 220: send=0x0 get=0x0 len=4881 coding=1 startqp=0 meanqp=0 picbytes=0 pskip=0 nalus=1 n1:4881
  snapshot f220: 3 venc_ko blocks (pool0 0x73801000 len 0x10000)
src frame 221: srcf=11 off=119340 br=2000
frame 221: send=0x0 get=0x0 len=4807 coding=1 startqp=0 meanqp=0 picbytes=0 pskip=0 nalus=1 n1:4807
  snapshot f221: 3 venc_ko blocks (pool0 0x73801000 len 0x10000)
src frame 222: srcf=10 off=119880 br=2000
frame 222: send=0x0 get=0x0 len=4819 coding=1 startqp=0 meanqp=0 picbytes=0 pskip=0 nalus=1 n1:4819
  snapshot f222: 3 venc_ko blocks (pool0 0x73801000 len 0x10000)
src frame 223: srcf=9 off=120420 br=2000
frame 223: send=0x0 get=0x0 len=4895 coding=1 startqp=0 meanqp=0 picbytes=0 pskip=0 nalus=1 n1:4895
  snapshot f223: 3 venc_ko blocks (pool0 0x73801000 len 0x10000)
src frame 224: srcf=8 off=120960 br=2000
frame 224: send=0x0 get=0x0 len=4848 coding=1 startqp=0 meanqp=0 picbytes=0 pskip=0 nalus=1 n1:4848
  snapshot f224: 3 venc_ko blocks (pool0 0x73801000 len 0x10000)
src frame 225: srcf=7 off=121500 br=2000
frame 225: send=0x0 get=0x0 len=4929 coding=1 startqp=0 meanqp=0 picbytes=0 pskip=0 nalus=1 n1:4929
  snapshot f225: 3 venc_ko blocks (pool0 0x73801000 len 0x10000)
src frame 226: srcf=6 off=122040 br=2000
frame 226: send=0x0 get=0x0 len=4916 coding=1 startqp=0 meanqp=0 picbytes=0 pskip=0 nalus=1 n1:4916
  snapshot f226: 3 venc_ko blocks (pool0 0x73801000 len 0x10000)
src frame 227: srcf=5 off=122580 br=2000
frame 227: send=0x0 get=0x0 len=4846 coding=1 startqp=0 meanqp=0 picbytes=0 pskip=0 nalus=1 n1:4846
  snapshot f227: 3 venc_ko blocks (pool0 0x73801000 len 0x10000)
src frame 228: srcf=4 off=123120 br=2000
frame 228: send=0x0 get=0x0 len=4854 coding=1 startqp=0 meanqp=0 picbytes=0 pskip=0 nalus=1 n1:4854
  snapshot f228: 3 venc_ko blocks (pool0 0x73801000 len 0x10000)
src frame 229: srcf=3 off=123660 br=2000
frame 229: send=0x0 get=0x0 len=4888 coding=1 startqp=0 meanqp=0 picbytes=0 pskip=0 nalus=1 n1:4888
  snapshot f229: 3 venc_ko blocks (pool0 0x73801000 len 0x10000)
src frame 230: srcf=2 off=124200 br=2000
frame 230: send=0x0 get=0x0 len=4926 coding=1 startqp=0 meanqp=0 picbytes=0 pskip=0 nalus=1 n1:4926
  snapshot f230: 3 venc_ko blocks (pool0 0x73801000 len 0x10000)
src frame 231: srcf=1 off=124740 br=2000
frame 231: send=0x0 get=0x0 len=4834 coding=1 startqp=0 meanqp=0 picbytes=0 pskip=0 nalus=1 n1:4834
  snapshot f231: 3 venc_ko blocks (pool0 0x73801000 len 0x10000)
src frame 232: srcf=0 off=125280 br=2000
frame 232: send=0x0 get=0x0 len=4884 coding=1 startqp=0 meanqp=0 picbytes=0 pskip=0 nalus=1 n1:4884
  snapshot f232: 3 venc_ko blocks (pool0 0x73801000 len 0x10000)
src frame 233: srcf=1 off=125820 br=2000
frame 233: send=0x0 get=0x0 len=4809 coding=1 startqp=0 meanqp=0 picbytes=0 pskip=0 nalus=1 n1:4809
  snapshot f233: 3 venc_ko blocks (pool0 0x73801000 len 0x10000)
src frame 234: srcf=2 off=126360 br=2000
frame 234: send=0x0 get=0x0 len=4878 coding=1 startqp=0 meanqp=0 picbytes=0 pskip=0 nalus=1 n1:4878
  snapshot f234: 3 venc_ko blocks (pool0 0x73801000 len 0x10000)
src frame 235: srcf=3 off=126900 br=2000
frame 235: send=0x0 get=0x0 len=4864 coding=1 startqp=0 meanqp=0 picbytes=0 pskip=0 nalus=1 n1:4864
  snapshot f235: 3 venc_ko blocks (pool0 0x73801000 len 0x10000)
src frame 236: srcf=4 off=127440 br=2000
frame 236: send=0x0 get=0x0 len=4887 coding=1 startqp=0 meanqp=0 picbytes=0 pskip=0 nalus=1 n1:4887
  snapshot f236: 3 venc_ko blocks (pool0 0x73801000 len 0x10000)
src frame 237: srcf=5 off=127980 br=2000
frame 237: send=0x0 get=0x0 len=4884 coding=1 startqp=0 meanqp=0 picbytes=0 pskip=0 nalus=1 n1:4884
  snapshot f237: 3 venc_ko blocks (pool0 0x73801000 len 0x10000)
src frame 238: srcf=6 off=128520 br=2000
frame 238: send=0x0 get=0x0 len=5003 coding=1 startqp=0 meanqp=0 picbytes=0 pskip=0 nalus=1 n1:5003
  snapshot f238: 3 venc_ko blocks (pool0 0x73801000 len 0x10000)
src frame 239: srcf=7 off=129060 br=2000
frame 239: send=0x0 get=0x0 len=4874 coding=1 startqp=0 meanqp=0 picbytes=0 pskip=0 nalus=1 n1:4874
  snapshot f239: 3 venc_ko blocks (pool0 0x73801000 len 0x10000)
---- /proc/ax_proc/venc ----
-------- VENC VERSION ------------------------
[Axera version]: ax_venc V3.0.0_20250319114413 Mar 19 2025 11:58:34 JK

-------- MODULE PARAM ------------------------
MaxChnNum   MaxRoiNum   MaxProcNum  
16          8           16          

-------- VENC CHN ATTR 1 ------------------------
ID    Type    wSrc    hSrc    Strd0   Strd1   maxW    maxH    PixFmt  link  InFifoDep    OutFifoDep   InDbgFifoLen InDbgFifoDep StrmBufSize(KB)
7     h264    1920    1080    3840    0       1920    1080    YUYV422 N     2            2            0            4            4114      
-------- VENC CHN ATTR 2 ------------------------
ID    [CropEn StartX  StartY  CropW   CropH]  Rotation  EncW    EncH    FrmSize      PTS          SeqNum       CompMode     CompLevel    PhyAddr0     PhyAddr1     PhyAddr2     
7     N       0       0       0       0       0         1920    1080    4147200      3283333      198          NONE         0            742d1000     0            0            
-------- VENC RC ATTR 1 ------------------------
ID    RcMode    SrcFr   DstFr   Br(kbps)  MinQp   MaxQp   MinIQp  MaxIQp  IQpDelta  IpropMax   IpropMin   StartQp    QpDltRng   DeBrQpDlt  SvcEn   ChgPos  StillPercent MaxStillQp 
7     CBR       60.00   60.00   2000      10      51      10      51      0         40         10         -1         2          0          False   -       -            -          
-------- VENC RC ATTR 2  -----------------------
ID    QMapQpType  QMapUnit    QMapBlkType IQp   PQp   MinQpDelta MaxQpDelta MaxBitRate shtStaTime ltStaTime  ltMinBr  ltMaxBr  Br_ST(kbps)    Br_LT(kbps)    
7     N/A         64x64       N/A         -     -     -          -          -          -          -          -        -        -              -              
-------- VENC GOP ATTR  ------------------------
ID    GopMode   Gop   GopVI 
7     NormalP   30    0     
-------- VENC STATUS 1 -------------------------
ID    RJEn         RJThr(bps)   RJMode       RJEncGaps    SupFrmEn     SupPri       SupThrI      SupThrP      SplitEn      SliceNum     Range(In)    Range(out)   
7     N            0            Normal       0            N            0            500000       500000       N            0            Full         Full         
-------- VENC STATUS 2 -------------------------
ID    ChnStat   FrmRecv   FrmRls    FrmEnc    FrmDrop   FrmDup    EncFail   MissMatch StrmGet   StrmRls   OutFps    RealBr    ReEncCnt  DropCnt   BlkFail   GrpID     PID     TID     ThNum   RefInc    RefDec    Fail1   Fail2   Fail3   Fail4   
7     STARTED   198       198       198       0         0         0         0         198       197       50.00     2280.24   0         0         0         -1        130453  130457  1       198       198       0       0       0       0       
-------- VENC HW STATUS  ------------------------
ID    OverFlow     TimeOut      
7     0            0            
-------- VENC ROI INFO  ------------------------
ID    Index        bEnable      bAbsQp       RoiQP        Width        Height       StartX       StartY       
done h264_jump1_cbr2000
