# vdrive tag=h264_jump15_cbr2000 codec=h264 1920x1080 rc=cbr br=2000 fps=60/60 gop=30 gopmode=normalp ltrint=0 ltrqpo=0 iqp=32 pqp=32 profile=10 level=51 tier=0 qp[10..51] iqp[10..51] iqd=0 firstqp=-1 iprop[10..40] idrrange=2 stattime=1 vq=0 ir=0/0 slice=0 debreath=0 scd=-1 rowqpd=-1 vui=-1 move=0 nframes=240
src=/root/rc65/clips/static.yuyv frames=30 loop=pingpong motion=jump mstep=15 window=0..-1
AX_SYS_Init rc=0x0
AX_VENC_Init rc=0x0
AX_VENC_CreateChn(7) rc=0x0
StartRecvFrame rc=0x0
AX_POOL_CreatePool id=0x0
blk=0x5e000000 phys=0x742d1000 virt=0xffff9e415000
frame: modid=0x11 stride=1920 fmt=0xd
  snapshot pre: 3 venc_ko blocks (pool0 0x73801000 len 0x10000)
src frame 0: srcf=0 off=0 br=2000
frame 0: send=0x0 get=0x0 len=22260 coding=0 startqp=0 meanqp=0 picbytes=0 pskip=0 nalus=3 n7:32 n8:9 n5:22219
  snapshot f000: 3 venc_ko blocks (pool0 0x73801000 len 0x10000)
src frame 1: srcf=1 off=0 br=2000
frame 1: send=0x0 get=0x0 len=3212 coding=1 startqp=0 meanqp=0 picbytes=0 pskip=0 nalus=1 n1:3212
  snapshot f001: 3 venc_ko blocks (pool0 0x73801000 len 0x10000)
src frame 2: srcf=2 off=0 br=2000
frame 2: send=0x0 get=0x0 len=3102 coding=1 startqp=0 meanqp=0 picbytes=0 pskip=0 nalus=1 n1:3102
  snapshot f002: 3 venc_ko blocks (pool0 0x73801000 len 0x10000)
src frame 3: srcf=3 off=0 br=2000
frame 3: send=0x0 get=0x0 len=3180 coding=1 startqp=0 meanqp=0 picbytes=0 pskip=0 nalus=1 n1:3180
  snapshot f003: 3 venc_ko blocks (pool0 0x73801000 len 0x10000)
src frame 4: srcf=4 off=0 br=2000
frame 4: send=0x0 get=0x0 len=2727 coding=1 startqp=0 meanqp=0 picbytes=0 pskip=0 nalus=1 n1:2727
  snapshot f004: 3 venc_ko blocks (pool0 0x73801000 len 0x10000)
src frame 5: srcf=5 off=0 br=2000
frame 5: send=0x0 get=0x0 len=3174 coding=1 startqp=0 meanqp=0 picbytes=0 pskip=0 nalus=1 n1:3174
  snapshot f005: 3 venc_ko blocks (pool0 0x73801000 len 0x10000)
src frame 6: srcf=6 off=0 br=2000
frame 6: send=0x0 get=0x0 len=3205 coding=1 startqp=0 meanqp=0 picbytes=0 pskip=0 nalus=1 n1:3205
  snapshot f006: 3 venc_ko blocks (pool0 0x73801000 len 0x10000)
src frame 7: srcf=7 off=0 br=2000
frame 7: send=0x0 get=0x0 len=3179 coding=1 startqp=0 meanqp=0 picbytes=0 pskip=0 nalus=1 n1:3179
  snapshot f007: 3 venc_ko blocks (pool0 0x73801000 len 0x10000)
src frame 8: srcf=8 off=0 br=2000
frame 8: send=0x0 get=0x0 len=2980 coding=1 startqp=0 meanqp=0 picbytes=0 pskip=0 nalus=1 n1:2980
  snapshot f008: 3 venc_ko blocks (pool0 0x73801000 len 0x10000)
src frame 9: srcf=9 off=0 br=2000
frame 9: send=0x0 get=0x0 len=3235 coding=1 startqp=0 meanqp=0 picbytes=0 pskip=0 nalus=1 n1:3235
  snapshot f009: 3 venc_ko blocks (pool0 0x73801000 len 0x10000)
src frame 10: srcf=10 off=0 br=2000
frame 10: send=0x0 get=0x0 len=2968 coding=1 startqp=0 meanqp=0 picbytes=0 pskip=0 nalus=1 n1:2968
  snapshot f010: 3 venc_ko blocks (pool0 0x73801000 len 0x10000)
src frame 11: srcf=11 off=0 br=2000
frame 11: send=0x0 get=0x0 len=3191 coding=1 startqp=0 meanqp=0 picbytes=0 pskip=0 nalus=1 n1:3191
  snapshot f011: 3 venc_ko blocks (pool0 0x73801000 len 0x10000)
src frame 12: srcf=12 off=0 br=2000
frame 12: send=0x0 get=0x0 len=3187 coding=1 startqp=0 meanqp=0 picbytes=0 pskip=0 nalus=1 n1:3187
  snapshot f012: 3 venc_ko blocks (pool0 0x73801000 len 0x10000)
src frame 13: srcf=13 off=0 br=2000
frame 13: send=0x0 get=0x0 len=2961 coding=1 startqp=0 meanqp=0 picbytes=0 pskip=0 nalus=1 n1:2961
  snapshot f013: 3 venc_ko blocks (pool0 0x73801000 len 0x10000)
src frame 14: srcf=14 off=0 br=2000
frame 14: send=0x0 get=0x0 len=3164 coding=1 startqp=0 meanqp=0 picbytes=0 pskip=0 nalus=1 n1:3164
  snapshot f014: 3 venc_ko blocks (pool0 0x73801000 len 0x10000)
src frame 15: srcf=15 off=540 br=2000
frame 15: send=0x0 get=0x0 len=12552 coding=1 startqp=0 meanqp=0 picbytes=0 pskip=0 nalus=1 n1:12552
  snapshot f015: 3 venc_ko blocks (pool0 0x73801000 len 0x10000)
src frame 16: srcf=16 off=540 br=2000
frame 16: send=0x0 get=0x0 len=3127 coding=1 startqp=0 meanqp=0 picbytes=0 pskip=0 nalus=1 n1:3127
  snapshot f016: 3 venc_ko blocks (pool0 0x73801000 len 0x10000)
src frame 17: srcf=17 off=540 br=2000
frame 17: send=0x0 get=0x0 len=3119 coding=1 startqp=0 meanqp=0 picbytes=0 pskip=0 nalus=1 n1:3119
  snapshot f017: 3 venc_ko blocks (pool0 0x73801000 len 0x10000)
src frame 18: srcf=18 off=540 br=2000
frame 18: send=0x0 get=0x0 len=3112 coding=1 startqp=0 meanqp=0 picbytes=0 pskip=0 nalus=1 n1:3112
  snapshot f018: 3 venc_ko blocks (pool0 0x73801000 len 0x10000)
src frame 19: srcf=19 off=540 br=2000
frame 19: send=0x0 get=0x0 len=3120 coding=1 startqp=0 meanqp=0 picbytes=0 pskip=0 nalus=1 n1:3120
  snapshot f019: 3 venc_ko blocks (pool0 0x73801000 len 0x10000)
src frame 20: srcf=20 off=540 br=2000
frame 20: send=0x0 get=0x0 len=3062 coding=1 startqp=0 meanqp=0 picbytes=0 pskip=0 nalus=1 n1:3062
  snapshot f020: 3 venc_ko blocks (pool0 0x73801000 len 0x10000)
src frame 21: srcf=21 off=540 br=2000
frame 21: send=0x0 get=0x0 len=3041 coding=1 startqp=0 meanqp=0 picbytes=0 pskip=0 nalus=1 n1:3041
  snapshot f021: 3 venc_ko blocks (pool0 0x73801000 len 0x10000)
src frame 22: srcf=22 off=540 br=2000
frame 22: send=0x0 get=0x0 len=3094 coding=1 startqp=0 meanqp=0 picbytes=0 pskip=0 nalus=1 n1:3094
  snapshot f022: 3 venc_ko blocks (pool0 0x73801000 len 0x10000)
src frame 23: srcf=23 off=540 br=2000
frame 23: send=0x0 get=0x0 len=3413 coding=1 startqp=0 meanqp=0 picbytes=0 pskip=0 nalus=1 n1:3413
  snapshot f023: 3 venc_ko blocks (pool0 0x73801000 len 0x10000)
src frame 24: srcf=24 off=540 br=2000
frame 24: send=0x0 get=0x0 len=2821 coding=1 startqp=0 meanqp=0 picbytes=0 pskip=0 nalus=1 n1:2821
  snapshot f024: 3 venc_ko blocks (pool0 0x73801000 len 0x10000)
src frame 25: srcf=25 off=540 br=2000
frame 25: send=0x0 get=0x0 len=2867 coding=1 startqp=0 meanqp=0 picbytes=0 pskip=0 nalus=1 n1:2867
  snapshot f025: 3 venc_ko blocks (pool0 0x73801000 len 0x10000)
src frame 26: srcf=26 off=540 br=2000
frame 26: send=0x0 get=0x0 len=2895 coding=1 startqp=0 meanqp=0 picbytes=0 pskip=0 nalus=1 n1:2895
  snapshot f026: 3 venc_ko blocks (pool0 0x73801000 len 0x10000)
src frame 27: srcf=27 off=540 br=2000
frame 27: send=0x0 get=0x0 len=2838 coding=1 startqp=0 meanqp=0 picbytes=0 pskip=0 nalus=1 n1:2838
  snapshot f027: 3 venc_ko blocks (pool0 0x73801000 len 0x10000)
src frame 28: srcf=28 off=540 br=2000
frame 28: send=0x0 get=0x0 len=3159 coding=1 startqp=0 meanqp=0 picbytes=0 pskip=0 nalus=1 n1:3159
  snapshot f028: 3 venc_ko blocks (pool0 0x73801000 len 0x10000)
src frame 29: srcf=29 off=540 br=2000
frame 29: send=0x0 get=0x0 len=3041 coding=1 startqp=0 meanqp=0 picbytes=0 pskip=0 nalus=1 n1:3041
  snapshot f029: 3 venc_ko blocks (pool0 0x73801000 len 0x10000)
src frame 30: srcf=28 off=1080 br=2000
frame 30: send=0x0 get=0x0 len=25740 coding=0 startqp=0 meanqp=0 picbytes=0 pskip=0 nalus=3 n7:32 n8:9 n5:25699
  snapshot f030: 3 venc_ko blocks (pool0 0x73801000 len 0x10000)
src frame 31: srcf=27 off=1080 br=2000
frame 31: send=0x0 get=0x0 len=3561 coding=1 startqp=0 meanqp=0 picbytes=0 pskip=0 nalus=1 n1:3561
  snapshot f031: 3 venc_ko blocks (pool0 0x73801000 len 0x10000)
src frame 32: srcf=26 off=1080 br=2000
frame 32: send=0x0 get=0x0 len=3347 coding=1 startqp=0 meanqp=0 picbytes=0 pskip=0 nalus=1 n1:3347
  snapshot f032: 3 venc_ko blocks (pool0 0x73801000 len 0x10000)
src frame 33: srcf=25 off=1080 br=2000
frame 33: send=0x0 get=0x0 len=3494 coding=1 startqp=0 meanqp=0 picbytes=0 pskip=0 nalus=1 n1:3494
  snapshot f033: 3 venc_ko blocks (pool0 0x73801000 len 0x10000)
src frame 34: srcf=24 off=1080 br=2000
frame 34: send=0x0 get=0x0 len=3361 coding=1 startqp=0 meanqp=0 picbytes=0 pskip=0 nalus=1 n1:3361
  snapshot f034: 3 venc_ko blocks (pool0 0x73801000 len 0x10000)
src frame 35: srcf=23 off=1080 br=2000
frame 35: send=0x0 get=0x0 len=3436 coding=1 startqp=0 meanqp=0 picbytes=0 pskip=0 nalus=1 n1:3436
  snapshot f035: 3 venc_ko blocks (pool0 0x73801000 len 0x10000)
src frame 36: srcf=22 off=1080 br=2000
frame 36: send=0x0 get=0x0 len=3460 coding=1 startqp=0 meanqp=0 picbytes=0 pskip=0 nalus=1 n1:3460
  snapshot f036: 3 venc_ko blocks (pool0 0x73801000 len 0x10000)
src frame 37: srcf=21 off=1080 br=2000
frame 37: send=0x0 get=0x0 len=3192 coding=1 startqp=0 meanqp=0 picbytes=0 pskip=0 nalus=1 n1:3192
  snapshot f037: 3 venc_ko blocks (pool0 0x73801000 len 0x10000)
src frame 38: srcf=20 off=1080 br=2000
frame 38: send=0x0 get=0x0 len=3538 coding=1 startqp=0 meanqp=0 picbytes=0 pskip=0 nalus=1 n1:3538
  snapshot f038: 3 venc_ko blocks (pool0 0x73801000 len 0x10000)
src frame 39: srcf=19 off=1080 br=2000
frame 39: send=0x0 get=0x0 len=3574 coding=1 startqp=0 meanqp=0 picbytes=0 pskip=0 nalus=1 n1:3574
  snapshot f039: 3 venc_ko blocks (pool0 0x73801000 len 0x10000)
src frame 40: srcf=18 off=1080 br=2000
frame 40: send=0x0 get=0x0 len=3591 coding=1 startqp=0 meanqp=0 picbytes=0 pskip=0 nalus=1 n1:3591
  snapshot f040: 3 venc_ko blocks (pool0 0x73801000 len 0x10000)
src frame 41: srcf=17 off=1080 br=2000
frame 41: send=0x0 get=0x0 len=3413 coding=1 startqp=0 meanqp=0 picbytes=0 pskip=0 nalus=1 n1:3413
  snapshot f041: 3 venc_ko blocks (pool0 0x73801000 len 0x10000)
src frame 42: srcf=16 off=1080 br=2000
frame 42: send=0x0 get=0x0 len=3754 coding=1 startqp=0 meanqp=0 picbytes=0 pskip=0 nalus=1 n1:3754
  snapshot f042: 3 venc_ko blocks (pool0 0x73801000 len 0x10000)
src frame 43: srcf=15 off=1080 br=2000
frame 43: send=0x0 get=0x0 len=3531 coding=1 startqp=0 meanqp=0 picbytes=0 pskip=0 nalus=1 n1:3531
  snapshot f043: 3 venc_ko blocks (pool0 0x73801000 len 0x10000)
src frame 44: srcf=14 off=1080 br=2000
frame 44: send=0x0 get=0x0 len=3582 coding=1 startqp=0 meanqp=0 picbytes=0 pskip=0 nalus=1 n1:3582
  snapshot f044: 3 venc_ko blocks (pool0 0x73801000 len 0x10000)
src frame 45: srcf=13 off=1620 br=2000
frame 45: send=0x0 get=0x0 len=15241 coding=1 startqp=0 meanqp=0 picbytes=0 pskip=0 nalus=1 n1:15241
  snapshot f045: 3 venc_ko blocks (pool0 0x73801000 len 0x10000)
src frame 46: srcf=12 off=1620 br=2000
frame 46: send=0x0 get=0x0 len=3063 coding=1 startqp=0 meanqp=0 picbytes=0 pskip=0 nalus=1 n1:3063
  snapshot f046: 3 venc_ko blocks (pool0 0x73801000 len 0x10000)
src frame 47: srcf=11 off=1620 br=2000
frame 47: send=0x0 get=0x0 len=2937 coding=1 startqp=0 meanqp=0 picbytes=0 pskip=0 nalus=1 n1:2937
  snapshot f047: 3 venc_ko blocks (pool0 0x73801000 len 0x10000)
src frame 48: srcf=10 off=1620 br=2000
frame 48: send=0x0 get=0x0 len=2903 coding=1 startqp=0 meanqp=0 picbytes=0 pskip=0 nalus=1 n1:2903
  snapshot f048: 3 venc_ko blocks (pool0 0x73801000 len 0x10000)
src frame 49: srcf=9 off=1620 br=2000
frame 49: send=0x0 get=0x0 len=2828 coding=1 startqp=0 meanqp=0 picbytes=0 pskip=0 nalus=1 n1:2828
  snapshot f049: 3 venc_ko blocks (pool0 0x73801000 len 0x10000)
src frame 50: srcf=8 off=1620 br=2000
frame 50: send=0x0 get=0x0 len=2647 coding=1 startqp=0 meanqp=0 picbytes=0 pskip=0 nalus=1 n1:2647
  snapshot f050: 3 venc_ko blocks (pool0 0x73801000 len 0x10000)
src frame 51: srcf=7 off=1620 br=2000
frame 51: send=0x0 get=0x0 len=2764 coding=1 startqp=0 meanqp=0 picbytes=0 pskip=0 nalus=1 n1:2764
  snapshot f051: 3 venc_ko blocks (pool0 0x73801000 len 0x10000)
src frame 52: srcf=6 off=1620 br=2000
frame 52: send=0x0 get=0x0 len=2749 coding=1 startqp=0 meanqp=0 picbytes=0 pskip=0 nalus=1 n1:2749
  snapshot f052: 3 venc_ko blocks (pool0 0x73801000 len 0x10000)
src frame 53: srcf=5 off=1620 br=2000
frame 53: send=0x0 get=0x0 len=2876 coding=1 startqp=0 meanqp=0 picbytes=0 pskip=0 nalus=1 n1:2876
  snapshot f053: 3 venc_ko blocks (pool0 0x73801000 len 0x10000)
src frame 54: srcf=4 off=1620 br=2000
frame 54: send=0x0 get=0x0 len=2728 coding=1 startqp=0 meanqp=0 picbytes=0 pskip=0 nalus=1 n1:2728
  snapshot f054: 3 venc_ko blocks (pool0 0x73801000 len 0x10000)
src frame 55: srcf=3 off=1620 br=2000
frame 55: send=0x0 get=0x0 len=2768 coding=1 startqp=0 meanqp=0 picbytes=0 pskip=0 nalus=1 n1:2768
  snapshot f055: 3 venc_ko blocks (pool0 0x73801000 len 0x10000)
src frame 56: srcf=2 off=1620 br=2000
frame 56: send=0x0 get=0x0 len=2811 coding=1 startqp=0 meanqp=0 picbytes=0 pskip=0 nalus=1 n1:2811
  snapshot f056: 3 venc_ko blocks (pool0 0x73801000 len 0x10000)
src frame 57: srcf=1 off=1620 br=2000
frame 57: send=0x0 get=0x0 len=2898 coding=1 startqp=0 meanqp=0 picbytes=0 pskip=0 nalus=1 n1:2898
  snapshot f057: 3 venc_ko blocks (pool0 0x73801000 len 0x10000)
src frame 58: srcf=0 off=1620 br=2000
frame 58: send=0x0 get=0x0 len=2442 coding=1 startqp=0 meanqp=0 picbytes=0 pskip=0 nalus=1 n1:2442
  snapshot f058: 3 venc_ko blocks (pool0 0x73801000 len 0x10000)
src frame 59: srcf=1 off=1620 br=2000
frame 59: send=0x0 get=0x0 len=2639 coding=1 startqp=0 meanqp=0 picbytes=0 pskip=0 nalus=1 n1:2639
  snapshot f059: 3 venc_ko blocks (pool0 0x73801000 len 0x10000)
src frame 60: srcf=2 off=2160 br=2000
frame 60: send=0x0 get=0x0 len=25740 coding=0 startqp=0 meanqp=0 picbytes=0 pskip=0 nalus=3 n7:32 n8:9 n5:25699
  snapshot f060: 3 venc_ko blocks (pool0 0x73801000 len 0x10000)
src frame 61: srcf=3 off=2160 br=2000
frame 61: send=0x0 get=0x0 len=3079 coding=1 startqp=0 meanqp=0 picbytes=0 pskip=0 nalus=1 n1:3079
  snapshot f061: 3 venc_ko blocks (pool0 0x73801000 len 0x10000)
src frame 62: srcf=4 off=2160 br=2000
frame 62: send=0x0 get=0x0 len=3255 coding=1 startqp=0 meanqp=0 picbytes=0 pskip=0 nalus=1 n1:3255
  snapshot f062: 3 venc_ko blocks (pool0 0x73801000 len 0x10000)
src frame 63: srcf=5 off=2160 br=2000
frame 63: send=0x0 get=0x0 len=2989 coding=1 startqp=0 meanqp=0 picbytes=0 pskip=0 nalus=1 n1:2989
  snapshot f063: 3 venc_ko blocks (pool0 0x73801000 len 0x10000)
src frame 64: srcf=6 off=2160 br=2000
frame 64: send=0x0 get=0x0 len=3112 coding=1 startqp=0 meanqp=0 picbytes=0 pskip=0 nalus=1 n1:3112
  snapshot f064: 3 venc_ko blocks (pool0 0x73801000 len 0x10000)
src frame 65: srcf=7 off=2160 br=2000
frame 65: send=0x0 get=0x0 len=2952 coding=1 startqp=0 meanqp=0 picbytes=0 pskip=0 nalus=1 n1:2952
  snapshot f065: 3 venc_ko blocks (pool0 0x73801000 len 0x10000)
src frame 66: srcf=8 off=2160 br=2000
frame 66: send=0x0 get=0x0 len=2658 coding=1 startqp=0 meanqp=0 picbytes=0 pskip=0 nalus=1 n1:2658
  snapshot f066: 3 venc_ko blocks (pool0 0x73801000 len 0x10000)
src frame 67: srcf=9 off=2160 br=2000
frame 67: send=0x0 get=0x0 len=2975 coding=1 startqp=0 meanqp=0 picbytes=0 pskip=0 nalus=1 n1:2975
  snapshot f067: 3 venc_ko blocks (pool0 0x73801000 len 0x10000)
src frame 68: srcf=10 off=2160 br=2000
frame 68: send=0x0 get=0x0 len=3042 coding=1 startqp=0 meanqp=0 picbytes=0 pskip=0 nalus=1 n1:3042
  snapshot f068: 3 venc_ko blocks (pool0 0x73801000 len 0x10000)
src frame 69: srcf=11 off=2160 br=2000
frame 69: send=0x0 get=0x0 len=3014 coding=1 startqp=0 meanqp=0 picbytes=0 pskip=0 nalus=1 n1:3014
  snapshot f069: 3 venc_ko blocks (pool0 0x73801000 len 0x10000)
src frame 70: srcf=12 off=2160 br=2000
frame 70: send=0x0 get=0x0 len=2981 coding=1 startqp=0 meanqp=0 picbytes=0 pskip=0 nalus=1 n1:2981
  snapshot f070: 3 venc_ko blocks (pool0 0x73801000 len 0x10000)
src frame 71: srcf=13 off=2160 br=2000
frame 71: send=0x0 get=0x0 len=2985 coding=1 startqp=0 meanqp=0 picbytes=0 pskip=0 nalus=1 n1:2985
  snapshot f071: 3 venc_ko blocks (pool0 0x73801000 len 0x10000)
src frame 72: srcf=14 off=2160 br=2000
frame 72: send=0x0 get=0x0 len=2923 coding=1 startqp=0 meanqp=0 picbytes=0 pskip=0 nalus=1 n1:2923
  snapshot f072: 3 venc_ko blocks (pool0 0x73801000 len 0x10000)
src frame 73: srcf=15 off=2160 br=2000
frame 73: send=0x0 get=0x0 len=2721 coding=1 startqp=0 meanqp=0 picbytes=0 pskip=0 nalus=1 n1:2721
  snapshot f073: 3 venc_ko blocks (pool0 0x73801000 len 0x10000)
src frame 74: srcf=16 off=2160 br=2000
frame 74: send=0x0 get=0x0 len=3314 coding=1 startqp=0 meanqp=0 picbytes=0 pskip=0 nalus=1 n1:3314
  snapshot f074: 3 venc_ko blocks (pool0 0x73801000 len 0x10000)
src frame 75: srcf=17 off=2700 br=2000
frame 75: send=0x0 get=0x0 len=13620 coding=1 startqp=0 meanqp=0 picbytes=0 pskip=0 nalus=1 n1:13620
  snapshot f075: 3 venc_ko blocks (pool0 0x73801000 len 0x10000)
src frame 76: srcf=18 off=2700 br=2000
frame 76: send=0x0 get=0x0 len=3182 coding=1 startqp=0 meanqp=0 picbytes=0 pskip=0 nalus=1 n1:3182
  snapshot f076: 3 venc_ko blocks (pool0 0x73801000 len 0x10000)
src frame 77: srcf=19 off=2700 br=2000
frame 77: send=0x0 get=0x0 len=3090 coding=1 startqp=0 meanqp=0 picbytes=0 pskip=0 nalus=1 n1:3090
  snapshot f077: 3 venc_ko blocks (pool0 0x73801000 len 0x10000)
src frame 78: srcf=20 off=2700 br=2000
frame 78: send=0x0 get=0x0 len=3111 coding=1 startqp=0 meanqp=0 picbytes=0 pskip=0 nalus=1 n1:3111
  snapshot f078: 3 venc_ko blocks (pool0 0x73801000 len 0x10000)
src frame 79: srcf=21 off=2700 br=2000
frame 79: send=0x0 get=0x0 len=3263 coding=1 startqp=0 meanqp=0 picbytes=0 pskip=0 nalus=1 n1:3263
  snapshot f079: 3 venc_ko blocks (pool0 0x73801000 len 0x10000)
src frame 80: srcf=22 off=2700 br=2000
frame 80: send=0x0 get=0x0 len=3024 coding=1 startqp=0 meanqp=0 picbytes=0 pskip=0 nalus=1 n1:3024
  snapshot f080: 3 venc_ko blocks (pool0 0x73801000 len 0x10000)
src frame 81: srcf=23 off=2700 br=2000
frame 81: send=0x0 get=0x0 len=3011 coding=1 startqp=0 meanqp=0 picbytes=0 pskip=0 nalus=1 n1:3011
  snapshot f081: 3 venc_ko blocks (pool0 0x73801000 len 0x10000)
src frame 82: srcf=24 off=2700 br=2000
frame 82: send=0x0 get=0x0 len=3178 coding=1 startqp=0 meanqp=0 picbytes=0 pskip=0 nalus=1 n1:3178
  snapshot f082: 3 venc_ko blocks (pool0 0x73801000 len 0x10000)
src frame 83: srcf=25 off=2700 br=2000
frame 83: send=0x0 get=0x0 len=3021 coding=1 startqp=0 meanqp=0 picbytes=0 pskip=0 nalus=1 n1:3021
  snapshot f083: 3 venc_ko blocks (pool0 0x73801000 len 0x10000)
src frame 84: srcf=26 off=2700 br=2000
frame 84: send=0x0 get=0x0 len=3153 coding=1 startqp=0 meanqp=0 picbytes=0 pskip=0 nalus=1 n1:3153
  snapshot f084: 3 venc_ko blocks (pool0 0x73801000 len 0x10000)
src frame 85: srcf=27 off=2700 br=2000
frame 85: send=0x0 get=0x0 len=3126 coding=1 startqp=0 meanqp=0 picbytes=0 pskip=0 nalus=1 n1:3126
  snapshot f085: 3 venc_ko blocks (pool0 0x73801000 len 0x10000)
src frame 86: srcf=28 off=2700 br=2000
frame 86: send=0x0 get=0x0 len=3019 coding=1 startqp=0 meanqp=0 picbytes=0 pskip=0 nalus=1 n1:3019
  snapshot f086: 3 venc_ko blocks (pool0 0x73801000 len 0x10000)
src frame 87: srcf=29 off=2700 br=2000
frame 87: send=0x0 get=0x0 len=3234 coding=1 startqp=0 meanqp=0 picbytes=0 pskip=0 nalus=1 n1:3234
  snapshot f087: 3 venc_ko blocks (pool0 0x73801000 len 0x10000)
src frame 88: srcf=28 off=2700 br=2000
frame 88: send=0x0 get=0x0 len=2609 coding=1 startqp=0 meanqp=0 picbytes=0 pskip=0 nalus=1 n1:2609
  snapshot f088: 3 venc_ko blocks (pool0 0x73801000 len 0x10000)
src frame 89: srcf=27 off=2700 br=2000
frame 89: send=0x0 get=0x0 len=2996 coding=1 startqp=0 meanqp=0 picbytes=0 pskip=0 nalus=1 n1:2996
  snapshot f089: 3 venc_ko blocks (pool0 0x73801000 len 0x10000)
src frame 90: srcf=26 off=3240 br=2000
frame 90: send=0x0 get=0x0 len=29019 coding=0 startqp=0 meanqp=0 picbytes=0 pskip=0 nalus=3 n7:32 n8:9 n5:28978
  snapshot f090: 3 venc_ko blocks (pool0 0x73801000 len 0x10000)
src frame 91: srcf=25 off=3240 br=2000
frame 91: send=0x0 get=0x0 len=3436 coding=1 startqp=0 meanqp=0 picbytes=0 pskip=0 nalus=1 n1:3436
  snapshot f091: 3 venc_ko blocks (pool0 0x73801000 len 0x10000)
src frame 92: srcf=24 off=3240 br=2000
frame 92: send=0x0 get=0x0 len=3433 coding=1 startqp=0 meanqp=0 picbytes=0 pskip=0 nalus=1 n1:3433
  snapshot f092: 3 venc_ko blocks (pool0 0x73801000 len 0x10000)
src frame 93: srcf=23 off=3240 br=2000
frame 93: send=0x0 get=0x0 len=3095 coding=1 startqp=0 meanqp=0 picbytes=0 pskip=0 nalus=1 n1:3095
  snapshot f093: 3 venc_ko blocks (pool0 0x73801000 len 0x10000)
src frame 94: srcf=22 off=3240 br=2000
frame 94: send=0x0 get=0x0 len=3338 coding=1 startqp=0 meanqp=0 picbytes=0 pskip=0 nalus=1 n1:3338
  snapshot f094: 3 venc_ko blocks (pool0 0x73801000 len 0x10000)
src frame 95: srcf=21 off=3240 br=2000
frame 95: send=0x0 get=0x0 len=3292 coding=1 startqp=0 meanqp=0 picbytes=0 pskip=0 nalus=1 n1:3292
  snapshot f095: 3 venc_ko blocks (pool0 0x73801000 len 0x10000)
src frame 96: srcf=20 off=3240 br=2000
frame 96: send=0x0 get=0x0 len=3531 coding=1 startqp=0 meanqp=0 picbytes=0 pskip=0 nalus=1 n1:3531
  snapshot f096: 3 venc_ko blocks (pool0 0x73801000 len 0x10000)
src frame 97: srcf=19 off=3240 br=2000
frame 97: send=0x0 get=0x0 len=3469 coding=1 startqp=0 meanqp=0 picbytes=0 pskip=0 nalus=1 n1:3469
  snapshot f097: 3 venc_ko blocks (pool0 0x73801000 len 0x10000)
src frame 98: srcf=18 off=3240 br=2000
frame 98: send=0x0 get=0x0 len=3358 coding=1 startqp=0 meanqp=0 picbytes=0 pskip=0 nalus=1 n1:3358
  snapshot f098: 3 venc_ko blocks (pool0 0x73801000 len 0x10000)
src frame 99: srcf=17 off=3240 br=2000
frame 99: send=0x0 get=0x0 len=3383 coding=1 startqp=0 meanqp=0 picbytes=0 pskip=0 nalus=1 n1:3383
  snapshot f099: 3 venc_ko blocks (pool0 0x73801000 len 0x10000)
src frame 100: srcf=16 off=3240 br=2000
frame 100: send=0x0 get=0x0 len=3424 coding=1 startqp=0 meanqp=0 picbytes=0 pskip=0 nalus=1 n1:3424
  snapshot f100: 3 venc_ko blocks (pool0 0x73801000 len 0x10000)
src frame 101: srcf=15 off=3240 br=2000
frame 101: send=0x0 get=0x0 len=3055 coding=1 startqp=0 meanqp=0 picbytes=0 pskip=0 nalus=1 n1:3055
  snapshot f101: 3 venc_ko blocks (pool0 0x73801000 len 0x10000)
src frame 102: srcf=14 off=3240 br=2000
frame 102: send=0x0 get=0x0 len=3458 coding=1 startqp=0 meanqp=0 picbytes=0 pskip=0 nalus=1 n1:3458
  snapshot f102: 3 venc_ko blocks (pool0 0x73801000 len 0x10000)
src frame 103: srcf=13 off=3240 br=2000
frame 103: send=0x0 get=0x0 len=3197 coding=1 startqp=0 meanqp=0 picbytes=0 pskip=0 nalus=1 n1:3197
  snapshot f103: 3 venc_ko blocks (pool0 0x73801000 len 0x10000)
src frame 104: srcf=12 off=3240 br=2000
frame 104: send=0x0 get=0x0 len=3393 coding=1 startqp=0 meanqp=0 picbytes=0 pskip=0 nalus=1 n1:3393
  snapshot f104: 3 venc_ko blocks (pool0 0x73801000 len 0x10000)
src frame 105: srcf=11 off=3780 br=2000
frame 105: send=0x0 get=0x0 len=18048 coding=1 startqp=0 meanqp=0 picbytes=0 pskip=0 nalus=1 n1:18048
  snapshot f105: 3 venc_ko blocks (pool0 0x73801000 len 0x10000)
src frame 106: srcf=10 off=3780 br=2000
frame 106: send=0x0 get=0x0 len=2685 coding=1 startqp=0 meanqp=0 picbytes=0 pskip=0 nalus=1 n1:2685
  snapshot f106: 3 venc_ko blocks (pool0 0x73801000 len 0x10000)
src frame 107: srcf=9 off=3780 br=2000
frame 107: send=0x0 get=0x0 len=2573 coding=1 startqp=0 meanqp=0 picbytes=0 pskip=0 nalus=1 n1:2573
  snapshot f107: 3 venc_ko blocks (pool0 0x73801000 len 0x10000)
src frame 108: srcf=8 off=3780 br=2000
frame 108: send=0x0 get=0x0 len=2610 coding=1 startqp=0 meanqp=0 picbytes=0 pskip=0 nalus=1 n1:2610
  snapshot f108: 3 venc_ko blocks (pool0 0x73801000 len 0x10000)
src frame 109: srcf=7 off=3780 br=2000
frame 109: send=0x0 get=0x0 len=2543 coding=1 startqp=0 meanqp=0 picbytes=0 pskip=0 nalus=1 n1:2543
  snapshot f109: 3 venc_ko blocks (pool0 0x73801000 len 0x10000)
src frame 110: srcf=6 off=3780 br=2000
frame 110: send=0x0 get=0x0 len=2847 coding=1 startqp=0 meanqp=0 picbytes=0 pskip=0 nalus=1 n1:2847
  snapshot f110: 3 venc_ko blocks (pool0 0x73801000 len 0x10000)
src frame 111: srcf=5 off=3780 br=2000
frame 111: send=0x0 get=0x0 len=2475 coding=1 startqp=0 meanqp=0 picbytes=0 pskip=0 nalus=1 n1:2475
  snapshot f111: 3 venc_ko blocks (pool0 0x73801000 len 0x10000)
src frame 112: srcf=4 off=3780 br=2000
frame 112: send=0x0 get=0x0 len=2350 coding=1 startqp=0 meanqp=0 picbytes=0 pskip=0 nalus=1 n1:2350
  snapshot f112: 3 venc_ko blocks (pool0 0x73801000 len 0x10000)
src frame 113: srcf=3 off=3780 br=2000
frame 113: send=0x0 get=0x0 len=2343 coding=1 startqp=0 meanqp=0 picbytes=0 pskip=0 nalus=1 n1:2343
  snapshot f113: 3 venc_ko blocks (pool0 0x73801000 len 0x10000)
src frame 114: srcf=2 off=3780 br=2000
frame 114: send=0x0 get=0x0 len=2333 coding=1 startqp=0 meanqp=0 picbytes=0 pskip=0 nalus=1 n1:2333
  snapshot f114: 3 venc_ko blocks (pool0 0x73801000 len 0x10000)
src frame 115: srcf=1 off=3780 br=2000
frame 115: send=0x0 get=0x0 len=2424 coding=1 startqp=0 meanqp=0 picbytes=0 pskip=0 nalus=1 n1:2424
  snapshot f115: 3 venc_ko blocks (pool0 0x73801000 len 0x10000)
src frame 116: srcf=0 off=3780 br=2000
frame 116: send=0x0 get=0x0 len=2389 coding=1 startqp=0 meanqp=0 picbytes=0 pskip=0 nalus=1 n1:2389
  snapshot f116: 3 venc_ko blocks (pool0 0x73801000 len 0x10000)
src frame 117: srcf=1 off=3780 br=2000
frame 117: send=0x0 get=0x0 len=2416 coding=1 startqp=0 meanqp=0 picbytes=0 pskip=0 nalus=1 n1:2416
  snapshot f117: 3 venc_ko blocks (pool0 0x73801000 len 0x10000)
src frame 118: srcf=2 off=3780 br=2000
frame 118: send=0x0 get=0x0 len=2387 coding=1 startqp=0 meanqp=0 picbytes=0 pskip=0 nalus=1 n1:2387
  snapshot f118: 3 venc_ko blocks (pool0 0x73801000 len 0x10000)
src frame 119: srcf=3 off=3780 br=2000
frame 119: send=0x0 get=0x0 len=2435 coding=1 startqp=0 meanqp=0 picbytes=0 pskip=0 nalus=1 n1:2435
  snapshot f119: 3 venc_ko blocks (pool0 0x73801000 len 0x10000)
src frame 120: srcf=4 off=4320 br=2000
frame 120: send=0x0 get=0x0 len=32594 coding=0 startqp=0 meanqp=0 picbytes=0 pskip=0 nalus=3 n7:32 n8:9 n5:32553
  snapshot f120: 3 venc_ko blocks (pool0 0x73801000 len 0x10000)
src frame 121: srcf=5 off=4320 br=2000
frame 121: send=0x0 get=0x0 len=2549 coding=1 startqp=0 meanqp=0 picbytes=0 pskip=0 nalus=1 n1:2549
  snapshot f121: 3 venc_ko blocks (pool0 0x73801000 len 0x10000)
src frame 122: srcf=6 off=4320 br=2000
frame 122: send=0x0 get=0x0 len=2602 coding=1 startqp=0 meanqp=0 picbytes=0 pskip=0 nalus=1 n1:2602
  snapshot f122: 3 venc_ko blocks (pool0 0x73801000 len 0x10000)
src frame 123: srcf=7 off=4320 br=2000
frame 123: send=0x0 get=0x0 len=2640 coding=1 startqp=0 meanqp=0 picbytes=0 pskip=0 nalus=1 n1:2640
  snapshot f123: 3 venc_ko blocks (pool0 0x73801000 len 0x10000)
src frame 124: srcf=8 off=4320 br=2000
frame 124: send=0x0 get=0x0 len=2599 coding=1 startqp=0 meanqp=0 picbytes=0 pskip=0 nalus=1 n1:2599
  snapshot f124: 3 venc_ko blocks (pool0 0x73801000 len 0x10000)
src frame 125: srcf=9 off=4320 br=2000
frame 125: send=0x0 get=0x0 len=2657 coding=1 startqp=0 meanqp=0 picbytes=0 pskip=0 nalus=1 n1:2657
  snapshot f125: 3 venc_ko blocks (pool0 0x73801000 len 0x10000)
src frame 126: srcf=10 off=4320 br=2000
frame 126: send=0x0 get=0x0 len=2443 coding=1 startqp=0 meanqp=0 picbytes=0 pskip=0 nalus=1 n1:2443
  snapshot f126: 3 venc_ko blocks (pool0 0x73801000 len 0x10000)
src frame 127: srcf=11 off=4320 br=2000
frame 127: send=0x0 get=0x0 len=2786 coding=1 startqp=0 meanqp=0 picbytes=0 pskip=0 nalus=1 n1:2786
  snapshot f127: 3 venc_ko blocks (pool0 0x73801000 len 0x10000)
src frame 128: srcf=12 off=4320 br=2000
frame 128: send=0x0 get=0x0 len=2254 coding=1 startqp=0 meanqp=0 picbytes=0 pskip=0 nalus=1 n1:2254
  snapshot f128: 3 venc_ko blocks (pool0 0x73801000 len 0x10000)
src frame 129: srcf=13 off=4320 br=2000
frame 129: send=0x0 get=0x0 len=2646 coding=1 startqp=0 meanqp=0 picbytes=0 pskip=0 nalus=1 n1:2646
  snapshot f129: 3 venc_ko blocks (pool0 0x73801000 len 0x10000)
src frame 130: srcf=14 off=4320 br=2000
frame 130: send=0x0 get=0x0 len=2690 coding=1 startqp=0 meanqp=0 picbytes=0 pskip=0 nalus=1 n1:2690
  snapshot f130: 3 venc_ko blocks (pool0 0x73801000 len 0x10000)
src frame 131: srcf=15 off=4320 br=2000
frame 131: send=0x0 get=0x0 len=2375 coding=1 startqp=0 meanqp=0 picbytes=0 pskip=0 nalus=1 n1:2375
  snapshot f131: 3 venc_ko blocks (pool0 0x73801000 len 0x10000)
src frame 132: srcf=16 off=4320 br=2000
frame 132: send=0x0 get=0x0 len=2654 coding=1 startqp=0 meanqp=0 picbytes=0 pskip=0 nalus=1 n1:2654
  snapshot f132: 3 venc_ko blocks (pool0 0x73801000 len 0x10000)
src frame 133: srcf=17 off=4320 br=2000
frame 133: send=0x0 get=0x0 len=2620 coding=1 startqp=0 meanqp=0 picbytes=0 pskip=0 nalus=1 n1:2620
  snapshot f133: 3 venc_ko blocks (pool0 0x73801000 len 0x10000)
src frame 134: srcf=18 off=4320 br=2000
frame 134: send=0x0 get=0x0 len=2616 coding=1 startqp=0 meanqp=0 picbytes=0 pskip=0 nalus=1 n1:2616
  snapshot f134: 3 venc_ko blocks (pool0 0x73801000 len 0x10000)
src frame 135: srcf=19 off=4860 br=2000
frame 135: send=0x0 get=0x0 len=16454 coding=1 startqp=0 meanqp=0 picbytes=0 pskip=0 nalus=1 n1:16454
  snapshot f135: 3 venc_ko blocks (pool0 0x73801000 len 0x10000)
src frame 136: srcf=20 off=4860 br=2000
frame 136: send=0x0 get=0x0 len=2738 coding=1 startqp=0 meanqp=0 picbytes=0 pskip=0 nalus=1 n1:2738
  snapshot f136: 3 venc_ko blocks (pool0 0x73801000 len 0x10000)
src frame 137: srcf=21 off=4860 br=2000
frame 137: send=0x0 get=0x0 len=2572 coding=1 startqp=0 meanqp=0 picbytes=0 pskip=0 nalus=1 n1:2572
  snapshot f137: 3 venc_ko blocks (pool0 0x73801000 len 0x10000)
src frame 138: srcf=22 off=4860 br=2000
frame 138: send=0x0 get=0x0 len=2672 coding=1 startqp=0 meanqp=0 picbytes=0 pskip=0 nalus=1 n1:2672
  snapshot f138: 3 venc_ko blocks (pool0 0x73801000 len 0x10000)
src frame 139: srcf=23 off=4860 br=2000
frame 139: send=0x0 get=0x0 len=2559 coding=1 startqp=0 meanqp=0 picbytes=0 pskip=0 nalus=1 n1:2559
  snapshot f139: 3 venc_ko blocks (pool0 0x73801000 len 0x10000)
src frame 140: srcf=24 off=4860 br=2000
frame 140: send=0x0 get=0x0 len=2716 coding=1 startqp=0 meanqp=0 picbytes=0 pskip=0 nalus=1 n1:2716
  snapshot f140: 3 venc_ko blocks (pool0 0x73801000 len 0x10000)
src frame 141: srcf=25 off=4860 br=2000
frame 141: send=0x0 get=0x0 len=2622 coding=1 startqp=0 meanqp=0 picbytes=0 pskip=0 nalus=1 n1:2622
  snapshot f141: 3 venc_ko blocks (pool0 0x73801000 len 0x10000)
src frame 142: srcf=26 off=4860 br=2000
frame 142: send=0x0 get=0x0 len=2686 coding=1 startqp=0 meanqp=0 picbytes=0 pskip=0 nalus=1 n1:2686
  snapshot f142: 3 venc_ko blocks (pool0 0x73801000 len 0x10000)
src frame 143: srcf=27 off=4860 br=2000
frame 143: send=0x0 get=0x0 len=2618 coding=1 startqp=0 meanqp=0 picbytes=0 pskip=0 nalus=1 n1:2618
  snapshot f143: 3 venc_ko blocks (pool0 0x73801000 len 0x10000)
src frame 144: srcf=28 off=4860 br=2000
frame 144: send=0x0 get=0x0 len=2543 coding=1 startqp=0 meanqp=0 picbytes=0 pskip=0 nalus=1 n1:2543
  snapshot f144: 3 venc_ko blocks (pool0 0x73801000 len 0x10000)
src frame 145: srcf=29 off=4860 br=2000
frame 145: send=0x0 get=0x0 len=2547 coding=1 startqp=0 meanqp=0 picbytes=0 pskip=0 nalus=1 n1:2547
  snapshot f145: 3 venc_ko blocks (pool0 0x73801000 len 0x10000)
src frame 146: srcf=28 off=4860 br=2000
frame 146: send=0x0 get=0x0 len=2496 coding=1 startqp=0 meanqp=0 picbytes=0 pskip=0 nalus=1 n1:2496
  snapshot f146: 3 venc_ko blocks (pool0 0x73801000 len 0x10000)
src frame 147: srcf=27 off=4860 br=2000
frame 147: send=0x0 get=0x0 len=2435 coding=1 startqp=0 meanqp=0 picbytes=0 pskip=0 nalus=1 n1:2435
  snapshot f147: 3 venc_ko blocks (pool0 0x73801000 len 0x10000)
src frame 148: srcf=26 off=4860 br=2000
frame 148: send=0x0 get=0x0 len=2545 coding=1 startqp=0 meanqp=0 picbytes=0 pskip=0 nalus=1 n1:2545
  snapshot f148: 3 venc_ko blocks (pool0 0x73801000 len 0x10000)
src frame 149: srcf=25 off=4860 br=2000
frame 149: send=0x0 get=0x0 len=2424 coding=1 startqp=0 meanqp=0 picbytes=0 pskip=0 nalus=1 n1:2424
  snapshot f149: 3 venc_ko blocks (pool0 0x73801000 len 0x10000)
src frame 150: srcf=24 off=5400 br=2000
frame 150: send=0x0 get=0x0 len=32594 coding=0 startqp=0 meanqp=0 picbytes=0 pskip=0 nalus=3 n7:32 n8:9 n5:32553
  snapshot f150: 3 venc_ko blocks (pool0 0x73801000 len 0x10000)
src frame 151: srcf=23 off=5400 br=2000
frame 151: send=0x0 get=0x0 len=3499 coding=1 startqp=0 meanqp=0 picbytes=0 pskip=0 nalus=1 n1:3499
  snapshot f151: 3 venc_ko blocks (pool0 0x73801000 len 0x10000)
src frame 152: srcf=22 off=5400 br=2000
frame 152: send=0x0 get=0x0 len=3430 coding=1 startqp=0 meanqp=0 picbytes=0 pskip=0 nalus=1 n1:3430
  snapshot f152: 3 venc_ko blocks (pool0 0x73801000 len 0x10000)
src frame 153: srcf=21 off=5400 br=2000
frame 153: send=0x0 get=0x0 len=3147 coding=1 startqp=0 meanqp=0 picbytes=0 pskip=0 nalus=1 n1:3147
  snapshot f153: 3 venc_ko blocks (pool0 0x73801000 len 0x10000)
src frame 154: srcf=20 off=5400 br=2000
frame 154: send=0x0 get=0x0 len=3484 coding=1 startqp=0 meanqp=0 picbytes=0 pskip=0 nalus=1 n1:3484
  snapshot f154: 3 venc_ko blocks (pool0 0x73801000 len 0x10000)
src frame 155: srcf=19 off=5400 br=2000
frame 155: send=0x0 get=0x0 len=3375 coding=1 startqp=0 meanqp=0 picbytes=0 pskip=0 nalus=1 n1:3375
  snapshot f155: 3 venc_ko blocks (pool0 0x73801000 len 0x10000)
src frame 156: srcf=18 off=5400 br=2000
frame 156: send=0x0 get=0x0 len=3177 coding=1 startqp=0 meanqp=0 picbytes=0 pskip=0 nalus=1 n1:3177
  snapshot f156: 3 venc_ko blocks (pool0 0x73801000 len 0x10000)
src frame 157: srcf=17 off=5400 br=2000
frame 157: send=0x0 get=0x0 len=3394 coding=1 startqp=0 meanqp=0 picbytes=0 pskip=0 nalus=1 n1:3394
  snapshot f157: 3 venc_ko blocks (pool0 0x73801000 len 0x10000)
src frame 158: srcf=16 off=5400 br=2000
frame 158: send=0x0 get=0x0 len=3287 coding=1 startqp=0 meanqp=0 picbytes=0 pskip=0 nalus=1 n1:3287
  snapshot f158: 3 venc_ko blocks (pool0 0x73801000 len 0x10000)
src frame 159: srcf=15 off=5400 br=2000
frame 159: send=0x0 get=0x0 len=2859 coding=1 startqp=0 meanqp=0 picbytes=0 pskip=0 nalus=1 n1:2859
  snapshot f159: 3 venc_ko blocks (pool0 0x73801000 len 0x10000)
src frame 160: srcf=14 off=5400 br=2000
frame 160: send=0x0 get=0x0 len=3432 coding=1 startqp=0 meanqp=0 picbytes=0 pskip=0 nalus=1 n1:3432
  snapshot f160: 3 venc_ko blocks (pool0 0x73801000 len 0x10000)
src frame 161: srcf=13 off=5400 br=2000
frame 161: send=0x0 get=0x0 len=3248 coding=1 startqp=0 meanqp=0 picbytes=0 pskip=0 nalus=1 n1:3248
  snapshot f161: 3 venc_ko blocks (pool0 0x73801000 len 0x10000)
src frame 162: srcf=12 off=5400 br=2000
frame 162: send=0x0 get=0x0 len=3338 coding=1 startqp=0 meanqp=0 picbytes=0 pskip=0 nalus=1 n1:3338
  snapshot f162: 3 venc_ko blocks (pool0 0x73801000 len 0x10000)
src frame 163: srcf=11 off=5400 br=2000
frame 163: send=0x0 get=0x0 len=3313 coding=1 startqp=0 meanqp=0 picbytes=0 pskip=0 nalus=1 n1:3313
  snapshot f163: 3 venc_ko blocks (pool0 0x73801000 len 0x10000)
src frame 164: srcf=10 off=5400 br=2000
frame 164: send=0x0 get=0x0 len=3460 coding=1 startqp=0 meanqp=0 picbytes=0 pskip=0 nalus=1 n1:3460
  snapshot f164: 3 venc_ko blocks (pool0 0x73801000 len 0x10000)
src frame 165: srcf=9 off=5940 br=2000
frame 165: send=0x0 get=0x0 len=19745 coding=1 startqp=0 meanqp=0 picbytes=0 pskip=0 nalus=1 n1:19745
  snapshot f165: 3 venc_ko blocks (pool0 0x73801000 len 0x10000)
src frame 166: srcf=8 off=5940 br=2000
frame 166: send=0x0 get=0x0 len=2515 coding=1 startqp=0 meanqp=0 picbytes=0 pskip=0 nalus=1 n1:2515
  snapshot f166: 3 venc_ko blocks (pool0 0x73801000 len 0x10000)
src frame 167: srcf=7 off=5940 br=2000
frame 167: send=0x0 get=0x0 len=2587 coding=1 startqp=0 meanqp=0 picbytes=0 pskip=0 nalus=1 n1:2587
  snapshot f167: 3 venc_ko blocks (pool0 0x73801000 len 0x10000)
src frame 168: srcf=6 off=5940 br=2000
frame 168: send=0x0 get=0x0 len=2357 coding=1 startqp=0 meanqp=0 picbytes=0 pskip=0 nalus=1 n1:2357
  snapshot f168: 3 venc_ko blocks (pool0 0x73801000 len 0x10000)
src frame 169: srcf=5 off=5940 br=2000
frame 169: send=0x0 get=0x0 len=2580 coding=1 startqp=0 meanqp=0 picbytes=0 pskip=0 nalus=1 n1:2580
  snapshot f169: 3 venc_ko blocks (pool0 0x73801000 len 0x10000)
src frame 170: srcf=4 off=5940 br=2000
frame 170: send=0x0 get=0x0 len=2417 coding=1 startqp=0 meanqp=0 picbytes=0 pskip=0 nalus=1 n1:2417
  snapshot f170: 3 venc_ko blocks (pool0 0x73801000 len 0x10000)
src frame 171: srcf=3 off=5940 br=2000
frame 171: send=0x0 get=0x0 len=2331 coding=1 startqp=0 meanqp=0 picbytes=0 pskip=0 nalus=1 n1:2331
  snapshot f171: 3 venc_ko blocks (pool0 0x73801000 len 0x10000)
src frame 172: srcf=2 off=5940 br=2000
frame 172: send=0x0 get=0x0 len=2316 coding=1 startqp=0 meanqp=0 picbytes=0 pskip=0 nalus=1 n1:2316
  snapshot f172: 3 venc_ko blocks (pool0 0x73801000 len 0x10000)
src frame 173: srcf=1 off=5940 br=2000
frame 173: send=0x0 get=0x0 len=2327 coding=1 startqp=0 meanqp=0 picbytes=0 pskip=0 nalus=1 n1:2327
  snapshot f173: 3 venc_ko blocks (pool0 0x73801000 len 0x10000)
src frame 174: srcf=0 off=5940 br=2000
frame 174: send=0x0 get=0x0 len=2271 coding=1 startqp=0 meanqp=0 picbytes=0 pskip=0 nalus=1 n1:2271
  snapshot f174: 3 venc_ko blocks (pool0 0x73801000 len 0x10000)
src frame 175: srcf=1 off=5940 br=2000
frame 175: send=0x0 get=0x0 len=2166 coding=1 startqp=0 meanqp=0 picbytes=0 pskip=0 nalus=1 n1:2166
  snapshot f175: 3 venc_ko blocks (pool0 0x73801000 len 0x10000)
src frame 176: srcf=2 off=5940 br=2000
frame 176: send=0x0 get=0x0 len=2329 coding=1 startqp=0 meanqp=0 picbytes=0 pskip=0 nalus=1 n1:2329
  snapshot f176: 3 venc_ko blocks (pool0 0x73801000 len 0x10000)
src frame 177: srcf=3 off=5940 br=2000
frame 177: send=0x0 get=0x0 len=2294 coding=1 startqp=0 meanqp=0 picbytes=0 pskip=0 nalus=1 n1:2294
  snapshot f177: 3 venc_ko blocks (pool0 0x73801000 len 0x10000)
src frame 178: srcf=4 off=5940 br=2000
frame 178: send=0x0 get=0x0 len=2270 coding=1 startqp=0 meanqp=0 picbytes=0 pskip=0 nalus=1 n1:2270
  snapshot f178: 3 venc_ko blocks (pool0 0x73801000 len 0x10000)
src frame 179: srcf=5 off=5940 br=2000
frame 179: send=0x0 get=0x0 len=2142 coding=1 startqp=0 meanqp=0 picbytes=0 pskip=0 nalus=1 n1:2142
  snapshot f179: 3 venc_ko blocks (pool0 0x73801000 len 0x10000)
src frame 180: srcf=6 off=6480 br=2000
frame 180: send=0x0 get=0x0 len=32594 coding=0 startqp=0 meanqp=0 picbytes=0 pskip=0 nalus=3 n7:32 n8:9 n5:32553
  snapshot f180: 3 venc_ko blocks (pool0 0x73801000 len 0x10000)
src frame 181: srcf=7 off=6480 br=2000
frame 181: send=0x0 get=0x0 len=2608 coding=1 startqp=0 meanqp=0 picbytes=0 pskip=0 nalus=1 n1:2608
  snapshot f181: 3 venc_ko blocks (pool0 0x73801000 len 0x10000)
src frame 182: srcf=8 off=6480 br=2000
frame 182: send=0x0 get=0x0 len=2720 coding=1 startqp=0 meanqp=0 picbytes=0 pskip=0 nalus=1 n1:2720
  snapshot f182: 3 venc_ko blocks (pool0 0x73801000 len 0x10000)
src frame 183: srcf=9 off=6480 br=2000
frame 183: send=0x0 get=0x0 len=2609 coding=1 startqp=0 meanqp=0 picbytes=0 pskip=0 nalus=1 n1:2609
  snapshot f183: 3 venc_ko blocks (pool0 0x73801000 len 0x10000)
src frame 184: srcf=10 off=6480 br=2000
frame 184: send=0x0 get=0x0 len=2641 coding=1 startqp=0 meanqp=0 picbytes=0 pskip=0 nalus=1 n1:2641
  snapshot f184: 3 venc_ko blocks (pool0 0x73801000 len 0x10000)
src frame 185: srcf=11 off=6480 br=2000
frame 185: send=0x0 get=0x0 len=2681 coding=1 startqp=0 meanqp=0 picbytes=0 pskip=0 nalus=1 n1:2681
  snapshot f185: 3 venc_ko blocks (pool0 0x73801000 len 0x10000)
src frame 186: srcf=12 off=6480 br=2000
frame 186: send=0x0 get=0x0 len=2504 coding=1 startqp=0 meanqp=0 picbytes=0 pskip=0 nalus=1 n1:2504
  snapshot f186: 3 venc_ko blocks (pool0 0x73801000 len 0x10000)
src frame 187: srcf=13 off=6480 br=2000
frame 187: send=0x0 get=0x0 len=2712 coding=1 startqp=0 meanqp=0 picbytes=0 pskip=0 nalus=1 n1:2712
  snapshot f187: 3 venc_ko blocks (pool0 0x73801000 len 0x10000)
src frame 188: srcf=14 off=6480 br=2000
frame 188: send=0x0 get=0x0 len=2664 coding=1 startqp=0 meanqp=0 picbytes=0 pskip=0 nalus=1 n1:2664
  snapshot f188: 3 venc_ko blocks (pool0 0x73801000 len 0x10000)
src frame 189: srcf=15 off=6480 br=2000
frame 189: send=0x0 get=0x0 len=2686 coding=1 startqp=0 meanqp=0 picbytes=0 pskip=0 nalus=1 n1:2686
  snapshot f189: 3 venc_ko blocks (pool0 0x73801000 len 0x10000)
src frame 190: srcf=16 off=6480 br=2000
frame 190: send=0x0 get=0x0 len=2398 coding=1 startqp=0 meanqp=0 picbytes=0 pskip=0 nalus=1 n1:2398
  snapshot f190: 3 venc_ko blocks (pool0 0x73801000 len 0x10000)
src frame 191: srcf=17 off=6480 br=2000
frame 191: send=0x0 get=0x0 len=2648 coding=1 startqp=0 meanqp=0 picbytes=0 pskip=0 nalus=1 n1:2648
  snapshot f191: 3 venc_ko blocks (pool0 0x73801000 len 0x10000)
src frame 192: srcf=18 off=6480 br=2000
frame 192: send=0x0 get=0x0 len=2624 coding=1 startqp=0 meanqp=0 picbytes=0 pskip=0 nalus=1 n1:2624
  snapshot f192: 3 venc_ko blocks (pool0 0x73801000 len 0x10000)
src frame 193: srcf=19 off=6480 br=2000
frame 193: send=0x0 get=0x0 len=2593 coding=1 startqp=0 meanqp=0 picbytes=0 pskip=0 nalus=1 n1:2593
  snapshot f193: 3 venc_ko blocks (pool0 0x73801000 len 0x10000)
src frame 194: srcf=20 off=6480 br=2000
frame 194: send=0x0 get=0x0 len=2570 coding=1 startqp=0 meanqp=0 picbytes=0 pskip=0 nalus=1 n1:2570
  snapshot f194: 3 venc_ko blocks (pool0 0x73801000 len 0x10000)
src frame 195: srcf=21 off=7020 br=2000
frame 195: send=0x0 get=0x0 len=16573 coding=1 startqp=0 meanqp=0 picbytes=0 pskip=0 nalus=1 n1:16573
  snapshot f195: 3 venc_ko blocks (pool0 0x73801000 len 0x10000)
src frame 196: srcf=22 off=7020 br=2000
frame 196: send=0x0 get=0x0 len=2998 coding=1 startqp=0 meanqp=0 picbytes=0 pskip=0 nalus=1 n1:2998
  snapshot f196: 3 venc_ko blocks (pool0 0x73801000 len 0x10000)
src frame 197: srcf=23 off=7020 br=2000
frame 197: send=0x0 get=0x0 len=2890 coding=1 startqp=0 meanqp=0 picbytes=0 pskip=0 nalus=1 n1:2890
  snapshot f197: 3 venc_ko blocks (pool0 0x73801000 len 0x10000)
src frame 198: srcf=24 off=7020 br=2000
frame 198: send=0x0 get=0x0 len=2802 coding=1 startqp=0 meanqp=0 picbytes=0 pskip=0 nalus=1 n1:2802
  snapshot f198: 3 venc_ko blocks (pool0 0x73801000 len 0x10000)
src frame 199: srcf=25 off=7020 br=2000
frame 199: send=0x0 get=0x0 len=2849 coding=1 startqp=0 meanqp=0 picbytes=0 pskip=0 nalus=1 n1:2849
  snapshot f199: 3 venc_ko blocks (pool0 0x73801000 len 0x10000)
src frame 200: srcf=26 off=7020 br=2000
frame 200: send=0x0 get=0x0 len=2821 coding=1 startqp=0 meanqp=0 picbytes=0 pskip=0 nalus=1 n1:2821
  snapshot f200: 3 venc_ko blocks (pool0 0x73801000 len 0x10000)
src frame 201: srcf=27 off=7020 br=2000
frame 201: send=0x0 get=0x0 len=2727 coding=1 startqp=0 meanqp=0 picbytes=0 pskip=0 nalus=1 n1:2727
  snapshot f201: 3 venc_ko blocks (pool0 0x73801000 len 0x10000)
src frame 202: srcf=28 off=7020 br=2000
frame 202: send=0x0 get=0x0 len=2747 coding=1 startqp=0 meanqp=0 picbytes=0 pskip=0 nalus=1 n1:2747
  snapshot f202: 3 venc_ko blocks (pool0 0x73801000 len 0x10000)
src frame 203: srcf=29 off=7020 br=2000
frame 203: send=0x0 get=0x0 len=2616 coding=1 startqp=0 meanqp=0 picbytes=0 pskip=0 nalus=1 n1:2616
  snapshot f203: 3 venc_ko blocks (pool0 0x73801000 len 0x10000)
src frame 204: srcf=28 off=7020 br=2000
frame 204: send=0x0 get=0x0 len=3012 coding=1 startqp=0 meanqp=0 picbytes=0 pskip=0 nalus=1 n1:3012
  snapshot f204: 3 venc_ko blocks (pool0 0x73801000 len 0x10000)
src frame 205: srcf=27 off=7020 br=2000
frame 205: send=0x0 get=0x0 len=2795 coding=1 startqp=0 meanqp=0 picbytes=0 pskip=0 nalus=1 n1:2795
  snapshot f205: 3 venc_ko blocks (pool0 0x73801000 len 0x10000)
src frame 206: srcf=26 off=7020 br=2000
frame 206: send=0x0 get=0x0 len=2765 coding=1 startqp=0 meanqp=0 picbytes=0 pskip=0 nalus=1 n1:2765
  snapshot f206: 3 venc_ko blocks (pool0 0x73801000 len 0x10000)
src frame 207: srcf=25 off=7020 br=2000
frame 207: send=0x0 get=0x0 len=2842 coding=1 startqp=0 meanqp=0 picbytes=0 pskip=0 nalus=1 n1:2842
  snapshot f207: 3 venc_ko blocks (pool0 0x73801000 len 0x10000)
src frame 208: srcf=24 off=7020 br=2000
frame 208: send=0x0 get=0x0 len=2835 coding=1 startqp=0 meanqp=0 picbytes=0 pskip=0 nalus=1 n1:2835
  snapshot f208: 3 venc_ko blocks (pool0 0x73801000 len 0x10000)
src frame 209: srcf=23 off=7020 br=2000
frame 209: send=0x0 get=0x0 len=2617 coding=1 startqp=0 meanqp=0 picbytes=0 pskip=0 nalus=1 n1:2617
  snapshot f209: 3 venc_ko blocks (pool0 0x73801000 len 0x10000)
src frame 210: srcf=22 off=7560 br=2000
frame 210: send=0x0 get=0x0 len=32594 coding=0 startqp=0 meanqp=0 picbytes=0 pskip=0 nalus=3 n7:32 n8:9 n5:32553
  snapshot f210: 3 venc_ko blocks (pool0 0x73801000 len 0x10000)
src frame 211: srcf=21 off=7560 br=2000
frame 211: send=0x0 get=0x0 len=3640 coding=1 startqp=0 meanqp=0 picbytes=0 pskip=0 nalus=1 n1:3640
  snapshot f211: 3 venc_ko blocks (pool0 0x73801000 len 0x10000)
src frame 212: srcf=20 off=7560 br=2000
frame 212: send=0x0 get=0x0 len=3405 coding=1 startqp=0 meanqp=0 picbytes=0 pskip=0 nalus=1 n1:3405
  snapshot f212: 3 venc_ko blocks (pool0 0x73801000 len 0x10000)
src frame 213: srcf=19 off=7560 br=2000
frame 213: send=0x0 get=0x0 len=3141 coding=1 startqp=0 meanqp=0 picbytes=0 pskip=0 nalus=1 n1:3141
  snapshot f213: 3 venc_ko blocks (pool0 0x73801000 len 0x10000)
src frame 214: srcf=18 off=7560 br=2000
frame 214: send=0x0 get=0x0 len=3495 coding=1 startqp=0 meanqp=0 picbytes=0 pskip=0 nalus=1 n1:3495
  snapshot f214: 3 venc_ko blocks (pool0 0x73801000 len 0x10000)
src frame 215: srcf=17 off=7560 br=2000
frame 215: send=0x0 get=0x0 len=3351 coding=1 startqp=0 meanqp=0 picbytes=0 pskip=0 nalus=1 n1:3351
  snapshot f215: 3 venc_ko blocks (pool0 0x73801000 len 0x10000)
src frame 216: srcf=16 off=7560 br=2000
frame 216: send=0x0 get=0x0 len=3086 coding=1 startqp=0 meanqp=0 picbytes=0 pskip=0 nalus=1 n1:3086
  snapshot f216: 3 venc_ko blocks (pool0 0x73801000 len 0x10000)
src frame 217: srcf=15 off=7560 br=2000
frame 217: send=0x0 get=0x0 len=3292 coding=1 startqp=0 meanqp=0 picbytes=0 pskip=0 nalus=1 n1:3292
  snapshot f217: 3 venc_ko blocks (pool0 0x73801000 len 0x10000)
src frame 218: srcf=14 off=7560 br=2000
frame 218: send=0x0 get=0x0 len=3353 coding=1 startqp=0 meanqp=0 picbytes=0 pskip=0 nalus=1 n1:3353
  snapshot f218: 3 venc_ko blocks (pool0 0x73801000 len 0x10000)
src frame 219: srcf=13 off=7560 br=2000
frame 219: send=0x0 get=0x0 len=3087 coding=1 startqp=0 meanqp=0 picbytes=0 pskip=0 nalus=1 n1:3087
  snapshot f219: 3 venc_ko blocks (pool0 0x73801000 len 0x10000)
src frame 220: srcf=12 off=7560 br=2000
frame 220: send=0x0 get=0x0 len=3390 coding=1 startqp=0 meanqp=0 picbytes=0 pskip=0 nalus=1 n1:3390
  snapshot f220: 3 venc_ko blocks (pool0 0x73801000 len 0x10000)
src frame 221: srcf=11 off=7560 br=2000
frame 221: send=0x0 get=0x0 len=3298 coding=1 startqp=0 meanqp=0 picbytes=0 pskip=0 nalus=1 n1:3298
  snapshot f221: 3 venc_ko blocks (pool0 0x73801000 len 0x10000)
src frame 222: srcf=10 off=7560 br=2000
frame 222: send=0x0 get=0x0 len=3102 coding=1 startqp=0 meanqp=0 picbytes=0 pskip=0 nalus=1 n1:3102
  snapshot f222: 3 venc_ko blocks (pool0 0x73801000 len 0x10000)
src frame 223: srcf=9 off=7560 br=2000
frame 223: send=0x0 get=0x0 len=3391 coding=1 startqp=0 meanqp=0 picbytes=0 pskip=0 nalus=1 n1:3391
  snapshot f223: 3 venc_ko blocks (pool0 0x73801000 len 0x10000)
src frame 224: srcf=8 off=7560 br=2000
frame 224: send=0x0 get=0x0 len=3222 coding=1 startqp=0 meanqp=0 picbytes=0 pskip=0 nalus=1 n1:3222
  snapshot f224: 3 venc_ko blocks (pool0 0x73801000 len 0x10000)
src frame 225: srcf=7 off=8100 br=2000
frame 225: send=0x0 get=0x0 len=21524 coding=1 startqp=0 meanqp=0 picbytes=0 pskip=0 nalus=1 n1:21524
  snapshot f225: 3 venc_ko blocks (pool0 0x73801000 len 0x10000)
src frame 226: srcf=6 off=8100 br=2000
frame 226: send=0x0 get=0x0 len=2452 coding=1 startqp=0 meanqp=0 picbytes=0 pskip=0 nalus=1 n1:2452
  snapshot f226: 3 venc_ko blocks (pool0 0x73801000 len 0x10000)
src frame 227: srcf=5 off=8100 br=2000
frame 227: send=0x0 get=0x0 len=2599 coding=1 startqp=0 meanqp=0 picbytes=0 pskip=0 nalus=1 n1:2599
  snapshot f227: 3 venc_ko blocks (pool0 0x73801000 len 0x10000)
src frame 228: srcf=4 off=8100 br=2000
frame 228: send=0x0 get=0x0 len=2277 coding=1 startqp=0 meanqp=0 picbytes=0 pskip=0 nalus=1 n1:2277
  snapshot f228: 3 venc_ko blocks (pool0 0x73801000 len 0x10000)
src frame 229: srcf=3 off=8100 br=2000
frame 229: send=0x0 get=0x0 len=2289 coding=1 startqp=0 meanqp=0 picbytes=0 pskip=0 nalus=1 n1:2289
  snapshot f229: 3 venc_ko blocks (pool0 0x73801000 len 0x10000)
src frame 230: srcf=2 off=8100 br=2000
frame 230: send=0x0 get=0x0 len=2243 coding=1 startqp=0 meanqp=0 picbytes=0 pskip=0 nalus=1 n1:2243
  snapshot f230: 3 venc_ko blocks (pool0 0x73801000 len 0x10000)
src frame 231: srcf=1 off=8100 br=2000
frame 231: send=0x0 get=0x0 len=2325 coding=1 startqp=0 meanqp=0 picbytes=0 pskip=0 nalus=1 n1:2325
  snapshot f231: 3 venc_ko blocks (pool0 0x73801000 len 0x10000)
src frame 232: srcf=0 off=8100 br=2000
frame 232: send=0x0 get=0x0 len=2311 coding=1 startqp=0 meanqp=0 picbytes=0 pskip=0 nalus=1 n1:2311
  snapshot f232: 3 venc_ko blocks (pool0 0x73801000 len 0x10000)
src frame 233: srcf=1 off=8100 br=2000
frame 233: send=0x0 get=0x0 len=2205 coding=1 startqp=0 meanqp=0 picbytes=0 pskip=0 nalus=1 n1:2205
  snapshot f233: 3 venc_ko blocks (pool0 0x73801000 len 0x10000)
src frame 234: srcf=2 off=8100 br=2000
frame 234: send=0x0 get=0x0 len=2177 coding=1 startqp=0 meanqp=0 picbytes=0 pskip=0 nalus=1 n1:2177
  snapshot f234: 3 venc_ko blocks (pool0 0x73801000 len 0x10000)
src frame 235: srcf=3 off=8100 br=2000
frame 235: send=0x0 get=0x0 len=2158 coding=1 startqp=0 meanqp=0 picbytes=0 pskip=0 nalus=1 n1:2158
  snapshot f235: 3 venc_ko blocks (pool0 0x73801000 len 0x10000)
src frame 236: srcf=4 off=8100 br=2000
frame 236: send=0x0 get=0x0 len=2150 coding=1 startqp=0 meanqp=0 picbytes=0 pskip=0 nalus=1 n1:2150
  snapshot f236: 3 venc_ko blocks (pool0 0x73801000 len 0x10000)
src frame 237: srcf=5 off=8100 br=2000
frame 237: send=0x0 get=0x0 len=2171 coding=1 startqp=0 meanqp=0 picbytes=0 pskip=0 nalus=1 n1:2171
  snapshot f237: 3 venc_ko blocks (pool0 0x73801000 len 0x10000)
src frame 238: srcf=6 off=8100 br=2000
frame 238: send=0x0 get=0x0 len=2257 coding=1 startqp=0 meanqp=0 picbytes=0 pskip=0 nalus=1 n1:2257
  snapshot f238: 3 venc_ko blocks (pool0 0x73801000 len 0x10000)
src frame 239: srcf=7 off=8100 br=2000
frame 239: send=0x0 get=0x0 len=2195 coding=1 startqp=0 meanqp=0 picbytes=0 pskip=0 nalus=1 n1:2195
  snapshot f239: 3 venc_ko blocks (pool0 0x73801000 len 0x10000)
---- /proc/ax_proc/venc ----
-------- VENC VERSION ------------------------
[Axera version]: ax_venc V3.0.0_20250319114413 Mar 19 2025 11:58:34 JK

-------- MODULE PARAM ------------------------
MaxChnNum   MaxRoiNum   MaxProcNum  
16          8           16          

-------- VENC CHN ATTR 1 ------------------------
ID    Type    wSrc    hSrc    Strd0   Strd1   maxW    maxH    PixFmt  link  InFifoDep    OutFifoDep   InDbgFifoLen InDbgFifoDep StrmBufSize(KB)
7     h264    1920    1080    3840    0       1920    1080    YUYV422 N     2            2            0            4            4114      
-------- VENC CHN ATTR 2 ------------------------
ID    [CropEn StartX  StartY  CropW   CropH]  Rotation  EncW    EncH    FrmSize      PTS          SeqNum       CompMode     CompLevel    PhyAddr0     PhyAddr1     PhyAddr2     
7     N       0       0       0       0       0         1920    1080    4147200      3266666      197          NONE         0            742d1000     0            0            
-------- VENC RC ATTR 1 ------------------------
ID    RcMode    SrcFr   DstFr   Br(kbps)  MinQp   MaxQp   MinIQp  MaxIQp  IQpDelta  IpropMax   IpropMin   StartQp    QpDltRng   DeBrQpDlt  SvcEn   ChgPos  StillPercent MaxStillQp 
7     CBR       60.00   60.00   2000      10      51      10      51      0         40         10         -1         2          0          False   -       -            -          
-------- VENC RC ATTR 2  -----------------------
ID    QMapQpType  QMapUnit    QMapBlkType IQp   PQp   MinQpDelta MaxQpDelta MaxBitRate shtStaTime ltStaTime  ltMinBr  ltMaxBr  Br_ST(kbps)    Br_LT(kbps)    
7     N/A         64x64       N/A         -     -     -          -          -          -          -          -        -        -              -              
-------- VENC GOP ATTR  ------------------------
ID    GopMode   Gop   GopVI 
7     NormalP   30    0     
-------- VENC STATUS 1 -------------------------
ID    RJEn         RJThr(bps)   RJMode       RJEncGaps    SupFrmEn     SupPri       SupThrI      SupThrP      SplitEn      SliceNum     Range(In)    Range(out)   
7     N            0            Normal       0            N            0            500000       500000       N            0            Full         Full         
-------- VENC STATUS 2 -------------------------
ID    ChnStat   FrmRecv   FrmRls    FrmEnc    FrmDrop   FrmDup    EncFail   MissMatch StrmGet   StrmRls   OutFps    RealBr    ReEncCnt  DropCnt   BlkFail   GrpID     PID     TID     ThNum   RefInc    RefDec    Fail1   Fail2   Fail3   Fail4   
7     STARTED   198       197       197       0         0         0         0         197       197       50.00     1803.81   0         0         0         -1        130463  130467  1       198       197       0       0       0       0       
-------- VENC HW STATUS  ------------------------
ID    OverFlow     TimeOut      
7     0            0            
-------- VENC ROI INFO  ------------------------
ID    Index        bEnable      bAbsQp       RoiQP        Width        Height       StartX       StartY       
done h264_jump15_cbr2000
