# vdrive tag=h264_jump15_cbr8000 codec=h264 1920x1080 rc=cbr br=8000 fps=60/60 gop=30 gopmode=normalp ltrint=0 ltrqpo=0 iqp=32 pqp=32 profile=10 level=51 tier=0 qp[10..51] iqp[10..51] iqd=0 firstqp=-1 iprop[10..40] idrrange=2 stattime=1 vq=0 ir=0/0 slice=0 debreath=0 scd=-1 rowqpd=-1 vui=-1 move=0 nframes=240
src=/root/rc65/clips/static.yuyv frames=30 loop=pingpong motion=jump mstep=15 window=0..-1
AX_SYS_Init rc=0x0
AX_VENC_Init rc=0x0
AX_VENC_CreateChn(7) rc=0x0
StartRecvFrame rc=0x0
AX_POOL_CreatePool id=0x0
blk=0x5e000000 phys=0x742d1000 virt=0xffff86c15000
frame: modid=0x11 stride=1920 fmt=0xd
  snapshot pre: 3 venc_ko blocks (pool0 0x73801000 len 0x10000)
src frame 0: srcf=0 off=0 br=8000
frame 0: send=0x0 get=0x0 len=30842 coding=0 startqp=0 meanqp=0 picbytes=0 pskip=0 nalus=3 n7:32 n8:8 n5:30802
  snapshot f000: 3 venc_ko blocks (pool0 0x73801000 len 0x10000)
src frame 1: srcf=1 off=0 br=8000
frame 1: send=0x0 get=0x0 len=8800 coding=1 startqp=0 meanqp=0 picbytes=0 pskip=0 nalus=1 n1:8800
  snapshot f001: 3 venc_ko blocks (pool0 0x73801000 len 0x10000)
src frame 2: srcf=2 off=0 br=8000
frame 2: send=0x0 get=0x0 len=10590 coding=1 startqp=0 meanqp=0 picbytes=0 pskip=0 nalus=1 n1:10590
  snapshot f002: 3 venc_ko blocks (pool0 0x73801000 len 0x10000)
src frame 3: srcf=3 off=0 br=8000
frame 3: send=0x0 get=0x0 len=7117 coding=1 startqp=0 meanqp=0 picbytes=0 pskip=0 nalus=1 n1:7117
  snapshot f003: 3 venc_ko blocks (pool0 0x73801000 len 0x10000)
src frame 4: srcf=4 off=0 br=8000
frame 4: send=0x0 get=0x0 len=7369 coding=1 startqp=0 meanqp=0 picbytes=0 pskip=0 nalus=1 n1:7369
  snapshot f004: 3 venc_ko blocks (pool0 0x73801000 len 0x10000)
src frame 5: srcf=5 off=0 br=8000
frame 5: send=0x0 get=0x0 len=7015 coding=1 startqp=0 meanqp=0 picbytes=0 pskip=0 nalus=1 n1:7015
  snapshot f005: 3 venc_ko blocks (pool0 0x73801000 len 0x10000)
src frame 6: srcf=6 off=0 br=8000
frame 6: send=0x0 get=0x0 len=7704 coding=1 startqp=0 meanqp=0 picbytes=0 pskip=0 nalus=1 n1:7704
  snapshot f006: 3 venc_ko blocks (pool0 0x73801000 len 0x10000)
src frame 7: srcf=7 off=0 br=8000
frame 7: send=0x0 get=0x0 len=7509 coding=1 startqp=0 meanqp=0 picbytes=0 pskip=0 nalus=1 n1:7509
  snapshot f007: 3 venc_ko blocks (pool0 0x73801000 len 0x10000)
src frame 8: srcf=8 off=0 br=8000
frame 8: send=0x0 get=0x0 len=8423 coding=1 startqp=0 meanqp=0 picbytes=0 pskip=0 nalus=1 n1:8423
  snapshot f008: 3 venc_ko blocks (pool0 0x73801000 len 0x10000)
src frame 9: srcf=9 off=0 br=8000
frame 9: send=0x0 get=0x0 len=8053 coding=1 startqp=0 meanqp=0 picbytes=0 pskip=0 nalus=1 n1:8053
  snapshot f009: 3 venc_ko blocks (pool0 0x73801000 len 0x10000)
src frame 10: srcf=10 off=0 br=8000
frame 10: send=0x0 get=0x0 len=8328 coding=1 startqp=0 meanqp=0 picbytes=0 pskip=0 nalus=1 n1:8328
  snapshot f010: 3 venc_ko blocks (pool0 0x73801000 len 0x10000)
src frame 11: srcf=11 off=0 br=8000
frame 11: send=0x0 get=0x0 len=7994 coding=1 startqp=0 meanqp=0 picbytes=0 pskip=0 nalus=1 n1:7994
  snapshot f011: 3 venc_ko blocks (pool0 0x73801000 len 0x10000)
src frame 12: srcf=12 off=0 br=8000
frame 12: send=0x0 get=0x0 len=8543 coding=1 startqp=0 meanqp=0 picbytes=0 pskip=0 nalus=1 n1:8543
  snapshot f012: 3 venc_ko blocks (pool0 0x73801000 len 0x10000)
src frame 13: srcf=13 off=0 br=8000
frame 13: send=0x0 get=0x0 len=8707 coding=1 startqp=0 meanqp=0 picbytes=0 pskip=0 nalus=1 n1:8707
  snapshot f013: 3 venc_ko blocks (pool0 0x73801000 len 0x10000)
src frame 14: srcf=14 off=0 br=8000
frame 14: send=0x0 get=0x0 len=9688 coding=1 startqp=0 meanqp=0 picbytes=0 pskip=0 nalus=1 n1:9688
  snapshot f014: 3 venc_ko blocks (pool0 0x73801000 len 0x10000)
src frame 15: srcf=15 off=540 br=8000
frame 15: send=0x0 get=0x0 len=38657 coding=1 startqp=0 meanqp=0 picbytes=0 pskip=0 nalus=1 n1:38657
  snapshot f015: 3 venc_ko blocks (pool0 0x73801000 len 0x10000)
src frame 16: srcf=16 off=540 br=8000
frame 16: send=0x0 get=0x0 len=17328 coding=1 startqp=0 meanqp=0 picbytes=0 pskip=0 nalus=1 n1:17328
  snapshot f016: 3 venc_ko blocks (pool0 0x73801000 len 0x10000)
src frame 17: srcf=17 off=540 br=8000
frame 17: send=0x0 get=0x0 len=17512 coding=1 startqp=0 meanqp=0 picbytes=0 pskip=0 nalus=1 n1:17512
  snapshot f017: 3 venc_ko blocks (pool0 0x73801000 len 0x10000)
src frame 18: srcf=18 off=540 br=8000
frame 18: send=0x0 get=0x0 len=8493 coding=1 startqp=0 meanqp=0 picbytes=0 pskip=0 nalus=1 n1:8493
  snapshot f018: 3 venc_ko blocks (pool0 0x73801000 len 0x10000)
src frame 19: srcf=19 off=540 br=8000
frame 19: send=0x0 get=0x0 len=8775 coding=1 startqp=0 meanqp=0 picbytes=0 pskip=0 nalus=1 n1:8775
  snapshot f019: 3 venc_ko blocks (pool0 0x73801000 len 0x10000)
src frame 20: srcf=20 off=540 br=8000
frame 20: send=0x0 get=0x0 len=2812 coding=1 startqp=0 meanqp=0 picbytes=0 pskip=0 nalus=1 n1:2812
  snapshot f020: 3 venc_ko blocks (pool0 0x73801000 len 0x10000)
src frame 21: srcf=21 off=540 br=8000
frame 21: send=0x0 get=0x0 len=1700 coding=1 startqp=0 meanqp=0 picbytes=0 pskip=0 nalus=1 n1:1700
  snapshot f021: 3 venc_ko blocks (pool0 0x73801000 len 0x10000)
src frame 22: srcf=22 off=540 br=8000
frame 22: send=0x0 get=0x0 len=1510 coding=1 startqp=0 meanqp=0 picbytes=0 pskip=0 nalus=1 n1:1510
  snapshot f022: 3 venc_ko blocks (pool0 0x73801000 len 0x10000)
src frame 23: srcf=23 off=540 br=8000
frame 23: send=0x0 get=0x0 len=1509 coding=1 startqp=0 meanqp=0 picbytes=0 pskip=0 nalus=1 n1:1509
  snapshot f023: 3 venc_ko blocks (pool0 0x73801000 len 0x10000)
src frame 24: srcf=24 off=540 br=8000
frame 24: send=0x0 get=0x0 len=1500 coding=1 startqp=0 meanqp=0 picbytes=0 pskip=0 nalus=1 n1:1500
  snapshot f024: 3 venc_ko blocks (pool0 0x73801000 len 0x10000)
src frame 25: srcf=25 off=540 br=8000
frame 25: send=0x0 get=0x0 len=1499 coding=1 startqp=0 meanqp=0 picbytes=0 pskip=0 nalus=1 n1:1499
  snapshot f025: 3 venc_ko blocks (pool0 0x73801000 len 0x10000)
src frame 26: srcf=26 off=540 br=8000
frame 26: send=0x0 get=0x0 len=1498 coding=1 startqp=0 meanqp=0 picbytes=0 pskip=0 nalus=1 n1:1498
  snapshot f026: 3 venc_ko blocks (pool0 0x73801000 len 0x10000)
src frame 27: srcf=27 off=540 br=8000
frame 27: send=0x0 get=0x0 len=1498 coding=1 startqp=0 meanqp=0 picbytes=0 pskip=0 nalus=1 n1:1498
  snapshot f027: 3 venc_ko blocks (pool0 0x73801000 len 0x10000)
src frame 28: srcf=28 off=540 br=8000
frame 28: send=0x0 get=0x0 len=1498 coding=1 startqp=0 meanqp=0 picbytes=0 pskip=0 nalus=1 n1:1498
  snapshot f028: 3 venc_ko blocks (pool0 0x73801000 len 0x10000)
src frame 29: srcf=29 off=540 br=8000
frame 29: send=0x0 get=0x0 len=1499 coding=1 startqp=0 meanqp=0 picbytes=0 pskip=0 nalus=1 n1:1499
  snapshot f029: 3 venc_ko blocks (pool0 0x73801000 len 0x10000)
src frame 30: srcf=28 off=1080 br=8000
frame 30: send=0x0 get=0x0 len=34365 coding=0 startqp=0 meanqp=0 picbytes=0 pskip=0 nalus=3 n7:32 n8:8 n5:34325
  snapshot f030: 3 venc_ko blocks (pool0 0x73801000 len 0x10000)
src frame 31: srcf=27 off=1080 br=8000
frame 31: send=0x0 get=0x0 len=9961 coding=1 startqp=0 meanqp=0 picbytes=0 pskip=0 nalus=1 n1:9961
  snapshot f031: 3 venc_ko blocks (pool0 0x73801000 len 0x10000)
src frame 32: srcf=26 off=1080 br=8000
frame 32: send=0x0 get=0x0 len=6692 coding=1 startqp=0 meanqp=0 picbytes=0 pskip=0 nalus=1 n1:6692
  snapshot f032: 3 venc_ko blocks (pool0 0x73801000 len 0x10000)
src frame 33: srcf=25 off=1080 br=8000
frame 33: send=0x0 get=0x0 len=6877 coding=1 startqp=0 meanqp=0 picbytes=0 pskip=0 nalus=1 n1:6877
  snapshot f033: 3 venc_ko blocks (pool0 0x73801000 len 0x10000)
src frame 34: srcf=24 off=1080 br=8000
frame 34: send=0x0 get=0x0 len=7132 coding=1 startqp=0 meanqp=0 picbytes=0 pskip=0 nalus=1 n1:7132
  snapshot f034: 3 venc_ko blocks (pool0 0x73801000 len 0x10000)
src frame 35: srcf=23 off=1080 br=8000
frame 35: send=0x0 get=0x0 len=7252 coding=1 startqp=0 meanqp=0 picbytes=0 pskip=0 nalus=1 n1:7252
  snapshot f035: 3 venc_ko blocks (pool0 0x73801000 len 0x10000)
src frame 36: srcf=22 off=1080 br=8000
frame 36: send=0x0 get=0x0 len=7418 coding=1 startqp=0 meanqp=0 picbytes=0 pskip=0 nalus=1 n1:7418
  snapshot f036: 3 venc_ko blocks (pool0 0x73801000 len 0x10000)
src frame 37: srcf=21 off=1080 br=8000
frame 37: send=0x0 get=0x0 len=8150 coding=1 startqp=0 meanqp=0 picbytes=0 pskip=0 nalus=1 n1:8150
  snapshot f037: 3 venc_ko blocks (pool0 0x73801000 len 0x10000)
src frame 38: srcf=20 off=1080 br=8000
frame 38: send=0x0 get=0x0 len=8088 coding=1 startqp=0 meanqp=0 picbytes=0 pskip=0 nalus=1 n1:8088
  snapshot f038: 3 venc_ko blocks (pool0 0x73801000 len 0x10000)
src frame 39: srcf=19 off=1080 br=8000
frame 39: send=0x0 get=0x0 len=8545 coding=1 startqp=0 meanqp=0 picbytes=0 pskip=0 nalus=1 n1:8545
  snapshot f039: 3 venc_ko blocks (pool0 0x73801000 len 0x10000)
src frame 40: srcf=18 off=1080 br=8000
frame 40: send=0x0 get=0x0 len=8285 coding=1 startqp=0 meanqp=0 picbytes=0 pskip=0 nalus=1 n1:8285
  snapshot f040: 3 venc_ko blocks (pool0 0x73801000 len 0x10000)
src frame 41: srcf=17 off=1080 br=8000
frame 41: send=0x0 get=0x0 len=8974 coding=1 startqp=0 meanqp=0 picbytes=0 pskip=0 nalus=1 n1:8974
  snapshot f041: 3 venc_ko blocks (pool0 0x73801000 len 0x10000)
src frame 42: srcf=16 off=1080 br=8000
frame 42: send=0x0 get=0x0 len=9243 coding=1 startqp=0 meanqp=0 picbytes=0 pskip=0 nalus=1 n1:9243
  snapshot f042: 3 venc_ko blocks (pool0 0x73801000 len 0x10000)
src frame 43: srcf=15 off=1080 br=8000
frame 43: send=0x0 get=0x0 len=9735 coding=1 startqp=0 meanqp=0 picbytes=0 pskip=0 nalus=1 n1:9735
  snapshot f043: 3 venc_ko blocks (pool0 0x73801000 len 0x10000)
src frame 44: srcf=14 off=1080 br=8000
frame 44: send=0x0 get=0x0 len=10224 coding=1 startqp=0 meanqp=0 picbytes=0 pskip=0 nalus=1 n1:10224
  snapshot f044: 3 venc_ko blocks (pool0 0x73801000 len 0x10000)
src frame 45: srcf=13 off=1620 br=8000
frame 45: send=0x0 get=0x0 len=48698 coding=1 startqp=0 meanqp=0 picbytes=0 pskip=0 nalus=1 n1:48698
  snapshot f045: 3 venc_ko blocks (pool0 0x73801000 len 0x10000)
src frame 46: srcf=12 off=1620 br=8000
frame 46: send=0x0 get=0x0 len=28342 coding=1 startqp=0 meanqp=0 picbytes=0 pskip=0 nalus=1 n1:28342
  snapshot f046: 3 venc_ko blocks (pool0 0x73801000 len 0x10000)
src frame 47: srcf=11 off=1620 br=8000
frame 47: send=0x0 get=0x0 len=5331 coding=1 startqp=0 meanqp=0 picbytes=0 pskip=0 nalus=1 n1:5331
  snapshot f047: 3 venc_ko blocks (pool0 0x73801000 len 0x10000)
src frame 48: srcf=10 off=1620 br=8000
frame 48: send=0x0 get=0x0 len=2504 coding=1 startqp=0 meanqp=0 picbytes=0 pskip=0 nalus=1 n1:2504
  snapshot f048: 3 venc_ko blocks (pool0 0x73801000 len 0x10000)
src frame 49: srcf=9 off=1620 br=8000
frame 49: send=0x0 get=0x0 len=1806 coding=1 startqp=0 meanqp=0 picbytes=0 pskip=0 nalus=1 n1:1806
  snapshot f049: 3 venc_ko blocks (pool0 0x73801000 len 0x10000)
src frame 50: srcf=8 off=1620 br=8000
frame 50: send=0x0 get=0x0 len=1730 coding=1 startqp=0 meanqp=0 picbytes=0 pskip=0 nalus=1 n1:1730
  snapshot f050: 3 venc_ko blocks (pool0 0x73801000 len 0x10000)
src frame 51: srcf=7 off=1620 br=8000
frame 51: send=0x0 get=0x0 len=1735 coding=1 startqp=0 meanqp=0 picbytes=0 pskip=0 nalus=1 n1:1735
  snapshot f051: 3 venc_ko blocks (pool0 0x73801000 len 0x10000)
src frame 52: srcf=6 off=1620 br=8000
frame 52: send=0x0 get=0x0 len=1733 coding=1 startqp=0 meanqp=0 picbytes=0 pskip=0 nalus=1 n1:1733
  snapshot f052: 3 venc_ko blocks (pool0 0x73801000 len 0x10000)
src frame 53: srcf=5 off=1620 br=8000
frame 53: send=0x0 get=0x0 len=1724 coding=1 startqp=0 meanqp=0 picbytes=0 pskip=0 nalus=1 n1:1724
  snapshot f053: 3 venc_ko blocks (pool0 0x73801000 len 0x10000)
src frame 54: srcf=4 off=1620 br=8000
frame 54: send=0x0 get=0x0 len=1724 coding=1 startqp=0 meanqp=0 picbytes=0 pskip=0 nalus=1 n1:1724
  snapshot f054: 3 venc_ko blocks (pool0 0x73801000 len 0x10000)
src frame 55: srcf=3 off=1620 br=8000
frame 55: send=0x0 get=0x0 len=1724 coding=1 startqp=0 meanqp=0 picbytes=0 pskip=0 nalus=1 n1:1724
  snapshot f055: 3 venc_ko blocks (pool0 0x73801000 len 0x10000)
src frame 56: srcf=2 off=1620 br=8000
frame 56: send=0x0 get=0x0 len=1724 coding=1 startqp=0 meanqp=0 picbytes=0 pskip=0 nalus=1 n1:1724
  snapshot f056: 3 venc_ko blocks (pool0 0x73801000 len 0x10000)
src frame 57: srcf=1 off=1620 br=8000
frame 57: send=0x0 get=0x0 len=1724 coding=1 startqp=0 meanqp=0 picbytes=0 pskip=0 nalus=1 n1:1724
  snapshot f057: 3 venc_ko blocks (pool0 0x73801000 len 0x10000)
src frame 58: srcf=0 off=1620 br=8000
frame 58: send=0x0 get=0x0 len=1724 coding=1 startqp=0 meanqp=0 picbytes=0 pskip=0 nalus=1 n1:1724
  snapshot f058: 3 venc_ko blocks (pool0 0x73801000 len 0x10000)
src frame 59: srcf=1 off=1620 br=8000
frame 59: send=0x0 get=0x0 len=1724 coding=1 startqp=0 meanqp=0 picbytes=0 pskip=0 nalus=1 n1:1724
  snapshot f059: 3 venc_ko blocks (pool0 0x73801000 len 0x10000)
src frame 60: srcf=2 off=2160 br=8000
frame 60: send=0x0 get=0x0 len=38177 coding=0 startqp=0 meanqp=0 picbytes=0 pskip=0 nalus=3 n7:32 n8:8 n5:38137
  snapshot f060: 3 venc_ko blocks (pool0 0x73801000 len 0x10000)
src frame 61: srcf=3 off=2160 br=8000
frame 61: send=0x0 get=0x0 len=9970 coding=1 startqp=0 meanqp=0 picbytes=0 pskip=0 nalus=1 n1:9970
  snapshot f061: 3 venc_ko blocks (pool0 0x73801000 len 0x10000)
src frame 62: srcf=4 off=2160 br=8000
frame 62: send=0x0 get=0x0 len=8024 coding=1 startqp=0 meanqp=0 picbytes=0 pskip=0 nalus=1 n1:8024
  snapshot f062: 3 venc_ko blocks (pool0 0x73801000 len 0x10000)
src frame 63: srcf=5 off=2160 br=8000
frame 63: send=0x0 get=0x0 len=7371 coding=1 startqp=0 meanqp=0 picbytes=0 pskip=0 nalus=1 n1:7371
  snapshot f063: 3 venc_ko blocks (pool0 0x73801000 len 0x10000)
src frame 64: srcf=6 off=2160 br=8000
frame 64: send=0x0 get=0x0 len=7456 coding=1 startqp=0 meanqp=0 picbytes=0 pskip=0 nalus=1 n1:7456
  snapshot f064: 3 venc_ko blocks (pool0 0x73801000 len 0x10000)
src frame 65: srcf=7 off=2160 br=8000
frame 65: send=0x0 get=0x0 len=7589 coding=1 startqp=0 meanqp=0 picbytes=0 pskip=0 nalus=1 n1:7589
  snapshot f065: 3 venc_ko blocks (pool0 0x73801000 len 0x10000)
src frame 66: srcf=8 off=2160 br=8000
frame 66: send=0x0 get=0x0 len=8029 coding=1 startqp=0 meanqp=0 picbytes=0 pskip=0 nalus=1 n1:8029
  snapshot f066: 3 venc_ko blocks (pool0 0x73801000 len 0x10000)
src frame 67: srcf=9 off=2160 br=8000
frame 67: send=0x0 get=0x0 len=8393 coding=1 startqp=0 meanqp=0 picbytes=0 pskip=0 nalus=1 n1:8393
  snapshot f067: 3 venc_ko blocks (pool0 0x73801000 len 0x10000)
src frame 68: srcf=10 off=2160 br=8000
frame 68: send=0x0 get=0x0 len=8374 coding=1 startqp=0 meanqp=0 picbytes=0 pskip=0 nalus=1 n1:8374
  snapshot f068: 3 venc_ko blocks (pool0 0x73801000 len 0x10000)
src frame 69: srcf=11 off=2160 br=8000
frame 69: send=0x0 get=0x0 len=8863 coding=1 startqp=0 meanqp=0 picbytes=0 pskip=0 nalus=1 n1:8863
  snapshot f069: 3 venc_ko blocks (pool0 0x73801000 len 0x10000)
src frame 70: srcf=12 off=2160 br=8000
frame 70: send=0x0 get=0x0 len=8692 coding=1 startqp=0 meanqp=0 picbytes=0 pskip=0 nalus=1 n1:8692
  snapshot f070: 3 venc_ko blocks (pool0 0x73801000 len 0x10000)
src frame 71: srcf=13 off=2160 br=8000
frame 71: send=0x0 get=0x0 len=9147 coding=1 startqp=0 meanqp=0 picbytes=0 pskip=0 nalus=1 n1:9147
  snapshot f071: 3 venc_ko blocks (pool0 0x73801000 len 0x10000)
src frame 72: srcf=14 off=2160 br=8000
frame 72: send=0x0 get=0x0 len=9279 coding=1 startqp=0 meanqp=0 picbytes=0 pskip=0 nalus=1 n1:9279
  snapshot f072: 3 venc_ko blocks (pool0 0x73801000 len 0x10000)
src frame 73: srcf=15 off=2160 br=8000
frame 73: send=0x0 get=0x0 len=3769 coding=1 startqp=0 meanqp=0 picbytes=0 pskip=0 nalus=1 n1:3769
  snapshot f073: 3 venc_ko blocks (pool0 0x73801000 len 0x10000)
src frame 74: srcf=16 off=2160 br=8000
frame 74: send=0x0 get=0x0 len=2602 coding=1 startqp=0 meanqp=0 picbytes=0 pskip=0 nalus=1 n1:2602
  snapshot f074: 3 venc_ko blocks (pool0 0x73801000 len 0x10000)
src frame 75: srcf=17 off=2700 br=8000
frame 75: send=0x0 get=0x0 len=43907 coding=1 startqp=0 meanqp=0 picbytes=0 pskip=0 nalus=1 n1:43907
  snapshot f075: 3 venc_ko blocks (pool0 0x73801000 len 0x10000)
src frame 76: srcf=18 off=2700 br=8000
frame 76: send=0x0 get=0x0 len=17077 coding=1 startqp=0 meanqp=0 picbytes=0 pskip=0 nalus=1 n1:17077
  snapshot f076: 3 venc_ko blocks (pool0 0x73801000 len 0x10000)
src frame 77: srcf=19 off=2700 br=8000
frame 77: send=0x0 get=0x0 len=17431 coding=1 startqp=0 meanqp=0 picbytes=0 pskip=0 nalus=1 n1:17431
  snapshot f077: 3 venc_ko blocks (pool0 0x73801000 len 0x10000)
src frame 78: srcf=20 off=2700 br=8000
frame 78: send=0x0 get=0x0 len=10373 coding=1 startqp=0 meanqp=0 picbytes=0 pskip=0 nalus=1 n1:10373
  snapshot f078: 3 venc_ko blocks (pool0 0x73801000 len 0x10000)
src frame 79: srcf=21 off=2700 br=8000
frame 79: send=0x0 get=0x0 len=3383 coding=1 startqp=0 meanqp=0 picbytes=0 pskip=0 nalus=1 n1:3383
  snapshot f079: 3 venc_ko blocks (pool0 0x73801000 len 0x10000)
src frame 80: srcf=22 off=2700 br=8000
frame 80: send=0x0 get=0x0 len=2129 coding=1 startqp=0 meanqp=0 picbytes=0 pskip=0 nalus=1 n1:2129
  snapshot f080: 3 venc_ko blocks (pool0 0x73801000 len 0x10000)
src frame 81: srcf=23 off=2700 br=8000
frame 81: send=0x0 get=0x0 len=1896 coding=1 startqp=0 meanqp=0 picbytes=0 pskip=0 nalus=1 n1:1896
  snapshot f081: 3 venc_ko blocks (pool0 0x73801000 len 0x10000)
src frame 82: srcf=24 off=2700 br=8000
frame 82: send=0x0 get=0x0 len=1876 coding=1 startqp=0 meanqp=0 picbytes=0 pskip=0 nalus=1 n1:1876
  snapshot f082: 3 venc_ko blocks (pool0 0x73801000 len 0x10000)
src frame 83: srcf=25 off=2700 br=8000
frame 83: send=0x0 get=0x0 len=1876 coding=1 startqp=0 meanqp=0 picbytes=0 pskip=0 nalus=1 n1:1876
  snapshot f083: 3 venc_ko blocks (pool0 0x73801000 len 0x10000)
src frame 84: srcf=26 off=2700 br=8000
frame 84: send=0x0 get=0x0 len=1870 coding=1 startqp=0 meanqp=0 picbytes=0 pskip=0 nalus=1 n1:1870
  snapshot f084: 3 venc_ko blocks (pool0 0x73801000 len 0x10000)
src frame 85: srcf=27 off=2700 br=8000
frame 85: send=0x0 get=0x0 len=1872 coding=1 startqp=0 meanqp=0 picbytes=0 pskip=0 nalus=1 n1:1872
  snapshot f085: 3 venc_ko blocks (pool0 0x73801000 len 0x10000)
src frame 86: srcf=28 off=2700 br=8000
frame 86: send=0x0 get=0x0 len=1868 coding=1 startqp=0 meanqp=0 picbytes=0 pskip=0 nalus=1 n1:1868
  snapshot f086: 3 venc_ko blocks (pool0 0x73801000 len 0x10000)
src frame 87: srcf=29 off=2700 br=8000
frame 87: send=0x0 get=0x0 len=1869 coding=1 startqp=0 meanqp=0 picbytes=0 pskip=0 nalus=1 n1:1869
  snapshot f087: 3 venc_ko blocks (pool0 0x73801000 len 0x10000)
src frame 88: srcf=28 off=2700 br=8000
frame 88: send=0x0 get=0x0 len=1868 coding=1 startqp=0 meanqp=0 picbytes=0 pskip=0 nalus=1 n1:1868
  snapshot f088: 3 venc_ko blocks (pool0 0x73801000 len 0x10000)
src frame 89: srcf=27 off=2700 br=8000
frame 89: send=0x0 get=0x0 len=1869 coding=1 startqp=0 meanqp=0 picbytes=0 pskip=0 nalus=1 n1:1869
  snapshot f089: 3 venc_ko blocks (pool0 0x73801000 len 0x10000)
src frame 90: srcf=26 off=3240 br=8000
frame 90: send=0x0 get=0x0 len=42391 coding=0 startqp=0 meanqp=0 picbytes=0 pskip=0 nalus=3 n7:32 n8:8 n5:42351
  snapshot f090: 3 venc_ko blocks (pool0 0x73801000 len 0x10000)
src frame 91: srcf=25 off=3240 br=8000
frame 91: send=0x0 get=0x0 len=10244 coding=1 startqp=0 meanqp=0 picbytes=0 pskip=0 nalus=1 n1:10244
  snapshot f091: 3 venc_ko blocks (pool0 0x73801000 len 0x10000)
src frame 92: srcf=24 off=3240 br=8000
frame 92: send=0x0 get=0x0 len=7044 coding=1 startqp=0 meanqp=0 picbytes=0 pskip=0 nalus=1 n1:7044
  snapshot f092: 3 venc_ko blocks (pool0 0x73801000 len 0x10000)
src frame 93: srcf=23 off=3240 br=8000
frame 93: send=0x0 get=0x0 len=7369 coding=1 startqp=0 meanqp=0 picbytes=0 pskip=0 nalus=1 n1:7369
  snapshot f093: 3 venc_ko blocks (pool0 0x73801000 len 0x10000)
src frame 94: srcf=22 off=3240 br=8000
frame 94: send=0x0 get=0x0 len=7482 coding=1 startqp=0 meanqp=0 picbytes=0 pskip=0 nalus=1 n1:7482
  snapshot f094: 3 venc_ko blocks (pool0 0x73801000 len 0x10000)
src frame 95: srcf=21 off=3240 br=8000
frame 95: send=0x0 get=0x0 len=8408 coding=1 startqp=0 meanqp=0 picbytes=0 pskip=0 nalus=1 n1:8408
  snapshot f095: 3 venc_ko blocks (pool0 0x73801000 len 0x10000)
src frame 96: srcf=20 off=3240 br=8000
frame 96: send=0x0 get=0x0 len=7761 coding=1 startqp=0 meanqp=0 picbytes=0 pskip=0 nalus=1 n1:7761
  snapshot f096: 3 venc_ko blocks (pool0 0x73801000 len 0x10000)
src frame 97: srcf=19 off=3240 br=8000
frame 97: send=0x0 get=0x0 len=8803 coding=1 startqp=0 meanqp=0 picbytes=0 pskip=0 nalus=1 n1:8803
  snapshot f097: 3 venc_ko blocks (pool0 0x73801000 len 0x10000)
src frame 98: srcf=18 off=3240 br=8000
frame 98: send=0x0 get=0x0 len=9167 coding=1 startqp=0 meanqp=0 picbytes=0 pskip=0 nalus=1 n1:9167
  snapshot f098: 3 venc_ko blocks (pool0 0x73801000 len 0x10000)
src frame 99: srcf=17 off=3240 br=8000
frame 99: send=0x0 get=0x0 len=9525 coding=1 startqp=0 meanqp=0 picbytes=0 pskip=0 nalus=1 n1:9525
  snapshot f099: 3 venc_ko blocks (pool0 0x73801000 len 0x10000)
src frame 100: srcf=16 off=3240 br=8000
frame 100: send=0x0 get=0x0 len=9989 coding=1 startqp=0 meanqp=0 picbytes=0 pskip=0 nalus=1 n1:9989
  snapshot f100: 3 venc_ko blocks (pool0 0x73801000 len 0x10000)
src frame 101: srcf=15 off=3240 br=8000
frame 101: send=0x0 get=0x0 len=3987 coding=1 startqp=0 meanqp=0 picbytes=0 pskip=0 nalus=1 n1:3987
  snapshot f101: 3 venc_ko blocks (pool0 0x73801000 len 0x10000)
src frame 102: srcf=14 off=3240 br=8000
frame 102: send=0x0 get=0x0 len=2730 coding=1 startqp=0 meanqp=0 picbytes=0 pskip=0 nalus=1 n1:2730
  snapshot f102: 3 venc_ko blocks (pool0 0x73801000 len 0x10000)
src frame 103: srcf=13 off=3240 br=8000
frame 103: send=0x0 get=0x0 len=2518 coding=1 startqp=0 meanqp=0 picbytes=0 pskip=0 nalus=1 n1:2518
  snapshot f103: 3 venc_ko blocks (pool0 0x73801000 len 0x10000)
src frame 104: srcf=12 off=3240 br=8000
frame 104: send=0x0 get=0x0 len=2486 coding=1 startqp=0 meanqp=0 picbytes=0 pskip=0 nalus=1 n1:2486
  snapshot f104: 3 venc_ko blocks (pool0 0x73801000 len 0x10000)
src frame 105: srcf=11 off=3780 br=8000
frame 105: send=0x0 get=0x0 len=55065 coding=1 startqp=0 meanqp=0 picbytes=0 pskip=0 nalus=1 n1:55065
  snapshot f105: 3 venc_ko blocks (pool0 0x73801000 len 0x10000)
src frame 106: srcf=10 off=3780 br=8000
frame 106: send=0x0 get=0x0 len=21715 coding=1 startqp=0 meanqp=0 picbytes=0 pskip=0 nalus=1 n1:21715
  snapshot f106: 3 venc_ko blocks (pool0 0x73801000 len 0x10000)
src frame 107: srcf=9 off=3780 br=8000
frame 107: send=0x0 get=0x0 len=4575 coding=1 startqp=0 meanqp=0 picbytes=0 pskip=0 nalus=1 n1:4575
  snapshot f107: 3 venc_ko blocks (pool0 0x73801000 len 0x10000)
src frame 108: srcf=8 off=3780 br=8000
frame 108: send=0x0 get=0x0 len=2040 coding=1 startqp=0 meanqp=0 picbytes=0 pskip=0 nalus=1 n1:2040
  snapshot f108: 3 venc_ko blocks (pool0 0x73801000 len 0x10000)
src frame 109: srcf=7 off=3780 br=8000
frame 109: send=0x0 get=0x0 len=1467 coding=1 startqp=0 meanqp=0 picbytes=0 pskip=0 nalus=1 n1:1467
  snapshot f109: 3 venc_ko blocks (pool0 0x73801000 len 0x10000)
src frame 110: srcf=6 off=3780 br=8000
frame 110: send=0x0 get=0x0 len=1389 coding=1 startqp=0 meanqp=0 picbytes=0 pskip=0 nalus=1 n1:1389
  snapshot f110: 3 venc_ko blocks (pool0 0x73801000 len 0x10000)
src frame 111: srcf=5 off=3780 br=8000
frame 111: send=0x0 get=0x0 len=1383 coding=1 startqp=0 meanqp=0 picbytes=0 pskip=0 nalus=1 n1:1383
  snapshot f111: 3 venc_ko blocks (pool0 0x73801000 len 0x10000)
src frame 112: srcf=4 off=3780 br=8000
frame 112: send=0x0 get=0x0 len=1382 coding=1 startqp=0 meanqp=0 picbytes=0 pskip=0 nalus=1 n1:1382
  snapshot f112: 3 venc_ko blocks (pool0 0x73801000 len 0x10000)
src frame 113: srcf=3 off=3780 br=8000
frame 113: send=0x0 get=0x0 len=1379 coding=1 startqp=0 meanqp=0 picbytes=0 pskip=0 nalus=1 n1:1379
  snapshot f113: 3 venc_ko blocks (pool0 0x73801000 len 0x10000)
src frame 114: srcf=2 off=3780 br=8000
frame 114: send=0x0 get=0x0 len=1378 coding=1 startqp=0 meanqp=0 picbytes=0 pskip=0 nalus=1 n1:1378
  snapshot f114: 3 venc_ko blocks (pool0 0x73801000 len 0x10000)
src frame 115: srcf=1 off=3780 br=8000
frame 115: send=0x0 get=0x0 len=1379 coding=1 startqp=0 meanqp=0 picbytes=0 pskip=0 nalus=1 n1:1379
  snapshot f115: 3 venc_ko blocks (pool0 0x73801000 len 0x10000)
src frame 116: srcf=0 off=3780 br=8000
frame 116: send=0x0 get=0x0 len=1378 coding=1 startqp=0 meanqp=0 picbytes=0 pskip=0 nalus=1 n1:1378
  snapshot f116: 3 venc_ko blocks (pool0 0x73801000 len 0x10000)
src frame 117: srcf=1 off=3780 br=8000
frame 117: send=0x0 get=0x0 len=1379 coding=1 startqp=0 meanqp=0 picbytes=0 pskip=0 nalus=1 n1:1379
  snapshot f117: 3 venc_ko blocks (pool0 0x73801000 len 0x10000)
src frame 118: srcf=2 off=3780 br=8000
frame 118: send=0x0 get=0x0 len=1378 coding=1 startqp=0 meanqp=0 picbytes=0 pskip=0 nalus=1 n1:1378
  snapshot f118: 3 venc_ko blocks (pool0 0x73801000 len 0x10000)
src frame 119: srcf=3 off=3780 br=8000
frame 119: send=0x0 get=0x0 len=1379 coding=1 startqp=0 meanqp=0 picbytes=0 pskip=0 nalus=1 n1:1379
  snapshot f119: 3 venc_ko blocks (pool0 0x73801000 len 0x10000)
src frame 120: srcf=4 off=4320 br=8000
frame 120: send=0x0 get=0x0 len=46570 coding=0 startqp=0 meanqp=0 picbytes=0 pskip=0 nalus=3 n7:32 n8:8 n5:46530
  snapshot f120: 3 venc_ko blocks (pool0 0x73801000 len 0x10000)
src frame 121: srcf=5 off=4320 br=8000
frame 121: send=0x0 get=0x0 len=10814 coding=1 startqp=0 meanqp=0 picbytes=0 pskip=0 nalus=1 n1:10814
  snapshot f121: 3 venc_ko blocks (pool0 0x73801000 len 0x10000)
src frame 122: srcf=6 off=4320 br=8000
frame 122: send=0x0 get=0x0 len=8710 coding=1 startqp=0 meanqp=0 picbytes=0 pskip=0 nalus=1 n1:8710
  snapshot f122: 3 venc_ko blocks (pool0 0x73801000 len 0x10000)
src frame 123: srcf=7 off=4320 br=8000
frame 123: send=0x0 get=0x0 len=8323 coding=1 startqp=0 meanqp=0 picbytes=0 pskip=0 nalus=1 n1:8323
  snapshot f123: 3 venc_ko blocks (pool0 0x73801000 len 0x10000)
src frame 124: srcf=8 off=4320 br=8000
frame 124: send=0x0 get=0x0 len=7922 coding=1 startqp=0 meanqp=0 picbytes=0 pskip=0 nalus=1 n1:7922
  snapshot f124: 3 venc_ko blocks (pool0 0x73801000 len 0x10000)
src frame 125: srcf=9 off=4320 br=8000
frame 125: send=0x0 get=0x0 len=8658 coding=1 startqp=0 meanqp=0 picbytes=0 pskip=0 nalus=1 n1:8658
  snapshot f125: 3 venc_ko blocks (pool0 0x73801000 len 0x10000)
src frame 126: srcf=10 off=4320 br=8000
frame 126: send=0x0 get=0x0 len=8368 coding=1 startqp=0 meanqp=0 picbytes=0 pskip=0 nalus=1 n1:8368
  snapshot f126: 3 venc_ko blocks (pool0 0x73801000 len 0x10000)
src frame 127: srcf=11 off=4320 br=8000
frame 127: send=0x0 get=0x0 len=9369 coding=1 startqp=0 meanqp=0 picbytes=0 pskip=0 nalus=1 n1:9369
  snapshot f127: 3 venc_ko blocks (pool0 0x73801000 len 0x10000)
src frame 128: srcf=12 off=4320 br=8000
frame 128: send=0x0 get=0x0 len=9338 coding=1 startqp=0 meanqp=0 picbytes=0 pskip=0 nalus=1 n1:9338
  snapshot f128: 3 venc_ko blocks (pool0 0x73801000 len 0x10000)
src frame 129: srcf=13 off=4320 br=8000
frame 129: send=0x0 get=0x0 len=3288 coding=1 startqp=0 meanqp=0 picbytes=0 pskip=0 nalus=1 n1:3288
  snapshot f129: 3 venc_ko blocks (pool0 0x73801000 len 0x10000)
src frame 130: srcf=14 off=4320 br=8000
frame 130: send=0x0 get=0x0 len=2128 coding=1 startqp=0 meanqp=0 picbytes=0 pskip=0 nalus=1 n1:2128
  snapshot f130: 3 venc_ko blocks (pool0 0x73801000 len 0x10000)
src frame 131: srcf=15 off=4320 br=8000
frame 131: send=0x0 get=0x0 len=1948 coding=1 startqp=0 meanqp=0 picbytes=0 pskip=0 nalus=1 n1:1948
  snapshot f131: 3 venc_ko blocks (pool0 0x73801000 len 0x10000)
src frame 132: srcf=16 off=4320 br=8000
frame 132: send=0x0 get=0x0 len=1910 coding=1 startqp=0 meanqp=0 picbytes=0 pskip=0 nalus=1 n1:1910
  snapshot f132: 3 venc_ko blocks (pool0 0x73801000 len 0x10000)
src frame 133: srcf=17 off=4320 br=8000
frame 133: send=0x0 get=0x0 len=1936 coding=1 startqp=0 meanqp=0 picbytes=0 pskip=0 nalus=1 n1:1936
  snapshot f133: 3 venc_ko blocks (pool0 0x73801000 len 0x10000)
src frame 134: srcf=18 off=4320 br=8000
frame 134: send=0x0 get=0x0 len=1846 coding=1 startqp=0 meanqp=0 picbytes=0 pskip=0 nalus=1 n1:1846
  snapshot f134: 3 venc_ko blocks (pool0 0x73801000 len 0x10000)
src frame 135: srcf=19 off=4860 br=8000
frame 135: send=0x0 get=0x0 len=52617 coding=1 startqp=0 meanqp=0 picbytes=0 pskip=0 nalus=1 n1:52617
  snapshot f135: 3 venc_ko blocks (pool0 0x73801000 len 0x10000)
src frame 136: srcf=20 off=4860 br=8000
frame 136: send=0x0 get=0x0 len=19089 coding=1 startqp=0 meanqp=0 picbytes=0 pskip=0 nalus=1 n1:19089
  snapshot f136: 3 venc_ko blocks (pool0 0x73801000 len 0x10000)
src frame 137: srcf=21 off=4860 br=8000
frame 137: send=0x0 get=0x0 len=10444 coding=1 startqp=0 meanqp=0 picbytes=0 pskip=0 nalus=1 n1:10444
  snapshot f137: 3 venc_ko blocks (pool0 0x73801000 len 0x10000)
src frame 138: srcf=22 off=4860 br=8000
frame 138: send=0x0 get=0x0 len=3152 coding=1 startqp=0 meanqp=0 picbytes=0 pskip=0 nalus=1 n1:3152
  snapshot f138: 3 venc_ko blocks (pool0 0x73801000 len 0x10000)
src frame 139: srcf=23 off=4860 br=8000
frame 139: send=0x0 get=0x0 len=1860 coding=1 startqp=0 meanqp=0 picbytes=0 pskip=0 nalus=1 n1:1860
  snapshot f139: 3 venc_ko blocks (pool0 0x73801000 len 0x10000)
src frame 140: srcf=24 off=4860 br=8000
frame 140: send=0x0 get=0x0 len=1627 coding=1 startqp=0 meanqp=0 picbytes=0 pskip=0 nalus=1 n1:1627
  snapshot f140: 3 venc_ko blocks (pool0 0x73801000 len 0x10000)
src frame 141: srcf=25 off=4860 br=8000
frame 141: send=0x0 get=0x0 len=1595 coding=1 startqp=0 meanqp=0 picbytes=0 pskip=0 nalus=1 n1:1595
  snapshot f141: 3 venc_ko blocks (pool0 0x73801000 len 0x10000)
src frame 142: srcf=26 off=4860 br=8000
frame 142: send=0x0 get=0x0 len=1594 coding=1 startqp=0 meanqp=0 picbytes=0 pskip=0 nalus=1 n1:1594
  snapshot f142: 3 venc_ko blocks (pool0 0x73801000 len 0x10000)
src frame 143: srcf=27 off=4860 br=8000
frame 143: send=0x0 get=0x0 len=1595 coding=1 startqp=0 meanqp=0 picbytes=0 pskip=0 nalus=1 n1:1595
  snapshot f143: 3 venc_ko blocks (pool0 0x73801000 len 0x10000)
src frame 144: srcf=28 off=4860 br=8000
frame 144: send=0x0 get=0x0 len=1594 coding=1 startqp=0 meanqp=0 picbytes=0 pskip=0 nalus=1 n1:1594
  snapshot f144: 3 venc_ko blocks (pool0 0x73801000 len 0x10000)
src frame 145: srcf=29 off=4860 br=8000
frame 145: send=0x0 get=0x0 len=1595 coding=1 startqp=0 meanqp=0 picbytes=0 pskip=0 nalus=1 n1:1595
  snapshot f145: 3 venc_ko blocks (pool0 0x73801000 len 0x10000)
src frame 146: srcf=28 off=4860 br=8000
frame 146: send=0x0 get=0x0 len=1594 coding=1 startqp=0 meanqp=0 picbytes=0 pskip=0 nalus=1 n1:1594
  snapshot f146: 3 venc_ko blocks (pool0 0x73801000 len 0x10000)
src frame 147: srcf=27 off=4860 br=8000
frame 147: send=0x0 get=0x0 len=1595 coding=1 startqp=0 meanqp=0 picbytes=0 pskip=0 nalus=1 n1:1595
  snapshot f147: 3 venc_ko blocks (pool0 0x73801000 len 0x10000)
src frame 148: srcf=26 off=4860 br=8000
frame 148: send=0x0 get=0x0 len=1594 coding=1 startqp=0 meanqp=0 picbytes=0 pskip=0 nalus=1 n1:1594
  snapshot f148: 3 venc_ko blocks (pool0 0x73801000 len 0x10000)
src frame 149: srcf=25 off=4860 br=8000
frame 149: send=0x0 get=0x0 len=1595 coding=1 startqp=0 meanqp=0 picbytes=0 pskip=0 nalus=1 n1:1595
  snapshot f149: 3 venc_ko blocks (pool0 0x73801000 len 0x10000)
src frame 150: srcf=24 off=5400 br=8000
frame 150: send=0x0 get=0x0 len=51112 coding=0 startqp=0 meanqp=0 picbytes=0 pskip=0 nalus=3 n7:32 n8:8 n5:51072
  snapshot f150: 3 venc_ko blocks (pool0 0x73801000 len 0x10000)
src frame 151: srcf=23 off=5400 br=8000
frame 151: send=0x0 get=0x0 len=12298 coding=1 startqp=0 meanqp=0 picbytes=0 pskip=0 nalus=1 n1:12298
  snapshot f151: 3 venc_ko blocks (pool0 0x73801000 len 0x10000)
src frame 152: srcf=22 off=5400 br=8000
frame 152: send=0x0 get=0x0 len=8499 coding=1 startqp=0 meanqp=0 picbytes=0 pskip=0 nalus=1 n1:8499
  snapshot f152: 3 venc_ko blocks (pool0 0x73801000 len 0x10000)
src frame 153: srcf=21 off=5400 br=8000
frame 153: send=0x0 get=0x0 len=8651 coding=1 startqp=0 meanqp=0 picbytes=0 pskip=0 nalus=1 n1:8651
  snapshot f153: 3 venc_ko blocks (pool0 0x73801000 len 0x10000)
src frame 154: srcf=20 off=5400 br=8000
frame 154: send=0x0 get=0x0 len=8920 coding=1 startqp=0 meanqp=0 picbytes=0 pskip=0 nalus=1 n1:8920
  snapshot f154: 3 venc_ko blocks (pool0 0x73801000 len 0x10000)
src frame 155: srcf=19 off=5400 br=8000
frame 155: send=0x0 get=0x0 len=9340 coding=1 startqp=0 meanqp=0 picbytes=0 pskip=0 nalus=1 n1:9340
  snapshot f155: 3 venc_ko blocks (pool0 0x73801000 len 0x10000)
src frame 156: srcf=18 off=5400 br=8000
frame 156: send=0x0 get=0x0 len=9392 coding=1 startqp=0 meanqp=0 picbytes=0 pskip=0 nalus=1 n1:9392
  snapshot f156: 3 venc_ko blocks (pool0 0x73801000 len 0x10000)
src frame 157: srcf=17 off=5400 br=8000
frame 157: send=0x0 get=0x0 len=3602 coding=1 startqp=0 meanqp=0 picbytes=0 pskip=0 nalus=1 n1:3602
  snapshot f157: 3 venc_ko blocks (pool0 0x73801000 len 0x10000)
src frame 158: srcf=16 off=5400 br=8000
frame 158: send=0x0 get=0x0 len=2432 coding=1 startqp=0 meanqp=0 picbytes=0 pskip=0 nalus=1 n1:2432
  snapshot f158: 3 venc_ko blocks (pool0 0x73801000 len 0x10000)
src frame 159: srcf=15 off=5400 br=8000
frame 159: send=0x0 get=0x0 len=2240 coding=1 startqp=0 meanqp=0 picbytes=0 pskip=0 nalus=1 n1:2240
  snapshot f159: 3 venc_ko blocks (pool0 0x73801000 len 0x10000)
src frame 160: srcf=14 off=5400 br=8000
frame 160: send=0x0 get=0x0 len=2216 coding=1 startqp=0 meanqp=0 picbytes=0 pskip=0 nalus=1 n1:2216
  snapshot f160: 3 venc_ko blocks (pool0 0x73801000 len 0x10000)
src frame 161: srcf=13 off=5400 br=8000
frame 161: send=0x0 get=0x0 len=2204 coding=1 startqp=0 meanqp=0 picbytes=0 pskip=0 nalus=1 n1:2204
  snapshot f161: 3 venc_ko blocks (pool0 0x73801000 len 0x10000)
src frame 162: srcf=12 off=5400 br=8000
frame 162: send=0x0 get=0x0 len=2141 coding=1 startqp=0 meanqp=0 picbytes=0 pskip=0 nalus=1 n1:2141
  snapshot f162: 3 venc_ko blocks (pool0 0x73801000 len 0x10000)
src frame 163: srcf=11 off=5400 br=8000
frame 163: send=0x0 get=0x0 len=2112 coding=1 startqp=0 meanqp=0 picbytes=0 pskip=0 nalus=1 n1:2112
  snapshot f163: 3 venc_ko blocks (pool0 0x73801000 len 0x10000)
src frame 164: srcf=10 off=5400 br=8000
frame 164: send=0x0 get=0x0 len=2097 coding=1 startqp=0 meanqp=0 picbytes=0 pskip=0 nalus=1 n1:2097
  snapshot f164: 3 venc_ko blocks (pool0 0x73801000 len 0x10000)
src frame 165: srcf=9 off=5940 br=8000
frame 165: send=0x0 get=0x0 len=64743 coding=1 startqp=0 meanqp=0 picbytes=0 pskip=0 nalus=1 n1:64743
  snapshot f165: 3 venc_ko blocks (pool0 0x73801000 len 0x10000)
src frame 166: srcf=8 off=5940 br=8000
frame 166: send=0x0 get=0x0 len=11759 coding=1 startqp=0 meanqp=0 picbytes=0 pskip=0 nalus=1 n1:11759
  snapshot f166: 3 venc_ko blocks (pool0 0x73801000 len 0x10000)
src frame 167: srcf=7 off=5940 br=8000
frame 167: send=0x0 get=0x0 len=3035 coding=1 startqp=0 meanqp=0 picbytes=0 pskip=0 nalus=1 n1:3035
  snapshot f167: 3 venc_ko blocks (pool0 0x73801000 len 0x10000)
src frame 168: srcf=6 off=5940 br=8000
frame 168: send=0x0 get=0x0 len=1551 coding=1 startqp=0 meanqp=0 picbytes=0 pskip=0 nalus=1 n1:1551
  snapshot f168: 3 venc_ko blocks (pool0 0x73801000 len 0x10000)
src frame 169: srcf=5 off=5940 br=8000
frame 169: send=0x0 get=0x0 len=1297 coding=1 startqp=0 meanqp=0 picbytes=0 pskip=0 nalus=1 n1:1297
  snapshot f169: 3 venc_ko blocks (pool0 0x73801000 len 0x10000)
src frame 170: srcf=4 off=5940 br=8000
frame 170: send=0x0 get=0x0 len=1254 coding=1 startqp=0 meanqp=0 picbytes=0 pskip=0 nalus=1 n1:1254
  snapshot f170: 3 venc_ko blocks (pool0 0x73801000 len 0x10000)
src frame 171: srcf=3 off=5940 br=8000
frame 171: send=0x0 get=0x0 len=1247 coding=1 startqp=0 meanqp=0 picbytes=0 pskip=0 nalus=1 n1:1247
  snapshot f171: 3 venc_ko blocks (pool0 0x73801000 len 0x10000)
src frame 172: srcf=2 off=5940 br=8000
frame 172: send=0x0 get=0x0 len=1242 coding=1 startqp=0 meanqp=0 picbytes=0 pskip=0 nalus=1 n1:1242
  snapshot f172: 3 venc_ko blocks (pool0 0x73801000 len 0x10000)
src frame 173: srcf=1 off=5940 br=8000
frame 173: send=0x0 get=0x0 len=1243 coding=1 startqp=0 meanqp=0 picbytes=0 pskip=0 nalus=1 n1:1243
  snapshot f173: 3 venc_ko blocks (pool0 0x73801000 len 0x10000)
src frame 174: srcf=0 off=5940 br=8000
frame 174: send=0x0 get=0x0 len=1242 coding=1 startqp=0 meanqp=0 picbytes=0 pskip=0 nalus=1 n1:1242
  snapshot f174: 3 venc_ko blocks (pool0 0x73801000 len 0x10000)
src frame 175: srcf=1 off=5940 br=8000
frame 175: send=0x0 get=0x0 len=1243 coding=1 startqp=0 meanqp=0 picbytes=0 pskip=0 nalus=1 n1:1243
  snapshot f175: 3 venc_ko blocks (pool0 0x73801000 len 0x10000)
src frame 176: srcf=2 off=5940 br=8000
frame 176: send=0x0 get=0x0 len=1242 coding=1 startqp=0 meanqp=0 picbytes=0 pskip=0 nalus=1 n1:1242
  snapshot f176: 3 venc_ko blocks (pool0 0x73801000 len 0x10000)
src frame 177: srcf=3 off=5940 br=8000
frame 177: send=0x0 get=0x0 len=1243 coding=1 startqp=0 meanqp=0 picbytes=0 pskip=0 nalus=1 n1:1243
  snapshot f177: 3 venc_ko blocks (pool0 0x73801000 len 0x10000)
src frame 178: srcf=4 off=5940 br=8000
frame 178: send=0x0 get=0x0 len=1242 coding=1 startqp=0 meanqp=0 picbytes=0 pskip=0 nalus=1 n1:1242
  snapshot f178: 3 venc_ko blocks (pool0 0x73801000 len 0x10000)
src frame 179: srcf=5 off=5940 br=8000
frame 179: send=0x0 get=0x0 len=1243 coding=1 startqp=0 meanqp=0 picbytes=0 pskip=0 nalus=1 n1:1243
  snapshot f179: 3 venc_ko blocks (pool0 0x73801000 len 0x10000)
src frame 180: srcf=6 off=6480 br=8000
frame 180: send=0x0 get=0x0 len=56299 coding=0 startqp=0 meanqp=0 picbytes=0 pskip=0 nalus=3 n7:32 n8:8 n5:56259
  snapshot f180: 3 venc_ko blocks (pool0 0x73801000 len 0x10000)
src frame 181: srcf=7 off=6480 br=8000
frame 181: send=0x0 get=0x0 len=11131 coding=1 startqp=0 meanqp=0 picbytes=0 pskip=0 nalus=1 n1:11131
  snapshot f181: 3 venc_ko blocks (pool0 0x73801000 len 0x10000)
src frame 182: srcf=8 off=6480 br=8000
frame 182: send=0x0 get=0x0 len=9543 coding=1 startqp=0 meanqp=0 picbytes=0 pskip=0 nalus=1 n1:9543
  snapshot f182: 3 venc_ko blocks (pool0 0x73801000 len 0x10000)
src frame 183: srcf=9 off=6480 br=8000
frame 183: send=0x0 get=0x0 len=8706 coding=1 startqp=0 meanqp=0 picbytes=0 pskip=0 nalus=1 n1:8706
  snapshot f183: 3 venc_ko blocks (pool0 0x73801000 len 0x10000)
src frame 184: srcf=10 off=6480 br=8000
frame 184: send=0x0 get=0x0 len=9204 coding=1 startqp=0 meanqp=0 picbytes=0 pskip=0 nalus=1 n1:9204
  snapshot f184: 3 venc_ko blocks (pool0 0x73801000 len 0x10000)
src frame 185: srcf=11 off=6480 br=8000
frame 185: send=0x0 get=0x0 len=3299 coding=1 startqp=0 meanqp=0 picbytes=0 pskip=0 nalus=1 n1:3299
  snapshot f185: 3 venc_ko blocks (pool0 0x73801000 len 0x10000)
src frame 186: srcf=12 off=6480 br=8000
frame 186: send=0x0 get=0x0 len=2210 coding=1 startqp=0 meanqp=0 picbytes=0 pskip=0 nalus=1 n1:2210
  snapshot f186: 3 venc_ko blocks (pool0 0x73801000 len 0x10000)
src frame 187: srcf=13 off=6480 br=8000
frame 187: send=0x0 get=0x0 len=1988 coding=1 startqp=0 meanqp=0 picbytes=0 pskip=0 nalus=1 n1:1988
  snapshot f187: 3 venc_ko blocks (pool0 0x73801000 len 0x10000)
src frame 188: srcf=14 off=6480 br=8000
frame 188: send=0x0 get=0x0 len=1954 coding=1 startqp=0 meanqp=0 picbytes=0 pskip=0 nalus=1 n1:1954
  snapshot f188: 3 venc_ko blocks (pool0 0x73801000 len 0x10000)
src frame 189: srcf=15 off=6480 br=8000
frame 189: send=0x0 get=0x0 len=2017 coding=1 startqp=0 meanqp=0 picbytes=0 pskip=0 nalus=1 n1:2017
  snapshot f189: 3 venc_ko blocks (pool0 0x73801000 len 0x10000)
src frame 190: srcf=16 off=6480 br=8000
frame 190: send=0x0 get=0x0 len=1921 coding=1 startqp=0 meanqp=0 picbytes=0 pskip=0 nalus=1 n1:1921
  snapshot f190: 3 venc_ko blocks (pool0 0x73801000 len 0x10000)
src frame 191: srcf=17 off=6480 br=8000
frame 191: send=0x0 get=0x0 len=1919 coding=1 startqp=0 meanqp=0 picbytes=0 pskip=0 nalus=1 n1:1919
  snapshot f191: 3 venc_ko blocks (pool0 0x73801000 len 0x10000)
src frame 192: srcf=18 off=6480 br=8000
frame 192: send=0x0 get=0x0 len=1883 coding=1 startqp=0 meanqp=0 picbytes=0 pskip=0 nalus=1 n1:1883
  snapshot f192: 3 venc_ko blocks (pool0 0x73801000 len 0x10000)
src frame 193: srcf=19 off=6480 br=8000
frame 193: send=0x0 get=0x0 len=1866 coding=1 startqp=0 meanqp=0 picbytes=0 pskip=0 nalus=1 n1:1866
  snapshot f193: 3 venc_ko blocks (pool0 0x73801000 len 0x10000)
src frame 194: srcf=20 off=6480 br=8000
frame 194: send=0x0 get=0x0 len=1778 coding=1 startqp=0 meanqp=0 picbytes=0 pskip=0 nalus=1 n1:1778
  snapshot f194: 3 venc_ko blocks (pool0 0x73801000 len 0x10000)
src frame 195: srcf=21 off=7020 br=8000
frame 195: send=0x0 get=0x0 len=60011 coding=1 startqp=0 meanqp=0 picbytes=0 pskip=0 nalus=1 n1:60011
  snapshot f195: 3 venc_ko blocks (pool0 0x73801000 len 0x10000)
src frame 196: srcf=22 off=7020 br=8000
frame 196: send=0x0 get=0x0 len=15742 coding=1 startqp=0 meanqp=0 picbytes=0 pskip=0 nalus=1 n1:15742
  snapshot f196: 3 venc_ko blocks (pool0 0x73801000 len 0x10000)
src frame 197: srcf=23 off=7020 br=8000
frame 197: send=0x0 get=0x0 len=4979 coding=1 startqp=0 meanqp=0 picbytes=0 pskip=0 nalus=1 n1:4979
  snapshot f197: 3 venc_ko blocks (pool0 0x73801000 len 0x10000)
src frame 198: srcf=24 off=7020 br=8000
frame 198: send=0x0 get=0x0 len=2118 coding=1 startqp=0 meanqp=0 picbytes=0 pskip=0 nalus=1 n1:2118
  snapshot f198: 3 venc_ko blocks (pool0 0x73801000 len 0x10000)
src frame 199: srcf=25 off=7020 br=8000
frame 199: send=0x0 get=0x0 len=1569 coding=1 startqp=0 meanqp=0 picbytes=0 pskip=0 nalus=1 n1:1569
  snapshot f199: 3 venc_ko blocks (pool0 0x73801000 len 0x10000)
src frame 200: srcf=26 off=7020 br=8000
frame 200: send=0x0 get=0x0 len=1489 coding=1 startqp=0 meanqp=0 picbytes=0 pskip=0 nalus=1 n1:1489
  snapshot f200: 3 venc_ko blocks (pool0 0x73801000 len 0x10000)
src frame 201: srcf=27 off=7020 br=8000
frame 201: send=0x0 get=0x0 len=1485 coding=1 startqp=0 meanqp=0 picbytes=0 pskip=0 nalus=1 n1:1485
  snapshot f201: 3 venc_ko blocks (pool0 0x73801000 len 0x10000)
src frame 202: srcf=28 off=7020 br=8000
frame 202: send=0x0 get=0x0 len=1484 coding=1 startqp=0 meanqp=0 picbytes=0 pskip=0 nalus=1 n1:1484
  snapshot f202: 3 venc_ko blocks (pool0 0x73801000 len 0x10000)
src frame 203: srcf=29 off=7020 br=8000
frame 203: send=0x0 get=0x0 len=1485 coding=1 startqp=0 meanqp=0 picbytes=0 pskip=0 nalus=1 n1:1485
  snapshot f203: 3 venc_ko blocks (pool0 0x73801000 len 0x10000)
src frame 204: srcf=28 off=7020 br=8000
frame 204: send=0x0 get=0x0 len=1484 coding=1 startqp=0 meanqp=0 picbytes=0 pskip=0 nalus=1 n1:1484
  snapshot f204: 3 venc_ko blocks (pool0 0x73801000 len 0x10000)
src frame 205: srcf=27 off=7020 br=8000
frame 205: send=0x0 get=0x0 len=1485 coding=1 startqp=0 meanqp=0 picbytes=0 pskip=0 nalus=1 n1:1485
  snapshot f205: 3 venc_ko blocks (pool0 0x73801000 len 0x10000)
src frame 206: srcf=26 off=7020 br=8000
frame 206: send=0x0 get=0x0 len=1484 coding=1 startqp=0 meanqp=0 picbytes=0 pskip=0 nalus=1 n1:1484
  snapshot f206: 3 venc_ko blocks (pool0 0x73801000 len 0x10000)
src frame 207: srcf=25 off=7020 br=8000
frame 207: send=0x0 get=0x0 len=1485 coding=1 startqp=0 meanqp=0 picbytes=0 pskip=0 nalus=1 n1:1485
  snapshot f207: 3 venc_ko blocks (pool0 0x73801000 len 0x10000)
src frame 208: srcf=24 off=7020 br=8000
frame 208: send=0x0 get=0x0 len=1484 coding=1 startqp=0 meanqp=0 picbytes=0 pskip=0 nalus=1 n1:1484
  snapshot f208: 3 venc_ko blocks (pool0 0x73801000 len 0x10000)
src frame 209: srcf=23 off=7020 br=8000
frame 209: send=0x0 get=0x0 len=1485 coding=1 startqp=0 meanqp=0 picbytes=0 pskip=0 nalus=1 n1:1485
  snapshot f209: 3 venc_ko blocks (pool0 0x73801000 len 0x10000)
src frame 210: srcf=22 off=7560 br=8000
frame 210: send=0x0 get=0x0 len=60896 coding=0 startqp=0 meanqp=0 picbytes=0 pskip=0 nalus=3 n7:32 n8:8 n5:60856
  snapshot f210: 3 venc_ko blocks (pool0 0x73801000 len 0x10000)
src frame 211: srcf=21 off=7560 br=8000
frame 211: send=0x0 get=0x0 len=13409 coding=1 startqp=0 meanqp=0 picbytes=0 pskip=0 nalus=1 n1:13409
  snapshot f211: 3 venc_ko blocks (pool0 0x73801000 len 0x10000)
src frame 212: srcf=20 off=7560 br=8000
frame 212: send=0x0 get=0x0 len=9771 coding=1 startqp=0 meanqp=0 picbytes=0 pskip=0 nalus=1 n1:9771
  snapshot f212: 3 venc_ko blocks (pool0 0x73801000 len 0x10000)
src frame 213: srcf=19 off=7560 br=8000
frame 213: send=0x0 get=0x0 len=3579 coding=1 startqp=0 meanqp=0 picbytes=0 pskip=0 nalus=1 n1:3579
  snapshot f213: 3 venc_ko blocks (pool0 0x73801000 len 0x10000)
src frame 214: srcf=18 off=7560 br=8000
frame 214: send=0x0 get=0x0 len=2170 coding=1 startqp=0 meanqp=0 picbytes=0 pskip=0 nalus=1 n1:2170
  snapshot f214: 3 venc_ko blocks (pool0 0x73801000 len 0x10000)
src frame 215: srcf=17 off=7560 br=8000
frame 215: send=0x0 get=0x0 len=1929 coding=1 startqp=0 meanqp=0 picbytes=0 pskip=0 nalus=1 n1:1929
  snapshot f215: 3 venc_ko blocks (pool0 0x73801000 len 0x10000)
src frame 216: srcf=16 off=7560 br=8000
frame 216: send=0x0 get=0x0 len=1905 coding=1 startqp=0 meanqp=0 picbytes=0 pskip=0 nalus=1 n1:1905
  snapshot f216: 3 venc_ko blocks (pool0 0x73801000 len 0x10000)
src frame 217: srcf=15 off=7560 br=8000
frame 217: send=0x0 get=0x0 len=1948 coding=1 startqp=0 meanqp=0 picbytes=0 pskip=0 nalus=1 n1:1948
  snapshot f217: 3 venc_ko blocks (pool0 0x73801000 len 0x10000)
src frame 218: srcf=14 off=7560 br=8000
frame 218: send=0x0 get=0x0 len=1858 coding=1 startqp=0 meanqp=0 picbytes=0 pskip=0 nalus=1 n1:1858
  snapshot f218: 3 venc_ko blocks (pool0 0x73801000 len 0x10000)
src frame 219: srcf=13 off=7560 br=8000
frame 219: send=0x0 get=0x0 len=1902 coding=1 startqp=0 meanqp=0 picbytes=0 pskip=0 nalus=1 n1:1902
  snapshot f219: 3 venc_ko blocks (pool0 0x73801000 len 0x10000)
src frame 220: srcf=12 off=7560 br=8000
frame 220: send=0x0 get=0x0 len=1899 coding=1 startqp=0 meanqp=0 picbytes=0 pskip=0 nalus=1 n1:1899
  snapshot f220: 3 venc_ko blocks (pool0 0x73801000 len 0x10000)
src frame 221: srcf=11 off=7560 br=8000
frame 221: send=0x0 get=0x0 len=1878 coding=1 startqp=0 meanqp=0 picbytes=0 pskip=0 nalus=1 n1:1878
  snapshot f221: 3 venc_ko blocks (pool0 0x73801000 len 0x10000)
src frame 222: srcf=10 off=7560 br=8000
frame 222: send=0x0 get=0x0 len=1846 coding=1 startqp=0 meanqp=0 picbytes=0 pskip=0 nalus=1 n1:1846
  snapshot f222: 3 venc_ko blocks (pool0 0x73801000 len 0x10000)
src frame 223: srcf=9 off=7560 br=8000
frame 223: send=0x0 get=0x0 len=1797 coding=1 startqp=0 meanqp=0 picbytes=0 pskip=0 nalus=1 n1:1797
  snapshot f223: 3 venc_ko blocks (pool0 0x73801000 len 0x10000)
src frame 224: srcf=8 off=7560 br=8000
frame 224: send=0x0 get=0x0 len=1784 coding=1 startqp=0 meanqp=0 picbytes=0 pskip=0 nalus=1 n1:1784
  snapshot f224: 3 venc_ko blocks (pool0 0x73801000 len 0x10000)
src frame 225: srcf=7 off=8100 br=8000
frame 225: send=0x0 get=0x0 len=68251 coding=1 startqp=0 meanqp=0 picbytes=0 pskip=0 nalus=1 n1:68251
  snapshot f225: 3 venc_ko blocks (pool0 0x73801000 len 0x10000)
src frame 226: srcf=6 off=8100 br=8000
frame 226: send=0x0 get=0x0 len=7910 coding=1 startqp=0 meanqp=0 picbytes=0 pskip=0 nalus=1 n1:7910
  snapshot f226: 3 venc_ko blocks (pool0 0x73801000 len 0x10000)
src frame 227: srcf=5 off=8100 br=8000
frame 227: send=0x0 get=0x0 len=2377 coding=1 startqp=0 meanqp=0 picbytes=0 pskip=0 nalus=1 n1:2377
  snapshot f227: 3 venc_ko blocks (pool0 0x73801000 len 0x10000)
src frame 228: srcf=4 off=8100 br=8000
frame 228: send=0x0 get=0x0 len=1437 coding=1 startqp=0 meanqp=0 picbytes=0 pskip=0 nalus=1 n1:1437
  snapshot f228: 3 venc_ko blocks (pool0 0x73801000 len 0x10000)
src frame 229: srcf=3 off=8100 br=8000
frame 229: send=0x0 get=0x0 len=1244 coding=1 startqp=0 meanqp=0 picbytes=0 pskip=0 nalus=1 n1:1244
  snapshot f229: 3 venc_ko blocks (pool0 0x73801000 len 0x10000)
src frame 230: srcf=2 off=8100 br=8000
frame 230: send=0x0 get=0x0 len=1226 coding=1 startqp=0 meanqp=0 picbytes=0 pskip=0 nalus=1 n1:1226
  snapshot f230: 3 venc_ko blocks (pool0 0x73801000 len 0x10000)
src frame 231: srcf=1 off=8100 br=8000
frame 231: send=0x0 get=0x0 len=1231 coding=1 startqp=0 meanqp=0 picbytes=0 pskip=0 nalus=1 n1:1231
  snapshot f231: 3 venc_ko blocks (pool0 0x73801000 len 0x10000)
src frame 232: srcf=0 off=8100 br=8000
frame 232: send=0x0 get=0x0 len=1226 coding=1 startqp=0 meanqp=0 picbytes=0 pskip=0 nalus=1 n1:1226
  snapshot f232: 3 venc_ko blocks (pool0 0x73801000 len 0x10000)
src frame 233: srcf=1 off=8100 br=8000
frame 233: send=0x0 get=0x0 len=1231 coding=1 startqp=0 meanqp=0 picbytes=0 pskip=0 nalus=1 n1:1231
  snapshot f233: 3 venc_ko blocks (pool0 0x73801000 len 0x10000)
src frame 234: srcf=2 off=8100 br=8000
frame 234: send=0x0 get=0x0 len=1226 coding=1 startqp=0 meanqp=0 picbytes=0 pskip=0 nalus=1 n1:1226
  snapshot f234: 3 venc_ko blocks (pool0 0x73801000 len 0x10000)
src frame 235: srcf=3 off=8100 br=8000
frame 235: send=0x0 get=0x0 len=1231 coding=1 startqp=0 meanqp=0 picbytes=0 pskip=0 nalus=1 n1:1231
  snapshot f235: 3 venc_ko blocks (pool0 0x73801000 len 0x10000)
src frame 236: srcf=4 off=8100 br=8000
frame 236: send=0x0 get=0x0 len=1226 coding=1 startqp=0 meanqp=0 picbytes=0 pskip=0 nalus=1 n1:1226
  snapshot f236: 3 venc_ko blocks (pool0 0x73801000 len 0x10000)
src frame 237: srcf=5 off=8100 br=8000
frame 237: send=0x0 get=0x0 len=1231 coding=1 startqp=0 meanqp=0 picbytes=0 pskip=0 nalus=1 n1:1231
  snapshot f237: 3 venc_ko blocks (pool0 0x73801000 len 0x10000)
src frame 238: srcf=6 off=8100 br=8000
frame 238: send=0x0 get=0x0 len=1226 coding=1 startqp=0 meanqp=0 picbytes=0 pskip=0 nalus=1 n1:1226
  snapshot f238: 3 venc_ko blocks (pool0 0x73801000 len 0x10000)
src frame 239: srcf=7 off=8100 br=8000
frame 239: send=0x0 get=0x0 len=1231 coding=1 startqp=0 meanqp=0 picbytes=0 pskip=0 nalus=1 n1:1231
  snapshot f239: 3 venc_ko blocks (pool0 0x73801000 len 0x10000)
---- /proc/ax_proc/venc ----
-------- VENC VERSION ------------------------
[Axera version]: ax_venc V3.0.0_20250319114413 Mar 19 2025 11:58:34 JK

-------- MODULE PARAM ------------------------
MaxChnNum   MaxRoiNum   MaxProcNum  
16          8           16          

-------- VENC CHN ATTR 1 ------------------------
ID    Type    wSrc    hSrc    Strd0   Strd1   maxW    maxH    PixFmt  link  InFifoDep    OutFifoDep   InDbgFifoLen InDbgFifoDep StrmBufSize(KB)
7     h264    1920    1080    3840    0       1920    1080    YUYV422 N     2            2            0            4            4114      
-------- VENC CHN ATTR 2 ------------------------
ID    [CropEn StartX  StartY  CropW   CropH]  Rotation  EncW    EncH    FrmSize      PTS          SeqNum       CompMode     CompLevel    PhyAddr0     PhyAddr1     PhyAddr2     
7     N       0       0       0       0       0         1920    1080    4147200      3833333      231          NONE         0            742d1000     0            0            
-------- VENC RC ATTR 1 ------------------------
ID    RcMode    SrcFr   DstFr   Br(kbps)  MinQp   MaxQp   MinIQp  MaxIQp  IQpDelta  IpropMax   IpropMin   StartQp    QpDltRng   DeBrQpDlt  SvcEn   ChgPos  StillPercent MaxStillQp 
7     CBR       60.00   60.00   8000      10      51      10      51      0         40         10         -1         2          0          False   -       -            -          
-------- VENC RC ATTR 2  -----------------------
ID    QMapQpType  QMapUnit    QMapBlkType IQp   PQp   MinQpDelta MaxQpDelta MaxBitRate shtStaTime ltStaTime  ltMinBr  ltMaxBr  Br_ST(kbps)    Br_LT(kbps)    
7     N/A         64x64       N/A         -     -     -          -          -          -          -          -        -        -              -              
-------- VENC GOP ATTR  ------------------------
ID    GopMode   Gop   GopVI 
7     NormalP   30    0     
-------- VENC STATUS 1 -------------------------
ID    RJEn         RJThr(bps)   RJMode       RJEncGaps    SupFrmEn     SupPri       SupThrI      SupThrP      SplitEn      SliceNum     Range(In)    Range(out)   
7     N            0            Normal       0            N            0            500000       500000       N            0            Full         Full         
-------- VENC STATUS 2 -------------------------
ID    ChnStat   FrmRecv   FrmRls    FrmEnc    FrmDrop   FrmDup    EncFail   MissMatch StrmGet   StrmRls   OutFps    RealBr    ReEncCnt  DropCnt   BlkFail   GrpID     PID     TID     ThNum   RefInc    RefDec    Fail1   Fail2   Fail3   Fail4   
7     STARTED   232       231       231       0         0         0         0         231       231       50.00     2708.58   0         0         0         -1        130491  130495  1       232       231       0       0       0       0       
-------- VENC HW STATUS  ------------------------
ID    OverFlow     TimeOut      
7     0            0            
-------- VENC ROI INFO  ------------------------
ID    Index        bEnable      bAbsQp       RoiQP        Width        Height       StartX       StartY       
done h264_jump15_cbr8000
