# vdrive tag=h264_jump1_cbr8000 codec=h264 1920x1080 rc=cbr br=8000 fps=60/60 gop=30 gopmode=normalp ltrint=0 ltrqpo=0 iqp=32 pqp=32 profile=10 level=51 tier=0 qp[10..51] iqp[10..51] iqd=0 firstqp=-1 iprop[10..40] idrrange=2 stattime=1 vq=0 ir=0/0 slice=0 debreath=0 scd=-1 rowqpd=-1 vui=-1 move=0 nframes=240
src=/root/rc65/clips/static.yuyv frames=30 loop=pingpong motion=jump mstep=1 window=0..-1
AX_SYS_Init rc=0x0
AX_VENC_Init rc=0x0
AX_VENC_CreateChn(7) rc=0x0
StartRecvFrame rc=0x0
AX_POOL_CreatePool id=0x0
blk=0x5e000000 phys=0x742d1000 virt=0xffffa6fa5000
frame: modid=0x11 stride=1920 fmt=0xd
  snapshot pre: 3 venc_ko blocks (pool0 0x73801000 len 0x10000)
src frame 0: srcf=0 off=0 br=8000
frame 0: send=0x0 get=0x0 len=30842 coding=0 startqp=0 meanqp=0 picbytes=0 pskip=0 nalus=3 n7:32 n8:8 n5:30802
  snapshot f000: 3 venc_ko blocks (pool0 0x73801000 len 0x10000)
src frame 1: srcf=1 off=540 br=8000
frame 1: send=0x0 get=0x0 len=18817 coding=1 startqp=0 meanqp=0 picbytes=0 pskip=0 nalus=1 n1:18817
  snapshot f001: 3 venc_ko blocks (pool0 0x73801000 len 0x10000)
src frame 2: srcf=2 off=1080 br=8000
frame 2: send=0x0 get=0x0 len=13123 coding=1 startqp=0 meanqp=0 picbytes=0 pskip=0 nalus=1 n1:13123
  snapshot f002: 3 venc_ko blocks (pool0 0x73801000 len 0x10000)
src frame 3: srcf=3 off=1620 br=8000
frame 3: send=0x0 get=0x0 len=18617 coding=1 startqp=0 meanqp=0 picbytes=0 pskip=0 nalus=1 n1:18617
  snapshot f003: 3 venc_ko blocks (pool0 0x73801000 len 0x10000)
src frame 4: srcf=4 off=2160 br=8000
frame 4: send=0x0 get=0x0 len=14355 coding=1 startqp=0 meanqp=0 picbytes=0 pskip=0 nalus=1 n1:14355
  snapshot f004: 3 venc_ko blocks (pool0 0x73801000 len 0x10000)
src frame 5: srcf=5 off=2700 br=8000
frame 5: send=0x0 get=0x0 len=18399 coding=1 startqp=0 meanqp=0 picbytes=0 pskip=0 nalus=1 n1:18399
  snapshot f005: 3 venc_ko blocks (pool0 0x73801000 len 0x10000)
src frame 6: srcf=6 off=3240 br=8000
frame 6: send=0x0 get=0x0 len=12130 coding=1 startqp=0 meanqp=0 picbytes=0 pskip=0 nalus=1 n1:12130
  snapshot f006: 3 venc_ko blocks (pool0 0x73801000 len 0x10000)
src frame 7: srcf=7 off=3780 br=8000
frame 7: send=0x0 get=0x0 len=18590 coding=1 startqp=0 meanqp=0 picbytes=0 pskip=0 nalus=1 n1:18590
  snapshot f007: 3 venc_ko blocks (pool0 0x73801000 len 0x10000)
src frame 8: srcf=8 off=4320 br=8000
frame 8: send=0x0 get=0x0 len=12360 coding=1 startqp=0 meanqp=0 picbytes=0 pskip=0 nalus=1 n1:12360
  snapshot f008: 3 venc_ko blocks (pool0 0x73801000 len 0x10000)
src frame 9: srcf=9 off=4860 br=8000
frame 9: send=0x0 get=0x0 len=18035 coding=1 startqp=0 meanqp=0 picbytes=0 pskip=0 nalus=1 n1:18035
  snapshot f009: 3 venc_ko blocks (pool0 0x73801000 len 0x10000)
src frame 10: srcf=10 off=5400 br=8000
frame 10: send=0x0 get=0x0 len=12363 coding=1 startqp=0 meanqp=0 picbytes=0 pskip=0 nalus=1 n1:12363
  snapshot f010: 3 venc_ko blocks (pool0 0x73801000 len 0x10000)
src frame 11: srcf=11 off=5940 br=8000
frame 11: send=0x0 get=0x0 len=18449 coding=1 startqp=0 meanqp=0 picbytes=0 pskip=0 nalus=1 n1:18449
  snapshot f011: 3 venc_ko blocks (pool0 0x73801000 len 0x10000)
src frame 12: srcf=12 off=6480 br=8000
frame 12: send=0x0 get=0x0 len=12271 coding=1 startqp=0 meanqp=0 picbytes=0 pskip=0 nalus=1 n1:12271
  snapshot f012: 3 venc_ko blocks (pool0 0x73801000 len 0x10000)
src frame 13: srcf=13 off=7020 br=8000
frame 13: send=0x0 get=0x0 len=18661 coding=1 startqp=0 meanqp=0 picbytes=0 pskip=0 nalus=1 n1:18661
  snapshot f013: 3 venc_ko blocks (pool0 0x73801000 len 0x10000)
src frame 14: srcf=14 off=7560 br=8000
frame 14: send=0x0 get=0x0 len=12743 coding=1 startqp=0 meanqp=0 picbytes=0 pskip=0 nalus=1 n1:12743
  snapshot f014: 3 venc_ko blocks (pool0 0x73801000 len 0x10000)
src frame 15: srcf=15 off=8100 br=8000
frame 15: send=0x0 get=0x0 len=18525 coding=1 startqp=0 meanqp=0 picbytes=0 pskip=0 nalus=1 n1:18525
  snapshot f015: 3 venc_ko blocks (pool0 0x73801000 len 0x10000)
src frame 16: srcf=16 off=8640 br=8000
frame 16: send=0x0 get=0x0 len=12405 coding=1 startqp=0 meanqp=0 picbytes=0 pskip=0 nalus=1 n1:12405
  snapshot f016: 3 venc_ko blocks (pool0 0x73801000 len 0x10000)
src frame 17: srcf=17 off=9180 br=8000
frame 17: send=0x0 get=0x0 len=18600 coding=1 startqp=0 meanqp=0 picbytes=0 pskip=0 nalus=1 n1:18600
  snapshot f017: 3 venc_ko blocks (pool0 0x73801000 len 0x10000)
src frame 18: srcf=18 off=9720 br=8000
frame 18: send=0x0 get=0x0 len=12741 coding=1 startqp=0 meanqp=0 picbytes=0 pskip=0 nalus=1 n1:12741
  snapshot f018: 3 venc_ko blocks (pool0 0x73801000 len 0x10000)
src frame 19: srcf=19 off=10260 br=8000
frame 19: send=0x0 get=0x0 len=18637 coding=1 startqp=0 meanqp=0 picbytes=0 pskip=0 nalus=1 n1:18637
  snapshot f019: 3 venc_ko blocks (pool0 0x73801000 len 0x10000)
src frame 20: srcf=20 off=10800 br=8000
frame 20: send=0x0 get=0x0 len=12069 coding=1 startqp=0 meanqp=0 picbytes=0 pskip=0 nalus=1 n1:12069
  snapshot f020: 3 venc_ko blocks (pool0 0x73801000 len 0x10000)
src frame 21: srcf=21 off=11340 br=8000
frame 21: send=0x0 get=0x0 len=18691 coding=1 startqp=0 meanqp=0 picbytes=0 pskip=0 nalus=1 n1:18691
  snapshot f021: 3 venc_ko blocks (pool0 0x73801000 len 0x10000)
src frame 22: srcf=22 off=11880 br=8000
frame 22: send=0x0 get=0x0 len=12435 coding=1 startqp=0 meanqp=0 picbytes=0 pskip=0 nalus=1 n1:12435
  snapshot f022: 3 venc_ko blocks (pool0 0x73801000 len 0x10000)
src frame 23: srcf=23 off=12420 br=8000
frame 23: send=0x0 get=0x0 len=18834 coding=1 startqp=0 meanqp=0 picbytes=0 pskip=0 nalus=1 n1:18834
  snapshot f023: 3 venc_ko blocks (pool0 0x73801000 len 0x10000)
src frame 24: srcf=24 off=12960 br=8000
frame 24: send=0x0 get=0x0 len=13006 coding=1 startqp=0 meanqp=0 picbytes=0 pskip=0 nalus=1 n1:13006
  snapshot f024: 3 venc_ko blocks (pool0 0x73801000 len 0x10000)
src frame 25: srcf=25 off=13500 br=8000
frame 25: send=0x0 get=0x0 len=18769 coding=1 startqp=0 meanqp=0 picbytes=0 pskip=0 nalus=1 n1:18769
  snapshot f025: 3 venc_ko blocks (pool0 0x73801000 len 0x10000)
src frame 26: srcf=26 off=14040 br=8000
frame 26: send=0x0 get=0x0 len=12176 coding=1 startqp=0 meanqp=0 picbytes=0 pskip=0 nalus=1 n1:12176
  snapshot f026: 3 venc_ko blocks (pool0 0x73801000 len 0x10000)
src frame 27: srcf=27 off=14580 br=8000
frame 27: send=0x0 get=0x0 len=18622 coding=1 startqp=0 meanqp=0 picbytes=0 pskip=0 nalus=1 n1:18622
  snapshot f027: 3 venc_ko blocks (pool0 0x73801000 len 0x10000)
src frame 28: srcf=28 off=15120 br=8000
frame 28: send=0x0 get=0x0 len=12762 coding=1 startqp=0 meanqp=0 picbytes=0 pskip=0 nalus=1 n1:12762
  snapshot f028: 3 venc_ko blocks (pool0 0x73801000 len 0x10000)
src frame 29: srcf=29 off=15660 br=8000
frame 29: send=0x0 get=0x0 len=18601 coding=1 startqp=0 meanqp=0 picbytes=0 pskip=0 nalus=1 n1:18601
  snapshot f029: 3 venc_ko blocks (pool0 0x73801000 len 0x10000)
src frame 30: srcf=28 off=16200 br=8000
frame 30: send=0x0 get=0x0 len=30850 coding=0 startqp=0 meanqp=0 picbytes=0 pskip=0 nalus=3 n7:32 n8:8 n5:30810
  snapshot f030: 3 venc_ko blocks (pool0 0x73801000 len 0x10000)
src frame 31: srcf=27 off=16740 br=8000
frame 31: send=0x0 get=0x0 len=19669 coding=1 startqp=0 meanqp=0 picbytes=0 pskip=0 nalus=1 n1:19669
  snapshot f031: 3 venc_ko blocks (pool0 0x73801000 len 0x10000)
src frame 32: srcf=26 off=17280 br=8000
frame 32: send=0x0 get=0x0 len=13374 coding=1 startqp=0 meanqp=0 picbytes=0 pskip=0 nalus=1 n1:13374
  snapshot f032: 3 venc_ko blocks (pool0 0x73801000 len 0x10000)
src frame 33: srcf=25 off=17820 br=8000
frame 33: send=0x0 get=0x0 len=18539 coding=1 startqp=0 meanqp=0 picbytes=0 pskip=0 nalus=1 n1:18539
  snapshot f033: 3 venc_ko blocks (pool0 0x73801000 len 0x10000)
src frame 34: srcf=24 off=18360 br=8000
frame 34: send=0x0 get=0x0 len=13101 coding=1 startqp=0 meanqp=0 picbytes=0 pskip=0 nalus=1 n1:13101
  snapshot f034: 3 venc_ko blocks (pool0 0x73801000 len 0x10000)
src frame 35: srcf=23 off=18900 br=8000
frame 35: send=0x0 get=0x0 len=18818 coding=1 startqp=0 meanqp=0 picbytes=0 pskip=0 nalus=1 n1:18818
  snapshot f035: 3 venc_ko blocks (pool0 0x73801000 len 0x10000)
src frame 36: srcf=22 off=19440 br=8000
frame 36: send=0x0 get=0x0 len=12960 coding=1 startqp=0 meanqp=0 picbytes=0 pskip=0 nalus=1 n1:12960
  snapshot f036: 3 venc_ko blocks (pool0 0x73801000 len 0x10000)
src frame 37: srcf=21 off=19980 br=8000
frame 37: send=0x0 get=0x0 len=18717 coding=1 startqp=0 meanqp=0 picbytes=0 pskip=0 nalus=1 n1:18717
  snapshot f037: 3 venc_ko blocks (pool0 0x73801000 len 0x10000)
src frame 38: srcf=20 off=20520 br=8000
frame 38: send=0x0 get=0x0 len=12423 coding=1 startqp=0 meanqp=0 picbytes=0 pskip=0 nalus=1 n1:12423
  snapshot f038: 3 venc_ko blocks (pool0 0x73801000 len 0x10000)
src frame 39: srcf=19 off=21060 br=8000
frame 39: send=0x0 get=0x0 len=18610 coding=1 startqp=0 meanqp=0 picbytes=0 pskip=0 nalus=1 n1:18610
  snapshot f039: 3 venc_ko blocks (pool0 0x73801000 len 0x10000)
src frame 40: srcf=18 off=21600 br=8000
frame 40: send=0x0 get=0x0 len=12464 coding=1 startqp=0 meanqp=0 picbytes=0 pskip=0 nalus=1 n1:12464
  snapshot f040: 3 venc_ko blocks (pool0 0x73801000 len 0x10000)
src frame 41: srcf=17 off=22140 br=8000
frame 41: send=0x0 get=0x0 len=18919 coding=1 startqp=0 meanqp=0 picbytes=0 pskip=0 nalus=1 n1:18919
  snapshot f041: 3 venc_ko blocks (pool0 0x73801000 len 0x10000)
src frame 42: srcf=16 off=22680 br=8000
frame 42: send=0x0 get=0x0 len=13438 coding=1 startqp=0 meanqp=0 picbytes=0 pskip=0 nalus=1 n1:13438
  snapshot f042: 3 venc_ko blocks (pool0 0x73801000 len 0x10000)
src frame 43: srcf=15 off=23220 br=8000
frame 43: send=0x0 get=0x0 len=18683 coding=1 startqp=0 meanqp=0 picbytes=0 pskip=0 nalus=1 n1:18683
  snapshot f043: 3 venc_ko blocks (pool0 0x73801000 len 0x10000)
src frame 44: srcf=14 off=23760 br=8000
frame 44: send=0x0 get=0x0 len=13304 coding=1 startqp=0 meanqp=0 picbytes=0 pskip=0 nalus=1 n1:13304
  snapshot f044: 3 venc_ko blocks (pool0 0x73801000 len 0x10000)
src frame 45: srcf=13 off=24300 br=8000
frame 45: send=0x0 get=0x0 len=20220 coding=1 startqp=0 meanqp=0 picbytes=0 pskip=0 nalus=1 n1:20220
  snapshot f045: 3 venc_ko blocks (pool0 0x73801000 len 0x10000)
src frame 46: srcf=12 off=24840 br=8000
frame 46: send=0x0 get=0x0 len=14551 coding=1 startqp=0 meanqp=0 picbytes=0 pskip=0 nalus=1 n1:14551
  snapshot f046: 3 venc_ko blocks (pool0 0x73801000 len 0x10000)
src frame 47: srcf=11 off=25380 br=8000
frame 47: send=0x0 get=0x0 len=22918 coding=1 startqp=0 meanqp=0 picbytes=0 pskip=0 nalus=1 n1:22918
  snapshot f047: 3 venc_ko blocks (pool0 0x73801000 len 0x10000)
src frame 48: srcf=10 off=25920 br=8000
frame 48: send=0x0 get=0x0 len=15914 coding=1 startqp=0 meanqp=0 picbytes=0 pskip=0 nalus=1 n1:15914
  snapshot f048: 3 venc_ko blocks (pool0 0x73801000 len 0x10000)
src frame 49: srcf=9 off=26460 br=8000
frame 49: send=0x0 get=0x0 len=21505 coding=1 startqp=0 meanqp=0 picbytes=0 pskip=0 nalus=1 n1:21505
  snapshot f049: 3 venc_ko blocks (pool0 0x73801000 len 0x10000)
src frame 50: srcf=8 off=27000 br=8000
frame 50: send=0x0 get=0x0 len=15992 coding=1 startqp=0 meanqp=0 picbytes=0 pskip=0 nalus=1 n1:15992
  snapshot f050: 3 venc_ko blocks (pool0 0x73801000 len 0x10000)
src frame 51: srcf=7 off=27540 br=8000
frame 51: send=0x0 get=0x0 len=19741 coding=1 startqp=0 meanqp=0 picbytes=0 pskip=0 nalus=1 n1:19741
  snapshot f051: 3 venc_ko blocks (pool0 0x73801000 len 0x10000)
src frame 52: srcf=6 off=28080 br=8000
frame 52: send=0x0 get=0x0 len=14663 coding=1 startqp=0 meanqp=0 picbytes=0 pskip=0 nalus=1 n1:14663
  snapshot f052: 3 venc_ko blocks (pool0 0x73801000 len 0x10000)
src frame 53: srcf=5 off=28620 br=8000
frame 53: send=0x0 get=0x0 len=19902 coding=1 startqp=0 meanqp=0 picbytes=0 pskip=0 nalus=1 n1:19902
  snapshot f053: 3 venc_ko blocks (pool0 0x73801000 len 0x10000)
src frame 54: srcf=4 off=29160 br=8000
frame 54: send=0x0 get=0x0 len=14357 coding=1 startqp=0 meanqp=0 picbytes=0 pskip=0 nalus=1 n1:14357
  snapshot f054: 3 venc_ko blocks (pool0 0x73801000 len 0x10000)
src frame 55: srcf=3 off=29700 br=8000
frame 55: send=0x0 get=0x0 len=19707 coding=1 startqp=0 meanqp=0 picbytes=0 pskip=0 nalus=1 n1:19707
  snapshot f055: 3 venc_ko blocks (pool0 0x73801000 len 0x10000)
src frame 56: srcf=2 off=30240 br=8000
frame 56: send=0x0 get=0x0 len=14277 coding=1 startqp=0 meanqp=0 picbytes=0 pskip=0 nalus=1 n1:14277
  snapshot f056: 3 venc_ko blocks (pool0 0x73801000 len 0x10000)
src frame 57: srcf=1 off=30780 br=8000
frame 57: send=0x0 get=0x0 len=19264 coding=1 startqp=0 meanqp=0 picbytes=0 pskip=0 nalus=1 n1:19264
  snapshot f057: 3 venc_ko blocks (pool0 0x73801000 len 0x10000)
src frame 58: srcf=0 off=31320 br=8000
frame 58: send=0x0 get=0x0 len=13639 coding=1 startqp=0 meanqp=0 picbytes=0 pskip=0 nalus=1 n1:13639
  snapshot f058: 3 venc_ko blocks (pool0 0x73801000 len 0x10000)
src frame 59: srcf=1 off=31860 br=8000
frame 59: send=0x0 get=0x0 len=16890 coding=1 startqp=0 meanqp=0 picbytes=0 pskip=0 nalus=1 n1:16890
  snapshot f059: 3 venc_ko blocks (pool0 0x73801000 len 0x10000)
src frame 60: srcf=2 off=32400 br=8000
frame 60: send=0x0 get=0x0 len=30850 coding=0 startqp=0 meanqp=0 picbytes=0 pskip=0 nalus=3 n7:32 n8:8 n5:30810
  snapshot f060: 3 venc_ko blocks (pool0 0x73801000 len 0x10000)
src frame 61: srcf=3 off=32940 br=8000
frame 61: send=0x0 get=0x0 len=19669 coding=1 startqp=0 meanqp=0 picbytes=0 pskip=0 nalus=1 n1:19669
  snapshot f061: 3 venc_ko blocks (pool0 0x73801000 len 0x10000)
src frame 62: srcf=4 off=33480 br=8000
frame 62: send=0x0 get=0x0 len=12692 coding=1 startqp=0 meanqp=0 picbytes=0 pskip=0 nalus=1 n1:12692
  snapshot f062: 3 venc_ko blocks (pool0 0x73801000 len 0x10000)
src frame 63: srcf=5 off=34020 br=8000
frame 63: send=0x0 get=0x0 len=18657 coding=1 startqp=0 meanqp=0 picbytes=0 pskip=0 nalus=1 n1:18657
  snapshot f063: 3 venc_ko blocks (pool0 0x73801000 len 0x10000)
src frame 64: srcf=6 off=34560 br=8000
frame 64: send=0x0 get=0x0 len=13507 coding=1 startqp=0 meanqp=0 picbytes=0 pskip=0 nalus=1 n1:13507
  snapshot f064: 3 venc_ko blocks (pool0 0x73801000 len 0x10000)
src frame 65: srcf=7 off=35100 br=8000
frame 65: send=0x0 get=0x0 len=20073 coding=1 startqp=0 meanqp=0 picbytes=0 pskip=0 nalus=1 n1:20073
  snapshot f065: 3 venc_ko blocks (pool0 0x73801000 len 0x10000)
src frame 66: srcf=8 off=35640 br=8000
frame 66: send=0x0 get=0x0 len=14647 coding=1 startqp=0 meanqp=0 picbytes=0 pskip=0 nalus=1 n1:14647
  snapshot f066: 3 venc_ko blocks (pool0 0x73801000 len 0x10000)
src frame 67: srcf=9 off=36180 br=8000
frame 67: send=0x0 get=0x0 len=19811 coding=1 startqp=0 meanqp=0 picbytes=0 pskip=0 nalus=1 n1:19811
  snapshot f067: 3 venc_ko blocks (pool0 0x73801000 len 0x10000)
src frame 68: srcf=10 off=36720 br=8000
frame 68: send=0x0 get=0x0 len=14419 coding=1 startqp=0 meanqp=0 picbytes=0 pskip=0 nalus=1 n1:14419
  snapshot f068: 3 venc_ko blocks (pool0 0x73801000 len 0x10000)
src frame 69: srcf=11 off=37260 br=8000
frame 69: send=0x0 get=0x0 len=20295 coding=1 startqp=0 meanqp=0 picbytes=0 pskip=0 nalus=1 n1:20295
  snapshot f069: 3 venc_ko blocks (pool0 0x73801000 len 0x10000)
src frame 70: srcf=12 off=37800 br=8000
frame 70: send=0x0 get=0x0 len=14608 coding=1 startqp=0 meanqp=0 picbytes=0 pskip=0 nalus=1 n1:14608
  snapshot f070: 3 venc_ko blocks (pool0 0x73801000 len 0x10000)
src frame 71: srcf=13 off=38340 br=8000
frame 71: send=0x0 get=0x0 len=19874 coding=1 startqp=0 meanqp=0 picbytes=0 pskip=0 nalus=1 n1:19874
  snapshot f071: 3 venc_ko blocks (pool0 0x73801000 len 0x10000)
src frame 72: srcf=14 off=38880 br=8000
frame 72: send=0x0 get=0x0 len=14471 coding=1 startqp=0 meanqp=0 picbytes=0 pskip=0 nalus=1 n1:14471
  snapshot f072: 3 venc_ko blocks (pool0 0x73801000 len 0x10000)
src frame 73: srcf=15 off=39420 br=8000
frame 73: send=0x0 get=0x0 len=20263 coding=1 startqp=0 meanqp=0 picbytes=0 pskip=0 nalus=1 n1:20263
  snapshot f073: 3 venc_ko blocks (pool0 0x73801000 len 0x10000)
src frame 74: srcf=16 off=39960 br=8000
frame 74: send=0x0 get=0x0 len=14527 coding=1 startqp=0 meanqp=0 picbytes=0 pskip=0 nalus=1 n1:14527
  snapshot f074: 3 venc_ko blocks (pool0 0x73801000 len 0x10000)
src frame 75: srcf=17 off=40500 br=8000
frame 75: send=0x0 get=0x0 len=20171 coding=1 startqp=0 meanqp=0 picbytes=0 pskip=0 nalus=1 n1:20171
  snapshot f075: 3 venc_ko blocks (pool0 0x73801000 len 0x10000)
src frame 76: srcf=18 off=41040 br=8000
frame 76: send=0x0 get=0x0 len=14380 coding=1 startqp=0 meanqp=0 picbytes=0 pskip=0 nalus=1 n1:14380
  snapshot f076: 3 venc_ko blocks (pool0 0x73801000 len 0x10000)
src frame 77: srcf=19 off=41580 br=8000
frame 77: send=0x0 get=0x0 len=19848 coding=1 startqp=0 meanqp=0 picbytes=0 pskip=0 nalus=1 n1:19848
  snapshot f077: 3 venc_ko blocks (pool0 0x73801000 len 0x10000)
src frame 78: srcf=20 off=42120 br=8000
frame 78: send=0x0 get=0x0 len=14750 coding=1 startqp=0 meanqp=0 picbytes=0 pskip=0 nalus=1 n1:14750
  snapshot f078: 3 venc_ko blocks (pool0 0x73801000 len 0x10000)
src frame 79: srcf=21 off=42660 br=8000
frame 79: send=0x0 get=0x0 len=19827 coding=1 startqp=0 meanqp=0 picbytes=0 pskip=0 nalus=1 n1:19827
  snapshot f079: 3 venc_ko blocks (pool0 0x73801000 len 0x10000)
src frame 80: srcf=22 off=43200 br=8000
frame 80: send=0x0 get=0x0 len=14486 coding=1 startqp=0 meanqp=0 picbytes=0 pskip=0 nalus=1 n1:14486
  snapshot f080: 3 venc_ko blocks (pool0 0x73801000 len 0x10000)
src frame 81: srcf=23 off=43740 br=8000
frame 81: send=0x0 get=0x0 len=19875 coding=1 startqp=0 meanqp=0 picbytes=0 pskip=0 nalus=1 n1:19875
  snapshot f081: 3 venc_ko blocks (pool0 0x73801000 len 0x10000)
src frame 82: srcf=24 off=44280 br=8000
frame 82: send=0x0 get=0x0 len=14707 coding=1 startqp=0 meanqp=0 picbytes=0 pskip=0 nalus=1 n1:14707
  snapshot f082: 3 venc_ko blocks (pool0 0x73801000 len 0x10000)
src frame 83: srcf=25 off=44820 br=8000
frame 83: send=0x0 get=0x0 len=18656 coding=1 startqp=0 meanqp=0 picbytes=0 pskip=0 nalus=1 n1:18656
  snapshot f083: 3 venc_ko blocks (pool0 0x73801000 len 0x10000)
src frame 84: srcf=26 off=45360 br=8000
frame 84: send=0x0 get=0x0 len=12043 coding=1 startqp=0 meanqp=0 picbytes=0 pskip=0 nalus=1 n1:12043
  snapshot f084: 3 venc_ko blocks (pool0 0x73801000 len 0x10000)
src frame 85: srcf=27 off=45900 br=8000
frame 85: send=0x0 get=0x0 len=18928 coding=1 startqp=0 meanqp=0 picbytes=0 pskip=0 nalus=1 n1:18928
  snapshot f085: 3 venc_ko blocks (pool0 0x73801000 len 0x10000)
src frame 86: srcf=28 off=46440 br=8000
frame 86: send=0x0 get=0x0 len=13060 coding=1 startqp=0 meanqp=0 picbytes=0 pskip=0 nalus=1 n1:13060
  snapshot f086: 3 venc_ko blocks (pool0 0x73801000 len 0x10000)
src frame 87: srcf=29 off=46980 br=8000
frame 87: send=0x0 get=0x0 len=19990 coding=1 startqp=0 meanqp=0 picbytes=0 pskip=0 nalus=1 n1:19990
  snapshot f087: 3 venc_ko blocks (pool0 0x73801000 len 0x10000)
src frame 88: srcf=28 off=47520 br=8000
frame 88: send=0x0 get=0x0 len=14531 coding=1 startqp=0 meanqp=0 picbytes=0 pskip=0 nalus=1 n1:14531
  snapshot f088: 3 venc_ko blocks (pool0 0x73801000 len 0x10000)
src frame 89: srcf=27 off=48060 br=8000
frame 89: send=0x0 get=0x0 len=20178 coding=1 startqp=0 meanqp=0 picbytes=0 pskip=0 nalus=1 n1:20178
  snapshot f089: 3 venc_ko blocks (pool0 0x73801000 len 0x10000)
src frame 90: srcf=26 off=48600 br=8000
frame 90: send=0x0 get=0x0 len=32592 coding=0 startqp=0 meanqp=0 picbytes=0 pskip=0 nalus=3 n7:32 n8:8 n5:32552
  snapshot f090: 3 venc_ko blocks (pool0 0x73801000 len 0x10000)
src frame 91: srcf=25 off=49140 br=8000
frame 91: send=0x0 get=0x0 len=21372 coding=1 startqp=0 meanqp=0 picbytes=0 pskip=0 nalus=1 n1:21372
  snapshot f091: 3 venc_ko blocks (pool0 0x73801000 len 0x10000)
src frame 92: srcf=24 off=49680 br=8000
frame 92: send=0x0 get=0x0 len=14453 coding=1 startqp=0 meanqp=0 picbytes=0 pskip=0 nalus=1 n1:14453
  snapshot f092: 3 venc_ko blocks (pool0 0x73801000 len 0x10000)
src frame 93: srcf=23 off=50220 br=8000
frame 93: send=0x0 get=0x0 len=20052 coding=1 startqp=0 meanqp=0 picbytes=0 pskip=0 nalus=1 n1:20052
  snapshot f093: 3 venc_ko blocks (pool0 0x73801000 len 0x10000)
src frame 94: srcf=22 off=50760 br=8000
frame 94: send=0x0 get=0x0 len=14318 coding=1 startqp=0 meanqp=0 picbytes=0 pskip=0 nalus=1 n1:14318
  snapshot f094: 3 venc_ko blocks (pool0 0x73801000 len 0x10000)
src frame 95: srcf=21 off=51300 br=8000
frame 95: send=0x0 get=0x0 len=19716 coding=1 startqp=0 meanqp=0 picbytes=0 pskip=0 nalus=1 n1:19716
  snapshot f095: 3 venc_ko blocks (pool0 0x73801000 len 0x10000)
src frame 96: srcf=20 off=51840 br=8000
frame 96: send=0x0 get=0x0 len=14224 coding=1 startqp=0 meanqp=0 picbytes=0 pskip=0 nalus=1 n1:14224
  snapshot f096: 3 venc_ko blocks (pool0 0x73801000 len 0x10000)
src frame 97: srcf=19 off=52380 br=8000
frame 97: send=0x0 get=0x0 len=19454 coding=1 startqp=0 meanqp=0 picbytes=0 pskip=0 nalus=1 n1:19454
  snapshot f097: 3 venc_ko blocks (pool0 0x73801000 len 0x10000)
src frame 98: srcf=18 off=52920 br=8000
frame 98: send=0x0 get=0x0 len=14600 coding=1 startqp=0 meanqp=0 picbytes=0 pskip=0 nalus=1 n1:14600
  snapshot f098: 3 venc_ko blocks (pool0 0x73801000 len 0x10000)
src frame 99: srcf=17 off=53460 br=8000
frame 99: send=0x0 get=0x0 len=18473 coding=1 startqp=0 meanqp=0 picbytes=0 pskip=0 nalus=1 n1:18473
  snapshot f099: 3 venc_ko blocks (pool0 0x73801000 len 0x10000)
src frame 100: srcf=16 off=54000 br=8000
frame 100: send=0x0 get=0x0 len=11926 coding=1 startqp=0 meanqp=0 picbytes=0 pskip=0 nalus=1 n1:11926
  snapshot f100: 3 venc_ko blocks (pool0 0x73801000 len 0x10000)
src frame 101: srcf=15 off=54540 br=8000
frame 101: send=0x0 get=0x0 len=18596 coding=1 startqp=0 meanqp=0 picbytes=0 pskip=0 nalus=1 n1:18596
  snapshot f101: 3 venc_ko blocks (pool0 0x73801000 len 0x10000)
src frame 102: srcf=14 off=55080 br=8000
frame 102: send=0x0 get=0x0 len=13517 coding=1 startqp=0 meanqp=0 picbytes=0 pskip=0 nalus=1 n1:13517
  snapshot f102: 3 venc_ko blocks (pool0 0x73801000 len 0x10000)
src frame 103: srcf=13 off=55620 br=8000
frame 103: send=0x0 get=0x0 len=20043 coding=1 startqp=0 meanqp=0 picbytes=0 pskip=0 nalus=1 n1:20043
  snapshot f103: 3 venc_ko blocks (pool0 0x73801000 len 0x10000)
src frame 104: srcf=12 off=56160 br=8000
frame 104: send=0x0 get=0x0 len=14436 coding=1 startqp=0 meanqp=0 picbytes=0 pskip=0 nalus=1 n1:14436
  snapshot f104: 3 venc_ko blocks (pool0 0x73801000 len 0x10000)
src frame 105: srcf=11 off=56700 br=8000
frame 105: send=0x0 get=0x0 len=18556 coding=1 startqp=0 meanqp=0 picbytes=0 pskip=0 nalus=1 n1:18556
  snapshot f105: 3 venc_ko blocks (pool0 0x73801000 len 0x10000)
src frame 106: srcf=10 off=57240 br=8000
frame 106: send=0x0 get=0x0 len=11936 coding=1 startqp=0 meanqp=0 picbytes=0 pskip=0 nalus=1 n1:11936
  snapshot f106: 3 venc_ko blocks (pool0 0x73801000 len 0x10000)
src frame 107: srcf=9 off=57780 br=8000
frame 107: send=0x0 get=0x0 len=18796 coding=1 startqp=0 meanqp=0 picbytes=0 pskip=0 nalus=1 n1:18796
  snapshot f107: 3 venc_ko blocks (pool0 0x73801000 len 0x10000)
src frame 108: srcf=8 off=58320 br=8000
frame 108: send=0x0 get=0x0 len=13033 coding=1 startqp=0 meanqp=0 picbytes=0 pskip=0 nalus=1 n1:13033
  snapshot f108: 3 venc_ko blocks (pool0 0x73801000 len 0x10000)
src frame 109: srcf=7 off=58860 br=8000
frame 109: send=0x0 get=0x0 len=18576 coding=1 startqp=0 meanqp=0 picbytes=0 pskip=0 nalus=1 n1:18576
  snapshot f109: 3 venc_ko blocks (pool0 0x73801000 len 0x10000)
src frame 110: srcf=6 off=59400 br=8000
frame 110: send=0x0 get=0x0 len=12690 coding=1 startqp=0 meanqp=0 picbytes=0 pskip=0 nalus=1 n1:12690
  snapshot f110: 3 venc_ko blocks (pool0 0x73801000 len 0x10000)
src frame 111: srcf=5 off=59940 br=8000
frame 111: send=0x0 get=0x0 len=18514 coding=1 startqp=0 meanqp=0 picbytes=0 pskip=0 nalus=1 n1:18514
  snapshot f111: 3 venc_ko blocks (pool0 0x73801000 len 0x10000)
src frame 112: srcf=4 off=60480 br=8000
frame 112: send=0x0 get=0x0 len=13409 coding=1 startqp=0 meanqp=0 picbytes=0 pskip=0 nalus=1 n1:13409
  snapshot f112: 3 venc_ko blocks (pool0 0x73801000 len 0x10000)
src frame 113: srcf=3 off=61020 br=8000
frame 113: send=0x0 get=0x0 len=19915 coding=1 startqp=0 meanqp=0 picbytes=0 pskip=0 nalus=1 n1:19915
  snapshot f113: 3 venc_ko blocks (pool0 0x73801000 len 0x10000)
src frame 114: srcf=2 off=61560 br=8000
frame 114: send=0x0 get=0x0 len=14278 coding=1 startqp=0 meanqp=0 picbytes=0 pskip=0 nalus=1 n1:14278
  snapshot f114: 3 venc_ko blocks (pool0 0x73801000 len 0x10000)
src frame 115: srcf=1 off=62100 br=8000
frame 115: send=0x0 get=0x0 len=18487 coding=1 startqp=0 meanqp=0 picbytes=0 pskip=0 nalus=1 n1:18487
  snapshot f115: 3 venc_ko blocks (pool0 0x73801000 len 0x10000)
src frame 116: srcf=0 off=62640 br=8000
frame 116: send=0x0 get=0x0 len=11857 coding=1 startqp=0 meanqp=0 picbytes=0 pskip=0 nalus=1 n1:11857
  snapshot f116: 3 venc_ko blocks (pool0 0x73801000 len 0x10000)
src frame 117: srcf=1 off=63180 br=8000
frame 117: send=0x0 get=0x0 len=18032 coding=1 startqp=0 meanqp=0 picbytes=0 pskip=0 nalus=1 n1:18032
  snapshot f117: 3 venc_ko blocks (pool0 0x73801000 len 0x10000)
src frame 118: srcf=2 off=63720 br=8000
frame 118: send=0x0 get=0x0 len=13088 coding=1 startqp=0 meanqp=0 picbytes=0 pskip=0 nalus=1 n1:13088
  snapshot f118: 3 venc_ko blocks (pool0 0x73801000 len 0x10000)
src frame 119: srcf=3 off=64260 br=8000
frame 119: send=0x0 get=0x0 len=19471 coding=1 startqp=0 meanqp=0 picbytes=0 pskip=0 nalus=1 n1:19471
  snapshot f119: 3 venc_ko blocks (pool0 0x73801000 len 0x10000)
src frame 120: srcf=4 off=64800 br=8000
frame 120: send=0x0 get=0x0 len=32592 coding=0 startqp=0 meanqp=0 picbytes=0 pskip=0 nalus=3 n7:32 n8:8 n5:32552
  snapshot f120: 3 venc_ko blocks (pool0 0x73801000 len 0x10000)
src frame 121: srcf=5 off=65340 br=8000
frame 121: send=0x0 get=0x0 len=21372 coding=1 startqp=0 meanqp=0 picbytes=0 pskip=0 nalus=1 n1:21372
  snapshot f121: 3 venc_ko blocks (pool0 0x73801000 len 0x10000)
src frame 122: srcf=6 off=65880 br=8000
frame 122: send=0x0 get=0x0 len=14479 coding=1 startqp=0 meanqp=0 picbytes=0 pskip=0 nalus=1 n1:14479
  snapshot f122: 3 venc_ko blocks (pool0 0x73801000 len 0x10000)
src frame 123: srcf=7 off=66420 br=8000
frame 123: send=0x0 get=0x0 len=19996 coding=1 startqp=0 meanqp=0 picbytes=0 pskip=0 nalus=1 n1:19996
  snapshot f123: 3 venc_ko blocks (pool0 0x73801000 len 0x10000)
src frame 124: srcf=8 off=66960 br=8000
frame 124: send=0x0 get=0x0 len=14220 coding=1 startqp=0 meanqp=0 picbytes=0 pskip=0 nalus=1 n1:14220
  snapshot f124: 3 venc_ko blocks (pool0 0x73801000 len 0x10000)
src frame 125: srcf=9 off=67500 br=8000
frame 125: send=0x0 get=0x0 len=19838 coding=1 startqp=0 meanqp=0 picbytes=0 pskip=0 nalus=1 n1:19838
  snapshot f125: 3 venc_ko blocks (pool0 0x73801000 len 0x10000)
src frame 126: srcf=10 off=68040 br=8000
frame 126: send=0x0 get=0x0 len=14241 coding=1 startqp=0 meanqp=0 picbytes=0 pskip=0 nalus=1 n1:14241
  snapshot f126: 3 venc_ko blocks (pool0 0x73801000 len 0x10000)
src frame 127: srcf=11 off=68580 br=8000
frame 127: send=0x0 get=0x0 len=19940 coding=1 startqp=0 meanqp=0 picbytes=0 pskip=0 nalus=1 n1:19940
  snapshot f127: 3 venc_ko blocks (pool0 0x73801000 len 0x10000)
src frame 128: srcf=12 off=69120 br=8000
frame 128: send=0x0 get=0x0 len=14136 coding=1 startqp=0 meanqp=0 picbytes=0 pskip=0 nalus=1 n1:14136
  snapshot f128: 3 venc_ko blocks (pool0 0x73801000 len 0x10000)
src frame 129: srcf=13 off=69660 br=8000
frame 129: send=0x0 get=0x0 len=19784 coding=1 startqp=0 meanqp=0 picbytes=0 pskip=0 nalus=1 n1:19784
  snapshot f129: 3 venc_ko blocks (pool0 0x73801000 len 0x10000)
src frame 130: srcf=14 off=70200 br=8000
frame 130: send=0x0 get=0x0 len=14268 coding=1 startqp=0 meanqp=0 picbytes=0 pskip=0 nalus=1 n1:14268
  snapshot f130: 3 venc_ko blocks (pool0 0x73801000 len 0x10000)
src frame 131: srcf=15 off=70740 br=8000
frame 131: send=0x0 get=0x0 len=19870 coding=1 startqp=0 meanqp=0 picbytes=0 pskip=0 nalus=1 n1:19870
  snapshot f131: 3 venc_ko blocks (pool0 0x73801000 len 0x10000)
src frame 132: srcf=16 off=71280 br=8000
frame 132: send=0x0 get=0x0 len=14244 coding=1 startqp=0 meanqp=0 picbytes=0 pskip=0 nalus=1 n1:14244
  snapshot f132: 3 venc_ko blocks (pool0 0x73801000 len 0x10000)
src frame 133: srcf=17 off=71820 br=8000
frame 133: send=0x0 get=0x0 len=19926 coding=1 startqp=0 meanqp=0 picbytes=0 pskip=0 nalus=1 n1:19926
  snapshot f133: 3 venc_ko blocks (pool0 0x73801000 len 0x10000)
src frame 134: srcf=18 off=72360 br=8000
frame 134: send=0x0 get=0x0 len=14397 coding=1 startqp=0 meanqp=0 picbytes=0 pskip=0 nalus=1 n1:14397
  snapshot f134: 3 venc_ko blocks (pool0 0x73801000 len 0x10000)
src frame 135: srcf=19 off=72900 br=8000
frame 135: send=0x0 get=0x0 len=19781 coding=1 startqp=0 meanqp=0 picbytes=0 pskip=0 nalus=1 n1:19781
  snapshot f135: 3 venc_ko blocks (pool0 0x73801000 len 0x10000)
src frame 136: srcf=20 off=73440 br=8000
frame 136: send=0x0 get=0x0 len=14283 coding=1 startqp=0 meanqp=0 picbytes=0 pskip=0 nalus=1 n1:14283
  snapshot f136: 3 venc_ko blocks (pool0 0x73801000 len 0x10000)
src frame 137: srcf=21 off=73980 br=8000
frame 137: send=0x0 get=0x0 len=19304 coding=1 startqp=0 meanqp=0 picbytes=0 pskip=0 nalus=1 n1:19304
  snapshot f137: 3 venc_ko blocks (pool0 0x73801000 len 0x10000)
src frame 138: srcf=22 off=74520 br=8000
frame 138: send=0x0 get=0x0 len=14314 coding=1 startqp=0 meanqp=0 picbytes=0 pskip=0 nalus=1 n1:14314
  snapshot f138: 3 venc_ko blocks (pool0 0x73801000 len 0x10000)
src frame 139: srcf=23 off=75060 br=8000
frame 139: send=0x0 get=0x0 len=20216 coding=1 startqp=0 meanqp=0 picbytes=0 pskip=0 nalus=1 n1:20216
  snapshot f139: 3 venc_ko blocks (pool0 0x73801000 len 0x10000)
src frame 140: srcf=24 off=75600 br=8000
frame 140: send=0x0 get=0x0 len=14394 coding=1 startqp=0 meanqp=0 picbytes=0 pskip=0 nalus=1 n1:14394
  snapshot f140: 3 venc_ko blocks (pool0 0x73801000 len 0x10000)
src frame 141: srcf=25 off=76140 br=8000
frame 141: send=0x0 get=0x0 len=19671 coding=1 startqp=0 meanqp=0 picbytes=0 pskip=0 nalus=1 n1:19671
  snapshot f141: 3 venc_ko blocks (pool0 0x73801000 len 0x10000)
src frame 142: srcf=26 off=76680 br=8000
frame 142: send=0x0 get=0x0 len=14170 coding=1 startqp=0 meanqp=0 picbytes=0 pskip=0 nalus=1 n1:14170
  snapshot f142: 3 venc_ko blocks (pool0 0x73801000 len 0x10000)
src frame 143: srcf=27 off=77220 br=8000
frame 143: send=0x0 get=0x0 len=19739 coding=1 startqp=0 meanqp=0 picbytes=0 pskip=0 nalus=1 n1:19739
  snapshot f143: 3 venc_ko blocks (pool0 0x73801000 len 0x10000)
src frame 144: srcf=28 off=77760 br=8000
frame 144: send=0x0 get=0x0 len=14276 coding=1 startqp=0 meanqp=0 picbytes=0 pskip=0 nalus=1 n1:14276
  snapshot f144: 3 venc_ko blocks (pool0 0x73801000 len 0x10000)
src frame 145: srcf=29 off=78300 br=8000
frame 145: send=0x0 get=0x0 len=19894 coding=1 startqp=0 meanqp=0 picbytes=0 pskip=0 nalus=1 n1:19894
  snapshot f145: 3 venc_ko blocks (pool0 0x73801000 len 0x10000)
src frame 146: srcf=28 off=78840 br=8000
frame 146: send=0x0 get=0x0 len=14331 coding=1 startqp=0 meanqp=0 picbytes=0 pskip=0 nalus=1 n1:14331
  snapshot f146: 3 venc_ko blocks (pool0 0x73801000 len 0x10000)
src frame 147: srcf=27 off=79380 br=8000
frame 147: send=0x0 get=0x0 len=18437 coding=1 startqp=0 meanqp=0 picbytes=0 pskip=0 nalus=1 n1:18437
  snapshot f147: 3 venc_ko blocks (pool0 0x73801000 len 0x10000)
src frame 148: srcf=26 off=79920 br=8000
frame 148: send=0x0 get=0x0 len=12390 coding=1 startqp=0 meanqp=0 picbytes=0 pskip=0 nalus=1 n1:12390
  snapshot f148: 3 venc_ko blocks (pool0 0x73801000 len 0x10000)
src frame 149: srcf=25 off=80460 br=8000
frame 149: send=0x0 get=0x0 len=18586 coding=1 startqp=0 meanqp=0 picbytes=0 pskip=0 nalus=1 n1:18586
  snapshot f149: 3 venc_ko blocks (pool0 0x73801000 len 0x10000)
src frame 150: srcf=24 off=81000 br=8000
frame 150: send=0x0 get=0x0 len=32592 coding=0 startqp=0 meanqp=0 picbytes=0 pskip=0 nalus=3 n7:32 n8:8 n5:32552
  snapshot f150: 3 venc_ko blocks (pool0 0x73801000 len 0x10000)
src frame 151: srcf=23 off=81540 br=8000
frame 151: send=0x0 get=0x0 len=21372 coding=1 startqp=0 meanqp=0 picbytes=0 pskip=0 nalus=1 n1:21372
  snapshot f151: 3 venc_ko blocks (pool0 0x73801000 len 0x10000)
src frame 152: srcf=22 off=82080 br=8000
frame 152: send=0x0 get=0x0 len=14336 coding=1 startqp=0 meanqp=0 picbytes=0 pskip=0 nalus=1 n1:14336
  snapshot f152: 3 venc_ko blocks (pool0 0x73801000 len 0x10000)
src frame 153: srcf=21 off=82620 br=8000
frame 153: send=0x0 get=0x0 len=19870 coding=1 startqp=0 meanqp=0 picbytes=0 pskip=0 nalus=1 n1:19870
  snapshot f153: 3 venc_ko blocks (pool0 0x73801000 len 0x10000)
src frame 154: srcf=20 off=83160 br=8000
frame 154: send=0x0 get=0x0 len=14206 coding=1 startqp=0 meanqp=0 picbytes=0 pskip=0 nalus=1 n1:14206
  snapshot f154: 3 venc_ko blocks (pool0 0x73801000 len 0x10000)
src frame 155: srcf=19 off=83700 br=8000
frame 155: send=0x0 get=0x0 len=19783 coding=1 startqp=0 meanqp=0 picbytes=0 pskip=0 nalus=1 n1:19783
  snapshot f155: 3 venc_ko blocks (pool0 0x73801000 len 0x10000)
src frame 156: srcf=18 off=84240 br=8000
frame 156: send=0x0 get=0x0 len=14243 coding=1 startqp=0 meanqp=0 picbytes=0 pskip=0 nalus=1 n1:14243
  snapshot f156: 3 venc_ko blocks (pool0 0x73801000 len 0x10000)
src frame 157: srcf=17 off=84780 br=8000
frame 157: send=0x0 get=0x0 len=19894 coding=1 startqp=0 meanqp=0 picbytes=0 pskip=0 nalus=1 n1:19894
  snapshot f157: 3 venc_ko blocks (pool0 0x73801000 len 0x10000)
src frame 158: srcf=16 off=85320 br=8000
frame 158: send=0x0 get=0x0 len=14294 coding=1 startqp=0 meanqp=0 picbytes=0 pskip=0 nalus=1 n1:14294
  snapshot f158: 3 venc_ko blocks (pool0 0x73801000 len 0x10000)
src frame 159: srcf=15 off=85860 br=8000
frame 159: send=0x0 get=0x0 len=18086 coding=1 startqp=0 meanqp=0 picbytes=0 pskip=0 nalus=1 n1:18086
  snapshot f159: 3 venc_ko blocks (pool0 0x73801000 len 0x10000)
src frame 160: srcf=14 off=86400 br=8000
frame 160: send=0x0 get=0x0 len=12144 coding=1 startqp=0 meanqp=0 picbytes=0 pskip=0 nalus=1 n1:12144
  snapshot f160: 3 venc_ko blocks (pool0 0x73801000 len 0x10000)
src frame 161: srcf=13 off=86940 br=8000
frame 161: send=0x0 get=0x0 len=18759 coding=1 startqp=0 meanqp=0 picbytes=0 pskip=0 nalus=1 n1:18759
  snapshot f161: 3 venc_ko blocks (pool0 0x73801000 len 0x10000)
src frame 162: srcf=12 off=87480 br=8000
frame 162: send=0x0 get=0x0 len=13353 coding=1 startqp=0 meanqp=0 picbytes=0 pskip=0 nalus=1 n1:13353
  snapshot f162: 3 venc_ko blocks (pool0 0x73801000 len 0x10000)
src frame 163: srcf=11 off=88020 br=8000
frame 163: send=0x0 get=0x0 len=19719 coding=1 startqp=0 meanqp=0 picbytes=0 pskip=0 nalus=1 n1:19719
  snapshot f163: 3 venc_ko blocks (pool0 0x73801000 len 0x10000)
src frame 164: srcf=10 off=88560 br=8000
frame 164: send=0x0 get=0x0 len=14301 coding=1 startqp=0 meanqp=0 picbytes=0 pskip=0 nalus=1 n1:14301
  snapshot f164: 3 venc_ko blocks (pool0 0x73801000 len 0x10000)
src frame 165: srcf=9 off=89100 br=8000
frame 165: send=0x0 get=0x0 len=18268 coding=1 startqp=0 meanqp=0 picbytes=0 pskip=0 nalus=1 n1:18268
  snapshot f165: 3 venc_ko blocks (pool0 0x73801000 len 0x10000)
src frame 166: srcf=8 off=89640 br=8000
frame 166: send=0x0 get=0x0 len=12393 coding=1 startqp=0 meanqp=0 picbytes=0 pskip=0 nalus=1 n1:12393
  snapshot f166: 3 venc_ko blocks (pool0 0x73801000 len 0x10000)
src frame 167: srcf=7 off=90180 br=8000
frame 167: send=0x0 get=0x0 len=18591 coding=1 startqp=0 meanqp=0 picbytes=0 pskip=0 nalus=1 n1:18591
  snapshot f167: 3 venc_ko blocks (pool0 0x73801000 len 0x10000)
src frame 168: srcf=6 off=90720 br=8000
frame 168: send=0x0 get=0x0 len=12394 coding=1 startqp=0 meanqp=0 picbytes=0 pskip=0 nalus=1 n1:12394
  snapshot f168: 3 venc_ko blocks (pool0 0x73801000 len 0x10000)
src frame 169: srcf=5 off=91260 br=8000
frame 169: send=0x0 get=0x0 len=18740 coding=1 startqp=0 meanqp=0 picbytes=0 pskip=0 nalus=1 n1:18740
  snapshot f169: 3 venc_ko blocks (pool0 0x73801000 len 0x10000)
src frame 170: srcf=4 off=91800 br=8000
frame 170: send=0x0 get=0x0 len=13161 coding=1 startqp=0 meanqp=0 picbytes=0 pskip=0 nalus=1 n1:13161
  snapshot f170: 3 venc_ko blocks (pool0 0x73801000 len 0x10000)
src frame 171: srcf=3 off=92340 br=8000
frame 171: send=0x0 get=0x0 len=18597 coding=1 startqp=0 meanqp=0 picbytes=0 pskip=0 nalus=1 n1:18597
  snapshot f171: 3 venc_ko blocks (pool0 0x73801000 len 0x10000)
src frame 172: srcf=2 off=92880 br=8000
frame 172: send=0x0 get=0x0 len=12931 coding=1 startqp=0 meanqp=0 picbytes=0 pskip=0 nalus=1 n1:12931
  snapshot f172: 3 venc_ko blocks (pool0 0x73801000 len 0x10000)
src frame 173: srcf=1 off=93420 br=8000
frame 173: send=0x0 get=0x0 len=20089 coding=1 startqp=0 meanqp=0 picbytes=0 pskip=0 nalus=1 n1:20089
  snapshot f173: 3 venc_ko blocks (pool0 0x73801000 len 0x10000)
src frame 174: srcf=0 off=93960 br=8000
frame 174: send=0x0 get=0x0 len=14127 coding=1 startqp=0 meanqp=0 picbytes=0 pskip=0 nalus=1 n1:14127
  snapshot f174: 3 venc_ko blocks (pool0 0x73801000 len 0x10000)
src frame 175: srcf=1 off=94500 br=8000
frame 175: send=0x0 get=0x0 len=18337 coding=1 startqp=0 meanqp=0 picbytes=0 pskip=0 nalus=1 n1:18337
  snapshot f175: 3 venc_ko blocks (pool0 0x73801000 len 0x10000)
src frame 176: srcf=2 off=95040 br=8000
frame 176: send=0x0 get=0x0 len=12147 coding=1 startqp=0 meanqp=0 picbytes=0 pskip=0 nalus=1 n1:12147
  snapshot f176: 3 venc_ko blocks (pool0 0x73801000 len 0x10000)
src frame 177: srcf=3 off=95580 br=8000
frame 177: send=0x0 get=0x0 len=18484 coding=1 startqp=0 meanqp=0 picbytes=0 pskip=0 nalus=1 n1:18484
  snapshot f177: 3 venc_ko blocks (pool0 0x73801000 len 0x10000)
src frame 178: srcf=4 off=96120 br=8000
frame 178: send=0x0 get=0x0 len=11662 coding=1 startqp=0 meanqp=0 picbytes=0 pskip=0 nalus=1 n1:11662
  snapshot f178: 3 venc_ko blocks (pool0 0x73801000 len 0x10000)
src frame 179: srcf=5 off=96660 br=8000
frame 179: send=0x0 get=0x0 len=18908 coding=1 startqp=0 meanqp=0 picbytes=0 pskip=0 nalus=1 n1:18908
  snapshot f179: 3 venc_ko blocks (pool0 0x73801000 len 0x10000)
src frame 180: srcf=6 off=97200 br=8000
frame 180: send=0x0 get=0x0 len=32592 coding=0 startqp=0 meanqp=0 picbytes=0 pskip=0 nalus=3 n7:32 n8:8 n5:32552
  snapshot f180: 3 venc_ko blocks (pool0 0x73801000 len 0x10000)
src frame 181: srcf=7 off=97740 br=8000
frame 181: send=0x0 get=0x0 len=21372 coding=1 startqp=0 meanqp=0 picbytes=0 pskip=0 nalus=1 n1:21372
  snapshot f181: 3 venc_ko blocks (pool0 0x73801000 len 0x10000)
src frame 182: srcf=8 off=98280 br=8000
frame 182: send=0x0 get=0x0 len=14450 coding=1 startqp=0 meanqp=0 picbytes=0 pskip=0 nalus=1 n1:14450
  snapshot f182: 3 venc_ko blocks (pool0 0x73801000 len 0x10000)
src frame 183: srcf=9 off=98820 br=8000
frame 183: send=0x0 get=0x0 len=20024 coding=1 startqp=0 meanqp=0 picbytes=0 pskip=0 nalus=1 n1:20024
  snapshot f183: 3 venc_ko blocks (pool0 0x73801000 len 0x10000)
src frame 184: srcf=10 off=99360 br=8000
frame 184: send=0x0 get=0x0 len=14253 coding=1 startqp=0 meanqp=0 picbytes=0 pskip=0 nalus=1 n1:14253
  snapshot f184: 3 venc_ko blocks (pool0 0x73801000 len 0x10000)
src frame 185: srcf=11 off=99900 br=8000
frame 185: send=0x0 get=0x0 len=19850 coding=1 startqp=0 meanqp=0 picbytes=0 pskip=0 nalus=1 n1:19850
  snapshot f185: 3 venc_ko blocks (pool0 0x73801000 len 0x10000)
src frame 186: srcf=12 off=100440 br=8000
frame 186: send=0x0 get=0x0 len=14219 coding=1 startqp=0 meanqp=0 picbytes=0 pskip=0 nalus=1 n1:14219
  snapshot f186: 3 venc_ko blocks (pool0 0x73801000 len 0x10000)
src frame 187: srcf=13 off=100980 br=8000
frame 187: send=0x0 get=0x0 len=20065 coding=1 startqp=0 meanqp=0 picbytes=0 pskip=0 nalus=1 n1:20065
  snapshot f187: 3 venc_ko blocks (pool0 0x73801000 len 0x10000)
src frame 188: srcf=14 off=101520 br=8000
frame 188: send=0x0 get=0x0 len=14204 coding=1 startqp=0 meanqp=0 picbytes=0 pskip=0 nalus=1 n1:14204
  snapshot f188: 3 venc_ko blocks (pool0 0x73801000 len 0x10000)
src frame 189: srcf=15 off=102060 br=8000
frame 189: send=0x0 get=0x0 len=19603 coding=1 startqp=0 meanqp=0 picbytes=0 pskip=0 nalus=1 n1:19603
  snapshot f189: 3 venc_ko blocks (pool0 0x73801000 len 0x10000)
src frame 190: srcf=16 off=102600 br=8000
frame 190: send=0x0 get=0x0 len=14198 coding=1 startqp=0 meanqp=0 picbytes=0 pskip=0 nalus=1 n1:14198
  snapshot f190: 3 venc_ko blocks (pool0 0x73801000 len 0x10000)
src frame 191: srcf=17 off=103140 br=8000
frame 191: send=0x0 get=0x0 len=19878 coding=1 startqp=0 meanqp=0 picbytes=0 pskip=0 nalus=1 n1:19878
  snapshot f191: 3 venc_ko blocks (pool0 0x73801000 len 0x10000)
src frame 192: srcf=18 off=103680 br=8000
frame 192: send=0x0 get=0x0 len=14231 coding=1 startqp=0 meanqp=0 picbytes=0 pskip=0 nalus=1 n1:14231
  snapshot f192: 3 venc_ko blocks (pool0 0x73801000 len 0x10000)
src frame 193: srcf=19 off=104220 br=8000
frame 193: send=0x0 get=0x0 len=19371 coding=1 startqp=0 meanqp=0 picbytes=0 pskip=0 nalus=1 n1:19371
  snapshot f193: 3 venc_ko blocks (pool0 0x73801000 len 0x10000)
src frame 194: srcf=20 off=104760 br=8000
frame 194: send=0x0 get=0x0 len=14440 coding=1 startqp=0 meanqp=0 picbytes=0 pskip=0 nalus=1 n1:14440
  snapshot f194: 3 venc_ko blocks (pool0 0x73801000 len 0x10000)
src frame 195: srcf=21 off=105300 br=8000
frame 195: send=0x0 get=0x0 len=19914 coding=1 startqp=0 meanqp=0 picbytes=0 pskip=0 nalus=1 n1:19914
  snapshot f195: 3 venc_ko blocks (pool0 0x73801000 len 0x10000)
src frame 196: srcf=22 off=105840 br=8000
frame 196: send=0x0 get=0x0 len=14359 coding=1 startqp=0 meanqp=0 picbytes=0 pskip=0 nalus=1 n1:14359
  snapshot f196: 3 venc_ko blocks (pool0 0x73801000 len 0x10000)
src frame 197: srcf=23 off=106380 br=8000
frame 197: send=0x0 get=0x0 len=19864 coding=1 startqp=0 meanqp=0 picbytes=0 pskip=0 nalus=1 n1:19864
  snapshot f197: 3 venc_ko blocks (pool0 0x73801000 len 0x10000)
src frame 198: srcf=24 off=106920 br=8000
frame 198: send=0x0 get=0x0 len=14281 coding=1 startqp=0 meanqp=0 picbytes=0 pskip=0 nalus=1 n1:14281
  snapshot f198: 3 venc_ko blocks (pool0 0x73801000 len 0x10000)
src frame 199: srcf=25 off=107460 br=8000
frame 199: send=0x0 get=0x0 len=19415 coding=1 startqp=0 meanqp=0 picbytes=0 pskip=0 nalus=1 n1:19415
  snapshot f199: 3 venc_ko blocks (pool0 0x73801000 len 0x10000)
src frame 200: srcf=26 off=108000 br=8000
frame 200: send=0x0 get=0x0 len=14301 coding=1 startqp=0 meanqp=0 picbytes=0 pskip=0 nalus=1 n1:14301
  snapshot f200: 3 venc_ko blocks (pool0 0x73801000 len 0x10000)
src frame 201: srcf=27 off=108540 br=8000
frame 201: send=0x0 get=0x0 len=18148 coding=1 startqp=0 meanqp=0 picbytes=0 pskip=0 nalus=1 n1:18148
  snapshot f201: 3 venc_ko blocks (pool0 0x73801000 len 0x10000)
src frame 202: srcf=28 off=109080 br=8000
frame 202: send=0x0 get=0x0 len=11970 coding=1 startqp=0 meanqp=0 picbytes=0 pskip=0 nalus=1 n1:11970
  snapshot f202: 3 venc_ko blocks (pool0 0x73801000 len 0x10000)
src frame 203: srcf=29 off=109620 br=8000
frame 203: send=0x0 get=0x0 len=18715 coding=1 startqp=0 meanqp=0 picbytes=0 pskip=0 nalus=1 n1:18715
  snapshot f203: 3 venc_ko blocks (pool0 0x73801000 len 0x10000)
src frame 204: srcf=28 off=110160 br=8000
frame 204: send=0x0 get=0x0 len=13988 coding=1 startqp=0 meanqp=0 picbytes=0 pskip=0 nalus=1 n1:13988
  snapshot f204: 3 venc_ko blocks (pool0 0x73801000 len 0x10000)
src frame 205: srcf=27 off=110700 br=8000
frame 205: send=0x0 get=0x0 len=18132 coding=1 startqp=0 meanqp=0 picbytes=0 pskip=0 nalus=1 n1:18132
  snapshot f205: 3 venc_ko blocks (pool0 0x73801000 len 0x10000)
src frame 206: srcf=26 off=111240 br=8000
frame 206: send=0x0 get=0x0 len=13376 coding=1 startqp=0 meanqp=0 picbytes=0 pskip=0 nalus=1 n1:13376
  snapshot f206: 3 venc_ko blocks (pool0 0x73801000 len 0x10000)
src frame 207: srcf=25 off=111780 br=8000
frame 207: send=0x0 get=0x0 len=19860 coding=1 startqp=0 meanqp=0 picbytes=0 pskip=0 nalus=1 n1:19860
  snapshot f207: 3 venc_ko blocks (pool0 0x73801000 len 0x10000)
src frame 208: srcf=24 off=112320 br=8000
frame 208: send=0x0 get=0x0 len=14537 coding=1 startqp=0 meanqp=0 picbytes=0 pskip=0 nalus=1 n1:14537
  snapshot f208: 3 venc_ko blocks (pool0 0x73801000 len 0x10000)
src frame 209: srcf=23 off=112860 br=8000
frame 209: send=0x0 get=0x0 len=18226 coding=1 startqp=0 meanqp=0 picbytes=0 pskip=0 nalus=1 n1:18226
  snapshot f209: 3 venc_ko blocks (pool0 0x73801000 len 0x10000)
src frame 210: srcf=22 off=113400 br=8000
frame 210: send=0x0 get=0x0 len=32592 coding=0 startqp=0 meanqp=0 picbytes=0 pskip=0 nalus=3 n7:32 n8:8 n5:32552
  snapshot f210: 3 venc_ko blocks (pool0 0x73801000 len 0x10000)
src frame 211: srcf=21 off=113940 br=8000
frame 211: send=0x0 get=0x0 len=21294 coding=1 startqp=0 meanqp=0 picbytes=0 pskip=0 nalus=1 n1:21294
  snapshot f211: 3 venc_ko blocks (pool0 0x73801000 len 0x10000)
src frame 212: srcf=20 off=114480 br=8000
frame 212: send=0x0 get=0x0 len=14439 coding=1 startqp=0 meanqp=0 picbytes=0 pskip=0 nalus=1 n1:14439
  snapshot f212: 3 venc_ko blocks (pool0 0x73801000 len 0x10000)
src frame 213: srcf=19 off=115020 br=8000
frame 213: send=0x0 get=0x0 len=19960 coding=1 startqp=0 meanqp=0 picbytes=0 pskip=0 nalus=1 n1:19960
  snapshot f213: 3 venc_ko blocks (pool0 0x73801000 len 0x10000)
src frame 214: srcf=18 off=115560 br=8000
frame 214: send=0x0 get=0x0 len=14378 coding=1 startqp=0 meanqp=0 picbytes=0 pskip=0 nalus=1 n1:14378
  snapshot f214: 3 venc_ko blocks (pool0 0x73801000 len 0x10000)
src frame 215: srcf=17 off=116100 br=8000
frame 215: send=0x0 get=0x0 len=19794 coding=1 startqp=0 meanqp=0 picbytes=0 pskip=0 nalus=1 n1:19794
  snapshot f215: 3 venc_ko blocks (pool0 0x73801000 len 0x10000)
src frame 216: srcf=16 off=116640 br=8000
frame 216: send=0x0 get=0x0 len=14288 coding=1 startqp=0 meanqp=0 picbytes=0 pskip=0 nalus=1 n1:14288
  snapshot f216: 3 venc_ko blocks (pool0 0x73801000 len 0x10000)
src frame 217: srcf=15 off=117180 br=8000
frame 217: send=0x0 get=0x0 len=20010 coding=1 startqp=0 meanqp=0 picbytes=0 pskip=0 nalus=1 n1:20010
  snapshot f217: 3 venc_ko blocks (pool0 0x73801000 len 0x10000)
src frame 218: srcf=14 off=117720 br=8000
frame 218: send=0x0 get=0x0 len=14299 coding=1 startqp=0 meanqp=0 picbytes=0 pskip=0 nalus=1 n1:14299
  snapshot f218: 3 venc_ko blocks (pool0 0x73801000 len 0x10000)
src frame 219: srcf=13 off=118260 br=8000
frame 219: send=0x0 get=0x0 len=18557 coding=1 startqp=0 meanqp=0 picbytes=0 pskip=0 nalus=1 n1:18557
  snapshot f219: 3 venc_ko blocks (pool0 0x73801000 len 0x10000)
src frame 220: srcf=12 off=118800 br=8000
frame 220: send=0x0 get=0x0 len=12097 coding=1 startqp=0 meanqp=0 picbytes=0 pskip=0 nalus=1 n1:12097
  snapshot f220: 3 venc_ko blocks (pool0 0x73801000 len 0x10000)
src frame 221: srcf=11 off=119340 br=8000
frame 221: send=0x0 get=0x0 len=18617 coding=1 startqp=0 meanqp=0 picbytes=0 pskip=0 nalus=1 n1:18617
  snapshot f221: 3 venc_ko blocks (pool0 0x73801000 len 0x10000)
src frame 222: srcf=10 off=119880 br=8000
frame 222: send=0x0 get=0x0 len=13200 coding=1 startqp=0 meanqp=0 picbytes=0 pskip=0 nalus=1 n1:13200
  snapshot f222: 3 venc_ko blocks (pool0 0x73801000 len 0x10000)
src frame 223: srcf=9 off=120420 br=8000
frame 223: send=0x0 get=0x0 len=19798 coding=1 startqp=0 meanqp=0 picbytes=0 pskip=0 nalus=1 n1:19798
  snapshot f223: 3 venc_ko blocks (pool0 0x73801000 len 0x10000)
src frame 224: srcf=8 off=120960 br=8000
frame 224: send=0x0 get=0x0 len=14106 coding=1 startqp=0 meanqp=0 picbytes=0 pskip=0 nalus=1 n1:14106
  snapshot f224: 3 venc_ko blocks (pool0 0x73801000 len 0x10000)
src frame 225: srcf=7 off=121500 br=8000
frame 225: send=0x0 get=0x0 len=18401 coding=1 startqp=0 meanqp=0 picbytes=0 pskip=0 nalus=1 n1:18401
  snapshot f225: 3 venc_ko blocks (pool0 0x73801000 len 0x10000)
src frame 226: srcf=6 off=122040 br=8000
frame 226: send=0x0 get=0x0 len=13142 coding=1 startqp=0 meanqp=0 picbytes=0 pskip=0 nalus=1 n1:13142
  snapshot f226: 3 venc_ko blocks (pool0 0x73801000 len 0x10000)
src frame 227: srcf=5 off=122580 br=8000
frame 227: send=0x0 get=0x0 len=18500 coding=1 startqp=0 meanqp=0 picbytes=0 pskip=0 nalus=1 n1:18500
  snapshot f227: 3 venc_ko blocks (pool0 0x73801000 len 0x10000)
src frame 228: srcf=4 off=123120 br=8000
frame 228: send=0x0 get=0x0 len=12402 coding=1 startqp=0 meanqp=0 picbytes=0 pskip=0 nalus=1 n1:12402
  snapshot f228: 3 venc_ko blocks (pool0 0x73801000 len 0x10000)
src frame 229: srcf=3 off=123660 br=8000
frame 229: send=0x0 get=0x0 len=18564 coding=1 startqp=0 meanqp=0 picbytes=0 pskip=0 nalus=1 n1:18564
  snapshot f229: 3 venc_ko blocks (pool0 0x73801000 len 0x10000)
src frame 230: srcf=2 off=124200 br=8000
frame 230: send=0x0 get=0x0 len=11792 coding=1 startqp=0 meanqp=0 picbytes=0 pskip=0 nalus=1 n1:11792
  snapshot f230: 3 venc_ko blocks (pool0 0x73801000 len 0x10000)
src frame 231: srcf=1 off=124740 br=8000
frame 231: send=0x0 get=0x0 len=18870 coding=1 startqp=0 meanqp=0 picbytes=0 pskip=0 nalus=1 n1:18870
  snapshot f231: 3 venc_ko blocks (pool0 0x73801000 len 0x10000)
src frame 232: srcf=0 off=125280 br=8000
frame 232: send=0x0 get=0x0 len=13220 coding=1 startqp=0 meanqp=0 picbytes=0 pskip=0 nalus=1 n1:13220
  snapshot f232: 3 venc_ko blocks (pool0 0x73801000 len 0x10000)
src frame 233: srcf=1 off=125820 br=8000
frame 233: send=0x0 get=0x0 len=19762 coding=1 startqp=0 meanqp=0 picbytes=0 pskip=0 nalus=1 n1:19762
  snapshot f233: 3 venc_ko blocks (pool0 0x73801000 len 0x10000)
src frame 234: srcf=2 off=126360 br=8000
frame 234: send=0x0 get=0x0 len=14240 coding=1 startqp=0 meanqp=0 picbytes=0 pskip=0 nalus=1 n1:14240
  snapshot f234: 3 venc_ko blocks (pool0 0x73801000 len 0x10000)
src frame 235: srcf=3 off=126900 br=8000
frame 235: send=0x0 get=0x0 len=18283 coding=1 startqp=0 meanqp=0 picbytes=0 pskip=0 nalus=1 n1:18283
  snapshot f235: 3 venc_ko blocks (pool0 0x73801000 len 0x10000)
src frame 236: srcf=4 off=127440 br=8000
frame 236: send=0x0 get=0x0 len=11763 coding=1 startqp=0 meanqp=0 picbytes=0 pskip=0 nalus=1 n1:11763
  snapshot f236: 3 venc_ko blocks (pool0 0x73801000 len 0x10000)
src frame 237: srcf=5 off=127980 br=8000
frame 237: send=0x0 get=0x0 len=18593 coding=1 startqp=0 meanqp=0 picbytes=0 pskip=0 nalus=1 n1:18593
  snapshot f237: 3 venc_ko blocks (pool0 0x73801000 len 0x10000)
src frame 238: srcf=6 off=128520 br=8000
frame 238: send=0x0 get=0x0 len=11954 coding=1 startqp=0 meanqp=0 picbytes=0 pskip=0 nalus=1 n1:11954
  snapshot f238: 3 venc_ko blocks (pool0 0x73801000 len 0x10000)
src frame 239: srcf=7 off=129060 br=8000
frame 239: send=0x0 get=0x0 len=18818 coding=1 startqp=0 meanqp=0 picbytes=0 pskip=0 nalus=1 n1:18818
  snapshot f239: 3 venc_ko blocks (pool0 0x73801000 len 0x10000)
---- /proc/ax_proc/venc ----
-------- VENC VERSION ------------------------
[Axera version]: ax_venc V3.0.0_20250319114413 Mar 19 2025 11:58:34 JK

-------- MODULE PARAM ------------------------
MaxChnNum   MaxRoiNum   MaxProcNum  
16          8           16          

-------- VENC CHN ATTR 1 ------------------------
ID    Type    wSrc    hSrc    Strd0   Strd1   maxW    maxH    PixFmt  link  InFifoDep    OutFifoDep   InDbgFifoLen InDbgFifoDep StrmBufSize(KB)
7     h264    1920    1080    3840    0       1920    1080    YUYV422 N     2            2            0            4            4114      
-------- VENC CHN ATTR 2 ------------------------
ID    [CropEn StartX  StartY  CropW   CropH]  Rotation  EncW    EncH    FrmSize      PTS          SeqNum       CompMode     CompLevel    PhyAddr0     PhyAddr1     PhyAddr2     
7     N       0       0       0       0       0         1920    1080    4147200      3283333      198          NONE         0            742d1000     0            0            
-------- VENC RC ATTR 1 ------------------------
ID    RcMode    SrcFr   DstFr   Br(kbps)  MinQp   MaxQp   MinIQp  MaxIQp  IQpDelta  IpropMax   IpropMin   StartQp    QpDltRng   DeBrQpDlt  SvcEn   ChgPos  StillPercent MaxStillQp 
7     CBR       60.00   60.00   8000      10      51      10      51      0         40         10         -1         2          0          False   -       -            -          
-------- VENC RC ATTR 2  -----------------------
ID    QMapQpType  QMapUnit    QMapBlkType IQp   PQp   MinQpDelta MaxQpDelta MaxBitRate shtStaTime ltStaTime  ltMinBr  ltMaxBr  Br_ST(kbps)    Br_LT(kbps)    
7     N/A         64x64       N/A         -     -     -          -          -          -          -          -        -        -              -              
-------- VENC GOP ATTR  ------------------------
ID    GopMode   Gop   GopVI 
7     NormalP   30    0     
-------- VENC STATUS 1 -------------------------
ID    RJEn         RJThr(bps)   RJMode       RJEncGaps    SupFrmEn     SupPri       SupThrI      SupThrP      SplitEn      SliceNum     Range(In)    Range(out)   
7     N            0            Normal       0            N            0            500000       500000       N            0            Full         Full         
-------- VENC STATUS 2 -------------------------
ID    ChnStat   FrmRecv   FrmRls    FrmEnc    FrmDrop   FrmDup    EncFail   MissMatch StrmGet   StrmRls   OutFps    RealBr    ReEncCnt  DropCnt   BlkFail   GrpID     PID     TID     ThNum   RefInc    RefDec    Fail1   Fail2   Fail3   Fail4   
7     STARTED   198       197       197       0         0         0         0         197       197       50.00     6750.24   0         0         0         -1        130472  130476  1       198       197       0       0       0       0       
-------- VENC HW STATUS  ------------------------
ID    OverFlow     TimeOut      
7     0            0            
-------- VENC ROI INFO  ------------------------
ID    Index        bEnable      bAbsQp       RoiQP        Width        Height       StartX       StartY       
done h264_jump1_cbr8000
