# vdrive tag=h264_jump1_cbr16000 codec=h264 1920x1080 rc=cbr br=16000 fps=60/60 gop=30 gopmode=normalp ltrint=0 ltrqpo=0 iqp=32 pqp=32 profile=10 level=51 tier=0 qp[10..51] iqp[10..51] iqd=0 firstqp=-1 iprop[10..40] idrrange=2 stattime=1 vq=0 ir=0/0 slice=0 debreath=0 scd=-1 rowqpd=-1 vui=-1 move=0 nframes=240
src=/root/rc65/clips/static.yuyv frames=30 loop=pingpong motion=jump mstep=1 window=0..-1
AX_SYS_Init rc=0x0
AX_VENC_Init rc=0x0
AX_VENC_CreateChn(7) rc=0x0
StartRecvFrame rc=0x0
AX_POOL_CreatePool id=0x0
blk=0x5e000000 phys=0x742d1000 virt=0xffffb1b65000
frame: modid=0x11 stride=1920 fmt=0xd
  snapshot pre: 3 venc_ko blocks (pool0 0x73801000 len 0x10000)
src frame 0: srcf=0 off=0 br=16000
frame 0: send=0x0 get=0x0 len=30843 coding=0 startqp=0 meanqp=0 picbytes=0 pskip=0 nalus=3 n7:32 n8:8 n5:30803
  snapshot f000: 3 venc_ko blocks (pool0 0x73801000 len 0x10000)
src frame 1: srcf=1 off=540 br=16000
frame 1: send=0x0 get=0x0 len=21363 coding=1 startqp=0 meanqp=0 picbytes=0 pskip=0 nalus=1 n1:21363
  snapshot f001: 3 venc_ko blocks (pool0 0x73801000 len 0x10000)
src frame 2: srcf=2 off=1080 br=16000
frame 2: send=0x0 get=0x0 len=21991 coding=1 startqp=0 meanqp=0 picbytes=0 pskip=0 nalus=1 n1:21991
  snapshot f002: 3 venc_ko blocks (pool0 0x73801000 len 0x10000)
src frame 3: srcf=3 off=1620 br=16000
frame 3: send=0x0 get=0x0 len=24231 coding=1 startqp=0 meanqp=0 picbytes=0 pskip=0 nalus=1 n1:24231
  snapshot f003: 3 venc_ko blocks (pool0 0x73801000 len 0x10000)
src frame 4: srcf=4 off=2160 br=16000
frame 4: send=0x0 get=0x0 len=23323 coding=1 startqp=0 meanqp=0 picbytes=0 pskip=0 nalus=1 n1:23323
  snapshot f004: 3 venc_ko blocks (pool0 0x73801000 len 0x10000)
src frame 5: srcf=5 off=2700 br=16000
frame 5: send=0x0 get=0x0 len=27452 coding=1 startqp=0 meanqp=0 picbytes=0 pskip=0 nalus=1 n1:27452
  snapshot f005: 3 venc_ko blocks (pool0 0x73801000 len 0x10000)
src frame 6: srcf=6 off=3240 br=16000
frame 6: send=0x0 get=0x0 len=25555 coding=1 startqp=0 meanqp=0 picbytes=0 pskip=0 nalus=1 n1:25555
  snapshot f006: 3 venc_ko blocks (pool0 0x73801000 len 0x10000)
src frame 7: srcf=7 off=3780 br=16000
frame 7: send=0x0 get=0x0 len=31496 coding=1 startqp=0 meanqp=0 picbytes=0 pskip=0 nalus=1 n1:31496
  snapshot f007: 3 venc_ko blocks (pool0 0x73801000 len 0x10000)
src frame 8: srcf=8 off=4320 br=16000
frame 8: send=0x0 get=0x0 len=28485 coding=1 startqp=0 meanqp=0 picbytes=0 pskip=0 nalus=1 n1:28485
  snapshot f008: 3 venc_ko blocks (pool0 0x73801000 len 0x10000)
src frame 9: srcf=9 off=4860 br=16000
frame 9: send=0x0 get=0x0 len=34851 coding=1 startqp=0 meanqp=0 picbytes=0 pskip=0 nalus=1 n1:34851
  snapshot f009: 3 venc_ko blocks (pool0 0x73801000 len 0x10000)
src frame 10: srcf=10 off=5400 br=16000
frame 10: send=0x0 get=0x0 len=29375 coding=1 startqp=0 meanqp=0 picbytes=0 pskip=0 nalus=1 n1:29375
  snapshot f010: 3 venc_ko blocks (pool0 0x73801000 len 0x10000)
src frame 11: srcf=11 off=5940 br=16000
frame 11: send=0x0 get=0x0 len=36740 coding=1 startqp=0 meanqp=0 picbytes=0 pskip=0 nalus=1 n1:36740
  snapshot f011: 3 venc_ko blocks (pool0 0x73801000 len 0x10000)
src frame 12: srcf=12 off=6480 br=16000
frame 12: send=0x0 get=0x0 len=29193 coding=1 startqp=0 meanqp=0 picbytes=0 pskip=0 nalus=1 n1:29193
  snapshot f012: 3 venc_ko blocks (pool0 0x73801000 len 0x10000)
src frame 13: srcf=13 off=7020 br=16000
frame 13: send=0x0 get=0x0 len=36842 coding=1 startqp=0 meanqp=0 picbytes=0 pskip=0 nalus=1 n1:36842
  snapshot f013: 3 venc_ko blocks (pool0 0x73801000 len 0x10000)
src frame 14: srcf=14 off=7560 br=16000
frame 14: send=0x0 get=0x0 len=29473 coding=1 startqp=0 meanqp=0 picbytes=0 pskip=0 nalus=1 n1:29473
  snapshot f014: 3 venc_ko blocks (pool0 0x73801000 len 0x10000)
src frame 15: srcf=15 off=8100 br=16000
frame 15: send=0x0 get=0x0 len=36568 coding=1 startqp=0 meanqp=0 picbytes=0 pskip=0 nalus=1 n1:36568
  snapshot f015: 3 venc_ko blocks (pool0 0x73801000 len 0x10000)
src frame 16: srcf=16 off=8640 br=16000
frame 16: send=0x0 get=0x0 len=29278 coding=1 startqp=0 meanqp=0 picbytes=0 pskip=0 nalus=1 n1:29278
  snapshot f016: 3 venc_ko blocks (pool0 0x73801000 len 0x10000)
src frame 17: srcf=17 off=9180 br=16000
frame 17: send=0x0 get=0x0 len=36652 coding=1 startqp=0 meanqp=0 picbytes=0 pskip=0 nalus=1 n1:36652
  snapshot f017: 3 venc_ko blocks (pool0 0x73801000 len 0x10000)
src frame 18: srcf=18 off=9720 br=16000
frame 18: send=0x0 get=0x0 len=29371 coding=1 startqp=0 meanqp=0 picbytes=0 pskip=0 nalus=1 n1:29371
  snapshot f018: 3 venc_ko blocks (pool0 0x73801000 len 0x10000)
src frame 19: srcf=19 off=10260 br=16000
frame 19: send=0x0 get=0x0 len=37016 coding=1 startqp=0 meanqp=0 picbytes=0 pskip=0 nalus=1 n1:37016
  snapshot f019: 3 venc_ko blocks (pool0 0x73801000 len 0x10000)
src frame 20: srcf=20 off=10800 br=16000
frame 20: send=0x0 get=0x0 len=29273 coding=1 startqp=0 meanqp=0 picbytes=0 pskip=0 nalus=1 n1:29273
  snapshot f020: 3 venc_ko blocks (pool0 0x73801000 len 0x10000)
src frame 21: srcf=21 off=11340 br=16000
frame 21: send=0x0 get=0x0 len=36857 coding=1 startqp=0 meanqp=0 picbytes=0 pskip=0 nalus=1 n1:36857
  snapshot f021: 3 venc_ko blocks (pool0 0x73801000 len 0x10000)
src frame 22: srcf=22 off=11880 br=16000
frame 22: send=0x0 get=0x0 len=29536 coding=1 startqp=0 meanqp=0 picbytes=0 pskip=0 nalus=1 n1:29536
  snapshot f022: 3 venc_ko blocks (pool0 0x73801000 len 0x10000)
src frame 23: srcf=23 off=12420 br=16000
frame 23: send=0x0 get=0x0 len=37113 coding=1 startqp=0 meanqp=0 picbytes=0 pskip=0 nalus=1 n1:37113
  snapshot f023: 3 venc_ko blocks (pool0 0x73801000 len 0x10000)
src frame 24: srcf=24 off=12960 br=16000
frame 24: send=0x0 get=0x0 len=29312 coding=1 startqp=0 meanqp=0 picbytes=0 pskip=0 nalus=1 n1:29312
  snapshot f024: 3 venc_ko blocks (pool0 0x73801000 len 0x10000)
src frame 25: srcf=25 off=13500 br=16000
frame 25: send=0x0 get=0x0 len=37257 coding=1 startqp=0 meanqp=0 picbytes=0 pskip=0 nalus=1 n1:37257
  snapshot f025: 3 venc_ko blocks (pool0 0x73801000 len 0x10000)
src frame 26: srcf=26 off=14040 br=16000
frame 26: send=0x0 get=0x0 len=29679 coding=1 startqp=0 meanqp=0 picbytes=0 pskip=0 nalus=1 n1:29679
  snapshot f026: 3 venc_ko blocks (pool0 0x73801000 len 0x10000)
src frame 27: srcf=27 off=14580 br=16000
frame 27: send=0x0 get=0x0 len=36987 coding=1 startqp=0 meanqp=0 picbytes=0 pskip=0 nalus=1 n1:36987
  snapshot f027: 3 venc_ko blocks (pool0 0x73801000 len 0x10000)
src frame 28: srcf=28 off=15120 br=16000
frame 28: send=0x0 get=0x0 len=30986 coding=1 startqp=0 meanqp=0 picbytes=0 pskip=0 nalus=1 n1:30986
  snapshot f028: 3 venc_ko blocks (pool0 0x73801000 len 0x10000)
src frame 29: srcf=29 off=15660 br=16000
frame 29: send=0x0 get=0x0 len=38479 coding=1 startqp=0 meanqp=0 picbytes=0 pskip=0 nalus=1 n1:38479
  snapshot f029: 3 venc_ko blocks (pool0 0x73801000 len 0x10000)
src frame 30: srcf=28 off=16200 br=16000
frame 30: send=0x0 get=0x0 len=34366 coding=0 startqp=0 meanqp=0 picbytes=0 pskip=0 nalus=3 n7:32 n8:8 n5:34326
  snapshot f030: 3 venc_ko blocks (pool0 0x73801000 len 0x10000)
src frame 31: srcf=27 off=16740 br=16000
frame 31: send=0x0 get=0x0 len=24176 coding=1 startqp=0 meanqp=0 picbytes=0 pskip=0 nalus=1 n1:24176
  snapshot f031: 3 venc_ko blocks (pool0 0x73801000 len 0x10000)
src frame 32: srcf=26 off=17280 br=16000
frame 32: send=0x0 get=0x0 len=22696 coding=1 startqp=0 meanqp=0 picbytes=0 pskip=0 nalus=1 n1:22696
  snapshot f032: 3 venc_ko blocks (pool0 0x73801000 len 0x10000)
src frame 33: srcf=25 off=17820 br=16000
frame 33: send=0x0 get=0x0 len=27338 coding=1 startqp=0 meanqp=0 picbytes=0 pskip=0 nalus=1 n1:27338
  snapshot f033: 3 venc_ko blocks (pool0 0x73801000 len 0x10000)
src frame 34: srcf=24 off=18360 br=16000
frame 34: send=0x0 get=0x0 len=24948 coding=1 startqp=0 meanqp=0 picbytes=0 pskip=0 nalus=1 n1:24948
  snapshot f034: 3 venc_ko blocks (pool0 0x73801000 len 0x10000)
src frame 35: srcf=23 off=18900 br=16000
frame 35: send=0x0 get=0x0 len=29943 coding=1 startqp=0 meanqp=0 picbytes=0 pskip=0 nalus=1 n1:29943
  snapshot f035: 3 venc_ko blocks (pool0 0x73801000 len 0x10000)
src frame 36: srcf=22 off=19440 br=16000
frame 36: send=0x0 get=0x0 len=28190 coding=1 startqp=0 meanqp=0 picbytes=0 pskip=0 nalus=1 n1:28190
  snapshot f036: 3 venc_ko blocks (pool0 0x73801000 len 0x10000)
src frame 37: srcf=21 off=19980 br=16000
frame 37: send=0x0 get=0x0 len=33079 coding=1 startqp=0 meanqp=0 picbytes=0 pskip=0 nalus=1 n1:33079
  snapshot f037: 3 venc_ko blocks (pool0 0x73801000 len 0x10000)
src frame 38: srcf=20 off=20520 br=16000
frame 38: send=0x0 get=0x0 len=29700 coding=1 startqp=0 meanqp=0 picbytes=0 pskip=0 nalus=1 n1:29700
  snapshot f038: 3 venc_ko blocks (pool0 0x73801000 len 0x10000)
src frame 39: srcf=19 off=21060 br=16000
frame 39: send=0x0 get=0x0 len=37615 coding=1 startqp=0 meanqp=0 picbytes=0 pskip=0 nalus=1 n1:37615
  snapshot f039: 3 venc_ko blocks (pool0 0x73801000 len 0x10000)
src frame 40: srcf=18 off=21600 br=16000
frame 40: send=0x0 get=0x0 len=31546 coding=1 startqp=0 meanqp=0 picbytes=0 pskip=0 nalus=1 n1:31546
  snapshot f040: 3 venc_ko blocks (pool0 0x73801000 len 0x10000)
src frame 41: srcf=17 off=22140 br=16000
frame 41: send=0x0 get=0x0 len=39482 coding=1 startqp=0 meanqp=0 picbytes=0 pskip=0 nalus=1 n1:39482
  snapshot f041: 3 venc_ko blocks (pool0 0x73801000 len 0x10000)
src frame 42: srcf=16 off=22680 br=16000
frame 42: send=0x0 get=0x0 len=33058 coding=1 startqp=0 meanqp=0 picbytes=0 pskip=0 nalus=1 n1:33058
  snapshot f042: 3 venc_ko blocks (pool0 0x73801000 len 0x10000)
src frame 43: srcf=15 off=23220 br=16000
frame 43: send=0x0 get=0x0 len=40545 coding=1 startqp=0 meanqp=0 picbytes=0 pskip=0 nalus=1 n1:40545
  snapshot f043: 3 venc_ko blocks (pool0 0x73801000 len 0x10000)
src frame 44: srcf=14 off=23760 br=16000
frame 44: send=0x0 get=0x0 len=34485 coding=1 startqp=0 meanqp=0 picbytes=0 pskip=0 nalus=1 n1:34485
  snapshot f044: 3 venc_ko blocks (pool0 0x73801000 len 0x10000)
src frame 45: srcf=13 off=24300 br=16000
frame 45: send=0x0 get=0x0 len=41368 coding=1 startqp=0 meanqp=0 picbytes=0 pskip=0 nalus=1 n1:41368
  snapshot f045: 3 venc_ko blocks (pool0 0x73801000 len 0x10000)
src frame 46: srcf=12 off=24840 br=16000
frame 46: send=0x0 get=0x0 len=34342 coding=1 startqp=0 meanqp=0 picbytes=0 pskip=0 nalus=1 n1:34342
  snapshot f046: 3 venc_ko blocks (pool0 0x73801000 len 0x10000)
src frame 47: srcf=11 off=25380 br=16000
frame 47: send=0x0 get=0x0 len=40297 coding=1 startqp=0 meanqp=0 picbytes=0 pskip=0 nalus=1 n1:40297
  snapshot f047: 3 venc_ko blocks (pool0 0x73801000 len 0x10000)
src frame 48: srcf=10 off=25920 br=16000
frame 48: send=0x0 get=0x0 len=35978 coding=1 startqp=0 meanqp=0 picbytes=0 pskip=0 nalus=1 n1:35978
  snapshot f048: 3 venc_ko blocks (pool0 0x73801000 len 0x10000)
src frame 49: srcf=9 off=26460 br=16000
frame 49: send=0x0 get=0x0 len=44396 coding=1 startqp=0 meanqp=0 picbytes=0 pskip=0 nalus=1 n1:44396
  snapshot f049: 3 venc_ko blocks (pool0 0x73801000 len 0x10000)
src frame 50: srcf=8 off=27000 br=16000
frame 50: send=0x0 get=0x0 len=36469 coding=1 startqp=0 meanqp=0 picbytes=0 pskip=0 nalus=1 n1:36469
  snapshot f050: 3 venc_ko blocks (pool0 0x73801000 len 0x10000)
src frame 51: srcf=7 off=27540 br=16000
frame 51: send=0x0 get=0x0 len=44842 coding=1 startqp=0 meanqp=0 picbytes=0 pskip=0 nalus=1 n1:44842
  snapshot f051: 3 venc_ko blocks (pool0 0x73801000 len 0x10000)
src frame 52: srcf=6 off=28080 br=16000
frame 52: send=0x0 get=0x0 len=36296 coding=1 startqp=0 meanqp=0 picbytes=0 pskip=0 nalus=1 n1:36296
  snapshot f052: 3 venc_ko blocks (pool0 0x73801000 len 0x10000)
src frame 53: srcf=5 off=28620 br=16000
frame 53: send=0x0 get=0x0 len=43300 coding=1 startqp=0 meanqp=0 picbytes=0 pskip=0 nalus=1 n1:43300
  snapshot f053: 3 venc_ko blocks (pool0 0x73801000 len 0x10000)
src frame 54: srcf=4 off=29160 br=16000
frame 54: send=0x0 get=0x0 len=36714 coding=1 startqp=0 meanqp=0 picbytes=0 pskip=0 nalus=1 n1:36714
  snapshot f054: 3 venc_ko blocks (pool0 0x73801000 len 0x10000)
src frame 55: srcf=3 off=29700 br=16000
frame 55: send=0x0 get=0x0 len=43064 coding=1 startqp=0 meanqp=0 picbytes=0 pskip=0 nalus=1 n1:43064
  snapshot f055: 3 venc_ko blocks (pool0 0x73801000 len 0x10000)
src frame 56: srcf=2 off=30240 br=16000
frame 56: send=0x0 get=0x0 len=36527 coding=1 startqp=0 meanqp=0 picbytes=0 pskip=0 nalus=1 n1:36527
  snapshot f056: 3 venc_ko blocks (pool0 0x73801000 len 0x10000)
src frame 57: srcf=1 off=30780 br=16000
frame 57: send=0x0 get=0x0 len=43747 coding=1 startqp=0 meanqp=0 picbytes=0 pskip=0 nalus=1 n1:43747
  snapshot f057: 3 venc_ko blocks (pool0 0x73801000 len 0x10000)
src frame 58: srcf=0 off=31320 br=16000
frame 58: send=0x0 get=0x0 len=36845 coding=1 startqp=0 meanqp=0 picbytes=0 pskip=0 nalus=1 n1:36845
  snapshot f058: 3 venc_ko blocks (pool0 0x73801000 len 0x10000)
src frame 59: srcf=1 off=31860 br=16000
frame 59: send=0x0 get=0x0 len=40352 coding=1 startqp=0 meanqp=0 picbytes=0 pskip=0 nalus=1 n1:40352
  snapshot f059: 3 venc_ko blocks (pool0 0x73801000 len 0x10000)
src frame 60: srcf=2 off=32400 br=16000
frame 60: send=0x0 get=0x0 len=38177 coding=0 startqp=0 meanqp=0 picbytes=0 pskip=0 nalus=3 n7:32 n8:8 n5:38137
  snapshot f060: 3 venc_ko blocks (pool0 0x73801000 len 0x10000)
src frame 61: srcf=3 off=32940 br=16000
frame 61: send=0x0 get=0x0 len=27989 coding=1 startqp=0 meanqp=0 picbytes=0 pskip=0 nalus=1 n1:27989
  snapshot f061: 3 venc_ko blocks (pool0 0x73801000 len 0x10000)
src frame 62: srcf=4 off=33480 br=16000
frame 62: send=0x0 get=0x0 len=24877 coding=1 startqp=0 meanqp=0 picbytes=0 pskip=0 nalus=1 n1:24877
  snapshot f062: 3 venc_ko blocks (pool0 0x73801000 len 0x10000)
src frame 63: srcf=5 off=34020 br=16000
frame 63: send=0x0 get=0x0 len=29192 coding=1 startqp=0 meanqp=0 picbytes=0 pskip=0 nalus=1 n1:29192
  snapshot f063: 3 venc_ko blocks (pool0 0x73801000 len 0x10000)
src frame 64: srcf=6 off=34560 br=16000
frame 64: send=0x0 get=0x0 len=27695 coding=1 startqp=0 meanqp=0 picbytes=0 pskip=0 nalus=1 n1:27695
  snapshot f064: 3 venc_ko blocks (pool0 0x73801000 len 0x10000)
src frame 65: srcf=7 off=35100 br=16000
frame 65: send=0x0 get=0x0 len=33505 coding=1 startqp=0 meanqp=0 picbytes=0 pskip=0 nalus=1 n1:33505
  snapshot f065: 3 venc_ko blocks (pool0 0x73801000 len 0x10000)
src frame 66: srcf=8 off=35640 br=16000
frame 66: send=0x0 get=0x0 len=29496 coding=1 startqp=0 meanqp=0 picbytes=0 pskip=0 nalus=1 n1:29496
  snapshot f066: 3 venc_ko blocks (pool0 0x73801000 len 0x10000)
src frame 67: srcf=9 off=36180 br=16000
frame 67: send=0x0 get=0x0 len=36109 coding=1 startqp=0 meanqp=0 picbytes=0 pskip=0 nalus=1 n1:36109
  snapshot f067: 3 venc_ko blocks (pool0 0x73801000 len 0x10000)
src frame 68: srcf=10 off=36720 br=16000
frame 68: send=0x0 get=0x0 len=30989 coding=1 startqp=0 meanqp=0 picbytes=0 pskip=0 nalus=1 n1:30989
  snapshot f068: 3 venc_ko blocks (pool0 0x73801000 len 0x10000)
src frame 69: srcf=11 off=37260 br=16000
frame 69: send=0x0 get=0x0 len=36658 coding=1 startqp=0 meanqp=0 picbytes=0 pskip=0 nalus=1 n1:36658
  snapshot f069: 3 venc_ko blocks (pool0 0x73801000 len 0x10000)
src frame 70: srcf=12 off=37800 br=16000
frame 70: send=0x0 get=0x0 len=30933 coding=1 startqp=0 meanqp=0 picbytes=0 pskip=0 nalus=1 n1:30933
  snapshot f070: 3 venc_ko blocks (pool0 0x73801000 len 0x10000)
src frame 71: srcf=13 off=38340 br=16000
frame 71: send=0x0 get=0x0 len=36694 coding=1 startqp=0 meanqp=0 picbytes=0 pskip=0 nalus=1 n1:36694
  snapshot f071: 3 venc_ko blocks (pool0 0x73801000 len 0x10000)
src frame 72: srcf=14 off=38880 br=16000
frame 72: send=0x0 get=0x0 len=30727 coding=1 startqp=0 meanqp=0 picbytes=0 pskip=0 nalus=1 n1:30727
  snapshot f072: 3 venc_ko blocks (pool0 0x73801000 len 0x10000)
src frame 73: srcf=15 off=39420 br=16000
frame 73: send=0x0 get=0x0 len=36890 coding=1 startqp=0 meanqp=0 picbytes=0 pskip=0 nalus=1 n1:36890
  snapshot f073: 3 venc_ko blocks (pool0 0x73801000 len 0x10000)
src frame 74: srcf=16 off=39960 br=16000
frame 74: send=0x0 get=0x0 len=30836 coding=1 startqp=0 meanqp=0 picbytes=0 pskip=0 nalus=1 n1:30836
  snapshot f074: 3 venc_ko blocks (pool0 0x73801000 len 0x10000)
src frame 75: srcf=17 off=40500 br=16000
frame 75: send=0x0 get=0x0 len=36886 coding=1 startqp=0 meanqp=0 picbytes=0 pskip=0 nalus=1 n1:36886
  snapshot f075: 3 venc_ko blocks (pool0 0x73801000 len 0x10000)
src frame 76: srcf=18 off=41040 br=16000
frame 76: send=0x0 get=0x0 len=31168 coding=1 startqp=0 meanqp=0 picbytes=0 pskip=0 nalus=1 n1:31168
  snapshot f076: 3 venc_ko blocks (pool0 0x73801000 len 0x10000)
src frame 77: srcf=19 off=41580 br=16000
frame 77: send=0x0 get=0x0 len=38387 coding=1 startqp=0 meanqp=0 picbytes=0 pskip=0 nalus=1 n1:38387
  snapshot f077: 3 venc_ko blocks (pool0 0x73801000 len 0x10000)
src frame 78: srcf=20 off=42120 br=16000
frame 78: send=0x0 get=0x0 len=30852 coding=1 startqp=0 meanqp=0 picbytes=0 pskip=0 nalus=1 n1:30852
  snapshot f078: 3 venc_ko blocks (pool0 0x73801000 len 0x10000)
src frame 79: srcf=21 off=42660 br=16000
frame 79: send=0x0 get=0x0 len=38407 coding=1 startqp=0 meanqp=0 picbytes=0 pskip=0 nalus=1 n1:38407
  snapshot f079: 3 venc_ko blocks (pool0 0x73801000 len 0x10000)
src frame 80: srcf=22 off=43200 br=16000
frame 80: send=0x0 get=0x0 len=31165 coding=1 startqp=0 meanqp=0 picbytes=0 pskip=0 nalus=1 n1:31165
  snapshot f080: 3 venc_ko blocks (pool0 0x73801000 len 0x10000)
src frame 81: srcf=23 off=43740 br=16000
frame 81: send=0x0 get=0x0 len=37629 coding=1 startqp=0 meanqp=0 picbytes=0 pskip=0 nalus=1 n1:37629
  snapshot f081: 3 venc_ko blocks (pool0 0x73801000 len 0x10000)
src frame 82: srcf=24 off=44280 br=16000
frame 82: send=0x0 get=0x0 len=30859 coding=1 startqp=0 meanqp=0 picbytes=0 pskip=0 nalus=1 n1:30859
  snapshot f082: 3 venc_ko blocks (pool0 0x73801000 len 0x10000)
src frame 83: srcf=25 off=44820 br=16000
frame 83: send=0x0 get=0x0 len=36878 coding=1 startqp=0 meanqp=0 picbytes=0 pskip=0 nalus=1 n1:36878
  snapshot f083: 3 venc_ko blocks (pool0 0x73801000 len 0x10000)
src frame 84: srcf=26 off=45360 br=16000
frame 84: send=0x0 get=0x0 len=31055 coding=1 startqp=0 meanqp=0 picbytes=0 pskip=0 nalus=1 n1:31055
  snapshot f084: 3 venc_ko blocks (pool0 0x73801000 len 0x10000)
src frame 85: srcf=27 off=45900 br=16000
frame 85: send=0x0 get=0x0 len=36797 coding=1 startqp=0 meanqp=0 picbytes=0 pskip=0 nalus=1 n1:36797
  snapshot f085: 3 venc_ko blocks (pool0 0x73801000 len 0x10000)
src frame 86: srcf=28 off=46440 br=16000
frame 86: send=0x0 get=0x0 len=30834 coding=1 startqp=0 meanqp=0 picbytes=0 pskip=0 nalus=1 n1:30834
  snapshot f086: 3 venc_ko blocks (pool0 0x73801000 len 0x10000)
src frame 87: srcf=29 off=46980 br=16000
frame 87: send=0x0 get=0x0 len=38202 coding=1 startqp=0 meanqp=0 picbytes=0 pskip=0 nalus=1 n1:38202
  snapshot f087: 3 venc_ko blocks (pool0 0x73801000 len 0x10000)
src frame 88: srcf=28 off=47520 br=16000
frame 88: send=0x0 get=0x0 len=30931 coding=1 startqp=0 meanqp=0 picbytes=0 pskip=0 nalus=1 n1:30931
  snapshot f088: 3 venc_ko blocks (pool0 0x73801000 len 0x10000)
src frame 89: srcf=27 off=48060 br=16000
frame 89: send=0x0 get=0x0 len=36746 coding=1 startqp=0 meanqp=0 picbytes=0 pskip=0 nalus=1 n1:36746
  snapshot f089: 3 venc_ko blocks (pool0 0x73801000 len 0x10000)
src frame 90: srcf=26 off=48600 br=16000
frame 90: send=0x0 get=0x0 len=44441 coding=0 startqp=0 meanqp=0 picbytes=0 pskip=0 nalus=3 n7:32 n8:8 n5:44401
  snapshot f090: 3 venc_ko blocks (pool0 0x73801000 len 0x10000)
src frame 91: srcf=25 off=49140 br=16000
frame 91: send=0x0 get=0x0 len=31985 coding=1 startqp=0 meanqp=0 picbytes=0 pskip=0 nalus=1 n1:31985
  snapshot f091: 3 venc_ko blocks (pool0 0x73801000 len 0x10000)
src frame 92: srcf=24 off=49680 br=16000
frame 92: send=0x0 get=0x0 len=27870 coding=1 startqp=0 meanqp=0 picbytes=0 pskip=0 nalus=1 n1:27870
  snapshot f092: 3 venc_ko blocks (pool0 0x73801000 len 0x10000)
src frame 93: srcf=23 off=50220 br=16000
frame 93: send=0x0 get=0x0 len=34834 coding=1 startqp=0 meanqp=0 picbytes=0 pskip=0 nalus=1 n1:34834
  snapshot f093: 3 venc_ko blocks (pool0 0x73801000 len 0x10000)
src frame 94: srcf=22 off=50760 br=16000
frame 94: send=0x0 get=0x0 len=31292 coding=1 startqp=0 meanqp=0 picbytes=0 pskip=0 nalus=1 n1:31292
  snapshot f094: 3 venc_ko blocks (pool0 0x73801000 len 0x10000)
src frame 95: srcf=21 off=51300 br=16000
frame 95: send=0x0 get=0x0 len=37703 coding=1 startqp=0 meanqp=0 picbytes=0 pskip=0 nalus=1 n1:37703
  snapshot f095: 3 venc_ko blocks (pool0 0x73801000 len 0x10000)
src frame 96: srcf=20 off=51840 br=16000
frame 96: send=0x0 get=0x0 len=30851 coding=1 startqp=0 meanqp=0 picbytes=0 pskip=0 nalus=1 n1:30851
  snapshot f096: 3 venc_ko blocks (pool0 0x73801000 len 0x10000)
src frame 97: srcf=19 off=52380 br=16000
frame 97: send=0x0 get=0x0 len=36501 coding=1 startqp=0 meanqp=0 picbytes=0 pskip=0 nalus=1 n1:36501
  snapshot f097: 3 venc_ko blocks (pool0 0x73801000 len 0x10000)
src frame 98: srcf=18 off=52920 br=16000
frame 98: send=0x0 get=0x0 len=30807 coding=1 startqp=0 meanqp=0 picbytes=0 pskip=0 nalus=1 n1:30807
  snapshot f098: 3 venc_ko blocks (pool0 0x73801000 len 0x10000)
src frame 99: srcf=17 off=53460 br=16000
frame 99: send=0x0 get=0x0 len=37307 coding=1 startqp=0 meanqp=0 picbytes=0 pskip=0 nalus=1 n1:37307
  snapshot f099: 3 venc_ko blocks (pool0 0x73801000 len 0x10000)
src frame 100: srcf=16 off=54000 br=16000
frame 100: send=0x0 get=0x0 len=30859 coding=1 startqp=0 meanqp=0 picbytes=0 pskip=0 nalus=1 n1:30859
  snapshot f100: 3 venc_ko blocks (pool0 0x73801000 len 0x10000)
src frame 101: srcf=15 off=54540 br=16000
frame 101: send=0x0 get=0x0 len=38197 coding=1 startqp=0 meanqp=0 picbytes=0 pskip=0 nalus=1 n1:38197
  snapshot f101: 3 venc_ko blocks (pool0 0x73801000 len 0x10000)
src frame 102: srcf=14 off=55080 br=16000
frame 102: send=0x0 get=0x0 len=30923 coding=1 startqp=0 meanqp=0 picbytes=0 pskip=0 nalus=1 n1:30923
  snapshot f102: 3 venc_ko blocks (pool0 0x73801000 len 0x10000)
src frame 103: srcf=13 off=55620 br=16000
frame 103: send=0x0 get=0x0 len=36741 coding=1 startqp=0 meanqp=0 picbytes=0 pskip=0 nalus=1 n1:36741
  snapshot f103: 3 venc_ko blocks (pool0 0x73801000 len 0x10000)
src frame 104: srcf=12 off=56160 br=16000
frame 104: send=0x0 get=0x0 len=30875 coding=1 startqp=0 meanqp=0 picbytes=0 pskip=0 nalus=1 n1:30875
  snapshot f104: 3 venc_ko blocks (pool0 0x73801000 len 0x10000)
src frame 105: srcf=11 off=56700 br=16000
frame 105: send=0x0 get=0x0 len=37487 coding=1 startqp=0 meanqp=0 picbytes=0 pskip=0 nalus=1 n1:37487
  snapshot f105: 3 venc_ko blocks (pool0 0x73801000 len 0x10000)
src frame 106: srcf=10 off=57240 br=16000
frame 106: send=0x0 get=0x0 len=31032 coding=1 startqp=0 meanqp=0 picbytes=0 pskip=0 nalus=1 n1:31032
  snapshot f106: 3 venc_ko blocks (pool0 0x73801000 len 0x10000)
src frame 107: srcf=9 off=57780 br=16000
frame 107: send=0x0 get=0x0 len=36636 coding=1 startqp=0 meanqp=0 picbytes=0 pskip=0 nalus=1 n1:36636
  snapshot f107: 3 venc_ko blocks (pool0 0x73801000 len 0x10000)
src frame 108: srcf=8 off=58320 br=16000
frame 108: send=0x0 get=0x0 len=32553 coding=1 startqp=0 meanqp=0 picbytes=0 pskip=0 nalus=1 n1:32553
  snapshot f108: 3 venc_ko blocks (pool0 0x73801000 len 0x10000)
src frame 109: srcf=7 off=58860 br=16000
frame 109: send=0x0 get=0x0 len=38639 coding=1 startqp=0 meanqp=0 picbytes=0 pskip=0 nalus=1 n1:38639
  snapshot f109: 3 venc_ko blocks (pool0 0x73801000 len 0x10000)
src frame 110: srcf=6 off=59400 br=16000
frame 110: send=0x0 get=0x0 len=32256 coding=1 startqp=0 meanqp=0 picbytes=0 pskip=0 nalus=1 n1:32256
  snapshot f110: 3 venc_ko blocks (pool0 0x73801000 len 0x10000)
src frame 111: srcf=5 off=59940 br=16000
frame 111: send=0x0 get=0x0 len=37974 coding=1 startqp=0 meanqp=0 picbytes=0 pskip=0 nalus=1 n1:37974
  snapshot f111: 3 venc_ko blocks (pool0 0x73801000 len 0x10000)
src frame 112: srcf=4 off=60480 br=16000
frame 112: send=0x0 get=0x0 len=32456 coding=1 startqp=0 meanqp=0 picbytes=0 pskip=0 nalus=1 n1:32456
  snapshot f112: 3 venc_ko blocks (pool0 0x73801000 len 0x10000)
src frame 113: srcf=3 off=61020 br=16000
frame 113: send=0x0 get=0x0 len=40436 coding=1 startqp=0 meanqp=0 picbytes=0 pskip=0 nalus=1 n1:40436
  snapshot f113: 3 venc_ko blocks (pool0 0x73801000 len 0x10000)
src frame 114: srcf=2 off=61560 br=16000
frame 114: send=0x0 get=0x0 len=32364 coding=1 startqp=0 meanqp=0 picbytes=0 pskip=0 nalus=1 n1:32364
  snapshot f114: 3 venc_ko blocks (pool0 0x73801000 len 0x10000)
src frame 115: srcf=1 off=62100 br=16000
frame 115: send=0x0 get=0x0 len=36174 coding=1 startqp=0 meanqp=0 picbytes=0 pskip=0 nalus=1 n1:36174
  snapshot f115: 3 venc_ko blocks (pool0 0x73801000 len 0x10000)
src frame 116: srcf=0 off=62640 br=16000
frame 116: send=0x0 get=0x0 len=30927 coding=1 startqp=0 meanqp=0 picbytes=0 pskip=0 nalus=1 n1:30927
  snapshot f116: 3 venc_ko blocks (pool0 0x73801000 len 0x10000)
src frame 117: srcf=1 off=63180 br=16000
frame 117: send=0x0 get=0x0 len=36786 coding=1 startqp=0 meanqp=0 picbytes=0 pskip=0 nalus=1 n1:36786
  snapshot f117: 3 venc_ko blocks (pool0 0x73801000 len 0x10000)
src frame 118: srcf=2 off=63720 br=16000
frame 118: send=0x0 get=0x0 len=30703 coding=1 startqp=0 meanqp=0 picbytes=0 pskip=0 nalus=1 n1:30703
  snapshot f118: 3 venc_ko blocks (pool0 0x73801000 len 0x10000)
src frame 119: srcf=3 off=64260 br=16000
frame 119: send=0x0 get=0x0 len=37059 coding=1 startqp=0 meanqp=0 picbytes=0 pskip=0 nalus=1 n1:37059
  snapshot f119: 3 venc_ko blocks (pool0 0x73801000 len 0x10000)
src frame 120: srcf=4 off=64800 br=16000
frame 120: send=0x0 get=0x0 len=49168 coding=0 startqp=0 meanqp=0 picbytes=0 pskip=0 nalus=3 n7:32 n8:8 n5:49128
  snapshot f120: 3 venc_ko blocks (pool0 0x73801000 len 0x10000)
src frame 121: srcf=5 off=65340 br=16000
frame 121: send=0x0 get=0x0 len=36112 coding=1 startqp=0 meanqp=0 picbytes=0 pskip=0 nalus=1 n1:36112
  snapshot f121: 3 venc_ko blocks (pool0 0x73801000 len 0x10000)
src frame 122: srcf=6 off=65880 br=16000
frame 122: send=0x0 get=0x0 len=27826 coding=1 startqp=0 meanqp=0 picbytes=0 pskip=0 nalus=1 n1:27826
  snapshot f122: 3 venc_ko blocks (pool0 0x73801000 len 0x10000)
src frame 123: srcf=7 off=66420 br=16000
frame 123: send=0x0 get=0x0 len=35162 coding=1 startqp=0 meanqp=0 picbytes=0 pskip=0 nalus=1 n1:35162
  snapshot f123: 3 venc_ko blocks (pool0 0x73801000 len 0x10000)
src frame 124: srcf=8 off=66960 br=16000
frame 124: send=0x0 get=0x0 len=29297 coding=1 startqp=0 meanqp=0 picbytes=0 pskip=0 nalus=1 n1:29297
  snapshot f124: 3 venc_ko blocks (pool0 0x73801000 len 0x10000)
src frame 125: srcf=9 off=67500 br=16000
frame 125: send=0x0 get=0x0 len=35395 coding=1 startqp=0 meanqp=0 picbytes=0 pskip=0 nalus=1 n1:35395
  snapshot f125: 3 venc_ko blocks (pool0 0x73801000 len 0x10000)
src frame 126: srcf=10 off=68040 br=16000
frame 126: send=0x0 get=0x0 len=30426 coding=1 startqp=0 meanqp=0 picbytes=0 pskip=0 nalus=1 n1:30426
  snapshot f126: 3 venc_ko blocks (pool0 0x73801000 len 0x10000)
src frame 127: srcf=11 off=68580 br=16000
frame 127: send=0x0 get=0x0 len=36232 coding=1 startqp=0 meanqp=0 picbytes=0 pskip=0 nalus=1 n1:36232
  snapshot f127: 3 venc_ko blocks (pool0 0x73801000 len 0x10000)
src frame 128: srcf=12 off=69120 br=16000
frame 128: send=0x0 get=0x0 len=30461 coding=1 startqp=0 meanqp=0 picbytes=0 pskip=0 nalus=1 n1:30461
  snapshot f128: 3 venc_ko blocks (pool0 0x73801000 len 0x10000)
src frame 129: srcf=13 off=69660 br=16000
frame 129: send=0x0 get=0x0 len=36994 coding=1 startqp=0 meanqp=0 picbytes=0 pskip=0 nalus=1 n1:36994
  snapshot f129: 3 venc_ko blocks (pool0 0x73801000 len 0x10000)
src frame 130: srcf=14 off=70200 br=16000
frame 130: send=0x0 get=0x0 len=30559 coding=1 startqp=0 meanqp=0 picbytes=0 pskip=0 nalus=1 n1:30559
  snapshot f130: 3 venc_ko blocks (pool0 0x73801000 len 0x10000)
src frame 131: srcf=15 off=70740 br=16000
frame 131: send=0x0 get=0x0 len=36153 coding=1 startqp=0 meanqp=0 picbytes=0 pskip=0 nalus=1 n1:36153
  snapshot f131: 3 venc_ko blocks (pool0 0x73801000 len 0x10000)
src frame 132: srcf=16 off=71280 br=16000
frame 132: send=0x0 get=0x0 len=30523 coding=1 startqp=0 meanqp=0 picbytes=0 pskip=0 nalus=1 n1:30523
  snapshot f132: 3 venc_ko blocks (pool0 0x73801000 len 0x10000)
src frame 133: srcf=17 off=71820 br=16000
frame 133: send=0x0 get=0x0 len=36336 coding=1 startqp=0 meanqp=0 picbytes=0 pskip=0 nalus=1 n1:36336
  snapshot f133: 3 venc_ko blocks (pool0 0x73801000 len 0x10000)
src frame 134: srcf=18 off=72360 br=16000
frame 134: send=0x0 get=0x0 len=30395 coding=1 startqp=0 meanqp=0 picbytes=0 pskip=0 nalus=1 n1:30395
  snapshot f134: 3 venc_ko blocks (pool0 0x73801000 len 0x10000)
src frame 135: srcf=19 off=72900 br=16000
frame 135: send=0x0 get=0x0 len=35819 coding=1 startqp=0 meanqp=0 picbytes=0 pskip=0 nalus=1 n1:35819
  snapshot f135: 3 venc_ko blocks (pool0 0x73801000 len 0x10000)
src frame 136: srcf=20 off=73440 br=16000
frame 136: send=0x0 get=0x0 len=30484 coding=1 startqp=0 meanqp=0 picbytes=0 pskip=0 nalus=1 n1:30484
  snapshot f136: 3 venc_ko blocks (pool0 0x73801000 len 0x10000)
src frame 137: srcf=21 off=73980 br=16000
frame 137: send=0x0 get=0x0 len=36384 coding=1 startqp=0 meanqp=0 picbytes=0 pskip=0 nalus=1 n1:36384
  snapshot f137: 3 venc_ko blocks (pool0 0x73801000 len 0x10000)
src frame 138: srcf=22 off=74520 br=16000
frame 138: send=0x0 get=0x0 len=30321 coding=1 startqp=0 meanqp=0 picbytes=0 pskip=0 nalus=1 n1:30321
  snapshot f138: 3 venc_ko blocks (pool0 0x73801000 len 0x10000)
src frame 139: srcf=23 off=75060 br=16000
frame 139: send=0x0 get=0x0 len=36749 coding=1 startqp=0 meanqp=0 picbytes=0 pskip=0 nalus=1 n1:36749
  snapshot f139: 3 venc_ko blocks (pool0 0x73801000 len 0x10000)
src frame 140: srcf=24 off=75600 br=16000
frame 140: send=0x0 get=0x0 len=30596 coding=1 startqp=0 meanqp=0 picbytes=0 pskip=0 nalus=1 n1:30596
  snapshot f140: 3 venc_ko blocks (pool0 0x73801000 len 0x10000)
src frame 141: srcf=25 off=76140 br=16000
frame 141: send=0x0 get=0x0 len=36032 coding=1 startqp=0 meanqp=0 picbytes=0 pskip=0 nalus=1 n1:36032
  snapshot f141: 3 venc_ko blocks (pool0 0x73801000 len 0x10000)
src frame 142: srcf=26 off=76680 br=16000
frame 142: send=0x0 get=0x0 len=30470 coding=1 startqp=0 meanqp=0 picbytes=0 pskip=0 nalus=1 n1:30470
  snapshot f142: 3 venc_ko blocks (pool0 0x73801000 len 0x10000)
src frame 143: srcf=27 off=77220 br=16000
frame 143: send=0x0 get=0x0 len=36358 coding=1 startqp=0 meanqp=0 picbytes=0 pskip=0 nalus=1 n1:36358
  snapshot f143: 3 venc_ko blocks (pool0 0x73801000 len 0x10000)
src frame 144: srcf=28 off=77760 br=16000
frame 144: send=0x0 get=0x0 len=30414 coding=1 startqp=0 meanqp=0 picbytes=0 pskip=0 nalus=1 n1:30414
  snapshot f144: 3 venc_ko blocks (pool0 0x73801000 len 0x10000)
src frame 145: srcf=29 off=78300 br=16000
frame 145: send=0x0 get=0x0 len=35905 coding=1 startqp=0 meanqp=0 picbytes=0 pskip=0 nalus=1 n1:35905
  snapshot f145: 3 venc_ko blocks (pool0 0x73801000 len 0x10000)
src frame 146: srcf=28 off=78840 br=16000
frame 146: send=0x0 get=0x0 len=30454 coding=1 startqp=0 meanqp=0 picbytes=0 pskip=0 nalus=1 n1:30454
  snapshot f146: 3 venc_ko blocks (pool0 0x73801000 len 0x10000)
src frame 147: srcf=27 off=79380 br=16000
frame 147: send=0x0 get=0x0 len=35770 coding=1 startqp=0 meanqp=0 picbytes=0 pskip=0 nalus=1 n1:35770
  snapshot f147: 3 venc_ko blocks (pool0 0x73801000 len 0x10000)
src frame 148: srcf=26 off=79920 br=16000
frame 148: send=0x0 get=0x0 len=30402 coding=1 startqp=0 meanqp=0 picbytes=0 pskip=0 nalus=1 n1:30402
  snapshot f148: 3 venc_ko blocks (pool0 0x73801000 len 0x10000)
src frame 149: srcf=25 off=80460 br=16000
frame 149: send=0x0 get=0x0 len=36194 coding=1 startqp=0 meanqp=0 picbytes=0 pskip=0 nalus=1 n1:36194
  snapshot f149: 3 venc_ko blocks (pool0 0x73801000 len 0x10000)
src frame 150: srcf=24 off=81000 br=16000
frame 150: send=0x0 get=0x0 len=53702 coding=0 startqp=0 meanqp=0 picbytes=0 pskip=0 nalus=3 n7:32 n8:8 n5:53662
  snapshot f150: 3 venc_ko blocks (pool0 0x73801000 len 0x10000)
src frame 151: srcf=23 off=81540 br=16000
frame 151: send=0x0 get=0x0 len=40857 coding=1 startqp=0 meanqp=0 picbytes=0 pskip=0 nalus=1 n1:40857
  snapshot f151: 3 venc_ko blocks (pool0 0x73801000 len 0x10000)
src frame 152: srcf=22 off=82080 br=16000
frame 152: send=0x0 get=0x0 len=30905 coding=1 startqp=0 meanqp=0 picbytes=0 pskip=0 nalus=1 n1:30905
  snapshot f152: 3 venc_ko blocks (pool0 0x73801000 len 0x10000)
src frame 153: srcf=21 off=82620 br=16000
frame 153: send=0x0 get=0x0 len=35707 coding=1 startqp=0 meanqp=0 picbytes=0 pskip=0 nalus=1 n1:35707
  snapshot f153: 3 venc_ko blocks (pool0 0x73801000 len 0x10000)
src frame 154: srcf=20 off=83160 br=16000
frame 154: send=0x0 get=0x0 len=29082 coding=1 startqp=0 meanqp=0 picbytes=0 pskip=0 nalus=1 n1:29082
  snapshot f154: 3 venc_ko blocks (pool0 0x73801000 len 0x10000)
src frame 155: srcf=19 off=83700 br=16000
frame 155: send=0x0 get=0x0 len=36071 coding=1 startqp=0 meanqp=0 picbytes=0 pskip=0 nalus=1 n1:36071
  snapshot f155: 3 venc_ko blocks (pool0 0x73801000 len 0x10000)
src frame 156: srcf=18 off=84240 br=16000
frame 156: send=0x0 get=0x0 len=29174 coding=1 startqp=0 meanqp=0 picbytes=0 pskip=0 nalus=1 n1:29174
  snapshot f156: 3 venc_ko blocks (pool0 0x73801000 len 0x10000)
src frame 157: srcf=17 off=84780 br=16000
frame 157: send=0x0 get=0x0 len=36394 coding=1 startqp=0 meanqp=0 picbytes=0 pskip=0 nalus=1 n1:36394
  snapshot f157: 3 venc_ko blocks (pool0 0x73801000 len 0x10000)
src frame 158: srcf=16 off=85320 br=16000
frame 158: send=0x0 get=0x0 len=29104 coding=1 startqp=0 meanqp=0 picbytes=0 pskip=0 nalus=1 n1:29104
  snapshot f158: 3 venc_ko blocks (pool0 0x73801000 len 0x10000)
src frame 159: srcf=15 off=85860 br=16000
frame 159: send=0x0 get=0x0 len=36793 coding=1 startqp=0 meanqp=0 picbytes=0 pskip=0 nalus=1 n1:36793
  snapshot f159: 3 venc_ko blocks (pool0 0x73801000 len 0x10000)
src frame 160: srcf=14 off=86400 br=16000
frame 160: send=0x0 get=0x0 len=28971 coding=1 startqp=0 meanqp=0 picbytes=0 pskip=0 nalus=1 n1:28971
  snapshot f160: 3 venc_ko blocks (pool0 0x73801000 len 0x10000)
src frame 161: srcf=13 off=86940 br=16000
frame 161: send=0x0 get=0x0 len=36649 coding=1 startqp=0 meanqp=0 picbytes=0 pskip=0 nalus=1 n1:36649
  snapshot f161: 3 venc_ko blocks (pool0 0x73801000 len 0x10000)
src frame 162: srcf=12 off=87480 br=16000
frame 162: send=0x0 get=0x0 len=29065 coding=1 startqp=0 meanqp=0 picbytes=0 pskip=0 nalus=1 n1:29065
  snapshot f162: 3 venc_ko blocks (pool0 0x73801000 len 0x10000)
src frame 163: srcf=11 off=88020 br=16000
frame 163: send=0x0 get=0x0 len=36774 coding=1 startqp=0 meanqp=0 picbytes=0 pskip=0 nalus=1 n1:36774
  snapshot f163: 3 venc_ko blocks (pool0 0x73801000 len 0x10000)
src frame 164: srcf=10 off=88560 br=16000
frame 164: send=0x0 get=0x0 len=29145 coding=1 startqp=0 meanqp=0 picbytes=0 pskip=0 nalus=1 n1:29145
  snapshot f164: 3 venc_ko blocks (pool0 0x73801000 len 0x10000)
src frame 165: srcf=9 off=89100 br=16000
frame 165: send=0x0 get=0x0 len=36660 coding=1 startqp=0 meanqp=0 picbytes=0 pskip=0 nalus=1 n1:36660
  snapshot f165: 3 venc_ko blocks (pool0 0x73801000 len 0x10000)
src frame 166: srcf=8 off=89640 br=16000
frame 166: send=0x0 get=0x0 len=29083 coding=1 startqp=0 meanqp=0 picbytes=0 pskip=0 nalus=1 n1:29083
  snapshot f166: 3 venc_ko blocks (pool0 0x73801000 len 0x10000)
src frame 167: srcf=7 off=90180 br=16000
frame 167: send=0x0 get=0x0 len=36686 coding=1 startqp=0 meanqp=0 picbytes=0 pskip=0 nalus=1 n1:36686
  snapshot f167: 3 venc_ko blocks (pool0 0x73801000 len 0x10000)
src frame 168: srcf=6 off=90720 br=16000
frame 168: send=0x0 get=0x0 len=30834 coding=1 startqp=0 meanqp=0 picbytes=0 pskip=0 nalus=1 n1:30834
  snapshot f168: 3 venc_ko blocks (pool0 0x73801000 len 0x10000)
src frame 169: srcf=5 off=91260 br=16000
frame 169: send=0x0 get=0x0 len=36742 coding=1 startqp=0 meanqp=0 picbytes=0 pskip=0 nalus=1 n1:36742
  snapshot f169: 3 venc_ko blocks (pool0 0x73801000 len 0x10000)
src frame 170: srcf=4 off=91800 br=16000
frame 170: send=0x0 get=0x0 len=30629 coding=1 startqp=0 meanqp=0 picbytes=0 pskip=0 nalus=1 n1:30629
  snapshot f170: 3 venc_ko blocks (pool0 0x73801000 len 0x10000)
src frame 171: srcf=3 off=92340 br=16000
frame 171: send=0x0 get=0x0 len=36086 coding=1 startqp=0 meanqp=0 picbytes=0 pskip=0 nalus=1 n1:36086
  snapshot f171: 3 venc_ko blocks (pool0 0x73801000 len 0x10000)
src frame 172: srcf=2 off=92880 br=16000
frame 172: send=0x0 get=0x0 len=30415 coding=1 startqp=0 meanqp=0 picbytes=0 pskip=0 nalus=1 n1:30415
  snapshot f172: 3 venc_ko blocks (pool0 0x73801000 len 0x10000)
src frame 173: srcf=1 off=93420 br=16000
frame 173: send=0x0 get=0x0 len=38227 coding=1 startqp=0 meanqp=0 picbytes=0 pskip=0 nalus=1 n1:38227
  snapshot f173: 3 venc_ko blocks (pool0 0x73801000 len 0x10000)
src frame 174: srcf=0 off=93960 br=16000
frame 174: send=0x0 get=0x0 len=30580 coding=1 startqp=0 meanqp=0 picbytes=0 pskip=0 nalus=1 n1:30580
  snapshot f174: 3 venc_ko blocks (pool0 0x73801000 len 0x10000)
src frame 175: srcf=1 off=94500 br=16000
frame 175: send=0x0 get=0x0 len=36325 coding=1 startqp=0 meanqp=0 picbytes=0 pskip=0 nalus=1 n1:36325
  snapshot f175: 3 venc_ko blocks (pool0 0x73801000 len 0x10000)
src frame 176: srcf=2 off=95040 br=16000
frame 176: send=0x0 get=0x0 len=30707 coding=1 startqp=0 meanqp=0 picbytes=0 pskip=0 nalus=1 n1:30707
  snapshot f176: 3 venc_ko blocks (pool0 0x73801000 len 0x10000)
src frame 177: srcf=3 off=95580 br=16000
frame 177: send=0x0 get=0x0 len=36600 coding=1 startqp=0 meanqp=0 picbytes=0 pskip=0 nalus=1 n1:36600
  snapshot f177: 3 venc_ko blocks (pool0 0x73801000 len 0x10000)
src frame 178: srcf=4 off=96120 br=16000
frame 178: send=0x0 get=0x0 len=30537 coding=1 startqp=0 meanqp=0 picbytes=0 pskip=0 nalus=1 n1:30537
  snapshot f178: 3 venc_ko blocks (pool0 0x73801000 len 0x10000)
src frame 179: srcf=5 off=96660 br=16000
frame 179: send=0x0 get=0x0 len=37414 coding=1 startqp=0 meanqp=0 picbytes=0 pskip=0 nalus=1 n1:37414
  snapshot f179: 3 venc_ko blocks (pool0 0x73801000 len 0x10000)
src frame 180: srcf=6 off=97200 br=16000
frame 180: send=0x0 get=0x0 len=53702 coding=0 startqp=0 meanqp=0 picbytes=0 pskip=0 nalus=3 n7:32 n8:8 n5:53662
  snapshot f180: 3 venc_ko blocks (pool0 0x73801000 len 0x10000)
src frame 181: srcf=7 off=97740 br=16000
frame 181: send=0x0 get=0x0 len=40857 coding=1 startqp=0 meanqp=0 picbytes=0 pskip=0 nalus=1 n1:40857
  snapshot f181: 3 venc_ko blocks (pool0 0x73801000 len 0x10000)
src frame 182: srcf=8 off=98280 br=16000
frame 182: send=0x0 get=0x0 len=30725 coding=1 startqp=0 meanqp=0 picbytes=0 pskip=0 nalus=1 n1:30725
  snapshot f182: 3 venc_ko blocks (pool0 0x73801000 len 0x10000)
src frame 183: srcf=9 off=98820 br=16000
frame 183: send=0x0 get=0x0 len=34560 coding=1 startqp=0 meanqp=0 picbytes=0 pskip=0 nalus=1 n1:34560
  snapshot f183: 3 venc_ko blocks (pool0 0x73801000 len 0x10000)
src frame 184: srcf=10 off=99360 br=16000
frame 184: send=0x0 get=0x0 len=28864 coding=1 startqp=0 meanqp=0 picbytes=0 pskip=0 nalus=1 n1:28864
  snapshot f184: 3 venc_ko blocks (pool0 0x73801000 len 0x10000)
src frame 185: srcf=11 off=99900 br=16000
frame 185: send=0x0 get=0x0 len=36194 coding=1 startqp=0 meanqp=0 picbytes=0 pskip=0 nalus=1 n1:36194
  snapshot f185: 3 venc_ko blocks (pool0 0x73801000 len 0x10000)
src frame 186: srcf=12 off=100440 br=16000
frame 186: send=0x0 get=0x0 len=28982 coding=1 startqp=0 meanqp=0 picbytes=0 pskip=0 nalus=1 n1:28982
  snapshot f186: 3 venc_ko blocks (pool0 0x73801000 len 0x10000)
src frame 187: srcf=13 off=100980 br=16000
frame 187: send=0x0 get=0x0 len=36322 coding=1 startqp=0 meanqp=0 picbytes=0 pskip=0 nalus=1 n1:36322
  snapshot f187: 3 venc_ko blocks (pool0 0x73801000 len 0x10000)
src frame 188: srcf=14 off=101520 br=16000
frame 188: send=0x0 get=0x0 len=28947 coding=1 startqp=0 meanqp=0 picbytes=0 pskip=0 nalus=1 n1:28947
  snapshot f188: 3 venc_ko blocks (pool0 0x73801000 len 0x10000)
src frame 189: srcf=15 off=102060 br=16000
frame 189: send=0x0 get=0x0 len=35717 coding=1 startqp=0 meanqp=0 picbytes=0 pskip=0 nalus=1 n1:35717
  snapshot f189: 3 venc_ko blocks (pool0 0x73801000 len 0x10000)
src frame 190: srcf=16 off=102600 br=16000
frame 190: send=0x0 get=0x0 len=28892 coding=1 startqp=0 meanqp=0 picbytes=0 pskip=0 nalus=1 n1:28892
  snapshot f190: 3 venc_ko blocks (pool0 0x73801000 len 0x10000)
src frame 191: srcf=17 off=103140 br=16000
frame 191: send=0x0 get=0x0 len=36523 coding=1 startqp=0 meanqp=0 picbytes=0 pskip=0 nalus=1 n1:36523
  snapshot f191: 3 venc_ko blocks (pool0 0x73801000 len 0x10000)
src frame 192: srcf=18 off=103680 br=16000
frame 192: send=0x0 get=0x0 len=29143 coding=1 startqp=0 meanqp=0 picbytes=0 pskip=0 nalus=1 n1:29143
  snapshot f192: 3 venc_ko blocks (pool0 0x73801000 len 0x10000)
src frame 193: srcf=19 off=104220 br=16000
frame 193: send=0x0 get=0x0 len=36383 coding=1 startqp=0 meanqp=0 picbytes=0 pskip=0 nalus=1 n1:36383
  snapshot f193: 3 venc_ko blocks (pool0 0x73801000 len 0x10000)
src frame 194: srcf=20 off=104760 br=16000
frame 194: send=0x0 get=0x0 len=28880 coding=1 startqp=0 meanqp=0 picbytes=0 pskip=0 nalus=1 n1:28880
  snapshot f194: 3 venc_ko blocks (pool0 0x73801000 len 0x10000)
src frame 195: srcf=21 off=105300 br=16000
frame 195: send=0x0 get=0x0 len=35856 coding=1 startqp=0 meanqp=0 picbytes=0 pskip=0 nalus=1 n1:35856
  snapshot f195: 3 venc_ko blocks (pool0 0x73801000 len 0x10000)
src frame 196: srcf=22 off=105840 br=16000
frame 196: send=0x0 get=0x0 len=29097 coding=1 startqp=0 meanqp=0 picbytes=0 pskip=0 nalus=1 n1:29097
  snapshot f196: 3 venc_ko blocks (pool0 0x73801000 len 0x10000)
src frame 197: srcf=23 off=106380 br=16000
frame 197: send=0x0 get=0x0 len=36452 coding=1 startqp=0 meanqp=0 picbytes=0 pskip=0 nalus=1 n1:36452
  snapshot f197: 3 venc_ko blocks (pool0 0x73801000 len 0x10000)
src frame 198: srcf=24 off=106920 br=16000
frame 198: send=0x0 get=0x0 len=28921 coding=1 startqp=0 meanqp=0 picbytes=0 pskip=0 nalus=1 n1:28921
  snapshot f198: 3 venc_ko blocks (pool0 0x73801000 len 0x10000)
src frame 199: srcf=25 off=107460 br=16000
frame 199: send=0x0 get=0x0 len=36414 coding=1 startqp=0 meanqp=0 picbytes=0 pskip=0 nalus=1 n1:36414
  snapshot f199: 3 venc_ko blocks (pool0 0x73801000 len 0x10000)
src frame 200: srcf=26 off=108000 br=16000
frame 200: send=0x0 get=0x0 len=28983 coding=1 startqp=0 meanqp=0 picbytes=0 pskip=0 nalus=1 n1:28983
  snapshot f200: 3 venc_ko blocks (pool0 0x73801000 len 0x10000)
src frame 201: srcf=27 off=108540 br=16000
frame 201: send=0x0 get=0x0 len=35848 coding=1 startqp=0 meanqp=0 picbytes=0 pskip=0 nalus=1 n1:35848
  snapshot f201: 3 venc_ko blocks (pool0 0x73801000 len 0x10000)
src frame 202: srcf=28 off=109080 br=16000
frame 202: send=0x0 get=0x0 len=29026 coding=1 startqp=0 meanqp=0 picbytes=0 pskip=0 nalus=1 n1:29026
  snapshot f202: 3 venc_ko blocks (pool0 0x73801000 len 0x10000)
src frame 203: srcf=29 off=109620 br=16000
frame 203: send=0x0 get=0x0 len=35736 coding=1 startqp=0 meanqp=0 picbytes=0 pskip=0 nalus=1 n1:35736
  snapshot f203: 3 venc_ko blocks (pool0 0x73801000 len 0x10000)
src frame 204: srcf=28 off=110160 br=16000
frame 204: send=0x0 get=0x0 len=30504 coding=1 startqp=0 meanqp=0 picbytes=0 pskip=0 nalus=1 n1:30504
  snapshot f204: 3 venc_ko blocks (pool0 0x73801000 len 0x10000)
src frame 205: srcf=27 off=110700 br=16000
frame 205: send=0x0 get=0x0 len=36811 coding=1 startqp=0 meanqp=0 picbytes=0 pskip=0 nalus=1 n1:36811
  snapshot f205: 3 venc_ko blocks (pool0 0x73801000 len 0x10000)
src frame 206: srcf=26 off=111240 br=16000
frame 206: send=0x0 get=0x0 len=30522 coding=1 startqp=0 meanqp=0 picbytes=0 pskip=0 nalus=1 n1:30522
  snapshot f206: 3 venc_ko blocks (pool0 0x73801000 len 0x10000)
src frame 207: srcf=25 off=111780 br=16000
frame 207: send=0x0 get=0x0 len=34971 coding=1 startqp=0 meanqp=0 picbytes=0 pskip=0 nalus=1 n1:34971
  snapshot f207: 3 venc_ko blocks (pool0 0x73801000 len 0x10000)
src frame 208: srcf=24 off=112320 br=16000
frame 208: send=0x0 get=0x0 len=28959 coding=1 startqp=0 meanqp=0 picbytes=0 pskip=0 nalus=1 n1:28959
  snapshot f208: 3 venc_ko blocks (pool0 0x73801000 len 0x10000)
src frame 209: srcf=23 off=112860 br=16000
frame 209: send=0x0 get=0x0 len=36436 coding=1 startqp=0 meanqp=0 picbytes=0 pskip=0 nalus=1 n1:36436
  snapshot f209: 3 venc_ko blocks (pool0 0x73801000 len 0x10000)
src frame 210: srcf=22 off=113400 br=16000
frame 210: send=0x0 get=0x0 len=51112 coding=0 startqp=0 meanqp=0 picbytes=0 pskip=0 nalus=3 n7:32 n8:8 n5:51072
  snapshot f210: 3 venc_ko blocks (pool0 0x73801000 len 0x10000)
src frame 211: srcf=21 off=113940 br=16000
frame 211: send=0x0 get=0x0 len=38473 coding=1 startqp=0 meanqp=0 picbytes=0 pskip=0 nalus=1 n1:38473
  snapshot f211: 3 venc_ko blocks (pool0 0x73801000 len 0x10000)
src frame 212: srcf=20 off=114480 br=16000
frame 212: send=0x0 get=0x0 len=29451 coding=1 startqp=0 meanqp=0 picbytes=0 pskip=0 nalus=1 n1:29451
  snapshot f212: 3 venc_ko blocks (pool0 0x73801000 len 0x10000)
src frame 213: srcf=19 off=115020 br=16000
frame 213: send=0x0 get=0x0 len=37323 coding=1 startqp=0 meanqp=0 picbytes=0 pskip=0 nalus=1 n1:37323
  snapshot f213: 3 venc_ko blocks (pool0 0x73801000 len 0x10000)
src frame 214: srcf=18 off=115560 br=16000
frame 214: send=0x0 get=0x0 len=29149 coding=1 startqp=0 meanqp=0 picbytes=0 pskip=0 nalus=1 n1:29149
  snapshot f214: 3 venc_ko blocks (pool0 0x73801000 len 0x10000)
src frame 215: srcf=17 off=116100 br=16000
frame 215: send=0x0 get=0x0 len=36773 coding=1 startqp=0 meanqp=0 picbytes=0 pskip=0 nalus=1 n1:36773
  snapshot f215: 3 venc_ko blocks (pool0 0x73801000 len 0x10000)
src frame 216: srcf=16 off=116640 br=16000
frame 216: send=0x0 get=0x0 len=29129 coding=1 startqp=0 meanqp=0 picbytes=0 pskip=0 nalus=1 n1:29129
  snapshot f216: 3 venc_ko blocks (pool0 0x73801000 len 0x10000)
src frame 217: srcf=15 off=117180 br=16000
frame 217: send=0x0 get=0x0 len=36236 coding=1 startqp=0 meanqp=0 picbytes=0 pskip=0 nalus=1 n1:36236
  snapshot f217: 3 venc_ko blocks (pool0 0x73801000 len 0x10000)
src frame 218: srcf=14 off=117720 br=16000
frame 218: send=0x0 get=0x0 len=30825 coding=1 startqp=0 meanqp=0 picbytes=0 pskip=0 nalus=1 n1:30825
  snapshot f218: 3 venc_ko blocks (pool0 0x73801000 len 0x10000)
src frame 219: srcf=13 off=118260 br=16000
frame 219: send=0x0 get=0x0 len=36040 coding=1 startqp=0 meanqp=0 picbytes=0 pskip=0 nalus=1 n1:36040
  snapshot f219: 3 venc_ko blocks (pool0 0x73801000 len 0x10000)
src frame 220: srcf=12 off=118800 br=16000
frame 220: send=0x0 get=0x0 len=30676 coding=1 startqp=0 meanqp=0 picbytes=0 pskip=0 nalus=1 n1:30676
  snapshot f220: 3 venc_ko blocks (pool0 0x73801000 len 0x10000)
src frame 221: srcf=11 off=119340 br=16000
frame 221: send=0x0 get=0x0 len=36317 coding=1 startqp=0 meanqp=0 picbytes=0 pskip=0 nalus=1 n1:36317
  snapshot f221: 3 venc_ko blocks (pool0 0x73801000 len 0x10000)
src frame 222: srcf=10 off=119880 br=16000
frame 222: send=0x0 get=0x0 len=30662 coding=1 startqp=0 meanqp=0 picbytes=0 pskip=0 nalus=1 n1:30662
  snapshot f222: 3 venc_ko blocks (pool0 0x73801000 len 0x10000)
src frame 223: srcf=9 off=120420 br=16000
frame 223: send=0x0 get=0x0 len=36737 coding=1 startqp=0 meanqp=0 picbytes=0 pskip=0 nalus=1 n1:36737
  snapshot f223: 3 venc_ko blocks (pool0 0x73801000 len 0x10000)
src frame 224: srcf=8 off=120960 br=16000
frame 224: send=0x0 get=0x0 len=30819 coding=1 startqp=0 meanqp=0 picbytes=0 pskip=0 nalus=1 n1:30819
  snapshot f224: 3 venc_ko blocks (pool0 0x73801000 len 0x10000)
src frame 225: srcf=7 off=121500 br=16000
frame 225: send=0x0 get=0x0 len=36255 coding=1 startqp=0 meanqp=0 picbytes=0 pskip=0 nalus=1 n1:36255
  snapshot f225: 3 venc_ko blocks (pool0 0x73801000 len 0x10000)
src frame 226: srcf=6 off=122040 br=16000
frame 226: send=0x0 get=0x0 len=30459 coding=1 startqp=0 meanqp=0 picbytes=0 pskip=0 nalus=1 n1:30459
  snapshot f226: 3 venc_ko blocks (pool0 0x73801000 len 0x10000)
src frame 227: srcf=5 off=122580 br=16000
frame 227: send=0x0 get=0x0 len=37278 coding=1 startqp=0 meanqp=0 picbytes=0 pskip=0 nalus=1 n1:37278
  snapshot f227: 3 venc_ko blocks (pool0 0x73801000 len 0x10000)
src frame 228: srcf=4 off=123120 br=16000
frame 228: send=0x0 get=0x0 len=30766 coding=1 startqp=0 meanqp=0 picbytes=0 pskip=0 nalus=1 n1:30766
  snapshot f228: 3 venc_ko blocks (pool0 0x73801000 len 0x10000)
src frame 229: srcf=3 off=123660 br=16000
frame 229: send=0x0 get=0x0 len=35835 coding=1 startqp=0 meanqp=0 picbytes=0 pskip=0 nalus=1 n1:35835
  snapshot f229: 3 venc_ko blocks (pool0 0x73801000 len 0x10000)
src frame 230: srcf=2 off=124200 br=16000
frame 230: send=0x0 get=0x0 len=30610 coding=1 startqp=0 meanqp=0 picbytes=0 pskip=0 nalus=1 n1:30610
  snapshot f230: 3 venc_ko blocks (pool0 0x73801000 len 0x10000)
src frame 231: srcf=1 off=124740 br=16000
frame 231: send=0x0 get=0x0 len=36407 coding=1 startqp=0 meanqp=0 picbytes=0 pskip=0 nalus=1 n1:36407
  snapshot f231: 3 venc_ko blocks (pool0 0x73801000 len 0x10000)
src frame 232: srcf=0 off=125280 br=16000
frame 232: send=0x0 get=0x0 len=30748 coding=1 startqp=0 meanqp=0 picbytes=0 pskip=0 nalus=1 n1:30748
  snapshot f232: 3 venc_ko blocks (pool0 0x73801000 len 0x10000)
src frame 233: srcf=1 off=125820 br=16000
frame 233: send=0x0 get=0x0 len=36190 coding=1 startqp=0 meanqp=0 picbytes=0 pskip=0 nalus=1 n1:36190
  snapshot f233: 3 venc_ko blocks (pool0 0x73801000 len 0x10000)
src frame 234: srcf=2 off=126360 br=16000
frame 234: send=0x0 get=0x0 len=30470 coding=1 startqp=0 meanqp=0 picbytes=0 pskip=0 nalus=1 n1:30470
  snapshot f234: 3 venc_ko blocks (pool0 0x73801000 len 0x10000)
src frame 235: srcf=3 off=126900 br=16000
frame 235: send=0x0 get=0x0 len=35942 coding=1 startqp=0 meanqp=0 picbytes=0 pskip=0 nalus=1 n1:35942
  snapshot f235: 3 venc_ko blocks (pool0 0x73801000 len 0x10000)
src frame 236: srcf=4 off=127440 br=16000
frame 236: send=0x0 get=0x0 len=30591 coding=1 startqp=0 meanqp=0 picbytes=0 pskip=0 nalus=1 n1:30591
  snapshot f236: 3 venc_ko blocks (pool0 0x73801000 len 0x10000)
src frame 237: srcf=5 off=127980 br=16000
frame 237: send=0x0 get=0x0 len=35967 coding=1 startqp=0 meanqp=0 picbytes=0 pskip=0 nalus=1 n1:35967
  snapshot f237: 3 venc_ko blocks (pool0 0x73801000 len 0x10000)
src frame 238: srcf=6 off=128520 br=16000
frame 238: send=0x0 get=0x0 len=32160 coding=1 startqp=0 meanqp=0 picbytes=0 pskip=0 nalus=1 n1:32160
  snapshot f238: 3 venc_ko blocks (pool0 0x73801000 len 0x10000)
src frame 239: srcf=7 off=129060 br=16000
frame 239: send=0x0 get=0x0 len=35493 coding=1 startqp=0 meanqp=0 picbytes=0 pskip=0 nalus=1 n1:35493
  snapshot f239: 3 venc_ko blocks (pool0 0x73801000 len 0x10000)
---- /proc/ax_proc/venc ----
-------- VENC VERSION ------------------------
[Axera version]: ax_venc V3.0.0_20250319114413 Mar 19 2025 11:58:34 JK

-------- MODULE PARAM ------------------------
MaxChnNum   MaxRoiNum   MaxProcNum  
16          8           16          

-------- VENC CHN ATTR 1 ------------------------
ID    Type    wSrc    hSrc    Strd0   Strd1   maxW    maxH    PixFmt  link  InFifoDep    OutFifoDep   InDbgFifoLen InDbgFifoDep StrmBufSize(KB)
7     h264    1920    1080    3840    0       1920    1080    YUYV422 N     2            2            0            4            4114      
-------- VENC CHN ATTR 2 ------------------------
ID    [CropEn StartX  StartY  CropW   CropH]  Rotation  EncW    EncH    FrmSize      PTS          SeqNum       CompMode     CompLevel    PhyAddr0     PhyAddr1     PhyAddr2     
7     N       0       0       0       0       0         1920    1080    4147200      3266666      197          NONE         0            742d1000     0            0            
-------- VENC RC ATTR 1 ------------------------
ID    RcMode    SrcFr   DstFr   Br(kbps)  MinQp   MaxQp   MinIQp  MaxIQp  IQpDelta  IpropMax   IpropMin   StartQp    QpDltRng   DeBrQpDlt  SvcEn   ChgPos  StillPercent MaxStillQp 
7     CBR       60.00   60.00   16000     10      51      10      51      0         40         10         -1         2          0          False   -       -            -          
-------- VENC RC ATTR 2  -----------------------
ID    QMapQpType  QMapUnit    QMapBlkType IQp   PQp   MinQpDelta MaxQpDelta MaxBitRate shtStaTime ltStaTime  ltMinBr  ltMaxBr  Br_ST(kbps)    Br_LT(kbps)    
7     N/A         64x64       N/A         -     -     -          -          -          -          -          -        -        -              -              
-------- VENC GOP ATTR  ------------------------
ID    GopMode   Gop   GopVI 
7     NormalP   30    0     
-------- VENC STATUS 1 -------------------------
ID    RJEn         RJThr(bps)   RJMode       RJEncGaps    SupFrmEn     SupPri       SupThrI      SupThrP      SplitEn      SliceNum     Range(In)    Range(out)   
7     N            0            Normal       0            N            0            500000       500000       N            0            Full         Full         
-------- VENC STATUS 2 -------------------------
ID    ChnStat   FrmRecv   FrmRls    FrmEnc    FrmDrop   FrmDup    EncFail   MissMatch StrmGet   StrmRls   OutFps    RealBr    ReEncCnt  DropCnt   BlkFail   GrpID     PID     TID     ThNum   RefInc    RefDec    Fail1   Fail2   Fail3   Fail4   
7     STARTED   197       197       197       0         0         0         0         197       197       49.50     13663.42  0         0         0         -1        130532  130536  1       197       197       0       0       0       0       
-------- VENC HW STATUS  ------------------------
ID    OverFlow     TimeOut      
7     0            0            
-------- VENC ROI INFO  ------------------------
ID    Index        bEnable      bAbsQp       RoiQP        Width        Height       StartX       StartY       
done h264_jump1_cbr16000
