# vdrive tag=h265_jump15_cbr8000 codec=h265 1920x1080 rc=cbr br=8000 fps=60/60 gop=30 gopmode=normalp ltrint=0 ltrqpo=0 iqp=32 pqp=32 profile=0 level=153 tier=0 qp[10..51] iqp[10..51] iqd=0 firstqp=-1 iprop[10..40] idrrange=2 stattime=1 vq=0 ir=0/0 slice=0 debreath=0 scd=-1 rowqpd=-1 vui=-1 move=0 nframes=240
src=/root/rc65/clips/static.yuyv frames=30 loop=pingpong motion=jump mstep=15 window=0..-1
AX_SYS_Init rc=0x0
AX_VENC_Init rc=0x0
AX_VENC_CreateChn(7) rc=0x0
StartRecvFrame rc=0x0
AX_POOL_CreatePool id=0x0
blk=0x5e000000 phys=0x742cb000 virt=0xffff80fe5000
frame: modid=0x11 stride=1920 fmt=0xd
  snapshot pre: 3 venc_ko blocks (pool0 0x73801000 len 0x10000)
src frame 0: srcf=0 off=0 br=8000
frame 0: send=0x0 get=0x0 len=28832 coding=0 startqp=0 meanqp=0 picbytes=0 pskip=0 nalus=4 n32:27 n33:53 n34:12 n19:28740
  cu: inter64=0 inter32=0 inter16=0 inter8=0 intra32=0 intra16=0 intra8=0 intra4=0 reftype=0
  snapshot f000: 3 venc_ko blocks (pool0 0x73801000 len 0x10000)
src frame 1: srcf=1 off=0 br=8000
frame 1: send=0x0 get=0x0 len=4963 coding=1 startqp=0 meanqp=0 picbytes=0 pskip=0 nalus=1 n1:4963
  cu: inter64=0 inter32=0 inter16=0 inter8=0 intra32=0 intra16=0 intra8=0 intra4=0 reftype=0
  snapshot f001: 3 venc_ko blocks (pool0 0x73801000 len 0x10000)
src frame 2: srcf=2 off=0 br=8000
frame 2: send=0x0 get=0x0 len=5203 coding=1 startqp=0 meanqp=0 picbytes=0 pskip=0 nalus=1 n1:5203
  cu: inter64=0 inter32=0 inter16=0 inter8=0 intra32=0 intra16=0 intra8=0 intra4=0 reftype=0
  snapshot f002: 3 venc_ko blocks (pool0 0x73801000 len 0x10000)
src frame 3: srcf=3 off=0 br=8000
frame 3: send=0x0 get=0x0 len=2713 coding=1 startqp=0 meanqp=0 picbytes=0 pskip=0 nalus=1 n1:2713
  cu: inter64=0 inter32=0 inter16=0 inter8=0 intra32=0 intra16=0 intra8=0 intra4=0 reftype=0
  snapshot f003: 3 venc_ko blocks (pool0 0x73801000 len 0x10000)
src frame 4: srcf=4 off=0 br=8000
frame 4: send=0x0 get=0x0 len=3455 coding=1 startqp=0 meanqp=0 picbytes=0 pskip=0 nalus=1 n1:3455
  cu: inter64=0 inter32=0 inter16=0 inter8=0 intra32=0 intra16=0 intra8=0 intra4=0 reftype=0
  snapshot f004: 3 venc_ko blocks (pool0 0x73801000 len 0x10000)
src frame 5: srcf=5 off=0 br=8000
frame 5: send=0x0 get=0x0 len=3664 coding=1 startqp=0 meanqp=0 picbytes=0 pskip=0 nalus=1 n1:3664
  cu: inter64=0 inter32=0 inter16=0 inter8=0 intra32=0 intra16=0 intra8=0 intra4=0 reftype=0
  snapshot f005: 3 venc_ko blocks (pool0 0x73801000 len 0x10000)
src frame 6: srcf=6 off=0 br=8000
frame 6: send=0x0 get=0x0 len=3699 coding=1 startqp=0 meanqp=0 picbytes=0 pskip=0 nalus=1 n1:3699
  cu: inter64=0 inter32=0 inter16=0 inter8=0 intra32=0 intra16=0 intra8=0 intra4=0 reftype=0
  snapshot f006: 3 venc_ko blocks (pool0 0x73801000 len 0x10000)
src frame 7: srcf=7 off=0 br=8000
frame 7: send=0x0 get=0x0 len=4193 coding=1 startqp=0 meanqp=0 picbytes=0 pskip=0 nalus=1 n1:4193
  cu: inter64=0 inter32=0 inter16=0 inter8=0 intra32=0 intra16=0 intra8=0 intra4=0 reftype=0
  snapshot f007: 3 venc_ko blocks (pool0 0x73801000 len 0x10000)
src frame 8: srcf=8 off=0 br=8000
frame 8: send=0x0 get=0x0 len=4053 coding=1 startqp=0 meanqp=0 picbytes=0 pskip=0 nalus=1 n1:4053
  cu: inter64=0 inter32=0 inter16=0 inter8=0 intra32=0 intra16=0 intra8=0 intra4=0 reftype=0
  snapshot f008: 3 venc_ko blocks (pool0 0x73801000 len 0x10000)
src frame 9: srcf=9 off=0 br=8000
frame 9: send=0x0 get=0x0 len=4627 coding=1 startqp=0 meanqp=0 picbytes=0 pskip=0 nalus=1 n1:4627
  cu: inter64=0 inter32=0 inter16=0 inter8=0 intra32=0 intra16=0 intra8=0 intra4=0 reftype=0
  snapshot f009: 3 venc_ko blocks (pool0 0x73801000 len 0x10000)
src frame 10: srcf=10 off=0 br=8000
frame 10: send=0x0 get=0x0 len=4808 coding=1 startqp=0 meanqp=0 picbytes=0 pskip=0 nalus=1 n1:4808
  cu: inter64=0 inter32=0 inter16=0 inter8=0 intra32=0 intra16=0 intra8=0 intra4=0 reftype=0
  snapshot f010: 3 venc_ko blocks (pool0 0x73801000 len 0x10000)
src frame 11: srcf=11 off=0 br=8000
frame 11: send=0x0 get=0x0 len=5151 coding=1 startqp=0 meanqp=0 picbytes=0 pskip=0 nalus=1 n1:5151
  cu: inter64=0 inter32=0 inter16=0 inter8=0 intra32=0 intra16=0 intra8=0 intra4=0 reftype=0
  snapshot f011: 3 venc_ko blocks (pool0 0x73801000 len 0x10000)
src frame 12: srcf=12 off=0 br=8000
frame 12: send=0x0 get=0x0 len=5160 coding=1 startqp=0 meanqp=0 picbytes=0 pskip=0 nalus=1 n1:5160
  cu: inter64=0 inter32=0 inter16=0 inter8=0 intra32=0 intra16=0 intra8=0 intra4=0 reftype=0
  snapshot f012: 3 venc_ko blocks (pool0 0x73801000 len 0x10000)
src frame 13: srcf=13 off=0 br=8000
frame 13: send=0x0 get=0x0 len=5096 coding=1 startqp=0 meanqp=0 picbytes=0 pskip=0 nalus=1 n1:5096
  cu: inter64=0 inter32=0 inter16=0 inter8=0 intra32=0 intra16=0 intra8=0 intra4=0 reftype=0
  snapshot f013: 3 venc_ko blocks (pool0 0x73801000 len 0x10000)
src frame 14: srcf=14 off=0 br=8000
frame 14: send=0x0 get=0x0 len=6199 coding=1 startqp=0 meanqp=0 picbytes=0 pskip=0 nalus=1 n1:6199
  cu: inter64=0 inter32=0 inter16=0 inter8=0 intra32=0 intra16=0 intra8=0 intra4=0 reftype=0
  snapshot f014: 3 venc_ko blocks (pool0 0x73801000 len 0x10000)
src frame 15: srcf=15 off=540 br=8000
frame 15: send=0x0 get=0x0 len=40053 coding=1 startqp=0 meanqp=0 picbytes=0 pskip=0 nalus=1 n1:40053
  cu: inter64=0 inter32=0 inter16=0 inter8=0 intra32=0 intra16=0 intra8=0 intra4=0 reftype=0
  snapshot f015: 3 venc_ko blocks (pool0 0x73801000 len 0x10000)
src frame 16: srcf=16 off=540 br=8000
frame 16: send=0x0 get=0x0 len=18899 coding=1 startqp=0 meanqp=0 picbytes=0 pskip=0 nalus=1 n1:18899
  cu: inter64=0 inter32=0 inter16=0 inter8=0 intra32=0 intra16=0 intra8=0 intra4=0 reftype=0
  snapshot f016: 3 venc_ko blocks (pool0 0x73801000 len 0x10000)
src frame 17: srcf=17 off=540 br=8000
frame 17: send=0x0 get=0x0 len=14422 coding=1 startqp=0 meanqp=0 picbytes=0 pskip=0 nalus=1 n1:14422
  cu: inter64=0 inter32=0 inter16=0 inter8=0 intra32=0 intra16=0 intra8=0 intra4=0 reftype=0
  snapshot f017: 3 venc_ko blocks (pool0 0x73801000 len 0x10000)
src frame 18: srcf=18 off=540 br=8000
frame 18: send=0x0 get=0x0 len=4815 coding=1 startqp=0 meanqp=0 picbytes=0 pskip=0 nalus=1 n1:4815
  cu: inter64=0 inter32=0 inter16=0 inter8=0 intra32=0 intra16=0 intra8=0 intra4=0 reftype=0
  snapshot f018: 3 venc_ko blocks (pool0 0x73801000 len 0x10000)
src frame 19: srcf=19 off=540 br=8000
frame 19: send=0x0 get=0x0 len=1937 coding=1 startqp=0 meanqp=0 picbytes=0 pskip=0 nalus=1 n1:1937
  cu: inter64=0 inter32=0 inter16=0 inter8=0 intra32=0 intra16=0 intra8=0 intra4=0 reftype=0
  snapshot f019: 3 venc_ko blocks (pool0 0x73801000 len 0x10000)
src frame 20: srcf=20 off=540 br=8000
frame 20: send=0x0 get=0x0 len=1523 coding=1 startqp=0 meanqp=0 picbytes=0 pskip=0 nalus=1 n1:1523
  cu: inter64=0 inter32=0 inter16=0 inter8=0 intra32=0 intra16=0 intra8=0 intra4=0 reftype=0
  snapshot f020: 3 venc_ko blocks (pool0 0x73801000 len 0x10000)
src frame 21: srcf=21 off=540 br=8000
frame 21: send=0x0 get=0x0 len=1279 coding=1 startqp=0 meanqp=0 picbytes=0 pskip=0 nalus=1 n1:1279
  cu: inter64=0 inter32=0 inter16=0 inter8=0 intra32=0 intra16=0 intra8=0 intra4=0 reftype=0
  snapshot f021: 3 venc_ko blocks (pool0 0x73801000 len 0x10000)
src frame 22: srcf=22 off=540 br=8000
frame 22: send=0x0 get=0x0 len=1078 coding=1 startqp=0 meanqp=0 picbytes=0 pskip=0 nalus=1 n1:1078
  cu: inter64=0 inter32=0 inter16=0 inter8=0 intra32=0 intra16=0 intra8=0 intra4=0 reftype=0
  snapshot f022: 3 venc_ko blocks (pool0 0x73801000 len 0x10000)
src frame 23: srcf=23 off=540 br=8000
frame 23: send=0x0 get=0x0 len=1018 coding=1 startqp=0 meanqp=0 picbytes=0 pskip=0 nalus=1 n1:1018
  cu: inter64=0 inter32=0 inter16=0 inter8=0 intra32=0 intra16=0 intra8=0 intra4=0 reftype=0
  snapshot f023: 3 venc_ko blocks (pool0 0x73801000 len 0x10000)
src frame 24: srcf=24 off=540 br=8000
frame 24: send=0x0 get=0x0 len=975 coding=1 startqp=0 meanqp=0 picbytes=0 pskip=0 nalus=1 n1:975
  cu: inter64=0 inter32=0 inter16=0 inter8=0 intra32=0 intra16=0 intra8=0 intra4=0 reftype=0
  snapshot f024: 3 venc_ko blocks (pool0 0x73801000 len 0x10000)
src frame 25: srcf=25 off=540 br=8000
frame 25: send=0x0 get=0x0 len=882 coding=1 startqp=0 meanqp=0 picbytes=0 pskip=0 nalus=1 n1:882
  cu: inter64=0 inter32=0 inter16=0 inter8=0 intra32=0 intra16=0 intra8=0 intra4=0 reftype=0
  snapshot f025: 3 venc_ko blocks (pool0 0x73801000 len 0x10000)
src frame 26: srcf=26 off=540 br=8000
frame 26: send=0x0 get=0x0 len=877 coding=1 startqp=0 meanqp=0 picbytes=0 pskip=0 nalus=1 n1:877
  cu: inter64=0 inter32=0 inter16=0 inter8=0 intra32=0 intra16=0 intra8=0 intra4=0 reftype=0
  snapshot f026: 3 venc_ko blocks (pool0 0x73801000 len 0x10000)
src frame 27: srcf=27 off=540 br=8000
frame 27: send=0x0 get=0x0 len=875 coding=1 startqp=0 meanqp=0 picbytes=0 pskip=0 nalus=1 n1:875
  cu: inter64=0 inter32=0 inter16=0 inter8=0 intra32=0 intra16=0 intra8=0 intra4=0 reftype=0
  snapshot f027: 3 venc_ko blocks (pool0 0x73801000 len 0x10000)
src frame 28: srcf=28 off=540 br=8000
frame 28: send=0x0 get=0x0 len=877 coding=1 startqp=0 meanqp=0 picbytes=0 pskip=0 nalus=1 n1:877
  cu: inter64=0 inter32=0 inter16=0 inter8=0 intra32=0 intra16=0 intra8=0 intra4=0 reftype=0
  snapshot f028: 3 venc_ko blocks (pool0 0x73801000 len 0x10000)
src frame 29: srcf=29 off=540 br=8000
frame 29: send=0x0 get=0x0 len=877 coding=1 startqp=0 meanqp=0 picbytes=0 pskip=0 nalus=1 n1:877
  cu: inter64=0 inter32=0 inter16=0 inter8=0 intra32=0 intra16=0 intra8=0 intra4=0 reftype=0
  snapshot f029: 3 venc_ko blocks (pool0 0x73801000 len 0x10000)
src frame 30: srcf=28 off=1080 br=8000
frame 30: send=0x0 get=0x0 len=32398 coding=0 startqp=0 meanqp=0 picbytes=0 pskip=0 nalus=4 n32:27 n33:53 n34:12 n19:32306
  cu: inter64=0 inter32=0 inter16=0 inter8=0 intra32=0 intra16=0 intra8=0 intra4=0 reftype=0
  snapshot f030: 3 venc_ko blocks (pool0 0x73801000 len 0x10000)
src frame 31: srcf=27 off=1080 br=8000
frame 31: send=0x0 get=0x0 len=5066 coding=1 startqp=0 meanqp=0 picbytes=0 pskip=0 nalus=1 n1:5066
  cu: inter64=0 inter32=0 inter16=0 inter8=0 intra32=0 intra16=0 intra8=0 intra4=0 reftype=0
  snapshot f031: 3 venc_ko blocks (pool0 0x73801000 len 0x10000)
src frame 32: srcf=26 off=1080 br=8000
frame 32: send=0x0 get=0x0 len=2460 coding=1 startqp=0 meanqp=0 picbytes=0 pskip=0 nalus=1 n1:2460
  cu: inter64=0 inter32=0 inter16=0 inter8=0 intra32=0 intra16=0 intra8=0 intra4=0 reftype=0
  snapshot f032: 3 venc_ko blocks (pool0 0x73801000 len 0x10000)
src frame 33: srcf=25 off=1080 br=8000
frame 33: send=0x0 get=0x0 len=3011 coding=1 startqp=0 meanqp=0 picbytes=0 pskip=0 nalus=1 n1:3011
  cu: inter64=0 inter32=0 inter16=0 inter8=0 intra32=0 intra16=0 intra8=0 intra4=0 reftype=0
  snapshot f033: 3 venc_ko blocks (pool0 0x73801000 len 0x10000)
src frame 34: srcf=24 off=1080 br=8000
frame 34: send=0x0 get=0x0 len=3197 coding=1 startqp=0 meanqp=0 picbytes=0 pskip=0 nalus=1 n1:3197
  cu: inter64=0 inter32=0 inter16=0 inter8=0 intra32=0 intra16=0 intra8=0 intra4=0 reftype=0
  snapshot f034: 3 venc_ko blocks (pool0 0x73801000 len 0x10000)
src frame 35: srcf=23 off=1080 br=8000
frame 35: send=0x0 get=0x0 len=3428 coding=1 startqp=0 meanqp=0 picbytes=0 pskip=0 nalus=1 n1:3428
  cu: inter64=0 inter32=0 inter16=0 inter8=0 intra32=0 intra16=0 intra8=0 intra4=0 reftype=0
  snapshot f035: 3 venc_ko blocks (pool0 0x73801000 len 0x10000)
src frame 36: srcf=22 off=1080 br=8000
frame 36: send=0x0 get=0x0 len=3465 coding=1 startqp=0 meanqp=0 picbytes=0 pskip=0 nalus=1 n1:3465
  cu: inter64=0 inter32=0 inter16=0 inter8=0 intra32=0 intra16=0 intra8=0 intra4=0 reftype=0
  snapshot f036: 3 venc_ko blocks (pool0 0x73801000 len 0x10000)
src frame 37: srcf=21 off=1080 br=8000
frame 37: send=0x0 get=0x0 len=4231 coding=1 startqp=0 meanqp=0 picbytes=0 pskip=0 nalus=1 n1:4231
  cu: inter64=0 inter32=0 inter16=0 inter8=0 intra32=0 intra16=0 intra8=0 intra4=0 reftype=0
  snapshot f037: 3 venc_ko blocks (pool0 0x73801000 len 0x10000)
src frame 38: srcf=20 off=1080 br=8000
frame 38: send=0x0 get=0x0 len=3953 coding=1 startqp=0 meanqp=0 picbytes=0 pskip=0 nalus=1 n1:3953
  cu: inter64=0 inter32=0 inter16=0 inter8=0 intra32=0 intra16=0 intra8=0 intra4=0 reftype=0
  snapshot f038: 3 venc_ko blocks (pool0 0x73801000 len 0x10000)
src frame 39: srcf=19 off=1080 br=8000
frame 39: send=0x0 get=0x0 len=4738 coding=1 startqp=0 meanqp=0 picbytes=0 pskip=0 nalus=1 n1:4738
  cu: inter64=0 inter32=0 inter16=0 inter8=0 intra32=0 intra16=0 intra8=0 intra4=0 reftype=0
  snapshot f039: 3 venc_ko blocks (pool0 0x73801000 len 0x10000)
src frame 40: srcf=18 off=1080 br=8000
frame 40: send=0x0 get=0x0 len=5121 coding=1 startqp=0 meanqp=0 picbytes=0 pskip=0 nalus=1 n1:5121
  cu: inter64=0 inter32=0 inter16=0 inter8=0 intra32=0 intra16=0 intra8=0 intra4=0 reftype=0
  snapshot f040: 3 venc_ko blocks (pool0 0x73801000 len 0x10000)
src frame 41: srcf=17 off=1080 br=8000
frame 41: send=0x0 get=0x0 len=4883 coding=1 startqp=0 meanqp=0 picbytes=0 pskip=0 nalus=1 n1:4883
  cu: inter64=0 inter32=0 inter16=0 inter8=0 intra32=0 intra16=0 intra8=0 intra4=0 reftype=0
  snapshot f041: 3 venc_ko blocks (pool0 0x73801000 len 0x10000)
src frame 42: srcf=16 off=1080 br=8000
frame 42: send=0x0 get=0x0 len=5832 coding=1 startqp=0 meanqp=0 picbytes=0 pskip=0 nalus=1 n1:5832
  cu: inter64=0 inter32=0 inter16=0 inter8=0 intra32=0 intra16=0 intra8=0 intra4=0 reftype=0
  snapshot f042: 3 venc_ko blocks (pool0 0x73801000 len 0x10000)
src frame 43: srcf=15 off=1080 br=8000
frame 43: send=0x0 get=0x0 len=6069 coding=1 startqp=0 meanqp=0 picbytes=0 pskip=0 nalus=1 n1:6069
  cu: inter64=0 inter32=0 inter16=0 inter8=0 intra32=0 intra16=0 intra8=0 intra4=0 reftype=0
  snapshot f043: 3 venc_ko blocks (pool0 0x73801000 len 0x10000)
src frame 44: srcf=14 off=1080 br=8000
frame 44: send=0x0 get=0x0 len=6275 coding=1 startqp=0 meanqp=0 picbytes=0 pskip=0 nalus=1 n1:6275
  cu: inter64=0 inter32=0 inter16=0 inter8=0 intra32=0 intra16=0 intra8=0 intra4=0 reftype=0
  snapshot f044: 3 venc_ko blocks (pool0 0x73801000 len 0x10000)
src frame 45: srcf=13 off=1620 br=8000
frame 45: send=0x0 get=0x0 len=50900 coding=1 startqp=0 meanqp=0 picbytes=0 pskip=0 nalus=1 n1:50900
  cu: inter64=0 inter32=0 inter16=0 inter8=0 intra32=0 intra16=0 intra8=0 intra4=0 reftype=0
  snapshot f045: 3 venc_ko blocks (pool0 0x73801000 len 0x10000)
src frame 46: srcf=12 off=1620 br=8000
frame 46: send=0x0 get=0x0 len=25077 coding=1 startqp=0 meanqp=0 picbytes=0 pskip=0 nalus=1 n1:25077
  cu: inter64=0 inter32=0 inter16=0 inter8=0 intra32=0 intra16=0 intra8=0 intra4=0 reftype=0
  snapshot f046: 3 venc_ko blocks (pool0 0x73801000 len 0x10000)
src frame 47: srcf=11 off=1620 br=8000
frame 47: send=0x0 get=0x0 len=3228 coding=1 startqp=0 meanqp=0 picbytes=0 pskip=0 nalus=1 n1:3228
  cu: inter64=0 inter32=0 inter16=0 inter8=0 intra32=0 intra16=0 intra8=0 intra4=0 reftype=0
  snapshot f047: 3 venc_ko blocks (pool0 0x73801000 len 0x10000)
src frame 48: srcf=10 off=1620 br=8000
frame 48: send=0x0 get=0x0 len=1901 coding=1 startqp=0 meanqp=0 picbytes=0 pskip=0 nalus=1 n1:1901
  cu: inter64=0 inter32=0 inter16=0 inter8=0 intra32=0 intra16=0 intra8=0 intra4=0 reftype=0
  snapshot f048: 3 venc_ko blocks (pool0 0x73801000 len 0x10000)
src frame 49: srcf=9 off=1620 br=8000
frame 49: send=0x0 get=0x0 len=1766 coding=1 startqp=0 meanqp=0 picbytes=0 pskip=0 nalus=1 n1:1766
  cu: inter64=0 inter32=0 inter16=0 inter8=0 intra32=0 intra16=0 intra8=0 intra4=0 reftype=0
  snapshot f049: 3 venc_ko blocks (pool0 0x73801000 len 0x10000)
src frame 50: srcf=8 off=1620 br=8000
frame 50: send=0x0 get=0x0 len=1585 coding=1 startqp=0 meanqp=0 picbytes=0 pskip=0 nalus=1 n1:1585
  cu: inter64=0 inter32=0 inter16=0 inter8=0 intra32=0 intra16=0 intra8=0 intra4=0 reftype=0
  snapshot f050: 3 venc_ko blocks (pool0 0x73801000 len 0x10000)
src frame 51: srcf=7 off=1620 br=8000
frame 51: send=0x0 get=0x0 len=1373 coding=1 startqp=0 meanqp=0 picbytes=0 pskip=0 nalus=1 n1:1373
  cu: inter64=0 inter32=0 inter16=0 inter8=0 intra32=0 intra16=0 intra8=0 intra4=0 reftype=0
  snapshot f051: 3 venc_ko blocks (pool0 0x73801000 len 0x10000)
src frame 52: srcf=6 off=1620 br=8000
frame 52: send=0x0 get=0x0 len=1322 coding=1 startqp=0 meanqp=0 picbytes=0 pskip=0 nalus=1 n1:1322
  cu: inter64=0 inter32=0 inter16=0 inter8=0 intra32=0 intra16=0 intra8=0 intra4=0 reftype=0
  snapshot f052: 3 venc_ko blocks (pool0 0x73801000 len 0x10000)
src frame 53: srcf=5 off=1620 br=8000
frame 53: send=0x0 get=0x0 len=1296 coding=1 startqp=0 meanqp=0 picbytes=0 pskip=0 nalus=1 n1:1296
  cu: inter64=0 inter32=0 inter16=0 inter8=0 intra32=0 intra16=0 intra8=0 intra4=0 reftype=0
  snapshot f053: 3 venc_ko blocks (pool0 0x73801000 len 0x10000)
src frame 54: srcf=4 off=1620 br=8000
frame 54: send=0x0 get=0x0 len=1252 coding=1 startqp=0 meanqp=0 picbytes=0 pskip=0 nalus=1 n1:1252
  cu: inter64=0 inter32=0 inter16=0 inter8=0 intra32=0 intra16=0 intra8=0 intra4=0 reftype=0
  snapshot f054: 3 venc_ko blocks (pool0 0x73801000 len 0x10000)
src frame 55: srcf=3 off=1620 br=8000
frame 55: send=0x0 get=0x0 len=1271 coding=1 startqp=0 meanqp=0 picbytes=0 pskip=0 nalus=1 n1:1271
  cu: inter64=0 inter32=0 inter16=0 inter8=0 intra32=0 intra16=0 intra8=0 intra4=0 reftype=0
  snapshot f055: 3 venc_ko blocks (pool0 0x73801000 len 0x10000)
src frame 56: srcf=2 off=1620 br=8000
frame 56: send=0x0 get=0x0 len=1214 coding=1 startqp=0 meanqp=0 picbytes=0 pskip=0 nalus=1 n1:1214
  cu: inter64=0 inter32=0 inter16=0 inter8=0 intra32=0 intra16=0 intra8=0 intra4=0 reftype=0
  snapshot f056: 3 venc_ko blocks (pool0 0x73801000 len 0x10000)
src frame 57: srcf=1 off=1620 br=8000
frame 57: send=0x0 get=0x0 len=1235 coding=1 startqp=0 meanqp=0 picbytes=0 pskip=0 nalus=1 n1:1235
  cu: inter64=0 inter32=0 inter16=0 inter8=0 intra32=0 intra16=0 intra8=0 intra4=0 reftype=0
  snapshot f057: 3 venc_ko blocks (pool0 0x73801000 len 0x10000)
src frame 58: srcf=0 off=1620 br=8000
frame 58: send=0x0 get=0x0 len=1242 coding=1 startqp=0 meanqp=0 picbytes=0 pskip=0 nalus=1 n1:1242
  cu: inter64=0 inter32=0 inter16=0 inter8=0 intra32=0 intra16=0 intra8=0 intra4=0 reftype=0
  snapshot f058: 3 venc_ko blocks (pool0 0x73801000 len 0x10000)
src frame 59: srcf=1 off=1620 br=8000
frame 59: send=0x0 get=0x0 len=1265 coding=1 startqp=0 meanqp=0 picbytes=0 pskip=0 nalus=1 n1:1265
  cu: inter64=0 inter32=0 inter16=0 inter8=0 intra32=0 intra16=0 intra8=0 intra4=0 reftype=0
  snapshot f059: 3 venc_ko blocks (pool0 0x73801000 len 0x10000)
src frame 60: srcf=2 off=2160 br=8000
frame 60: send=0x0 get=0x0 len=36212 coding=0 startqp=0 meanqp=0 picbytes=0 pskip=0 nalus=4 n32:27 n33:53 n34:12 n19:36120
  cu: inter64=0 inter32=0 inter16=0 inter8=0 intra32=0 intra16=0 intra8=0 intra4=0 reftype=0
  snapshot f060: 3 venc_ko blocks (pool0 0x73801000 len 0x10000)
src frame 61: srcf=3 off=2160 br=8000
frame 61: send=0x0 get=0x0 len=4978 coding=1 startqp=0 meanqp=0 picbytes=0 pskip=0 nalus=1 n1:4978
  cu: inter64=0 inter32=0 inter16=0 inter8=0 intra32=0 intra16=0 intra8=0 intra4=0 reftype=0
  snapshot f061: 3 venc_ko blocks (pool0 0x73801000 len 0x10000)
src frame 62: srcf=4 off=2160 br=8000
frame 62: send=0x0 get=0x0 len=2613 coding=1 startqp=0 meanqp=0 picbytes=0 pskip=0 nalus=1 n1:2613
  cu: inter64=0 inter32=0 inter16=0 inter8=0 intra32=0 intra16=0 intra8=0 intra4=0 reftype=0
  snapshot f062: 3 venc_ko blocks (pool0 0x73801000 len 0x10000)
src frame 63: srcf=5 off=2160 br=8000
frame 63: send=0x0 get=0x0 len=2795 coding=1 startqp=0 meanqp=0 picbytes=0 pskip=0 nalus=1 n1:2795
  cu: inter64=0 inter32=0 inter16=0 inter8=0 intra32=0 intra16=0 intra8=0 intra4=0 reftype=0
  snapshot f063: 3 venc_ko blocks (pool0 0x73801000 len 0x10000)
src frame 64: srcf=6 off=2160 br=8000
frame 64: send=0x0 get=0x0 len=3283 coding=1 startqp=0 meanqp=0 picbytes=0 pskip=0 nalus=1 n1:3283
  cu: inter64=0 inter32=0 inter16=0 inter8=0 intra32=0 intra16=0 intra8=0 intra4=0 reftype=0
  snapshot f064: 3 venc_ko blocks (pool0 0x73801000 len 0x10000)
src frame 65: srcf=7 off=2160 br=8000
frame 65: send=0x0 get=0x0 len=3391 coding=1 startqp=0 meanqp=0 picbytes=0 pskip=0 nalus=1 n1:3391
  cu: inter64=0 inter32=0 inter16=0 inter8=0 intra32=0 intra16=0 intra8=0 intra4=0 reftype=0
  snapshot f065: 3 venc_ko blocks (pool0 0x73801000 len 0x10000)
src frame 66: srcf=8 off=2160 br=8000
frame 66: send=0x0 get=0x0 len=3900 coding=1 startqp=0 meanqp=0 picbytes=0 pskip=0 nalus=1 n1:3900
  cu: inter64=0 inter32=0 inter16=0 inter8=0 intra32=0 intra16=0 intra8=0 intra4=0 reftype=0
  snapshot f066: 3 venc_ko blocks (pool0 0x73801000 len 0x10000)
src frame 67: srcf=9 off=2160 br=8000
frame 67: send=0x0 get=0x0 len=4323 coding=1 startqp=0 meanqp=0 picbytes=0 pskip=0 nalus=1 n1:4323
  cu: inter64=0 inter32=0 inter16=0 inter8=0 intra32=0 intra16=0 intra8=0 intra4=0 reftype=0
  snapshot f067: 3 venc_ko blocks (pool0 0x73801000 len 0x10000)
src frame 68: srcf=10 off=2160 br=8000
frame 68: send=0x0 get=0x0 len=4707 coding=1 startqp=0 meanqp=0 picbytes=0 pskip=0 nalus=1 n1:4707
  cu: inter64=0 inter32=0 inter16=0 inter8=0 intra32=0 intra16=0 intra8=0 intra4=0 reftype=0
  snapshot f068: 3 venc_ko blocks (pool0 0x73801000 len 0x10000)
src frame 69: srcf=11 off=2160 br=8000
frame 69: send=0x0 get=0x0 len=4724 coding=1 startqp=0 meanqp=0 picbytes=0 pskip=0 nalus=1 n1:4724
  cu: inter64=0 inter32=0 inter16=0 inter8=0 intra32=0 intra16=0 intra8=0 intra4=0 reftype=0
  snapshot f069: 3 venc_ko blocks (pool0 0x73801000 len 0x10000)
src frame 70: srcf=12 off=2160 br=8000
frame 70: send=0x0 get=0x0 len=5245 coding=1 startqp=0 meanqp=0 picbytes=0 pskip=0 nalus=1 n1:5245
  cu: inter64=0 inter32=0 inter16=0 inter8=0 intra32=0 intra16=0 intra8=0 intra4=0 reftype=0
  snapshot f070: 3 venc_ko blocks (pool0 0x73801000 len 0x10000)
src frame 71: srcf=13 off=2160 br=8000
frame 71: send=0x0 get=0x0 len=5783 coding=1 startqp=0 meanqp=0 picbytes=0 pskip=0 nalus=1 n1:5783
  cu: inter64=0 inter32=0 inter16=0 inter8=0 intra32=0 intra16=0 intra8=0 intra4=0 reftype=0
  snapshot f071: 3 venc_ko blocks (pool0 0x73801000 len 0x10000)
src frame 72: srcf=14 off=2160 br=8000
frame 72: send=0x0 get=0x0 len=6089 coding=1 startqp=0 meanqp=0 picbytes=0 pskip=0 nalus=1 n1:6089
  cu: inter64=0 inter32=0 inter16=0 inter8=0 intra32=0 intra16=0 intra8=0 intra4=0 reftype=0
  snapshot f072: 3 venc_ko blocks (pool0 0x73801000 len 0x10000)
src frame 73: srcf=15 off=2160 br=8000
frame 73: send=0x0 get=0x0 len=3211 coding=1 startqp=0 meanqp=0 picbytes=0 pskip=0 nalus=1 n1:3211
  cu: inter64=0 inter32=0 inter16=0 inter8=0 intra32=0 intra16=0 intra8=0 intra4=0 reftype=0
  snapshot f073: 3 venc_ko blocks (pool0 0x73801000 len 0x10000)
src frame 74: srcf=16 off=2160 br=8000
frame 74: send=0x0 get=0x0 len=2902 coding=1 startqp=0 meanqp=0 picbytes=0 pskip=0 nalus=1 n1:2902
  cu: inter64=0 inter32=0 inter16=0 inter8=0 intra32=0 intra16=0 intra8=0 intra4=0 reftype=0
  snapshot f074: 3 venc_ko blocks (pool0 0x73801000 len 0x10000)
src frame 75: srcf=17 off=2700 br=8000
frame 75: send=0x0 get=0x0 len=47195 coding=1 startqp=0 meanqp=0 picbytes=0 pskip=0 nalus=1 n1:47195
  cu: inter64=0 inter32=0 inter16=0 inter8=0 intra32=0 intra16=0 intra8=0 intra4=0 reftype=0
  snapshot f075: 3 venc_ko blocks (pool0 0x73801000 len 0x10000)
src frame 76: srcf=18 off=2700 br=8000
frame 76: send=0x0 get=0x0 len=18646 coding=1 startqp=0 meanqp=0 picbytes=0 pskip=0 nalus=1 n1:18646
  cu: inter64=0 inter32=0 inter16=0 inter8=0 intra32=0 intra16=0 intra8=0 intra4=0 reftype=0
  snapshot f076: 3 venc_ko blocks (pool0 0x73801000 len 0x10000)
src frame 77: srcf=19 off=2700 br=8000
frame 77: send=0x0 get=0x0 len=14597 coding=1 startqp=0 meanqp=0 picbytes=0 pskip=0 nalus=1 n1:14597
  cu: inter64=0 inter32=0 inter16=0 inter8=0 intra32=0 intra16=0 intra8=0 intra4=0 reftype=0
  snapshot f077: 3 venc_ko blocks (pool0 0x73801000 len 0x10000)
src frame 78: srcf=20 off=2700 br=8000
frame 78: send=0x0 get=0x0 len=3059 coding=1 startqp=0 meanqp=0 picbytes=0 pskip=0 nalus=1 n1:3059
  cu: inter64=0 inter32=0 inter16=0 inter8=0 intra32=0 intra16=0 intra8=0 intra4=0 reftype=0
  snapshot f078: 3 venc_ko blocks (pool0 0x73801000 len 0x10000)
src frame 79: srcf=21 off=2700 br=8000
frame 79: send=0x0 get=0x0 len=2075 coding=1 startqp=0 meanqp=0 picbytes=0 pskip=0 nalus=1 n1:2075
  cu: inter64=0 inter32=0 inter16=0 inter8=0 intra32=0 intra16=0 intra8=0 intra4=0 reftype=0
  snapshot f079: 3 venc_ko blocks (pool0 0x73801000 len 0x10000)
src frame 80: srcf=22 off=2700 br=8000
frame 80: send=0x0 get=0x0 len=1659 coding=1 startqp=0 meanqp=0 picbytes=0 pskip=0 nalus=1 n1:1659
  cu: inter64=0 inter32=0 inter16=0 inter8=0 intra32=0 intra16=0 intra8=0 intra4=0 reftype=0
  snapshot f080: 3 venc_ko blocks (pool0 0x73801000 len 0x10000)
src frame 81: srcf=23 off=2700 br=8000
frame 81: send=0x0 get=0x0 len=1564 coding=1 startqp=0 meanqp=0 picbytes=0 pskip=0 nalus=1 n1:1564
  cu: inter64=0 inter32=0 inter16=0 inter8=0 intra32=0 intra16=0 intra8=0 intra4=0 reftype=0
  snapshot f081: 3 venc_ko blocks (pool0 0x73801000 len 0x10000)
src frame 82: srcf=24 off=2700 br=8000
frame 82: send=0x0 get=0x0 len=1451 coding=1 startqp=0 meanqp=0 picbytes=0 pskip=0 nalus=1 n1:1451
  cu: inter64=0 inter32=0 inter16=0 inter8=0 intra32=0 intra16=0 intra8=0 intra4=0 reftype=0
  snapshot f082: 3 venc_ko blocks (pool0 0x73801000 len 0x10000)
src frame 83: srcf=25 off=2700 br=8000
frame 83: send=0x0 get=0x0 len=1380 coding=1 startqp=0 meanqp=0 picbytes=0 pskip=0 nalus=1 n1:1380
  cu: inter64=0 inter32=0 inter16=0 inter8=0 intra32=0 intra16=0 intra8=0 intra4=0 reftype=0
  snapshot f083: 3 venc_ko blocks (pool0 0x73801000 len 0x10000)
src frame 84: srcf=26 off=2700 br=8000
frame 84: send=0x0 get=0x0 len=1299 coding=1 startqp=0 meanqp=0 picbytes=0 pskip=0 nalus=1 n1:1299
  cu: inter64=0 inter32=0 inter16=0 inter8=0 intra32=0 intra16=0 intra8=0 intra4=0 reftype=0
  snapshot f084: 3 venc_ko blocks (pool0 0x73801000 len 0x10000)
src frame 85: srcf=27 off=2700 br=8000
frame 85: send=0x0 get=0x0 len=1367 coding=1 startqp=0 meanqp=0 picbytes=0 pskip=0 nalus=1 n1:1367
  cu: inter64=0 inter32=0 inter16=0 inter8=0 intra32=0 intra16=0 intra8=0 intra4=0 reftype=0
  snapshot f085: 3 venc_ko blocks (pool0 0x73801000 len 0x10000)
src frame 86: srcf=28 off=2700 br=8000
frame 86: send=0x0 get=0x0 len=1327 coding=1 startqp=0 meanqp=0 picbytes=0 pskip=0 nalus=1 n1:1327
  cu: inter64=0 inter32=0 inter16=0 inter8=0 intra32=0 intra16=0 intra8=0 intra4=0 reftype=0
  snapshot f086: 3 venc_ko blocks (pool0 0x73801000 len 0x10000)
src frame 87: srcf=29 off=2700 br=8000
frame 87: send=0x0 get=0x0 len=1293 coding=1 startqp=0 meanqp=0 picbytes=0 pskip=0 nalus=1 n1:1293
  cu: inter64=0 inter32=0 inter16=0 inter8=0 intra32=0 intra16=0 intra8=0 intra4=0 reftype=0
  snapshot f087: 3 venc_ko blocks (pool0 0x73801000 len 0x10000)
src frame 88: srcf=28 off=2700 br=8000
frame 88: send=0x0 get=0x0 len=1295 coding=1 startqp=0 meanqp=0 picbytes=0 pskip=0 nalus=1 n1:1295
  cu: inter64=0 inter32=0 inter16=0 inter8=0 intra32=0 intra16=0 intra8=0 intra4=0 reftype=0
  snapshot f088: 3 venc_ko blocks (pool0 0x73801000 len 0x10000)
src frame 89: srcf=27 off=2700 br=8000
frame 89: send=0x0 get=0x0 len=1283 coding=1 startqp=0 meanqp=0 picbytes=0 pskip=0 nalus=1 n1:1283
  cu: inter64=0 inter32=0 inter16=0 inter8=0 intra32=0 intra16=0 intra8=0 intra4=0 reftype=0
  snapshot f089: 3 venc_ko blocks (pool0 0x73801000 len 0x10000)
src frame 90: srcf=26 off=3240 br=8000
frame 90: send=0x0 get=0x0 len=39762 coding=0 startqp=0 meanqp=0 picbytes=0 pskip=0 nalus=4 n32:27 n33:53 n34:12 n19:39670
  cu: inter64=0 inter32=0 inter16=0 inter8=0 intra32=0 intra16=0 intra8=0 intra4=0 reftype=0
  snapshot f090: 3 venc_ko blocks (pool0 0x73801000 len 0x10000)
src frame 91: srcf=25 off=3240 br=8000
frame 91: send=0x0 get=0x0 len=5197 coding=1 startqp=0 meanqp=0 picbytes=0 pskip=0 nalus=1 n1:5197
  cu: inter64=0 inter32=0 inter16=0 inter8=0 intra32=0 intra16=0 intra8=0 intra4=0 reftype=0
  snapshot f091: 3 venc_ko blocks (pool0 0x73801000 len 0x10000)
src frame 92: srcf=24 off=3240 br=8000
frame 92: send=0x0 get=0x0 len=2797 coding=1 startqp=0 meanqp=0 picbytes=0 pskip=0 nalus=1 n1:2797
  cu: inter64=0 inter32=0 inter16=0 inter8=0 intra32=0 intra16=0 intra8=0 intra4=0 reftype=0
  snapshot f092: 3 venc_ko blocks (pool0 0x73801000 len 0x10000)
src frame 93: srcf=23 off=3240 br=8000
frame 93: send=0x0 get=0x0 len=3346 coding=1 startqp=0 meanqp=0 picbytes=0 pskip=0 nalus=1 n1:3346
  cu: inter64=0 inter32=0 inter16=0 inter8=0 intra32=0 intra16=0 intra8=0 intra4=0 reftype=0
  snapshot f093: 3 venc_ko blocks (pool0 0x73801000 len 0x10000)
src frame 94: srcf=22 off=3240 br=8000
frame 94: send=0x0 get=0x0 len=3434 coding=1 startqp=0 meanqp=0 picbytes=0 pskip=0 nalus=1 n1:3434
  cu: inter64=0 inter32=0 inter16=0 inter8=0 intra32=0 intra16=0 intra8=0 intra4=0 reftype=0
  snapshot f094: 3 venc_ko blocks (pool0 0x73801000 len 0x10000)
src frame 95: srcf=21 off=3240 br=8000
frame 95: send=0x0 get=0x0 len=3984 coding=1 startqp=0 meanqp=0 picbytes=0 pskip=0 nalus=1 n1:3984
  cu: inter64=0 inter32=0 inter16=0 inter8=0 intra32=0 intra16=0 intra8=0 intra4=0 reftype=0
  snapshot f095: 3 venc_ko blocks (pool0 0x73801000 len 0x10000)
src frame 96: srcf=20 off=3240 br=8000
frame 96: send=0x0 get=0x0 len=4151 coding=1 startqp=0 meanqp=0 picbytes=0 pskip=0 nalus=1 n1:4151
  cu: inter64=0 inter32=0 inter16=0 inter8=0 intra32=0 intra16=0 intra8=0 intra4=0 reftype=0
  snapshot f096: 3 venc_ko blocks (pool0 0x73801000 len 0x10000)
src frame 97: srcf=19 off=3240 br=8000
frame 97: send=0x0 get=0x0 len=4575 coding=1 startqp=0 meanqp=0 picbytes=0 pskip=0 nalus=1 n1:4575
  cu: inter64=0 inter32=0 inter16=0 inter8=0 intra32=0 intra16=0 intra8=0 intra4=0 reftype=0
  snapshot f097: 3 venc_ko blocks (pool0 0x73801000 len 0x10000)
src frame 98: srcf=18 off=3240 br=8000
frame 98: send=0x0 get=0x0 len=5056 coding=1 startqp=0 meanqp=0 picbytes=0 pskip=0 nalus=1 n1:5056
  cu: inter64=0 inter32=0 inter16=0 inter8=0 intra32=0 intra16=0 intra8=0 intra4=0 reftype=0
  snapshot f098: 3 venc_ko blocks (pool0 0x73801000 len 0x10000)
src frame 99: srcf=17 off=3240 br=8000
frame 99: send=0x0 get=0x0 len=5347 coding=1 startqp=0 meanqp=0 picbytes=0 pskip=0 nalus=1 n1:5347
  cu: inter64=0 inter32=0 inter16=0 inter8=0 intra32=0 intra16=0 intra8=0 intra4=0 reftype=0
  snapshot f099: 3 venc_ko blocks (pool0 0x73801000 len 0x10000)
src frame 100: srcf=16 off=3240 br=8000
frame 100: send=0x0 get=0x0 len=6023 coding=1 startqp=0 meanqp=0 picbytes=0 pskip=0 nalus=1 n1:6023
  cu: inter64=0 inter32=0 inter16=0 inter8=0 intra32=0 intra16=0 intra8=0 intra4=0 reftype=0
  snapshot f100: 3 venc_ko blocks (pool0 0x73801000 len 0x10000)
src frame 101: srcf=15 off=3240 br=8000
frame 101: send=0x0 get=0x0 len=3114 coding=1 startqp=0 meanqp=0 picbytes=0 pskip=0 nalus=1 n1:3114
  cu: inter64=0 inter32=0 inter16=0 inter8=0 intra32=0 intra16=0 intra8=0 intra4=0 reftype=0
  snapshot f101: 3 venc_ko blocks (pool0 0x73801000 len 0x10000)
src frame 102: srcf=14 off=3240 br=8000
frame 102: send=0x0 get=0x0 len=3097 coding=1 startqp=0 meanqp=0 picbytes=0 pskip=0 nalus=1 n1:3097
  cu: inter64=0 inter32=0 inter16=0 inter8=0 intra32=0 intra16=0 intra8=0 intra4=0 reftype=0
  snapshot f102: 3 venc_ko blocks (pool0 0x73801000 len 0x10000)
src frame 103: srcf=13 off=3240 br=8000
frame 103: send=0x0 get=0x0 len=2860 coding=1 startqp=0 meanqp=0 picbytes=0 pskip=0 nalus=1 n1:2860
  cu: inter64=0 inter32=0 inter16=0 inter8=0 intra32=0 intra16=0 intra8=0 intra4=0 reftype=0
  snapshot f103: 3 venc_ko blocks (pool0 0x73801000 len 0x10000)
src frame 104: srcf=12 off=3240 br=8000
frame 104: send=0x0 get=0x0 len=2538 coding=1 startqp=0 meanqp=0 picbytes=0 pskip=0 nalus=1 n1:2538
  cu: inter64=0 inter32=0 inter16=0 inter8=0 intra32=0 intra16=0 intra8=0 intra4=0 reftype=0
  snapshot f104: 3 venc_ko blocks (pool0 0x73801000 len 0x10000)
src frame 105: srcf=11 off=3780 br=8000
frame 105: send=0x0 get=0x0 len=60229 coding=1 startqp=0 meanqp=0 picbytes=0 pskip=0 nalus=1 n1:60229
  cu: inter64=0 inter32=0 inter16=0 inter8=0 intra32=0 intra16=0 intra8=0 intra4=0 reftype=0
  snapshot f105: 3 venc_ko blocks (pool0 0x73801000 len 0x10000)
src frame 106: srcf=10 off=3780 br=8000
frame 106: send=0x0 get=0x0 len=16551 coding=1 startqp=0 meanqp=0 picbytes=0 pskip=0 nalus=1 n1:16551
  cu: inter64=0 inter32=0 inter16=0 inter8=0 intra32=0 intra16=0 intra8=0 intra4=0 reftype=0
  snapshot f106: 3 venc_ko blocks (pool0 0x73801000 len 0x10000)
src frame 107: srcf=9 off=3780 br=8000
frame 107: send=0x0 get=0x0 len=2915 coding=1 startqp=0 meanqp=0 picbytes=0 pskip=0 nalus=1 n1:2915
  cu: inter64=0 inter32=0 inter16=0 inter8=0 intra32=0 intra16=0 intra8=0 intra4=0 reftype=0
  snapshot f107: 3 venc_ko blocks (pool0 0x73801000 len 0x10000)
src frame 108: srcf=8 off=3780 br=8000
frame 108: send=0x0 get=0x0 len=1810 coding=1 startqp=0 meanqp=0 picbytes=0 pskip=0 nalus=1 n1:1810
  cu: inter64=0 inter32=0 inter16=0 inter8=0 intra32=0 intra16=0 intra8=0 intra4=0 reftype=0
  snapshot f108: 3 venc_ko blocks (pool0 0x73801000 len 0x10000)
src frame 109: srcf=7 off=3780 br=8000
frame 109: send=0x0 get=0x0 len=1653 coding=1 startqp=0 meanqp=0 picbytes=0 pskip=0 nalus=1 n1:1653
  cu: inter64=0 inter32=0 inter16=0 inter8=0 intra32=0 intra16=0 intra8=0 intra4=0 reftype=0
  snapshot f109: 3 venc_ko blocks (pool0 0x73801000 len 0x10000)
src frame 110: srcf=6 off=3780 br=8000
frame 110: send=0x0 get=0x0 len=1424 coding=1 startqp=0 meanqp=0 picbytes=0 pskip=0 nalus=1 n1:1424
  cu: inter64=0 inter32=0 inter16=0 inter8=0 intra32=0 intra16=0 intra8=0 intra4=0 reftype=0
  snapshot f110: 3 venc_ko blocks (pool0 0x73801000 len 0x10000)
src frame 111: srcf=5 off=3780 br=8000
frame 111: send=0x0 get=0x0 len=1251 coding=1 startqp=0 meanqp=0 picbytes=0 pskip=0 nalus=1 n1:1251
  cu: inter64=0 inter32=0 inter16=0 inter8=0 intra32=0 intra16=0 intra8=0 intra4=0 reftype=0
  snapshot f111: 3 venc_ko blocks (pool0 0x73801000 len 0x10000)
src frame 112: srcf=4 off=3780 br=8000
frame 112: send=0x0 get=0x0 len=1292 coding=1 startqp=0 meanqp=0 picbytes=0 pskip=0 nalus=1 n1:1292
  cu: inter64=0 inter32=0 inter16=0 inter8=0 intra32=0 intra16=0 intra8=0 intra4=0 reftype=0
  snapshot f112: 3 venc_ko blocks (pool0 0x73801000 len 0x10000)
src frame 113: srcf=3 off=3780 br=8000
frame 113: send=0x0 get=0x0 len=1193 coding=1 startqp=0 meanqp=0 picbytes=0 pskip=0 nalus=1 n1:1193
  cu: inter64=0 inter32=0 inter16=0 inter8=0 intra32=0 intra16=0 intra8=0 intra4=0 reftype=0
  snapshot f113: 3 venc_ko blocks (pool0 0x73801000 len 0x10000)
src frame 114: srcf=2 off=3780 br=8000
frame 114: send=0x0 get=0x0 len=1208 coding=1 startqp=0 meanqp=0 picbytes=0 pskip=0 nalus=1 n1:1208
  cu: inter64=0 inter32=0 inter16=0 inter8=0 intra32=0 intra16=0 intra8=0 intra4=0 reftype=0
  snapshot f114: 3 venc_ko blocks (pool0 0x73801000 len 0x10000)
src frame 115: srcf=1 off=3780 br=8000
frame 115: send=0x0 get=0x0 len=1170 coding=1 startqp=0 meanqp=0 picbytes=0 pskip=0 nalus=1 n1:1170
  cu: inter64=0 inter32=0 inter16=0 inter8=0 intra32=0 intra16=0 intra8=0 intra4=0 reftype=0
  snapshot f115: 3 venc_ko blocks (pool0 0x73801000 len 0x10000)
src frame 116: srcf=0 off=3780 br=8000
frame 116: send=0x0 get=0x0 len=1171 coding=1 startqp=0 meanqp=0 picbytes=0 pskip=0 nalus=1 n1:1171
  cu: inter64=0 inter32=0 inter16=0 inter8=0 intra32=0 intra16=0 intra8=0 intra4=0 reftype=0
  snapshot f116: 3 venc_ko blocks (pool0 0x73801000 len 0x10000)
src frame 117: srcf=1 off=3780 br=8000
frame 117: send=0x0 get=0x0 len=1203 coding=1 startqp=0 meanqp=0 picbytes=0 pskip=0 nalus=1 n1:1203
  cu: inter64=0 inter32=0 inter16=0 inter8=0 intra32=0 intra16=0 intra8=0 intra4=0 reftype=0
  snapshot f117: 3 venc_ko blocks (pool0 0x73801000 len 0x10000)
src frame 118: srcf=2 off=3780 br=8000
frame 118: send=0x0 get=0x0 len=1196 coding=1 startqp=0 meanqp=0 picbytes=0 pskip=0 nalus=1 n1:1196
  cu: inter64=0 inter32=0 inter16=0 inter8=0 intra32=0 intra16=0 intra8=0 intra4=0 reftype=0
  snapshot f118: 3 venc_ko blocks (pool0 0x73801000 len 0x10000)
src frame 119: srcf=3 off=3780 br=8000
frame 119: send=0x0 get=0x0 len=1221 coding=1 startqp=0 meanqp=0 picbytes=0 pskip=0 nalus=1 n1:1221
  cu: inter64=0 inter32=0 inter16=0 inter8=0 intra32=0 intra16=0 intra8=0 intra4=0 reftype=0
  snapshot f119: 3 venc_ko blocks (pool0 0x73801000 len 0x10000)
src frame 120: srcf=4 off=4320 br=8000
frame 120: send=0x0 get=0x0 len=43593 coding=0 startqp=0 meanqp=0 picbytes=0 pskip=0 nalus=4 n32:27 n33:53 n34:12 n19:43501
  cu: inter64=0 inter32=0 inter16=0 inter8=0 intra32=0 intra16=0 intra8=0 intra4=0 reftype=0
  snapshot f120: 3 venc_ko blocks (pool0 0x73801000 len 0x10000)
src frame 121: srcf=5 off=4320 br=8000
frame 121: send=0x0 get=0x0 len=5553 coding=1 startqp=0 meanqp=0 picbytes=0 pskip=0 nalus=1 n1:5553
  cu: inter64=0 inter32=0 inter16=0 inter8=0 intra32=0 intra16=0 intra8=0 intra4=0 reftype=0
  snapshot f121: 3 venc_ko blocks (pool0 0x73801000 len 0x10000)
src frame 122: srcf=6 off=4320 br=8000
frame 122: send=0x0 get=0x0 len=2467 coding=1 startqp=0 meanqp=0 picbytes=0 pskip=0 nalus=1 n1:2467
  cu: inter64=0 inter32=0 inter16=0 inter8=0 intra32=0 intra16=0 intra8=0 intra4=0 reftype=0
  snapshot f122: 3 venc_ko blocks (pool0 0x73801000 len 0x10000)
src frame 123: srcf=7 off=4320 br=8000
frame 123: send=0x0 get=0x0 len=3619 coding=1 startqp=0 meanqp=0 picbytes=0 pskip=0 nalus=1 n1:3619
  cu: inter64=0 inter32=0 inter16=0 inter8=0 intra32=0 intra16=0 intra8=0 intra4=0 reftype=0
  snapshot f123: 3 venc_ko blocks (pool0 0x73801000 len 0x10000)
src frame 124: srcf=8 off=4320 br=8000
frame 124: send=0x0 get=0x0 len=3833 coding=1 startqp=0 meanqp=0 picbytes=0 pskip=0 nalus=1 n1:3833
  cu: inter64=0 inter32=0 inter16=0 inter8=0 intra32=0 intra16=0 intra8=0 intra4=0 reftype=0
  snapshot f124: 3 venc_ko blocks (pool0 0x73801000 len 0x10000)
src frame 125: srcf=9 off=4320 br=8000
frame 125: send=0x0 get=0x0 len=3801 coding=1 startqp=0 meanqp=0 picbytes=0 pskip=0 nalus=1 n1:3801
  cu: inter64=0 inter32=0 inter16=0 inter8=0 intra32=0 intra16=0 intra8=0 intra4=0 reftype=0
  snapshot f125: 3 venc_ko blocks (pool0 0x73801000 len 0x10000)
src frame 126: srcf=10 off=4320 br=8000
frame 126: send=0x0 get=0x0 len=4759 coding=1 startqp=0 meanqp=0 picbytes=0 pskip=0 nalus=1 n1:4759
  cu: inter64=0 inter32=0 inter16=0 inter8=0 intra32=0 intra16=0 intra8=0 intra4=0 reftype=0
  snapshot f126: 3 venc_ko blocks (pool0 0x73801000 len 0x10000)
src frame 127: srcf=11 off=4320 br=8000
frame 127: send=0x0 get=0x0 len=4531 coding=1 startqp=0 meanqp=0 picbytes=0 pskip=0 nalus=1 n1:4531
  cu: inter64=0 inter32=0 inter16=0 inter8=0 intra32=0 intra16=0 intra8=0 intra4=0 reftype=0
  snapshot f127: 3 venc_ko blocks (pool0 0x73801000 len 0x10000)
src frame 128: srcf=12 off=4320 br=8000
frame 128: send=0x0 get=0x0 len=5488 coding=1 startqp=0 meanqp=0 picbytes=0 pskip=0 nalus=1 n1:5488
  cu: inter64=0 inter32=0 inter16=0 inter8=0 intra32=0 intra16=0 intra8=0 intra4=0 reftype=0
  snapshot f128: 3 venc_ko blocks (pool0 0x73801000 len 0x10000)
src frame 129: srcf=13 off=4320 br=8000
frame 129: send=0x0 get=0x0 len=3074 coding=1 startqp=0 meanqp=0 picbytes=0 pskip=0 nalus=1 n1:3074
  cu: inter64=0 inter32=0 inter16=0 inter8=0 intra32=0 intra16=0 intra8=0 intra4=0 reftype=0
  snapshot f129: 3 venc_ko blocks (pool0 0x73801000 len 0x10000)
src frame 130: srcf=14 off=4320 br=8000
frame 130: send=0x0 get=0x0 len=2502 coding=1 startqp=0 meanqp=0 picbytes=0 pskip=0 nalus=1 n1:2502
  cu: inter64=0 inter32=0 inter16=0 inter8=0 intra32=0 intra16=0 intra8=0 intra4=0 reftype=0
  snapshot f130: 3 venc_ko blocks (pool0 0x73801000 len 0x10000)
src frame 131: srcf=15 off=4320 br=8000
frame 131: send=0x0 get=0x0 len=2753 coding=1 startqp=0 meanqp=0 picbytes=0 pskip=0 nalus=1 n1:2753
  cu: inter64=0 inter32=0 inter16=0 inter8=0 intra32=0 intra16=0 intra8=0 intra4=0 reftype=0
  snapshot f131: 3 venc_ko blocks (pool0 0x73801000 len 0x10000)
src frame 132: srcf=16 off=4320 br=8000
frame 132: send=0x0 get=0x0 len=2414 coding=1 startqp=0 meanqp=0 picbytes=0 pskip=0 nalus=1 n1:2414
  cu: inter64=0 inter32=0 inter16=0 inter8=0 intra32=0 intra16=0 intra8=0 intra4=0 reftype=0
  snapshot f132: 3 venc_ko blocks (pool0 0x73801000 len 0x10000)
src frame 133: srcf=17 off=4320 br=8000
frame 133: send=0x0 get=0x0 len=2289 coding=1 startqp=0 meanqp=0 picbytes=0 pskip=0 nalus=1 n1:2289
  cu: inter64=0 inter32=0 inter16=0 inter8=0 intra32=0 intra16=0 intra8=0 intra4=0 reftype=0
  snapshot f133: 3 venc_ko blocks (pool0 0x73801000 len 0x10000)
src frame 134: srcf=18 off=4320 br=8000
frame 134: send=0x0 get=0x0 len=2373 coding=1 startqp=0 meanqp=0 picbytes=0 pskip=0 nalus=1 n1:2373
  cu: inter64=0 inter32=0 inter16=0 inter8=0 intra32=0 intra16=0 intra8=0 intra4=0 reftype=0
  snapshot f134: 3 venc_ko blocks (pool0 0x73801000 len 0x10000)
src frame 135: srcf=19 off=4860 br=8000
frame 135: send=0x0 get=0x0 len=55082 coding=1 startqp=0 meanqp=0 picbytes=0 pskip=0 nalus=1 n1:55082
  cu: inter64=0 inter32=0 inter16=0 inter8=0 intra32=0 intra16=0 intra8=0 intra4=0 reftype=0
  snapshot f135: 3 venc_ko blocks (pool0 0x73801000 len 0x10000)
src frame 136: srcf=20 off=4860 br=8000
frame 136: send=0x0 get=0x0 len=19991 coding=1 startqp=0 meanqp=0 picbytes=0 pskip=0 nalus=1 n1:19991
  cu: inter64=0 inter32=0 inter16=0 inter8=0 intra32=0 intra16=0 intra8=0 intra4=0 reftype=0
  snapshot f136: 3 venc_ko blocks (pool0 0x73801000 len 0x10000)
src frame 137: srcf=21 off=4860 br=8000
frame 137: send=0x0 get=0x0 len=6034 coding=1 startqp=0 meanqp=0 picbytes=0 pskip=0 nalus=1 n1:6034
  cu: inter64=0 inter32=0 inter16=0 inter8=0 intra32=0 intra16=0 intra8=0 intra4=0 reftype=0
  snapshot f137: 3 venc_ko blocks (pool0 0x73801000 len 0x10000)
src frame 138: srcf=22 off=4860 br=8000
frame 138: send=0x0 get=0x0 len=2369 coding=1 startqp=0 meanqp=0 picbytes=0 pskip=0 nalus=1 n1:2369
  cu: inter64=0 inter32=0 inter16=0 inter8=0 intra32=0 intra16=0 intra8=0 intra4=0 reftype=0
  snapshot f138: 3 venc_ko blocks (pool0 0x73801000 len 0x10000)
src frame 139: srcf=23 off=4860 br=8000
frame 139: send=0x0 get=0x0 len=1696 coding=1 startqp=0 meanqp=0 picbytes=0 pskip=0 nalus=1 n1:1696
  cu: inter64=0 inter32=0 inter16=0 inter8=0 intra32=0 intra16=0 intra8=0 intra4=0 reftype=0
  snapshot f139: 3 venc_ko blocks (pool0 0x73801000 len 0x10000)
src frame 140: srcf=24 off=4860 br=8000
frame 140: send=0x0 get=0x0 len=1473 coding=1 startqp=0 meanqp=0 picbytes=0 pskip=0 nalus=1 n1:1473
  cu: inter64=0 inter32=0 inter16=0 inter8=0 intra32=0 intra16=0 intra8=0 intra4=0 reftype=0
  snapshot f140: 3 venc_ko blocks (pool0 0x73801000 len 0x10000)
src frame 141: srcf=25 off=4860 br=8000
frame 141: send=0x0 get=0x0 len=1443 coding=1 startqp=0 meanqp=0 picbytes=0 pskip=0 nalus=1 n1:1443
  cu: inter64=0 inter32=0 inter16=0 inter8=0 intra32=0 intra16=0 intra8=0 intra4=0 reftype=0
  snapshot f141: 3 venc_ko blocks (pool0 0x73801000 len 0x10000)
src frame 142: srcf=26 off=4860 br=8000
frame 142: send=0x0 get=0x0 len=1300 coding=1 startqp=0 meanqp=0 picbytes=0 pskip=0 nalus=1 n1:1300
  cu: inter64=0 inter32=0 inter16=0 inter8=0 intra32=0 intra16=0 intra8=0 intra4=0 reftype=0
  snapshot f142: 3 venc_ko blocks (pool0 0x73801000 len 0x10000)
src frame 143: srcf=27 off=4860 br=8000
frame 143: send=0x0 get=0x0 len=1254 coding=1 startqp=0 meanqp=0 picbytes=0 pskip=0 nalus=1 n1:1254
  cu: inter64=0 inter32=0 inter16=0 inter8=0 intra32=0 intra16=0 intra8=0 intra4=0 reftype=0
  snapshot f143: 3 venc_ko blocks (pool0 0x73801000 len 0x10000)
src frame 144: srcf=28 off=4860 br=8000
frame 144: send=0x0 get=0x0 len=1202 coding=1 startqp=0 meanqp=0 picbytes=0 pskip=0 nalus=1 n1:1202
  cu: inter64=0 inter32=0 inter16=0 inter8=0 intra32=0 intra16=0 intra8=0 intra4=0 reftype=0
  snapshot f144: 3 venc_ko blocks (pool0 0x73801000 len 0x10000)
src frame 145: srcf=29 off=4860 br=8000
frame 145: send=0x0 get=0x0 len=1197 coding=1 startqp=0 meanqp=0 picbytes=0 pskip=0 nalus=1 n1:1197
  cu: inter64=0 inter32=0 inter16=0 inter8=0 intra32=0 intra16=0 intra8=0 intra4=0 reftype=0
  snapshot f145: 3 venc_ko blocks (pool0 0x73801000 len 0x10000)
src frame 146: srcf=28 off=4860 br=8000
frame 146: send=0x0 get=0x0 len=1200 coding=1 startqp=0 meanqp=0 picbytes=0 pskip=0 nalus=1 n1:1200
  cu: inter64=0 inter32=0 inter16=0 inter8=0 intra32=0 intra16=0 intra8=0 intra4=0 reftype=0
  snapshot f146: 3 venc_ko blocks (pool0 0x73801000 len 0x10000)
src frame 147: srcf=27 off=4860 br=8000
frame 147: send=0x0 get=0x0 len=1190 coding=1 startqp=0 meanqp=0 picbytes=0 pskip=0 nalus=1 n1:1190
  cu: inter64=0 inter32=0 inter16=0 inter8=0 intra32=0 intra16=0 intra8=0 intra4=0 reftype=0
  snapshot f147: 3 venc_ko blocks (pool0 0x73801000 len 0x10000)
src frame 148: srcf=26 off=4860 br=8000
frame 148: send=0x0 get=0x0 len=1223 coding=1 startqp=0 meanqp=0 picbytes=0 pskip=0 nalus=1 n1:1223
  cu: inter64=0 inter32=0 inter16=0 inter8=0 intra32=0 intra16=0 intra8=0 intra4=0 reftype=0
  snapshot f148: 3 venc_ko blocks (pool0 0x73801000 len 0x10000)
src frame 149: srcf=25 off=4860 br=8000
frame 149: send=0x0 get=0x0 len=1192 coding=1 startqp=0 meanqp=0 picbytes=0 pskip=0 nalus=1 n1:1192
  cu: inter64=0 inter32=0 inter16=0 inter8=0 intra32=0 intra16=0 intra8=0 intra4=0 reftype=0
  snapshot f149: 3 venc_ko blocks (pool0 0x73801000 len 0x10000)
src frame 150: srcf=24 off=5400 br=8000
frame 150: send=0x0 get=0x0 len=48092 coding=0 startqp=0 meanqp=0 picbytes=0 pskip=0 nalus=4 n32:27 n33:53 n34:12 n19:48000
  cu: inter64=0 inter32=0 inter16=0 inter8=0 intra32=0 intra16=0 intra8=0 intra4=0 reftype=0
  snapshot f150: 3 venc_ko blocks (pool0 0x73801000 len 0x10000)
src frame 151: srcf=23 off=5400 br=8000
frame 151: send=0x0 get=0x0 len=5998 coding=1 startqp=0 meanqp=0 picbytes=0 pskip=0 nalus=1 n1:5998
  cu: inter64=0 inter32=0 inter16=0 inter8=0 intra32=0 intra16=0 intra8=0 intra4=0 reftype=0
  snapshot f151: 3 venc_ko blocks (pool0 0x73801000 len 0x10000)
src frame 152: srcf=22 off=5400 br=8000
frame 152: send=0x0 get=0x0 len=2703 coding=1 startqp=0 meanqp=0 picbytes=0 pskip=0 nalus=1 n1:2703
  cu: inter64=0 inter32=0 inter16=0 inter8=0 intra32=0 intra16=0 intra8=0 intra4=0 reftype=0
  snapshot f152: 3 venc_ko blocks (pool0 0x73801000 len 0x10000)
src frame 153: srcf=21 off=5400 br=8000
frame 153: send=0x0 get=0x0 len=3481 coding=1 startqp=0 meanqp=0 picbytes=0 pskip=0 nalus=1 n1:3481
  cu: inter64=0 inter32=0 inter16=0 inter8=0 intra32=0 intra16=0 intra8=0 intra4=0 reftype=0
  snapshot f153: 3 venc_ko blocks (pool0 0x73801000 len 0x10000)
src frame 154: srcf=20 off=5400 br=8000
frame 154: send=0x0 get=0x0 len=4012 coding=1 startqp=0 meanqp=0 picbytes=0 pskip=0 nalus=1 n1:4012
  cu: inter64=0 inter32=0 inter16=0 inter8=0 intra32=0 intra16=0 intra8=0 intra4=0 reftype=0
  snapshot f154: 3 venc_ko blocks (pool0 0x73801000 len 0x10000)
src frame 155: srcf=19 off=5400 br=8000
frame 155: send=0x0 get=0x0 len=4417 coding=1 startqp=0 meanqp=0 picbytes=0 pskip=0 nalus=1 n1:4417
  cu: inter64=0 inter32=0 inter16=0 inter8=0 intra32=0 intra16=0 intra8=0 intra4=0 reftype=0
  snapshot f155: 3 venc_ko blocks (pool0 0x73801000 len 0x10000)
src frame 156: srcf=18 off=5400 br=8000
frame 156: send=0x0 get=0x0 len=4679 coding=1 startqp=0 meanqp=0 picbytes=0 pskip=0 nalus=1 n1:4679
  cu: inter64=0 inter32=0 inter16=0 inter8=0 intra32=0 intra16=0 intra8=0 intra4=0 reftype=0
  snapshot f156: 3 venc_ko blocks (pool0 0x73801000 len 0x10000)
src frame 157: srcf=17 off=5400 br=8000
frame 157: send=0x0 get=0x0 len=2808 coding=1 startqp=0 meanqp=0 picbytes=0 pskip=0 nalus=1 n1:2808
  cu: inter64=0 inter32=0 inter16=0 inter8=0 intra32=0 intra16=0 intra8=0 intra4=0 reftype=0
  snapshot f157: 3 venc_ko blocks (pool0 0x73801000 len 0x10000)
src frame 158: srcf=16 off=5400 br=8000
frame 158: send=0x0 get=0x0 len=2298 coding=1 startqp=0 meanqp=0 picbytes=0 pskip=0 nalus=1 n1:2298
  cu: inter64=0 inter32=0 inter16=0 inter8=0 intra32=0 intra16=0 intra8=0 intra4=0 reftype=0
  snapshot f158: 3 venc_ko blocks (pool0 0x73801000 len 0x10000)
src frame 159: srcf=15 off=5400 br=8000
frame 159: send=0x0 get=0x0 len=2450 coding=1 startqp=0 meanqp=0 picbytes=0 pskip=0 nalus=1 n1:2450
  cu: inter64=0 inter32=0 inter16=0 inter8=0 intra32=0 intra16=0 intra8=0 intra4=0 reftype=0
  snapshot f159: 3 venc_ko blocks (pool0 0x73801000 len 0x10000)
src frame 160: srcf=14 off=5400 br=8000
frame 160: send=0x0 get=0x0 len=2421 coding=1 startqp=0 meanqp=0 picbytes=0 pskip=0 nalus=1 n1:2421
  cu: inter64=0 inter32=0 inter16=0 inter8=0 intra32=0 intra16=0 intra8=0 intra4=0 reftype=0
  snapshot f160: 3 venc_ko blocks (pool0 0x73801000 len 0x10000)
src frame 161: srcf=13 off=5400 br=8000
frame 161: send=0x0 get=0x0 len=2332 coding=1 startqp=0 meanqp=0 picbytes=0 pskip=0 nalus=1 n1:2332
  cu: inter64=0 inter32=0 inter16=0 inter8=0 intra32=0 intra16=0 intra8=0 intra4=0 reftype=0
  snapshot f161: 3 venc_ko blocks (pool0 0x73801000 len 0x10000)
src frame 162: srcf=12 off=5400 br=8000
frame 162: send=0x0 get=0x0 len=2122 coding=1 startqp=0 meanqp=0 picbytes=0 pskip=0 nalus=1 n1:2122
  cu: inter64=0 inter32=0 inter16=0 inter8=0 intra32=0 intra16=0 intra8=0 intra4=0 reftype=0
  snapshot f162: 3 venc_ko blocks (pool0 0x73801000 len 0x10000)
src frame 163: srcf=11 off=5400 br=8000
frame 163: send=0x0 get=0x0 len=1910 coding=1 startqp=0 meanqp=0 picbytes=0 pskip=0 nalus=1 n1:1910
  cu: inter64=0 inter32=0 inter16=0 inter8=0 intra32=0 intra16=0 intra8=0 intra4=0 reftype=0
  snapshot f163: 3 venc_ko blocks (pool0 0x73801000 len 0x10000)
src frame 164: srcf=10 off=5400 br=8000
frame 164: send=0x0 get=0x0 len=1555 coding=1 startqp=0 meanqp=0 picbytes=0 pskip=0 nalus=1 n1:1555
  cu: inter64=0 inter32=0 inter16=0 inter8=0 intra32=0 intra16=0 intra8=0 intra4=0 reftype=0
  snapshot f164: 3 venc_ko blocks (pool0 0x73801000 len 0x10000)
src frame 165: srcf=9 off=5940 br=8000
frame 165: send=0x0 get=0x0 len=69453 coding=1 startqp=0 meanqp=0 picbytes=0 pskip=0 nalus=1 n1:69453
  cu: inter64=0 inter32=0 inter16=0 inter8=0 intra32=0 intra16=0 intra8=0 intra4=0 reftype=0
  snapshot f165: 3 venc_ko blocks (pool0 0x73801000 len 0x10000)
src frame 166: srcf=8 off=5940 br=8000
frame 166: send=0x0 get=0x0 len=7522 coding=1 startqp=0 meanqp=0 picbytes=0 pskip=0 nalus=1 n1:7522
  cu: inter64=0 inter32=0 inter16=0 inter8=0 intra32=0 intra16=0 intra8=0 intra4=0 reftype=0
  snapshot f166: 3 venc_ko blocks (pool0 0x73801000 len 0x10000)
src frame 167: srcf=7 off=5940 br=8000
frame 167: send=0x0 get=0x0 len=2174 coding=1 startqp=0 meanqp=0 picbytes=0 pskip=0 nalus=1 n1:2174
  cu: inter64=0 inter32=0 inter16=0 inter8=0 intra32=0 intra16=0 intra8=0 intra4=0 reftype=0
  snapshot f167: 3 venc_ko blocks (pool0 0x73801000 len 0x10000)
src frame 168: srcf=6 off=5940 br=8000
frame 168: send=0x0 get=0x0 len=1823 coding=1 startqp=0 meanqp=0 picbytes=0 pskip=0 nalus=1 n1:1823
  cu: inter64=0 inter32=0 inter16=0 inter8=0 intra32=0 intra16=0 intra8=0 intra4=0 reftype=0
  snapshot f168: 3 venc_ko blocks (pool0 0x73801000 len 0x10000)
src frame 169: srcf=5 off=5940 br=8000
frame 169: send=0x0 get=0x0 len=1655 coding=1 startqp=0 meanqp=0 picbytes=0 pskip=0 nalus=1 n1:1655
  cu: inter64=0 inter32=0 inter16=0 inter8=0 intra32=0 intra16=0 intra8=0 intra4=0 reftype=0
  snapshot f169: 3 venc_ko blocks (pool0 0x73801000 len 0x10000)
src frame 170: srcf=4 off=5940 br=8000
frame 170: send=0x0 get=0x0 len=1513 coding=1 startqp=0 meanqp=0 picbytes=0 pskip=0 nalus=1 n1:1513
  cu: inter64=0 inter32=0 inter16=0 inter8=0 intra32=0 intra16=0 intra8=0 intra4=0 reftype=0
  snapshot f170: 3 venc_ko blocks (pool0 0x73801000 len 0x10000)
src frame 171: srcf=3 off=5940 br=8000
frame 171: send=0x0 get=0x0 len=1317 coding=1 startqp=0 meanqp=0 picbytes=0 pskip=0 nalus=1 n1:1317
  cu: inter64=0 inter32=0 inter16=0 inter8=0 intra32=0 intra16=0 intra8=0 intra4=0 reftype=0
  snapshot f171: 3 venc_ko blocks (pool0 0x73801000 len 0x10000)
src frame 172: srcf=2 off=5940 br=8000
frame 172: send=0x0 get=0x0 len=1271 coding=1 startqp=0 meanqp=0 picbytes=0 pskip=0 nalus=1 n1:1271
  cu: inter64=0 inter32=0 inter16=0 inter8=0 intra32=0 intra16=0 intra8=0 intra4=0 reftype=0
  snapshot f172: 3 venc_ko blocks (pool0 0x73801000 len 0x10000)
src frame 173: srcf=1 off=5940 br=8000
frame 173: send=0x0 get=0x0 len=1250 coding=1 startqp=0 meanqp=0 picbytes=0 pskip=0 nalus=1 n1:1250
  cu: inter64=0 inter32=0 inter16=0 inter8=0 intra32=0 intra16=0 intra8=0 intra4=0 reftype=0
  snapshot f173: 3 venc_ko blocks (pool0 0x73801000 len 0x10000)
src frame 174: srcf=0 off=5940 br=8000
frame 174: send=0x0 get=0x0 len=1222 coding=1 startqp=0 meanqp=0 picbytes=0 pskip=0 nalus=1 n1:1222
  cu: inter64=0 inter32=0 inter16=0 inter8=0 intra32=0 intra16=0 intra8=0 intra4=0 reftype=0
  snapshot f174: 3 venc_ko blocks (pool0 0x73801000 len 0x10000)
src frame 175: srcf=1 off=5940 br=8000
frame 175: send=0x0 get=0x0 len=1239 coding=1 startqp=0 meanqp=0 picbytes=0 pskip=0 nalus=1 n1:1239
  cu: inter64=0 inter32=0 inter16=0 inter8=0 intra32=0 intra16=0 intra8=0 intra4=0 reftype=0
  snapshot f175: 3 venc_ko blocks (pool0 0x73801000 len 0x10000)
src frame 176: srcf=2 off=5940 br=8000
frame 176: send=0x0 get=0x0 len=1251 coding=1 startqp=0 meanqp=0 picbytes=0 pskip=0 nalus=1 n1:1251
  cu: inter64=0 inter32=0 inter16=0 inter8=0 intra32=0 intra16=0 intra8=0 intra4=0 reftype=0
  snapshot f176: 3 venc_ko blocks (pool0 0x73801000 len 0x10000)
src frame 177: srcf=3 off=5940 br=8000
frame 177: send=0x0 get=0x0 len=1249 coding=1 startqp=0 meanqp=0 picbytes=0 pskip=0 nalus=1 n1:1249
  cu: inter64=0 inter32=0 inter16=0 inter8=0 intra32=0 intra16=0 intra8=0 intra4=0 reftype=0
  snapshot f177: 3 venc_ko blocks (pool0 0x73801000 len 0x10000)
src frame 178: srcf=4 off=5940 br=8000
frame 178: send=0x0 get=0x0 len=1230 coding=1 startqp=0 meanqp=0 picbytes=0 pskip=0 nalus=1 n1:1230
  cu: inter64=0 inter32=0 inter16=0 inter8=0 intra32=0 intra16=0 intra8=0 intra4=0 reftype=0
  snapshot f178: 3 venc_ko blocks (pool0 0x73801000 len 0x10000)
src frame 179: srcf=5 off=5940 br=8000
frame 179: send=0x0 get=0x0 len=1229 coding=1 startqp=0 meanqp=0 picbytes=0 pskip=0 nalus=1 n1:1229
  cu: inter64=0 inter32=0 inter16=0 inter8=0 intra32=0 intra16=0 intra8=0 intra4=0 reftype=0
  snapshot f179: 3 venc_ko blocks (pool0 0x73801000 len 0x10000)
src frame 180: srcf=6 off=6480 br=8000
frame 180: send=0x0 get=0x0 len=52509 coding=0 startqp=0 meanqp=0 picbytes=0 pskip=0 nalus=4 n32:27 n33:53 n34:12 n19:52417
  cu: inter64=0 inter32=0 inter16=0 inter8=0 intra32=0 intra16=0 intra8=0 intra4=0 reftype=0
  snapshot f180: 3 venc_ko blocks (pool0 0x73801000 len 0x10000)
src frame 181: srcf=7 off=6480 br=8000
frame 181: send=0x0 get=0x0 len=6936 coding=1 startqp=0 meanqp=0 picbytes=0 pskip=0 nalus=1 n1:6936
  cu: inter64=0 inter32=0 inter16=0 inter8=0 intra32=0 intra16=0 intra8=0 intra4=0 reftype=0
  snapshot f181: 3 venc_ko blocks (pool0 0x73801000 len 0x10000)
src frame 182: srcf=8 off=6480 br=8000
frame 182: send=0x0 get=0x0 len=3079 coding=1 startqp=0 meanqp=0 picbytes=0 pskip=0 nalus=1 n1:3079
  cu: inter64=0 inter32=0 inter16=0 inter8=0 intra32=0 intra16=0 intra8=0 intra4=0 reftype=0
  snapshot f182: 3 venc_ko blocks (pool0 0x73801000 len 0x10000)
src frame 183: srcf=9 off=6480 br=8000
frame 183: send=0x0 get=0x0 len=4201 coding=1 startqp=0 meanqp=0 picbytes=0 pskip=0 nalus=1 n1:4201
  cu: inter64=0 inter32=0 inter16=0 inter8=0 intra32=0 intra16=0 intra8=0 intra4=0 reftype=0
  snapshot f183: 3 venc_ko blocks (pool0 0x73801000 len 0x10000)
src frame 184: srcf=10 off=6480 br=8000
frame 184: send=0x0 get=0x0 len=4497 coding=1 startqp=0 meanqp=0 picbytes=0 pskip=0 nalus=1 n1:4497
  cu: inter64=0 inter32=0 inter16=0 inter8=0 intra32=0 intra16=0 intra8=0 intra4=0 reftype=0
  snapshot f184: 3 venc_ko blocks (pool0 0x73801000 len 0x10000)
src frame 185: srcf=11 off=6480 br=8000
frame 185: send=0x0 get=0x0 len=2277 coding=1 startqp=0 meanqp=0 picbytes=0 pskip=0 nalus=1 n1:2277
  cu: inter64=0 inter32=0 inter16=0 inter8=0 intra32=0 intra16=0 intra8=0 intra4=0 reftype=0
  snapshot f185: 3 venc_ko blocks (pool0 0x73801000 len 0x10000)
src frame 186: srcf=12 off=6480 br=8000
frame 186: send=0x0 get=0x0 len=2274 coding=1 startqp=0 meanqp=0 picbytes=0 pskip=0 nalus=1 n1:2274
  cu: inter64=0 inter32=0 inter16=0 inter8=0 intra32=0 intra16=0 intra8=0 intra4=0 reftype=0
  snapshot f186: 3 venc_ko blocks (pool0 0x73801000 len 0x10000)
src frame 187: srcf=13 off=6480 br=8000
frame 187: send=0x0 get=0x0 len=2159 coding=1 startqp=0 meanqp=0 picbytes=0 pskip=0 nalus=1 n1:2159
  cu: inter64=0 inter32=0 inter16=0 inter8=0 intra32=0 intra16=0 intra8=0 intra4=0 reftype=0
  snapshot f187: 3 venc_ko blocks (pool0 0x73801000 len 0x10000)
src frame 188: srcf=14 off=6480 br=8000
frame 188: send=0x0 get=0x0 len=1991 coding=1 startqp=0 meanqp=0 picbytes=0 pskip=0 nalus=1 n1:1991
  cu: inter64=0 inter32=0 inter16=0 inter8=0 intra32=0 intra16=0 intra8=0 intra4=0 reftype=0
  snapshot f188: 3 venc_ko blocks (pool0 0x73801000 len 0x10000)
src frame 189: srcf=15 off=6480 br=8000
frame 189: send=0x0 get=0x0 len=2051 coding=1 startqp=0 meanqp=0 picbytes=0 pskip=0 nalus=1 n1:2051
  cu: inter64=0 inter32=0 inter16=0 inter8=0 intra32=0 intra16=0 intra8=0 intra4=0 reftype=0
  snapshot f189: 3 venc_ko blocks (pool0 0x73801000 len 0x10000)
src frame 190: srcf=16 off=6480 br=8000
frame 190: send=0x0 get=0x0 len=2108 coding=1 startqp=0 meanqp=0 picbytes=0 pskip=0 nalus=1 n1:2108
  cu: inter64=0 inter32=0 inter16=0 inter8=0 intra32=0 intra16=0 intra8=0 intra4=0 reftype=0
  snapshot f190: 3 venc_ko blocks (pool0 0x73801000 len 0x10000)
src frame 191: srcf=17 off=6480 br=8000
frame 191: send=0x0 get=0x0 len=1695 coding=1 startqp=0 meanqp=0 picbytes=0 pskip=0 nalus=1 n1:1695
  cu: inter64=0 inter32=0 inter16=0 inter8=0 intra32=0 intra16=0 intra8=0 intra4=0 reftype=0
  snapshot f191: 3 venc_ko blocks (pool0 0x73801000 len 0x10000)
src frame 192: srcf=18 off=6480 br=8000
frame 192: send=0x0 get=0x0 len=1504 coding=1 startqp=0 meanqp=0 picbytes=0 pskip=0 nalus=1 n1:1504
  cu: inter64=0 inter32=0 inter16=0 inter8=0 intra32=0 intra16=0 intra8=0 intra4=0 reftype=0
  snapshot f192: 3 venc_ko blocks (pool0 0x73801000 len 0x10000)
src frame 193: srcf=19 off=6480 br=8000
frame 193: send=0x0 get=0x0 len=1485 coding=1 startqp=0 meanqp=0 picbytes=0 pskip=0 nalus=1 n1:1485
  cu: inter64=0 inter32=0 inter16=0 inter8=0 intra32=0 intra16=0 intra8=0 intra4=0 reftype=0
  snapshot f193: 3 venc_ko blocks (pool0 0x73801000 len 0x10000)
src frame 194: srcf=20 off=6480 br=8000
frame 194: send=0x0 get=0x0 len=1417 coding=1 startqp=0 meanqp=0 picbytes=0 pskip=0 nalus=1 n1:1417
  cu: inter64=0 inter32=0 inter16=0 inter8=0 intra32=0 intra16=0 intra8=0 intra4=0 reftype=0
  snapshot f194: 3 venc_ko blocks (pool0 0x73801000 len 0x10000)
src frame 195: srcf=21 off=7020 br=8000
frame 195: send=0x0 get=0x0 len=61179 coding=1 startqp=0 meanqp=0 picbytes=0 pskip=0 nalus=1 n1:61179
  cu: inter64=0 inter32=0 inter16=0 inter8=0 intra32=0 intra16=0 intra8=0 intra4=0 reftype=0
  snapshot f195: 3 venc_ko blocks (pool0 0x73801000 len 0x10000)
src frame 196: srcf=22 off=7020 br=8000
frame 196: send=0x0 get=0x0 len=17318 coding=1 startqp=0 meanqp=0 picbytes=0 pskip=0 nalus=1 n1:17318
  cu: inter64=0 inter32=0 inter16=0 inter8=0 intra32=0 intra16=0 intra8=0 intra4=0 reftype=0
  snapshot f196: 3 venc_ko blocks (pool0 0x73801000 len 0x10000)
src frame 197: srcf=23 off=7020 br=8000
frame 197: send=0x0 get=0x0 len=2819 coding=1 startqp=0 meanqp=0 picbytes=0 pskip=0 nalus=1 n1:2819
  cu: inter64=0 inter32=0 inter16=0 inter8=0 intra32=0 intra16=0 intra8=0 intra4=0 reftype=0
  snapshot f197: 3 venc_ko blocks (pool0 0x73801000 len 0x10000)
src frame 198: srcf=24 off=7020 br=8000
frame 198: send=0x0 get=0x0 len=1909 coding=1 startqp=0 meanqp=0 picbytes=0 pskip=0 nalus=1 n1:1909
  cu: inter64=0 inter32=0 inter16=0 inter8=0 intra32=0 intra16=0 intra8=0 intra4=0 reftype=0
  snapshot f198: 3 venc_ko blocks (pool0 0x73801000 len 0x10000)
src frame 199: srcf=25 off=7020 br=8000
frame 199: send=0x0 get=0x0 len=1641 coding=1 startqp=0 meanqp=0 picbytes=0 pskip=0 nalus=1 n1:1641
  cu: inter64=0 inter32=0 inter16=0 inter8=0 intra32=0 intra16=0 intra8=0 intra4=0 reftype=0
  snapshot f199: 3 venc_ko blocks (pool0 0x73801000 len 0x10000)
src frame 200: srcf=26 off=7020 br=8000
frame 200: send=0x0 get=0x0 len=1456 coding=1 startqp=0 meanqp=0 picbytes=0 pskip=0 nalus=1 n1:1456
  cu: inter64=0 inter32=0 inter16=0 inter8=0 intra32=0 intra16=0 intra8=0 intra4=0 reftype=0
  snapshot f200: 3 venc_ko blocks (pool0 0x73801000 len 0x10000)
src frame 201: srcf=27 off=7020 br=8000
frame 201: send=0x0 get=0x0 len=1379 coding=1 startqp=0 meanqp=0 picbytes=0 pskip=0 nalus=1 n1:1379
  cu: inter64=0 inter32=0 inter16=0 inter8=0 intra32=0 intra16=0 intra8=0 intra4=0 reftype=0
  snapshot f201: 3 venc_ko blocks (pool0 0x73801000 len 0x10000)
src frame 202: srcf=28 off=7020 br=8000
frame 202: send=0x0 get=0x0 len=1324 coding=1 startqp=0 meanqp=0 picbytes=0 pskip=0 nalus=1 n1:1324
  cu: inter64=0 inter32=0 inter16=0 inter8=0 intra32=0 intra16=0 intra8=0 intra4=0 reftype=0
  snapshot f202: 3 venc_ko blocks (pool0 0x73801000 len 0x10000)
src frame 203: srcf=29 off=7020 br=8000
frame 203: send=0x0 get=0x0 len=1302 coding=1 startqp=0 meanqp=0 picbytes=0 pskip=0 nalus=1 n1:1302
  cu: inter64=0 inter32=0 inter16=0 inter8=0 intra32=0 intra16=0 intra8=0 intra4=0 reftype=0
  snapshot f203: 3 venc_ko blocks (pool0 0x73801000 len 0x10000)
src frame 204: srcf=28 off=7020 br=8000
frame 204: send=0x0 get=0x0 len=1323 coding=1 startqp=0 meanqp=0 picbytes=0 pskip=0 nalus=1 n1:1323
  cu: inter64=0 inter32=0 inter16=0 inter8=0 intra32=0 intra16=0 intra8=0 intra4=0 reftype=0
  snapshot f204: 3 venc_ko blocks (pool0 0x73801000 len 0x10000)
src frame 205: srcf=27 off=7020 br=8000
frame 205: send=0x0 get=0x0 len=1291 coding=1 startqp=0 meanqp=0 picbytes=0 pskip=0 nalus=1 n1:1291
  cu: inter64=0 inter32=0 inter16=0 inter8=0 intra32=0 intra16=0 intra8=0 intra4=0 reftype=0
  snapshot f205: 3 venc_ko blocks (pool0 0x73801000 len 0x10000)
src frame 206: srcf=26 off=7020 br=8000
frame 206: send=0x0 get=0x0 len=1274 coding=1 startqp=0 meanqp=0 picbytes=0 pskip=0 nalus=1 n1:1274
  cu: inter64=0 inter32=0 inter16=0 inter8=0 intra32=0 intra16=0 intra8=0 intra4=0 reftype=0
  snapshot f206: 3 venc_ko blocks (pool0 0x73801000 len 0x10000)
src frame 207: srcf=25 off=7020 br=8000
frame 207: send=0x0 get=0x0 len=1304 coding=1 startqp=0 meanqp=0 picbytes=0 pskip=0 nalus=1 n1:1304
  cu: inter64=0 inter32=0 inter16=0 inter8=0 intra32=0 intra16=0 intra8=0 intra4=0 reftype=0
  snapshot f207: 3 venc_ko blocks (pool0 0x73801000 len 0x10000)
src frame 208: srcf=24 off=7020 br=8000
frame 208: send=0x0 get=0x0 len=1271 coding=1 startqp=0 meanqp=0 picbytes=0 pskip=0 nalus=1 n1:1271
  cu: inter64=0 inter32=0 inter16=0 inter8=0 intra32=0 intra16=0 intra8=0 intra4=0 reftype=0
  snapshot f208: 3 venc_ko blocks (pool0 0x73801000 len 0x10000)
src frame 209: srcf=23 off=7020 br=8000
frame 209: send=0x0 get=0x0 len=1287 coding=1 startqp=0 meanqp=0 picbytes=0 pskip=0 nalus=1 n1:1287
  cu: inter64=0 inter32=0 inter16=0 inter8=0 intra32=0 intra16=0 intra8=0 intra4=0 reftype=0
  snapshot f209: 3 venc_ko blocks (pool0 0x73801000 len 0x10000)
src frame 210: srcf=22 off=7560 br=8000
frame 210: send=0x0 get=0x0 len=57269 coding=0 startqp=0 meanqp=0 picbytes=0 pskip=0 nalus=4 n32:27 n33:53 n34:12 n19:57177
  cu: inter64=0 inter32=0 inter16=0 inter8=0 intra32=0 intra16=0 intra8=0 intra4=0 reftype=0
  snapshot f210: 3 venc_ko blocks (pool0 0x73801000 len 0x10000)
src frame 211: srcf=21 off=7560 br=8000
frame 211: send=0x0 get=0x0 len=7497 coding=1 startqp=0 meanqp=0 picbytes=0 pskip=0 nalus=1 n1:7497
  cu: inter64=0 inter32=0 inter16=0 inter8=0 intra32=0 intra16=0 intra8=0 intra4=0 reftype=0
  snapshot f211: 3 venc_ko blocks (pool0 0x73801000 len 0x10000)
src frame 212: srcf=20 off=7560 br=8000
frame 212: send=0x0 get=0x0 len=4075 coding=1 startqp=0 meanqp=0 picbytes=0 pskip=0 nalus=1 n1:4075
  cu: inter64=0 inter32=0 inter16=0 inter8=0 intra32=0 intra16=0 intra8=0 intra4=0 reftype=0
  snapshot f212: 3 venc_ko blocks (pool0 0x73801000 len 0x10000)
src frame 213: srcf=19 off=7560 br=8000
frame 213: send=0x0 get=0x0 len=1971 coding=1 startqp=0 meanqp=0 picbytes=0 pskip=0 nalus=1 n1:1971
  cu: inter64=0 inter32=0 inter16=0 inter8=0 intra32=0 intra16=0 intra8=0 intra4=0 reftype=0
  snapshot f213: 3 venc_ko blocks (pool0 0x73801000 len 0x10000)
src frame 214: srcf=18 off=7560 br=8000
frame 214: send=0x0 get=0x0 len=1817 coding=1 startqp=0 meanqp=0 picbytes=0 pskip=0 nalus=1 n1:1817
  cu: inter64=0 inter32=0 inter16=0 inter8=0 intra32=0 intra16=0 intra8=0 intra4=0 reftype=0
  snapshot f214: 3 venc_ko blocks (pool0 0x73801000 len 0x10000)
src frame 215: srcf=17 off=7560 br=8000
frame 215: send=0x0 get=0x0 len=1835 coding=1 startqp=0 meanqp=0 picbytes=0 pskip=0 nalus=1 n1:1835
  cu: inter64=0 inter32=0 inter16=0 inter8=0 intra32=0 intra16=0 intra8=0 intra4=0 reftype=0
  snapshot f215: 3 venc_ko blocks (pool0 0x73801000 len 0x10000)
src frame 216: srcf=16 off=7560 br=8000
frame 216: send=0x0 get=0x0 len=1826 coding=1 startqp=0 meanqp=0 picbytes=0 pskip=0 nalus=1 n1:1826
  cu: inter64=0 inter32=0 inter16=0 inter8=0 intra32=0 intra16=0 intra8=0 intra4=0 reftype=0
  snapshot f216: 3 venc_ko blocks (pool0 0x73801000 len 0x10000)
src frame 217: srcf=15 off=7560 br=8000
frame 217: send=0x0 get=0x0 len=1826 coding=1 startqp=0 meanqp=0 picbytes=0 pskip=0 nalus=1 n1:1826
  cu: inter64=0 inter32=0 inter16=0 inter8=0 intra32=0 intra16=0 intra8=0 intra4=0 reftype=0
  snapshot f217: 3 venc_ko blocks (pool0 0x73801000 len 0x10000)
src frame 218: srcf=14 off=7560 br=8000
frame 218: send=0x0 get=0x0 len=1774 coding=1 startqp=0 meanqp=0 picbytes=0 pskip=0 nalus=1 n1:1774
  cu: inter64=0 inter32=0 inter16=0 inter8=0 intra32=0 intra16=0 intra8=0 intra4=0 reftype=0
  snapshot f218: 3 venc_ko blocks (pool0 0x73801000 len 0x10000)
src frame 219: srcf=13 off=7560 br=8000
frame 219: send=0x0 get=0x0 len=1568 coding=1 startqp=0 meanqp=0 picbytes=0 pskip=0 nalus=1 n1:1568
  cu: inter64=0 inter32=0 inter16=0 inter8=0 intra32=0 intra16=0 intra8=0 intra4=0 reftype=0
  snapshot f219: 3 venc_ko blocks (pool0 0x73801000 len 0x10000)
src frame 220: srcf=12 off=7560 br=8000
frame 220: send=0x0 get=0x0 len=1526 coding=1 startqp=0 meanqp=0 picbytes=0 pskip=0 nalus=1 n1:1526
  cu: inter64=0 inter32=0 inter16=0 inter8=0 intra32=0 intra16=0 intra8=0 intra4=0 reftype=0
  snapshot f220: 3 venc_ko blocks (pool0 0x73801000 len 0x10000)
src frame 221: srcf=11 off=7560 br=8000
frame 221: send=0x0 get=0x0 len=1493 coding=1 startqp=0 meanqp=0 picbytes=0 pskip=0 nalus=1 n1:1493
  cu: inter64=0 inter32=0 inter16=0 inter8=0 intra32=0 intra16=0 intra8=0 intra4=0 reftype=0
  snapshot f221: 3 venc_ko blocks (pool0 0x73801000 len 0x10000)
src frame 222: srcf=10 off=7560 br=8000
frame 222: send=0x0 get=0x0 len=1352 coding=1 startqp=0 meanqp=0 picbytes=0 pskip=0 nalus=1 n1:1352
  cu: inter64=0 inter32=0 inter16=0 inter8=0 intra32=0 intra16=0 intra8=0 intra4=0 reftype=0
  snapshot f222: 3 venc_ko blocks (pool0 0x73801000 len 0x10000)
src frame 223: srcf=9 off=7560 br=8000
frame 223: send=0x0 get=0x0 len=1135 coding=1 startqp=0 meanqp=0 picbytes=0 pskip=0 nalus=1 n1:1135
  cu: inter64=0 inter32=0 inter16=0 inter8=0 intra32=0 intra16=0 intra8=0 intra4=0 reftype=0
  snapshot f223: 3 venc_ko blocks (pool0 0x73801000 len 0x10000)
src frame 224: srcf=8 off=7560 br=8000
frame 224: send=0x0 get=0x0 len=1115 coding=1 startqp=0 meanqp=0 picbytes=0 pskip=0 nalus=1 n1:1115
  cu: inter64=0 inter32=0 inter16=0 inter8=0 intra32=0 intra16=0 intra8=0 intra4=0 reftype=0
  snapshot f224: 3 venc_ko blocks (pool0 0x73801000 len 0x10000)
src frame 225: srcf=7 off=8100 br=8000
frame 225: send=0x0 get=0x0 len=73175 coding=1 startqp=0 meanqp=0 picbytes=0 pskip=0 nalus=1 n1:73175
  cu: inter64=0 inter32=0 inter16=0 inter8=0 intra32=0 intra16=0 intra8=0 intra4=0 reftype=0
  snapshot f225: 3 venc_ko blocks (pool0 0x73801000 len 0x10000)
src frame 226: srcf=6 off=8100 br=8000
frame 226: send=0x0 get=0x0 len=3705 coding=1 startqp=0 meanqp=0 picbytes=0 pskip=0 nalus=1 n1:3705
  cu: inter64=0 inter32=0 inter16=0 inter8=0 intra32=0 intra16=0 intra8=0 intra4=0 reftype=0
  snapshot f226: 3 venc_ko blocks (pool0 0x73801000 len 0x10000)
src frame 227: srcf=5 off=8100 br=8000
frame 227: send=0x0 get=0x0 len=1818 coding=1 startqp=0 meanqp=0 picbytes=0 pskip=0 nalus=1 n1:1818
  cu: inter64=0 inter32=0 inter16=0 inter8=0 intra32=0 intra16=0 intra8=0 intra4=0 reftype=0
  snapshot f227: 3 venc_ko blocks (pool0 0x73801000 len 0x10000)
src frame 228: srcf=4 off=8100 br=8000
frame 228: send=0x0 get=0x0 len=1504 coding=1 startqp=0 meanqp=0 picbytes=0 pskip=0 nalus=1 n1:1504
  cu: inter64=0 inter32=0 inter16=0 inter8=0 intra32=0 intra16=0 intra8=0 intra4=0 reftype=0
  snapshot f228: 3 venc_ko blocks (pool0 0x73801000 len 0x10000)
src frame 229: srcf=3 off=8100 br=8000
frame 229: send=0x0 get=0x0 len=1315 coding=1 startqp=0 meanqp=0 picbytes=0 pskip=0 nalus=1 n1:1315
  cu: inter64=0 inter32=0 inter16=0 inter8=0 intra32=0 intra16=0 intra8=0 intra4=0 reftype=0
  snapshot f229: 3 venc_ko blocks (pool0 0x73801000 len 0x10000)
src frame 230: srcf=2 off=8100 br=8000
frame 230: send=0x0 get=0x0 len=1179 coding=1 startqp=0 meanqp=0 picbytes=0 pskip=0 nalus=1 n1:1179
  cu: inter64=0 inter32=0 inter16=0 inter8=0 intra32=0 intra16=0 intra8=0 intra4=0 reftype=0
  snapshot f230: 3 venc_ko blocks (pool0 0x73801000 len 0x10000)
src frame 231: srcf=1 off=8100 br=8000
frame 231: send=0x0 get=0x0 len=1207 coding=1 startqp=0 meanqp=0 picbytes=0 pskip=0 nalus=1 n1:1207
  cu: inter64=0 inter32=0 inter16=0 inter8=0 intra32=0 intra16=0 intra8=0 intra4=0 reftype=0
  snapshot f231: 3 venc_ko blocks (pool0 0x73801000 len 0x10000)
src frame 232: srcf=0 off=8100 br=8000
frame 232: send=0x0 get=0x0 len=1116 coding=1 startqp=0 meanqp=0 picbytes=0 pskip=0 nalus=1 n1:1116
  cu: inter64=0 inter32=0 inter16=0 inter8=0 intra32=0 intra16=0 intra8=0 intra4=0 reftype=0
  snapshot f232: 3 venc_ko blocks (pool0 0x73801000 len 0x10000)
src frame 233: srcf=1 off=8100 br=8000
frame 233: send=0x0 get=0x0 len=1134 coding=1 startqp=0 meanqp=0 picbytes=0 pskip=0 nalus=1 n1:1134
  cu: inter64=0 inter32=0 inter16=0 inter8=0 intra32=0 intra16=0 intra8=0 intra4=0 reftype=0
  snapshot f233: 3 venc_ko blocks (pool0 0x73801000 len 0x10000)
src frame 234: srcf=2 off=8100 br=8000
frame 234: send=0x0 get=0x0 len=1138 coding=1 startqp=0 meanqp=0 picbytes=0 pskip=0 nalus=1 n1:1138
  cu: inter64=0 inter32=0 inter16=0 inter8=0 intra32=0 intra16=0 intra8=0 intra4=0 reftype=0
  snapshot f234: 3 venc_ko blocks (pool0 0x73801000 len 0x10000)
src frame 235: srcf=3 off=8100 br=8000
frame 235: send=0x0 get=0x0 len=1113 coding=1 startqp=0 meanqp=0 picbytes=0 pskip=0 nalus=1 n1:1113
  cu: inter64=0 inter32=0 inter16=0 inter8=0 intra32=0 intra16=0 intra8=0 intra4=0 reftype=0
  snapshot f235: 3 venc_ko blocks (pool0 0x73801000 len 0x10000)
src frame 236: srcf=4 off=8100 br=8000
frame 236: send=0x0 get=0x0 len=1156 coding=1 startqp=0 meanqp=0 picbytes=0 pskip=0 nalus=1 n1:1156
  cu: inter64=0 inter32=0 inter16=0 inter8=0 intra32=0 intra16=0 intra8=0 intra4=0 reftype=0
  snapshot f236: 3 venc_ko blocks (pool0 0x73801000 len 0x10000)
src frame 237: srcf=5 off=8100 br=8000
frame 237: send=0x0 get=0x0 len=1160 coding=1 startqp=0 meanqp=0 picbytes=0 pskip=0 nalus=1 n1:1160
  cu: inter64=0 inter32=0 inter16=0 inter8=0 intra32=0 intra16=0 intra8=0 intra4=0 reftype=0
  snapshot f237: 3 venc_ko blocks (pool0 0x73801000 len 0x10000)
src frame 238: srcf=6 off=8100 br=8000
frame 238: send=0x0 get=0x0 len=1160 coding=1 startqp=0 meanqp=0 picbytes=0 pskip=0 nalus=1 n1:1160
  cu: inter64=0 inter32=0 inter16=0 inter8=0 intra32=0 intra16=0 intra8=0 intra4=0 reftype=0
  snapshot f238: 3 venc_ko blocks (pool0 0x73801000 len 0x10000)
src frame 239: srcf=7 off=8100 br=8000
frame 239: send=0x0 get=0x0 len=1167 coding=1 startqp=0 meanqp=0 picbytes=0 pskip=0 nalus=1 n1:1167
  cu: inter64=0 inter32=0 inter16=0 inter8=0 intra32=0 intra16=0 intra8=0 intra4=0 reftype=0
  snapshot f239: 3 venc_ko blocks (pool0 0x73801000 len 0x10000)
---- /proc/ax_proc/venc ----
-------- VENC VERSION ------------------------
[Axera version]: ax_venc V3.0.0_20250319114413 Mar 19 2025 11:58:34 JK

-------- MODULE PARAM ------------------------
MaxChnNum   MaxRoiNum   MaxProcNum  
16          8           16          

-------- VENC CHN ATTR 1 ------------------------
ID    Type    wSrc    hSrc    Strd0   Strd1   maxW    maxH    PixFmt  link  InFifoDep    OutFifoDep   InDbgFifoLen InDbgFifoDep StrmBufSize(KB)
7     h265    1920    1080    3840    0       1920    1080    YUYV422 N     2            2            0            4            4114      
-------- VENC CHN ATTR 2 ------------------------
ID    [CropEn StartX  StartY  CropW   CropH]  Rotation  EncW    EncH    FrmSize      PTS          SeqNum       CompMode     CompLevel    PhyAddr0     PhyAddr1     PhyAddr2     
7     N       0       0       0       0       0         1920    1080    4147200      3283333      198          NONE         0            742cb000     0            0            
-------- VENC RC ATTR 1 ------------------------
ID    RcMode    SrcFr   DstFr   Br(kbps)  MinQp   MaxQp   MinIQp  MaxIQp  IQpDelta  IpropMax   IpropMin   StartQp    QpDltRng   DeBrQpDlt  SvcEn   ChgPos  StillPercent MaxStillQp 
7     CBR       60.00   60.00   8000      10      51      10      51      0         40         10         -1         2          0          False   -       -            -          
-------- VENC RC ATTR 2  -----------------------
ID    QMapQpType  QMapUnit    QMapBlkType IQp   PQp   MinQpDelta MaxQpDelta MaxBitRate shtStaTime ltStaTime  ltMinBr  ltMaxBr  Br_ST(kbps)    Br_LT(kbps)    
7     N/A         64x64       N/A         -     -     -          -          -          -          -          -        -        -              -              
-------- VENC GOP ATTR  ------------------------
ID    GopMode   Gop   GopVI 
7     NormalP   30    0     
-------- VENC STATUS 1 -------------------------
ID    RJEn         RJThr(bps)   RJMode       RJEncGaps    SupFrmEn     SupPri       SupThrI      SupThrP      SplitEn      SliceNum     Range(In)    Range(out)   
7     N            0            Normal       0            N            0            500000       500000       N            0            Full         Full         
-------- VENC STATUS 2 -------------------------
ID    ChnStat   FrmRecv   FrmRls    FrmEnc    FrmDrop   FrmDup    EncFail   MissMatch StrmGet   StrmRls   OutFps    RealBr    ReEncCnt  DropCnt   BlkFail   GrpID     PID     TID     ThNum   RefInc    RefDec    Fail1   Fail2   Fail3   Fail4   
7     STARTED   198       198       198       0         0         0         0         198       197       50.00     2884.72   0         0         0         -1        130637  130641  1       198       198       0       0       0       0       
-------- VENC HW STATUS  ------------------------
ID    OverFlow     TimeOut      
7     0            0            
-------- VENC ROI INFO  ------------------------
ID    Index        bEnable      bAbsQp       RoiQP        Width        Height       StartX       StartY       
done h265_jump15_cbr8000
