# vdrive tag=h264_cbr2000 codec=h264 1920x1080 rc=cbr br=2000 fps=60/60 gop=30 gopmode=normalp ltrint=0 ltrqpo=0 iqp=32 pqp=32 profile=10 level=51 tier=0 qp[10..51] iqp[10..51] iqd=0 firstqp=-1 iprop[10..40] idrrange=2 stattime=1 vq=0 ir=0/0 slice=0 debreath=0 scd=-1 rowqpd=-1 vui=-1 move=0 nframes=240
src=/root/rc65/clips/static.yuyv frames=30 loop=pingpong motion=vscroll mstep=4 window=0..-1
AX_SYS_Init rc=0x0
AX_VENC_Init rc=0x0
AX_VENC_CreateChn(7) rc=0x0
StartRecvFrame rc=0x0
AX_POOL_CreatePool id=0x0
blk=0x5e000000 phys=0x742d1000 virt=0xffff95ff5000
frame: modid=0x11 stride=1920 fmt=0xd
  snapshot pre: 3 venc_ko blocks (pool0 0x73801000 len 0x10000)
src frame 0: srcf=0 off=4 br=2000
frame 0: send=0x0 get=0x0 len=22170 coding=0 startqp=0 meanqp=0 picbytes=0 pskip=0 nalus=3 n7:32 n8:9 n5:22129
  snapshot f000: 3 venc_ko blocks (pool0 0x73801000 len 0x10000)
src frame 1: srcf=1 off=8 br=2000
frame 1: send=0x0 get=0x0 len=2073 coding=1 startqp=0 meanqp=0 picbytes=0 pskip=0 nalus=1 n1:2073
  snapshot f001: 3 venc_ko blocks (pool0 0x73801000 len 0x10000)
src frame 2: srcf=2 off=12 br=2000
frame 2: send=0x0 get=0x0 len=3494 coding=1 startqp=0 meanqp=0 picbytes=0 pskip=0 nalus=1 n1:3494
  snapshot f002: 3 venc_ko blocks (pool0 0x73801000 len 0x10000)
src frame 3: srcf=3 off=16 br=2000
frame 3: send=0x0 get=0x0 len=3474 coding=1 startqp=0 meanqp=0 picbytes=0 pskip=0 nalus=1 n1:3474
  snapshot f003: 3 venc_ko blocks (pool0 0x73801000 len 0x10000)
src frame 4: srcf=4 off=20 br=2000
frame 4: send=0x0 get=0x0 len=3406 coding=1 startqp=0 meanqp=0 picbytes=0 pskip=0 nalus=1 n1:3406
  snapshot f004: 3 venc_ko blocks (pool0 0x73801000 len 0x10000)
src frame 5: srcf=5 off=24 br=2000
frame 5: send=0x0 get=0x0 len=2009 coding=1 startqp=0 meanqp=0 picbytes=0 pskip=0 nalus=1 n1:2009
  snapshot f005: 3 venc_ko blocks (pool0 0x73801000 len 0x10000)
src frame 6: srcf=6 off=28 br=2000
frame 6: send=0x0 get=0x0 len=3263 coding=1 startqp=0 meanqp=0 picbytes=0 pskip=0 nalus=1 n1:3263
  snapshot f006: 3 venc_ko blocks (pool0 0x73801000 len 0x10000)
src frame 7: srcf=7 off=32 br=2000
frame 7: send=0x0 get=0x0 len=3258 coding=1 startqp=0 meanqp=0 picbytes=0 pskip=0 nalus=1 n1:3258
  snapshot f007: 3 venc_ko blocks (pool0 0x73801000 len 0x10000)
src frame 8: srcf=8 off=36 br=2000
frame 8: send=0x0 get=0x0 len=3040 coding=1 startqp=0 meanqp=0 picbytes=0 pskip=0 nalus=1 n1:3040
  snapshot f008: 3 venc_ko blocks (pool0 0x73801000 len 0x10000)
src frame 9: srcf=9 off=40 br=2000
frame 9: send=0x0 get=0x0 len=3196 coding=1 startqp=0 meanqp=0 picbytes=0 pskip=0 nalus=1 n1:3196
  snapshot f009: 3 venc_ko blocks (pool0 0x73801000 len 0x10000)
src frame 10: srcf=10 off=44 br=2000
frame 10: send=0x0 get=0x0 len=3064 coding=1 startqp=0 meanqp=0 picbytes=0 pskip=0 nalus=1 n1:3064
  snapshot f010: 3 venc_ko blocks (pool0 0x73801000 len 0x10000)
src frame 11: srcf=11 off=48 br=2000
frame 11: send=0x0 get=0x0 len=3388 coding=1 startqp=0 meanqp=0 picbytes=0 pskip=0 nalus=1 n1:3388
  snapshot f011: 3 venc_ko blocks (pool0 0x73801000 len 0x10000)
src frame 12: srcf=12 off=52 br=2000
frame 12: send=0x0 get=0x0 len=3858 coding=1 startqp=0 meanqp=0 picbytes=0 pskip=0 nalus=1 n1:3858
  snapshot f012: 3 venc_ko blocks (pool0 0x73801000 len 0x10000)
src frame 13: srcf=13 off=56 br=2000
frame 13: send=0x0 get=0x0 len=3178 coding=1 startqp=0 meanqp=0 picbytes=0 pskip=0 nalus=1 n1:3178
  snapshot f013: 3 venc_ko blocks (pool0 0x73801000 len 0x10000)
src frame 14: srcf=14 off=60 br=2000
frame 14: send=0x0 get=0x0 len=2751 coding=1 startqp=0 meanqp=0 picbytes=0 pskip=0 nalus=1 n1:2751
  snapshot f014: 3 venc_ko blocks (pool0 0x73801000 len 0x10000)
src frame 15: srcf=15 off=64 br=2000
frame 15: send=0x0 get=0x0 len=1500 coding=1 startqp=0 meanqp=0 picbytes=0 pskip=0 nalus=1 n1:1500
  snapshot f015: 3 venc_ko blocks (pool0 0x73801000 len 0x10000)
src frame 16: srcf=16 off=68 br=2000
frame 16: send=0x0 get=0x0 len=3307 coding=1 startqp=0 meanqp=0 picbytes=0 pskip=0 nalus=1 n1:3307
  snapshot f016: 3 venc_ko blocks (pool0 0x73801000 len 0x10000)
src frame 17: srcf=17 off=72 br=2000
frame 17: send=0x0 get=0x0 len=3379 coding=1 startqp=0 meanqp=0 picbytes=0 pskip=0 nalus=1 n1:3379
  snapshot f017: 3 venc_ko blocks (pool0 0x73801000 len 0x10000)
src frame 18: srcf=18 off=76 br=2000
frame 18: send=0x0 get=0x0 len=1447 coding=1 startqp=0 meanqp=0 picbytes=0 pskip=0 nalus=1 n1:1447
  snapshot f018: 3 venc_ko blocks (pool0 0x73801000 len 0x10000)
src frame 19: srcf=19 off=80 br=2000
frame 19: send=0x0 get=0x0 len=3602 coding=1 startqp=0 meanqp=0 picbytes=0 pskip=0 nalus=1 n1:3602
  snapshot f019: 3 venc_ko blocks (pool0 0x73801000 len 0x10000)
src frame 20: srcf=20 off=84 br=2000
frame 20: send=0x0 get=0x0 len=3423 coding=1 startqp=0 meanqp=0 picbytes=0 pskip=0 nalus=1 n1:3423
  snapshot f020: 3 venc_ko blocks (pool0 0x73801000 len 0x10000)
src frame 21: srcf=21 off=88 br=2000
frame 21: send=0x0 get=0x0 len=3389 coding=1 startqp=0 meanqp=0 picbytes=0 pskip=0 nalus=1 n1:3389
  snapshot f021: 3 venc_ko blocks (pool0 0x73801000 len 0x10000)
src frame 22: srcf=22 off=92 br=2000
frame 22: send=0x0 get=0x0 len=4273 coding=1 startqp=0 meanqp=0 picbytes=0 pskip=0 nalus=1 n1:4273
  snapshot f022: 3 venc_ko blocks (pool0 0x73801000 len 0x10000)
src frame 23: srcf=23 off=96 br=2000
frame 23: send=0x0 get=0x0 len=4654 coding=1 startqp=0 meanqp=0 picbytes=0 pskip=0 nalus=1 n1:4654
  snapshot f023: 3 venc_ko blocks (pool0 0x73801000 len 0x10000)
src frame 24: srcf=24 off=100 br=2000
frame 24: send=0x0 get=0x0 len=4283 coding=1 startqp=0 meanqp=0 picbytes=0 pskip=0 nalus=1 n1:4283
  snapshot f024: 3 venc_ko blocks (pool0 0x73801000 len 0x10000)
src frame 25: srcf=25 off=104 br=2000
frame 25: send=0x0 get=0x0 len=1460 coding=1 startqp=0 meanqp=0 picbytes=0 pskip=0 nalus=1 n1:1460
  snapshot f025: 3 venc_ko blocks (pool0 0x73801000 len 0x10000)
src frame 26: srcf=26 off=108 br=2000
frame 26: send=0x0 get=0x0 len=2112 coding=1 startqp=0 meanqp=0 picbytes=0 pskip=0 nalus=1 n1:2112
  snapshot f026: 3 venc_ko blocks (pool0 0x73801000 len 0x10000)
src frame 27: srcf=27 off=112 br=2000
frame 27: send=0x0 get=0x0 len=1759 coding=1 startqp=0 meanqp=0 picbytes=0 pskip=0 nalus=1 n1:1759
  snapshot f027: 3 venc_ko blocks (pool0 0x73801000 len 0x10000)
src frame 28: srcf=28 off=116 br=2000
frame 28: send=0x0 get=0x0 len=1997 coding=1 startqp=0 meanqp=0 picbytes=0 pskip=0 nalus=1 n1:1997
  snapshot f028: 3 venc_ko blocks (pool0 0x73801000 len 0x10000)
src frame 29: srcf=29 off=120 br=2000
frame 29: send=0x0 get=0x0 len=3314 coding=1 startqp=0 meanqp=0 picbytes=0 pskip=0 nalus=1 n1:3314
  snapshot f029: 3 venc_ko blocks (pool0 0x73801000 len 0x10000)
src frame 30: srcf=28 off=124 br=2000
frame 30: send=0x0 get=0x0 len=25691 coding=0 startqp=0 meanqp=0 picbytes=0 pskip=0 nalus=3 n7:32 n8:9 n5:25650
  snapshot f030: 3 venc_ko blocks (pool0 0x73801000 len 0x10000)
src frame 31: srcf=27 off=128 br=2000
frame 31: send=0x0 get=0x0 len=3917 coding=1 startqp=0 meanqp=0 picbytes=0 pskip=0 nalus=1 n1:3917
  snapshot f031: 3 venc_ko blocks (pool0 0x73801000 len 0x10000)
src frame 32: srcf=26 off=132 br=2000
frame 32: send=0x0 get=0x0 len=4149 coding=1 startqp=0 meanqp=0 picbytes=0 pskip=0 nalus=1 n1:4149
  snapshot f032: 3 venc_ko blocks (pool0 0x73801000 len 0x10000)
src frame 33: srcf=25 off=136 br=2000
frame 33: send=0x0 get=0x0 len=4407 coding=1 startqp=0 meanqp=0 picbytes=0 pskip=0 nalus=1 n1:4407
  snapshot f033: 3 venc_ko blocks (pool0 0x73801000 len 0x10000)
src frame 34: srcf=24 off=140 br=2000
frame 34: send=0x0 get=0x0 len=2077 coding=1 startqp=0 meanqp=0 picbytes=0 pskip=0 nalus=1 n1:2077
  snapshot f034: 3 venc_ko blocks (pool0 0x73801000 len 0x10000)
src frame 35: srcf=23 off=144 br=2000
frame 35: send=0x0 get=0x0 len=3197 coding=1 startqp=0 meanqp=0 picbytes=0 pskip=0 nalus=1 n1:3197
  snapshot f035: 3 venc_ko blocks (pool0 0x73801000 len 0x10000)
src frame 36: srcf=22 off=148 br=2000
frame 36: send=0x0 get=0x0 len=3841 coding=1 startqp=0 meanqp=0 picbytes=0 pskip=0 nalus=1 n1:3841
  snapshot f036: 3 venc_ko blocks (pool0 0x73801000 len 0x10000)
src frame 37: srcf=21 off=152 br=2000
frame 37: send=0x0 get=0x0 len=3991 coding=1 startqp=0 meanqp=0 picbytes=0 pskip=0 nalus=1 n1:3991
  snapshot f037: 3 venc_ko blocks (pool0 0x73801000 len 0x10000)
src frame 38: srcf=20 off=156 br=2000
frame 38: send=0x0 get=0x0 len=3868 coding=1 startqp=0 meanqp=0 picbytes=0 pskip=0 nalus=1 n1:3868
  snapshot f038: 3 venc_ko blocks (pool0 0x73801000 len 0x10000)
src frame 39: srcf=19 off=160 br=2000
frame 39: send=0x0 get=0x0 len=3878 coding=1 startqp=0 meanqp=0 picbytes=0 pskip=0 nalus=1 n1:3878
  snapshot f039: 3 venc_ko blocks (pool0 0x73801000 len 0x10000)
src frame 40: srcf=18 off=164 br=2000
frame 40: send=0x0 get=0x0 len=3675 coding=1 startqp=0 meanqp=0 picbytes=0 pskip=0 nalus=1 n1:3675
  snapshot f040: 3 venc_ko blocks (pool0 0x73801000 len 0x10000)
src frame 41: srcf=17 off=168 br=2000
frame 41: send=0x0 get=0x0 len=4445 coding=1 startqp=0 meanqp=0 picbytes=0 pskip=0 nalus=1 n1:4445
  snapshot f041: 3 venc_ko blocks (pool0 0x73801000 len 0x10000)
src frame 42: srcf=16 off=172 br=2000
frame 42: send=0x0 get=0x0 len=4717 coding=1 startqp=0 meanqp=0 picbytes=0 pskip=0 nalus=1 n1:4717
  snapshot f042: 3 venc_ko blocks (pool0 0x73801000 len 0x10000)
src frame 43: srcf=15 off=176 br=2000
frame 43: send=0x0 get=0x0 len=2668 coding=1 startqp=0 meanqp=0 picbytes=0 pskip=0 nalus=1 n1:2668
  snapshot f043: 3 venc_ko blocks (pool0 0x73801000 len 0x10000)
src frame 44: srcf=14 off=180 br=2000
frame 44: send=0x0 get=0x0 len=3794 coding=1 startqp=0 meanqp=0 picbytes=0 pskip=0 nalus=1 n1:3794
  snapshot f044: 3 venc_ko blocks (pool0 0x73801000 len 0x10000)
src frame 45: srcf=13 off=184 br=2000
frame 45: send=0x0 get=0x0 len=3954 coding=1 startqp=0 meanqp=0 picbytes=0 pskip=0 nalus=1 n1:3954
  snapshot f045: 3 venc_ko blocks (pool0 0x73801000 len 0x10000)
src frame 46: srcf=12 off=188 br=2000
frame 46: send=0x0 get=0x0 len=3137 coding=1 startqp=0 meanqp=0 picbytes=0 pskip=0 nalus=1 n1:3137
  snapshot f046: 3 venc_ko blocks (pool0 0x73801000 len 0x10000)
src frame 47: srcf=11 off=192 br=2000
frame 47: send=0x0 get=0x0 len=4226 coding=1 startqp=0 meanqp=0 picbytes=0 pskip=0 nalus=1 n1:4226
  snapshot f047: 3 venc_ko blocks (pool0 0x73801000 len 0x10000)
src frame 48: srcf=10 off=196 br=2000
frame 48: send=0x0 get=0x0 len=3969 coding=1 startqp=0 meanqp=0 picbytes=0 pskip=0 nalus=1 n1:3969
  snapshot f048: 3 venc_ko blocks (pool0 0x73801000 len 0x10000)
src frame 49: srcf=9 off=200 br=2000
frame 49: send=0x0 get=0x0 len=4250 coding=1 startqp=0 meanqp=0 picbytes=0 pskip=0 nalus=1 n1:4250
  snapshot f049: 3 venc_ko blocks (pool0 0x73801000 len 0x10000)
src frame 50: srcf=8 off=204 br=2000
frame 50: send=0x0 get=0x0 len=4140 coding=1 startqp=0 meanqp=0 picbytes=0 pskip=0 nalus=1 n1:4140
  snapshot f050: 3 venc_ko blocks (pool0 0x73801000 len 0x10000)
src frame 51: srcf=7 off=208 br=2000
frame 51: send=0x0 get=0x0 len=3998 coding=1 startqp=0 meanqp=0 picbytes=0 pskip=0 nalus=1 n1:3998
  snapshot f051: 3 venc_ko blocks (pool0 0x73801000 len 0x10000)
src frame 52: srcf=6 off=212 br=2000
frame 52: send=0x0 get=0x0 len=4756 coding=1 startqp=0 meanqp=0 picbytes=0 pskip=0 nalus=1 n1:4756
  snapshot f052: 3 venc_ko blocks (pool0 0x73801000 len 0x10000)
src frame 53: srcf=5 off=216 br=2000
frame 53: send=0x0 get=0x0 len=3664 coding=1 startqp=0 meanqp=0 picbytes=0 pskip=0 nalus=1 n1:3664
  snapshot f053: 3 venc_ko blocks (pool0 0x73801000 len 0x10000)
src frame 54: srcf=4 off=220 br=2000
frame 54: send=0x0 get=0x0 len=4073 coding=1 startqp=0 meanqp=0 picbytes=0 pskip=0 nalus=1 n1:4073
  snapshot f054: 3 venc_ko blocks (pool0 0x73801000 len 0x10000)
src frame 55: srcf=3 off=224 br=2000
frame 55: send=0x0 get=0x0 len=4164 coding=1 startqp=0 meanqp=0 picbytes=0 pskip=0 nalus=1 n1:4164
  snapshot f055: 3 venc_ko blocks (pool0 0x73801000 len 0x10000)
src frame 56: srcf=2 off=228 br=2000
frame 56: send=0x0 get=0x0 len=4272 coding=1 startqp=0 meanqp=0 picbytes=0 pskip=0 nalus=1 n1:4272
  snapshot f056: 3 venc_ko blocks (pool0 0x73801000 len 0x10000)
src frame 57: srcf=1 off=232 br=2000
frame 57: send=0x0 get=0x0 len=4425 coding=1 startqp=0 meanqp=0 picbytes=0 pskip=0 nalus=1 n1:4425
  snapshot f057: 3 venc_ko blocks (pool0 0x73801000 len 0x10000)
src frame 58: srcf=0 off=236 br=2000
frame 58: send=0x0 get=0x0 len=4458 coding=1 startqp=0 meanqp=0 picbytes=0 pskip=0 nalus=1 n1:4458
  snapshot f058: 3 venc_ko blocks (pool0 0x73801000 len 0x10000)
src frame 59: srcf=1 off=240 br=2000
frame 59: send=0x0 get=0x0 len=3572 coding=1 startqp=0 meanqp=0 picbytes=0 pskip=0 nalus=1 n1:3572
  snapshot f059: 3 venc_ko blocks (pool0 0x73801000 len 0x10000)
src frame 60: srcf=2 off=244 br=2000
frame 60: send=0x0 get=0x0 len=29097 coding=0 startqp=0 meanqp=0 picbytes=0 pskip=0 nalus=3 n7:32 n8:9 n5:29056
  snapshot f060: 3 venc_ko blocks (pool0 0x73801000 len 0x10000)
src frame 61: srcf=3 off=248 br=2000
frame 61: send=0x0 get=0x0 len=3105 coding=1 startqp=0 meanqp=0 picbytes=0 pskip=0 nalus=1 n1:3105
  snapshot f061: 3 venc_ko blocks (pool0 0x73801000 len 0x10000)
src frame 62: srcf=4 off=252 br=2000
frame 62: send=0x0 get=0x0 len=3717 coding=1 startqp=0 meanqp=0 picbytes=0 pskip=0 nalus=1 n1:3717
  snapshot f062: 3 venc_ko blocks (pool0 0x73801000 len 0x10000)
src frame 63: srcf=5 off=256 br=2000
frame 63: send=0x0 get=0x0 len=2476 coding=1 startqp=0 meanqp=0 picbytes=0 pskip=0 nalus=1 n1:2476
  snapshot f063: 3 venc_ko blocks (pool0 0x73801000 len 0x10000)
src frame 64: srcf=6 off=260 br=2000
frame 64: send=0x0 get=0x0 len=3566 coding=1 startqp=0 meanqp=0 picbytes=0 pskip=0 nalus=1 n1:3566
  snapshot f064: 3 venc_ko blocks (pool0 0x73801000 len 0x10000)
src frame 65: srcf=7 off=264 br=2000
frame 65: send=0x0 get=0x0 len=2912 coding=1 startqp=0 meanqp=0 picbytes=0 pskip=0 nalus=1 n1:2912
  snapshot f065: 3 venc_ko blocks (pool0 0x73801000 len 0x10000)
src frame 66: srcf=8 off=268 br=2000
frame 66: send=0x0 get=0x0 len=3031 coding=1 startqp=0 meanqp=0 picbytes=0 pskip=0 nalus=1 n1:3031
  snapshot f066: 3 venc_ko blocks (pool0 0x73801000 len 0x10000)
src frame 67: srcf=9 off=272 br=2000
frame 67: send=0x0 get=0x0 len=2895 coding=1 startqp=0 meanqp=0 picbytes=0 pskip=0 nalus=1 n1:2895
  snapshot f067: 3 venc_ko blocks (pool0 0x73801000 len 0x10000)
src frame 68: srcf=10 off=276 br=2000
frame 68: send=0x0 get=0x0 len=2775 coding=1 startqp=0 meanqp=0 picbytes=0 pskip=0 nalus=1 n1:2775
  snapshot f068: 3 venc_ko blocks (pool0 0x73801000 len 0x10000)
src frame 69: srcf=11 off=280 br=2000
frame 69: send=0x0 get=0x0 len=2938 coding=1 startqp=0 meanqp=0 picbytes=0 pskip=0 nalus=1 n1:2938
  snapshot f069: 3 venc_ko blocks (pool0 0x73801000 len 0x10000)
src frame 70: srcf=12 off=284 br=2000
frame 70: send=0x0 get=0x0 len=3099 coding=1 startqp=0 meanqp=0 picbytes=0 pskip=0 nalus=1 n1:3099
  snapshot f070: 3 venc_ko blocks (pool0 0x73801000 len 0x10000)
src frame 71: srcf=13 off=288 br=2000
frame 71: send=0x0 get=0x0 len=2417 coding=1 startqp=0 meanqp=0 picbytes=0 pskip=0 nalus=1 n1:2417
  snapshot f071: 3 venc_ko blocks (pool0 0x73801000 len 0x10000)
src frame 72: srcf=14 off=292 br=2000
frame 72: send=0x0 get=0x0 len=3335 coding=1 startqp=0 meanqp=0 picbytes=0 pskip=0 nalus=1 n1:3335
  snapshot f072: 3 venc_ko blocks (pool0 0x73801000 len 0x10000)
src frame 73: srcf=15 off=296 br=2000
frame 73: send=0x0 get=0x0 len=3156 coding=1 startqp=0 meanqp=0 picbytes=0 pskip=0 nalus=1 n1:3156
  snapshot f073: 3 venc_ko blocks (pool0 0x73801000 len 0x10000)
src frame 74: srcf=16 off=300 br=2000
frame 74: send=0x0 get=0x0 len=1148 coding=1 startqp=0 meanqp=0 picbytes=0 pskip=0 nalus=1 n1:1148
  snapshot f074: 3 venc_ko blocks (pool0 0x73801000 len 0x10000)
src frame 75: srcf=17 off=304 br=2000
frame 75: send=0x0 get=0x0 len=2700 coding=1 startqp=0 meanqp=0 picbytes=0 pskip=0 nalus=1 n1:2700
  snapshot f075: 3 venc_ko blocks (pool0 0x73801000 len 0x10000)
src frame 76: srcf=18 off=308 br=2000
frame 76: send=0x0 get=0x0 len=2862 coding=1 startqp=0 meanqp=0 picbytes=0 pskip=0 nalus=1 n1:2862
  snapshot f076: 3 venc_ko blocks (pool0 0x73801000 len 0x10000)
src frame 77: srcf=19 off=312 br=2000
frame 77: send=0x0 get=0x0 len=2852 coding=1 startqp=0 meanqp=0 picbytes=0 pskip=0 nalus=1 n1:2852
  snapshot f077: 3 venc_ko blocks (pool0 0x73801000 len 0x10000)
src frame 78: srcf=20 off=316 br=2000
frame 78: send=0x0 get=0x0 len=2981 coding=1 startqp=0 meanqp=0 picbytes=0 pskip=0 nalus=1 n1:2981
  snapshot f078: 3 venc_ko blocks (pool0 0x73801000 len 0x10000)
src frame 79: srcf=21 off=320 br=2000
frame 79: send=0x0 get=0x0 len=3003 coding=1 startqp=0 meanqp=0 picbytes=0 pskip=0 nalus=1 n1:3003
  snapshot f079: 3 venc_ko blocks (pool0 0x73801000 len 0x10000)
src frame 80: srcf=22 off=324 br=2000
frame 80: send=0x0 get=0x0 len=3307 coding=1 startqp=0 meanqp=0 picbytes=0 pskip=0 nalus=1 n1:3307
  snapshot f080: 3 venc_ko blocks (pool0 0x73801000 len 0x10000)
src frame 81: srcf=23 off=328 br=2000
frame 81: send=0x0 get=0x0 len=3593 coding=1 startqp=0 meanqp=0 picbytes=0 pskip=0 nalus=1 n1:3593
  snapshot f081: 3 venc_ko blocks (pool0 0x73801000 len 0x10000)
src frame 82: srcf=24 off=332 br=2000
frame 82: send=0x0 get=0x0 len=2294 coding=1 startqp=0 meanqp=0 picbytes=0 pskip=0 nalus=1 n1:2294
  snapshot f082: 3 venc_ko blocks (pool0 0x73801000 len 0x10000)
src frame 83: srcf=25 off=336 br=2000
frame 83: send=0x0 get=0x0 len=2778 coding=1 startqp=0 meanqp=0 picbytes=0 pskip=0 nalus=1 n1:2778
  snapshot f083: 3 venc_ko blocks (pool0 0x73801000 len 0x10000)
src frame 84: srcf=26 off=340 br=2000
frame 84: send=0x0 get=0x0 len=2772 coding=1 startqp=0 meanqp=0 picbytes=0 pskip=0 nalus=1 n1:2772
  snapshot f084: 3 venc_ko blocks (pool0 0x73801000 len 0x10000)
src frame 85: srcf=27 off=344 br=2000
frame 85: send=0x0 get=0x0 len=2615 coding=1 startqp=0 meanqp=0 picbytes=0 pskip=0 nalus=1 n1:2615
  snapshot f085: 3 venc_ko blocks (pool0 0x73801000 len 0x10000)
src frame 86: srcf=28 off=348 br=2000
frame 86: send=0x0 get=0x0 len=2805 coding=1 startqp=0 meanqp=0 picbytes=0 pskip=0 nalus=1 n1:2805
  snapshot f086: 3 venc_ko blocks (pool0 0x73801000 len 0x10000)
src frame 87: srcf=29 off=352 br=2000
frame 87: send=0x0 get=0x0 len=2890 coding=1 startqp=0 meanqp=0 picbytes=0 pskip=0 nalus=1 n1:2890
  snapshot f087: 3 venc_ko blocks (pool0 0x73801000 len 0x10000)
src frame 88: srcf=28 off=356 br=2000
frame 88: send=0x0 get=0x0 len=2945 coding=1 startqp=0 meanqp=0 picbytes=0 pskip=0 nalus=1 n1:2945
  snapshot f088: 3 venc_ko blocks (pool0 0x73801000 len 0x10000)
src frame 89: srcf=27 off=360 br=2000
frame 89: send=0x0 get=0x0 len=3232 coding=1 startqp=0 meanqp=0 picbytes=0 pskip=0 nalus=1 n1:3232
  snapshot f089: 3 venc_ko blocks (pool0 0x73801000 len 0x10000)
src frame 90: srcf=26 off=364 br=2000
frame 90: send=0x0 get=0x0 len=32818 coding=0 startqp=0 meanqp=0 picbytes=0 pskip=0 nalus=3 n7:32 n8:9 n5:32777
  snapshot f090: 3 venc_ko blocks (pool0 0x73801000 len 0x10000)
src frame 91: srcf=25 off=368 br=2000
frame 91: send=0x0 get=0x0 len=3827 coding=1 startqp=0 meanqp=0 picbytes=0 pskip=0 nalus=1 n1:3827
  snapshot f091: 3 venc_ko blocks (pool0 0x73801000 len 0x10000)
src frame 92: srcf=24 off=372 br=2000
frame 92: send=0x0 get=0x0 len=3927 coding=1 startqp=0 meanqp=0 picbytes=0 pskip=0 nalus=1 n1:3927
  snapshot f092: 3 venc_ko blocks (pool0 0x73801000 len 0x10000)
src frame 93: srcf=23 off=376 br=2000
frame 93: send=0x0 get=0x0 len=3350 coding=1 startqp=0 meanqp=0 picbytes=0 pskip=0 nalus=1 n1:3350
  snapshot f093: 3 venc_ko blocks (pool0 0x73801000 len 0x10000)
src frame 94: srcf=22 off=380 br=2000
frame 94: send=0x0 get=0x0 len=3442 coding=1 startqp=0 meanqp=0 picbytes=0 pskip=0 nalus=1 n1:3442
  snapshot f094: 3 venc_ko blocks (pool0 0x73801000 len 0x10000)
src frame 95: srcf=21 off=384 br=2000
frame 95: send=0x0 get=0x0 len=3525 coding=1 startqp=0 meanqp=0 picbytes=0 pskip=0 nalus=1 n1:3525
  snapshot f095: 3 venc_ko blocks (pool0 0x73801000 len 0x10000)
src frame 96: srcf=20 off=388 br=2000
frame 96: send=0x0 get=0x0 len=3297 coding=1 startqp=0 meanqp=0 picbytes=0 pskip=0 nalus=1 n1:3297
  snapshot f096: 3 venc_ko blocks (pool0 0x73801000 len 0x10000)
src frame 97: srcf=19 off=392 br=2000
frame 97: send=0x0 get=0x0 len=3615 coding=1 startqp=0 meanqp=0 picbytes=0 pskip=0 nalus=1 n1:3615
  snapshot f097: 3 venc_ko blocks (pool0 0x73801000 len 0x10000)
src frame 98: srcf=18 off=396 br=2000
frame 98: send=0x0 get=0x0 len=3672 coding=1 startqp=0 meanqp=0 picbytes=0 pskip=0 nalus=1 n1:3672
  snapshot f098: 3 venc_ko blocks (pool0 0x73801000 len 0x10000)
src frame 99: srcf=17 off=400 br=2000
frame 99: send=0x0 get=0x0 len=3819 coding=1 startqp=0 meanqp=0 picbytes=0 pskip=0 nalus=1 n1:3819
  snapshot f099: 3 venc_ko blocks (pool0 0x73801000 len 0x10000)
src frame 100: srcf=16 off=404 br=2000
frame 100: send=0x0 get=0x0 len=3550 coding=1 startqp=0 meanqp=0 picbytes=0 pskip=0 nalus=1 n1:3550
  snapshot f100: 3 venc_ko blocks (pool0 0x73801000 len 0x10000)
src frame 101: srcf=15 off=408 br=2000
frame 101: send=0x0 get=0x0 len=3328 coding=1 startqp=0 meanqp=0 picbytes=0 pskip=0 nalus=1 n1:3328
  snapshot f101: 3 venc_ko blocks (pool0 0x73801000 len 0x10000)
src frame 102: srcf=14 off=412 br=2000
frame 102: send=0x0 get=0x0 len=4015 coding=1 startqp=0 meanqp=0 picbytes=0 pskip=0 nalus=1 n1:4015
  snapshot f102: 3 venc_ko blocks (pool0 0x73801000 len 0x10000)
src frame 103: srcf=13 off=416 br=2000
frame 103: send=0x0 get=0x0 len=2663 coding=1 startqp=0 meanqp=0 picbytes=0 pskip=0 nalus=1 n1:2663
  snapshot f103: 3 venc_ko blocks (pool0 0x73801000 len 0x10000)
src frame 104: srcf=12 off=420 br=2000
frame 104: send=0x0 get=0x0 len=3146 coding=1 startqp=0 meanqp=0 picbytes=0 pskip=0 nalus=1 n1:3146
  snapshot f104: 3 venc_ko blocks (pool0 0x73801000 len 0x10000)
src frame 105: srcf=11 off=424 br=2000
frame 105: send=0x0 get=0x0 len=3596 coding=1 startqp=0 meanqp=0 picbytes=0 pskip=0 nalus=1 n1:3596
  snapshot f105: 3 venc_ko blocks (pool0 0x73801000 len 0x10000)
src frame 106: srcf=10 off=428 br=2000
frame 106: send=0x0 get=0x0 len=3811 coding=1 startqp=0 meanqp=0 picbytes=0 pskip=0 nalus=1 n1:3811
  snapshot f106: 3 venc_ko blocks (pool0 0x73801000 len 0x10000)
src frame 107: srcf=9 off=432 br=2000
frame 107: send=0x0 get=0x0 len=4085 coding=1 startqp=0 meanqp=0 picbytes=0 pskip=0 nalus=1 n1:4085
  snapshot f107: 3 venc_ko blocks (pool0 0x73801000 len 0x10000)
src frame 108: srcf=8 off=436 br=2000
frame 108: send=0x0 get=0x0 len=3326 coding=1 startqp=0 meanqp=0 picbytes=0 pskip=0 nalus=1 n1:3326
  snapshot f108: 3 venc_ko blocks (pool0 0x73801000 len 0x10000)
src frame 109: srcf=7 off=440 br=2000
frame 109: send=0x0 get=0x0 len=4062 coding=1 startqp=0 meanqp=0 picbytes=0 pskip=0 nalus=1 n1:4062
  snapshot f109: 3 venc_ko blocks (pool0 0x73801000 len 0x10000)
src frame 110: srcf=6 off=444 br=2000
frame 110: send=0x0 get=0x0 len=2606 coding=1 startqp=0 meanqp=0 picbytes=0 pskip=0 nalus=1 n1:2606
  snapshot f110: 3 venc_ko blocks (pool0 0x73801000 len 0x10000)
src frame 111: srcf=5 off=448 br=2000
frame 111: send=0x0 get=0x0 len=4201 coding=1 startqp=0 meanqp=0 picbytes=0 pskip=0 nalus=1 n1:4201
  snapshot f111: 3 venc_ko blocks (pool0 0x73801000 len 0x10000)
src frame 112: srcf=4 off=452 br=2000
frame 112: send=0x0 get=0x0 len=2434 coding=1 startqp=0 meanqp=0 picbytes=0 pskip=0 nalus=1 n1:2434
  snapshot f112: 3 venc_ko blocks (pool0 0x73801000 len 0x10000)
src frame 113: srcf=3 off=456 br=2000
frame 113: send=0x0 get=0x0 len=4058 coding=1 startqp=0 meanqp=0 picbytes=0 pskip=0 nalus=1 n1:4058
  snapshot f113: 3 venc_ko blocks (pool0 0x73801000 len 0x10000)
src frame 114: srcf=2 off=460 br=2000
frame 114: send=0x0 get=0x0 len=2215 coding=1 startqp=0 meanqp=0 picbytes=0 pskip=0 nalus=1 n1:2215
  snapshot f114: 3 venc_ko blocks (pool0 0x73801000 len 0x10000)
src frame 115: srcf=1 off=464 br=2000
frame 115: send=0x0 get=0x0 len=4025 coding=1 startqp=0 meanqp=0 picbytes=0 pskip=0 nalus=1 n1:4025
  snapshot f115: 3 venc_ko blocks (pool0 0x73801000 len 0x10000)
src frame 116: srcf=0 off=468 br=2000
frame 116: send=0x0 get=0x0 len=4551 coding=1 startqp=0 meanqp=0 picbytes=0 pskip=0 nalus=1 n1:4551
  snapshot f116: 3 venc_ko blocks (pool0 0x73801000 len 0x10000)
src frame 117: srcf=1 off=472 br=2000
frame 117: send=0x0 get=0x0 len=4525 coding=1 startqp=0 meanqp=0 picbytes=0 pskip=0 nalus=1 n1:4525
  snapshot f117: 3 venc_ko blocks (pool0 0x73801000 len 0x10000)
src frame 118: srcf=2 off=476 br=2000
frame 118: send=0x0 get=0x0 len=4440 coding=1 startqp=0 meanqp=0 picbytes=0 pskip=0 nalus=1 n1:4440
  snapshot f118: 3 venc_ko blocks (pool0 0x73801000 len 0x10000)
src frame 119: srcf=3 off=480 br=2000
frame 119: send=0x0 get=0x0 len=5478 coding=1 startqp=0 meanqp=0 picbytes=0 pskip=0 nalus=1 n1:5478
  snapshot f119: 3 venc_ko blocks (pool0 0x73801000 len 0x10000)
src frame 120: srcf=4 off=484 br=2000
frame 120: send=0x0 get=0x0 len=38281 coding=0 startqp=0 meanqp=0 picbytes=0 pskip=0 nalus=3 n7:32 n8:9 n5:38240
  snapshot f120: 3 venc_ko blocks (pool0 0x73801000 len 0x10000)
src frame 121: srcf=5 off=488 br=2000
frame 121: send=0x0 get=0x0 len=2811 coding=1 startqp=0 meanqp=0 picbytes=0 pskip=0 nalus=1 n1:2811
  snapshot f121: 3 venc_ko blocks (pool0 0x73801000 len 0x10000)
src frame 122: srcf=6 off=492 br=2000
frame 122: send=0x0 get=0x0 len=2772 coding=1 startqp=0 meanqp=0 picbytes=0 pskip=0 nalus=1 n1:2772
  snapshot f122: 3 venc_ko blocks (pool0 0x73801000 len 0x10000)
src frame 123: srcf=7 off=496 br=2000
frame 123: send=0x0 get=0x0 len=2541 coding=1 startqp=0 meanqp=0 picbytes=0 pskip=0 nalus=1 n1:2541
  snapshot f123: 3 venc_ko blocks (pool0 0x73801000 len 0x10000)
src frame 124: srcf=8 off=500 br=2000
frame 124: send=0x0 get=0x0 len=2681 coding=1 startqp=0 meanqp=0 picbytes=0 pskip=0 nalus=1 n1:2681
  snapshot f124: 3 venc_ko blocks (pool0 0x73801000 len 0x10000)
src frame 125: srcf=9 off=504 br=2000
frame 125: send=0x0 get=0x0 len=2379 coding=1 startqp=0 meanqp=0 picbytes=0 pskip=0 nalus=1 n1:2379
  snapshot f125: 3 venc_ko blocks (pool0 0x73801000 len 0x10000)
src frame 126: srcf=10 off=508 br=2000
frame 126: send=0x0 get=0x0 len=2165 coding=1 startqp=0 meanqp=0 picbytes=0 pskip=0 nalus=1 n1:2165
  snapshot f126: 3 venc_ko blocks (pool0 0x73801000 len 0x10000)
src frame 127: srcf=11 off=512 br=2000
frame 127: send=0x0 get=0x0 len=2651 coding=1 startqp=0 meanqp=0 picbytes=0 pskip=0 nalus=1 n1:2651
  snapshot f127: 3 venc_ko blocks (pool0 0x73801000 len 0x10000)
src frame 128: srcf=12 off=516 br=2000
frame 128: send=0x0 get=0x0 len=1609 coding=1 startqp=0 meanqp=0 picbytes=0 pskip=0 nalus=1 n1:1609
  snapshot f128: 3 venc_ko blocks (pool0 0x73801000 len 0x10000)
src frame 129: srcf=13 off=520 br=2000
frame 129: send=0x0 get=0x0 len=2644 coding=1 startqp=0 meanqp=0 picbytes=0 pskip=0 nalus=1 n1:2644
  snapshot f129: 3 venc_ko blocks (pool0 0x73801000 len 0x10000)
src frame 130: srcf=14 off=524 br=2000
frame 130: send=0x0 get=0x0 len=2246 coding=1 startqp=0 meanqp=0 picbytes=0 pskip=0 nalus=1 n1:2246
  snapshot f130: 3 venc_ko blocks (pool0 0x73801000 len 0x10000)
src frame 131: srcf=15 off=528 br=2000
frame 131: send=0x0 get=0x0 len=2362 coding=1 startqp=0 meanqp=0 picbytes=0 pskip=0 nalus=1 n1:2362
  snapshot f131: 3 venc_ko blocks (pool0 0x73801000 len 0x10000)
src frame 132: srcf=16 off=532 br=2000
frame 132: send=0x0 get=0x0 len=2362 coding=1 startqp=0 meanqp=0 picbytes=0 pskip=0 nalus=1 n1:2362
  snapshot f132: 3 venc_ko blocks (pool0 0x73801000 len 0x10000)
src frame 133: srcf=17 off=536 br=2000
frame 133: send=0x0 get=0x0 len=2578 coding=1 startqp=0 meanqp=0 picbytes=0 pskip=0 nalus=1 n1:2578
  snapshot f133: 3 venc_ko blocks (pool0 0x73801000 len 0x10000)
src frame 134: srcf=18 off=540 br=2000
frame 134: send=0x0 get=0x0 len=2462 coding=1 startqp=0 meanqp=0 picbytes=0 pskip=0 nalus=1 n1:2462
  snapshot f134: 3 venc_ko blocks (pool0 0x73801000 len 0x10000)
src frame 135: srcf=19 off=544 br=2000
frame 135: send=0x0 get=0x0 len=2547 coding=1 startqp=0 meanqp=0 picbytes=0 pskip=0 nalus=1 n1:2547
  snapshot f135: 3 venc_ko blocks (pool0 0x73801000 len 0x10000)
src frame 136: srcf=20 off=548 br=2000
frame 136: send=0x0 get=0x0 len=1890 coding=1 startqp=0 meanqp=0 picbytes=0 pskip=0 nalus=1 n1:1890
  snapshot f136: 3 venc_ko blocks (pool0 0x73801000 len 0x10000)
src frame 137: srcf=21 off=552 br=2000
frame 137: send=0x0 get=0x0 len=2370 coding=1 startqp=0 meanqp=0 picbytes=0 pskip=0 nalus=1 n1:2370
  snapshot f137: 3 venc_ko blocks (pool0 0x73801000 len 0x10000)
src frame 138: srcf=22 off=556 br=2000
frame 138: send=0x0 get=0x0 len=2481 coding=1 startqp=0 meanqp=0 picbytes=0 pskip=0 nalus=1 n1:2481
  snapshot f138: 3 venc_ko blocks (pool0 0x73801000 len 0x10000)
src frame 139: srcf=23 off=560 br=2000
frame 139: send=0x0 get=0x0 len=2272 coding=1 startqp=0 meanqp=0 picbytes=0 pskip=0 nalus=1 n1:2272
  snapshot f139: 3 venc_ko blocks (pool0 0x73801000 len 0x10000)
src frame 140: srcf=24 off=564 br=2000
frame 140: send=0x0 get=0x0 len=1794 coding=1 startqp=0 meanqp=0 picbytes=0 pskip=0 nalus=1 n1:1794
  snapshot f140: 3 venc_ko blocks (pool0 0x73801000 len 0x10000)
src frame 141: srcf=25 off=568 br=2000
frame 141: send=0x0 get=0x0 len=2355 coding=1 startqp=0 meanqp=0 picbytes=0 pskip=0 nalus=1 n1:2355
  snapshot f141: 3 venc_ko blocks (pool0 0x73801000 len 0x10000)
src frame 142: srcf=26 off=572 br=2000
frame 142: send=0x0 get=0x0 len=2491 coding=1 startqp=0 meanqp=0 picbytes=0 pskip=0 nalus=1 n1:2491
  snapshot f142: 3 venc_ko blocks (pool0 0x73801000 len 0x10000)
src frame 143: srcf=27 off=576 br=2000
frame 143: send=0x0 get=0x0 len=1816 coding=1 startqp=0 meanqp=0 picbytes=0 pskip=0 nalus=1 n1:1816
  snapshot f143: 3 venc_ko blocks (pool0 0x73801000 len 0x10000)
src frame 144: srcf=28 off=580 br=2000
frame 144: send=0x0 get=0x0 len=2993 coding=1 startqp=0 meanqp=0 picbytes=0 pskip=0 nalus=1 n1:2993
  snapshot f144: 3 venc_ko blocks (pool0 0x73801000 len 0x10000)
src frame 145: srcf=29 off=584 br=2000
frame 145: send=0x0 get=0x0 len=2471 coding=1 startqp=0 meanqp=0 picbytes=0 pskip=0 nalus=1 n1:2471
  snapshot f145: 3 venc_ko blocks (pool0 0x73801000 len 0x10000)
src frame 146: srcf=28 off=588 br=2000
frame 146: send=0x0 get=0x0 len=1892 coding=1 startqp=0 meanqp=0 picbytes=0 pskip=0 nalus=1 n1:1892
  snapshot f146: 3 venc_ko blocks (pool0 0x73801000 len 0x10000)
src frame 147: srcf=27 off=592 br=2000
frame 147: send=0x0 get=0x0 len=2792 coding=1 startqp=0 meanqp=0 picbytes=0 pskip=0 nalus=1 n1:2792
  snapshot f147: 3 venc_ko blocks (pool0 0x73801000 len 0x10000)
src frame 148: srcf=26 off=596 br=2000
frame 148: send=0x0 get=0x0 len=1674 coding=1 startqp=0 meanqp=0 picbytes=0 pskip=0 nalus=1 n1:1674
  snapshot f148: 3 venc_ko blocks (pool0 0x73801000 len 0x10000)
src frame 149: srcf=25 off=600 br=2000
frame 149: send=0x0 get=0x0 len=2389 coding=1 startqp=0 meanqp=0 picbytes=0 pskip=0 nalus=1 n1:2389
  snapshot f149: 3 venc_ko blocks (pool0 0x73801000 len 0x10000)
src frame 150: srcf=24 off=604 br=2000
frame 150: send=0x0 get=0x0 len=38084 coding=0 startqp=0 meanqp=0 picbytes=0 pskip=0 nalus=3 n7:32 n8:9 n5:38043
  snapshot f150: 3 venc_ko blocks (pool0 0x73801000 len 0x10000)
src frame 151: srcf=23 off=608 br=2000
frame 151: send=0x0 get=0x0 len=3761 coding=1 startqp=0 meanqp=0 picbytes=0 pskip=0 nalus=1 n1:3761
  snapshot f151: 3 venc_ko blocks (pool0 0x73801000 len 0x10000)
src frame 152: srcf=22 off=612 br=2000
frame 152: send=0x0 get=0x0 len=4272 coding=1 startqp=0 meanqp=0 picbytes=0 pskip=0 nalus=1 n1:4272
  snapshot f152: 3 venc_ko blocks (pool0 0x73801000 len 0x10000)
src frame 153: srcf=21 off=616 br=2000
frame 153: send=0x0 get=0x0 len=4316 coding=1 startqp=0 meanqp=0 picbytes=0 pskip=0 nalus=1 n1:4316
  snapshot f153: 3 venc_ko blocks (pool0 0x73801000 len 0x10000)
src frame 154: srcf=20 off=620 br=2000
frame 154: send=0x0 get=0x0 len=3730 coding=1 startqp=0 meanqp=0 picbytes=0 pskip=0 nalus=1 n1:3730
  snapshot f154: 3 venc_ko blocks (pool0 0x73801000 len 0x10000)
src frame 155: srcf=19 off=624 br=2000
frame 155: send=0x0 get=0x0 len=2763 coding=1 startqp=0 meanqp=0 picbytes=0 pskip=0 nalus=1 n1:2763
  snapshot f155: 3 venc_ko blocks (pool0 0x73801000 len 0x10000)
src frame 156: srcf=18 off=628 br=2000
frame 156: send=0x0 get=0x0 len=3603 coding=1 startqp=0 meanqp=0 picbytes=0 pskip=0 nalus=1 n1:3603
  snapshot f156: 3 venc_ko blocks (pool0 0x73801000 len 0x10000)
src frame 157: srcf=17 off=632 br=2000
frame 157: send=0x0 get=0x0 len=3546 coding=1 startqp=0 meanqp=0 picbytes=0 pskip=0 nalus=1 n1:3546
  snapshot f157: 3 venc_ko blocks (pool0 0x73801000 len 0x10000)
src frame 158: srcf=16 off=636 br=2000
frame 158: send=0x0 get=0x0 len=2629 coding=1 startqp=0 meanqp=0 picbytes=0 pskip=0 nalus=1 n1:2629
  snapshot f158: 3 venc_ko blocks (pool0 0x73801000 len 0x10000)
src frame 159: srcf=15 off=640 br=2000
frame 159: send=0x0 get=0x0 len=3432 coding=1 startqp=0 meanqp=0 picbytes=0 pskip=0 nalus=1 n1:3432
  snapshot f159: 3 venc_ko blocks (pool0 0x73801000 len 0x10000)
src frame 160: srcf=14 off=644 br=2000
frame 160: send=0x0 get=0x0 len=3567 coding=1 startqp=0 meanqp=0 picbytes=0 pskip=0 nalus=1 n1:3567
  snapshot f160: 3 venc_ko blocks (pool0 0x73801000 len 0x10000)
src frame 161: srcf=13 off=648 br=2000
frame 161: send=0x0 get=0x0 len=3555 coding=1 startqp=0 meanqp=0 picbytes=0 pskip=0 nalus=1 n1:3555
  snapshot f161: 3 venc_ko blocks (pool0 0x73801000 len 0x10000)
src frame 162: srcf=12 off=652 br=2000
frame 162: send=0x0 get=0x0 len=3450 coding=1 startqp=0 meanqp=0 picbytes=0 pskip=0 nalus=1 n1:3450
  snapshot f162: 3 venc_ko blocks (pool0 0x73801000 len 0x10000)
src frame 163: srcf=11 off=656 br=2000
frame 163: send=0x0 get=0x0 len=3664 coding=1 startqp=0 meanqp=0 picbytes=0 pskip=0 nalus=1 n1:3664
  snapshot f163: 3 venc_ko blocks (pool0 0x73801000 len 0x10000)
src frame 164: srcf=10 off=660 br=2000
frame 164: send=0x0 get=0x0 len=3489 coding=1 startqp=0 meanqp=0 picbytes=0 pskip=0 nalus=1 n1:3489
  snapshot f164: 3 venc_ko blocks (pool0 0x73801000 len 0x10000)
src frame 165: srcf=9 off=664 br=2000
frame 165: send=0x0 get=0x0 len=3906 coding=1 startqp=0 meanqp=0 picbytes=0 pskip=0 nalus=1 n1:3906
  snapshot f165: 3 venc_ko blocks (pool0 0x73801000 len 0x10000)
src frame 166: srcf=8 off=668 br=2000
frame 166: send=0x0 get=0x0 len=3871 coding=1 startqp=0 meanqp=0 picbytes=0 pskip=0 nalus=1 n1:3871
  snapshot f166: 3 venc_ko blocks (pool0 0x73801000 len 0x10000)
src frame 167: srcf=7 off=672 br=2000
frame 167: send=0x0 get=0x0 len=2180 coding=1 startqp=0 meanqp=0 picbytes=0 pskip=0 nalus=1 n1:2180
  snapshot f167: 3 venc_ko blocks (pool0 0x73801000 len 0x10000)
src frame 168: srcf=6 off=676 br=2000
frame 168: send=0x0 get=0x0 len=3750 coding=1 startqp=0 meanqp=0 picbytes=0 pskip=0 nalus=1 n1:3750
  snapshot f168: 3 venc_ko blocks (pool0 0x73801000 len 0x10000)
src frame 169: srcf=5 off=680 br=2000
frame 169: send=0x0 get=0x0 len=3564 coding=1 startqp=0 meanqp=0 picbytes=0 pskip=0 nalus=1 n1:3564
  snapshot f169: 3 venc_ko blocks (pool0 0x73801000 len 0x10000)
src frame 170: srcf=4 off=684 br=2000
frame 170: send=0x0 get=0x0 len=3702 coding=1 startqp=0 meanqp=0 picbytes=0 pskip=0 nalus=1 n1:3702
  snapshot f170: 3 venc_ko blocks (pool0 0x73801000 len 0x10000)
src frame 171: srcf=3 off=688 br=2000
frame 171: send=0x0 get=0x0 len=3792 coding=1 startqp=0 meanqp=0 picbytes=0 pskip=0 nalus=1 n1:3792
  snapshot f171: 3 venc_ko blocks (pool0 0x73801000 len 0x10000)
src frame 172: srcf=2 off=692 br=2000
frame 172: send=0x0 get=0x0 len=3488 coding=1 startqp=0 meanqp=0 picbytes=0 pskip=0 nalus=1 n1:3488
  snapshot f172: 3 venc_ko blocks (pool0 0x73801000 len 0x10000)
src frame 173: srcf=1 off=696 br=2000
frame 173: send=0x0 get=0x0 len=3975 coding=1 startqp=0 meanqp=0 picbytes=0 pskip=0 nalus=1 n1:3975
  snapshot f173: 3 venc_ko blocks (pool0 0x73801000 len 0x10000)
src frame 174: srcf=0 off=700 br=2000
frame 174: send=0x0 get=0x0 len=4047 coding=1 startqp=0 meanqp=0 picbytes=0 pskip=0 nalus=1 n1:4047
  snapshot f174: 3 venc_ko blocks (pool0 0x73801000 len 0x10000)
src frame 175: srcf=1 off=704 br=2000
frame 175: send=0x0 get=0x0 len=4057 coding=1 startqp=0 meanqp=0 picbytes=0 pskip=0 nalus=1 n1:4057
  snapshot f175: 3 venc_ko blocks (pool0 0x73801000 len 0x10000)
src frame 176: srcf=2 off=708 br=2000
frame 176: send=0x0 get=0x0 len=3857 coding=1 startqp=0 meanqp=0 picbytes=0 pskip=0 nalus=1 n1:3857
  snapshot f176: 3 venc_ko blocks (pool0 0x73801000 len 0x10000)
src frame 177: srcf=3 off=712 br=2000
frame 177: send=0x0 get=0x0 len=2541 coding=1 startqp=0 meanqp=0 picbytes=0 pskip=0 nalus=1 n1:2541
  snapshot f177: 3 venc_ko blocks (pool0 0x73801000 len 0x10000)
src frame 178: srcf=4 off=716 br=2000
frame 178: send=0x0 get=0x0 len=4307 coding=1 startqp=0 meanqp=0 picbytes=0 pskip=0 nalus=1 n1:4307
  snapshot f178: 3 venc_ko blocks (pool0 0x73801000 len 0x10000)
src frame 179: srcf=5 off=720 br=2000
frame 179: send=0x0 get=0x0 len=4687 coding=1 startqp=0 meanqp=0 picbytes=0 pskip=0 nalus=1 n1:4687
  snapshot f179: 3 venc_ko blocks (pool0 0x73801000 len 0x10000)
src frame 180: srcf=6 off=724 br=2000
frame 180: send=0x0 get=0x0 len=44269 coding=0 startqp=0 meanqp=0 picbytes=0 pskip=0 nalus=3 n7:32 n8:9 n5:44228
  snapshot f180: 3 venc_ko blocks (pool0 0x73801000 len 0x10000)
src frame 181: srcf=7 off=728 br=2000
frame 181: send=0x0 get=0x0 len=2184 coding=1 startqp=0 meanqp=0 picbytes=0 pskip=0 nalus=1 n1:2184
  snapshot f181: 3 venc_ko blocks (pool0 0x73801000 len 0x10000)
src frame 182: srcf=8 off=732 br=2000
frame 182: send=0x0 get=0x0 len=2195 coding=1 startqp=0 meanqp=0 picbytes=0 pskip=0 nalus=1 n1:2195
  snapshot f182: 3 venc_ko blocks (pool0 0x73801000 len 0x10000)
src frame 183: srcf=9 off=736 br=2000
frame 183: send=0x0 get=0x0 len=2244 coding=1 startqp=0 meanqp=0 picbytes=0 pskip=0 nalus=1 n1:2244
  snapshot f183: 3 venc_ko blocks (pool0 0x73801000 len 0x10000)
src frame 184: srcf=10 off=740 br=2000
frame 184: send=0x0 get=0x0 len=2507 coding=1 startqp=0 meanqp=0 picbytes=0 pskip=0 nalus=1 n1:2507
  snapshot f184: 3 venc_ko blocks (pool0 0x73801000 len 0x10000)
src frame 185: srcf=11 off=744 br=2000
frame 185: send=0x0 get=0x0 len=2494 coding=1 startqp=0 meanqp=0 picbytes=0 pskip=0 nalus=1 n1:2494
  snapshot f185: 3 venc_ko blocks (pool0 0x73801000 len 0x10000)
src frame 186: srcf=12 off=748 br=2000
frame 186: send=0x0 get=0x0 len=2183 coding=1 startqp=0 meanqp=0 picbytes=0 pskip=0 nalus=1 n1:2183
  snapshot f186: 3 venc_ko blocks (pool0 0x73801000 len 0x10000)
src frame 187: srcf=13 off=752 br=2000
frame 187: send=0x0 get=0x0 len=2081 coding=1 startqp=0 meanqp=0 picbytes=0 pskip=0 nalus=1 n1:2081
  snapshot f187: 3 venc_ko blocks (pool0 0x73801000 len 0x10000)
src frame 188: srcf=14 off=756 br=2000
frame 188: send=0x0 get=0x0 len=1887 coding=1 startqp=0 meanqp=0 picbytes=0 pskip=0 nalus=1 n1:1887
  snapshot f188: 3 venc_ko blocks (pool0 0x73801000 len 0x10000)
src frame 189: srcf=15 off=760 br=2000
frame 189: send=0x0 get=0x0 len=1955 coding=1 startqp=0 meanqp=0 picbytes=0 pskip=0 nalus=1 n1:1955
  snapshot f189: 3 venc_ko blocks (pool0 0x73801000 len 0x10000)
src frame 190: srcf=16 off=764 br=2000
frame 190: send=0x0 get=0x0 len=1094 coding=1 startqp=0 meanqp=0 picbytes=0 pskip=0 nalus=1 n1:1094
  snapshot f190: 3 venc_ko blocks (pool0 0x73801000 len 0x10000)
src frame 191: srcf=17 off=768 br=2000
frame 191: send=0x0 get=0x0 len=2065 coding=1 startqp=0 meanqp=0 picbytes=0 pskip=0 nalus=1 n1:2065
  snapshot f191: 3 venc_ko blocks (pool0 0x73801000 len 0x10000)
src frame 192: srcf=18 off=772 br=2000
frame 192: send=0x0 get=0x0 len=2066 coding=1 startqp=0 meanqp=0 picbytes=0 pskip=0 nalus=1 n1:2066
  snapshot f192: 3 venc_ko blocks (pool0 0x73801000 len 0x10000)
src frame 193: srcf=19 off=776 br=2000
frame 193: send=0x0 get=0x0 len=2270 coding=1 startqp=0 meanqp=0 picbytes=0 pskip=0 nalus=1 n1:2270
  snapshot f193: 3 venc_ko blocks (pool0 0x73801000 len 0x10000)
src frame 194: srcf=20 off=780 br=2000
frame 194: send=0x0 get=0x0 len=1252 coding=1 startqp=0 meanqp=0 picbytes=0 pskip=0 nalus=1 n1:1252
  snapshot f194: 3 venc_ko blocks (pool0 0x73801000 len 0x10000)
src frame 195: srcf=21 off=784 br=2000
frame 195: send=0x0 get=0x0 len=2384 coding=1 startqp=0 meanqp=0 picbytes=0 pskip=0 nalus=1 n1:2384
  snapshot f195: 3 venc_ko blocks (pool0 0x73801000 len 0x10000)
src frame 196: srcf=22 off=788 br=2000
frame 196: send=0x0 get=0x0 len=2184 coding=1 startqp=0 meanqp=0 picbytes=0 pskip=0 nalus=1 n1:2184
  snapshot f196: 3 venc_ko blocks (pool0 0x73801000 len 0x10000)
src frame 197: srcf=23 off=792 br=2000
frame 197: send=0x0 get=0x0 len=1894 coding=1 startqp=0 meanqp=0 picbytes=0 pskip=0 nalus=1 n1:1894
  snapshot f197: 3 venc_ko blocks (pool0 0x73801000 len 0x10000)
src frame 198: srcf=24 off=796 br=2000
frame 198: send=0x0 get=0x0 len=1926 coding=1 startqp=0 meanqp=0 picbytes=0 pskip=0 nalus=1 n1:1926
  snapshot f198: 3 venc_ko blocks (pool0 0x73801000 len 0x10000)
src frame 199: srcf=25 off=800 br=2000
frame 199: send=0x0 get=0x0 len=1952 coding=1 startqp=0 meanqp=0 picbytes=0 pskip=0 nalus=1 n1:1952
  snapshot f199: 3 venc_ko blocks (pool0 0x73801000 len 0x10000)
src frame 200: srcf=26 off=804 br=2000
frame 200: send=0x0 get=0x0 len=2011 coding=1 startqp=0 meanqp=0 picbytes=0 pskip=0 nalus=1 n1:2011
  snapshot f200: 3 venc_ko blocks (pool0 0x73801000 len 0x10000)
src frame 201: srcf=27 off=808 br=2000
frame 201: send=0x0 get=0x0 len=2132 coding=1 startqp=0 meanqp=0 picbytes=0 pskip=0 nalus=1 n1:2132
  snapshot f201: 3 venc_ko blocks (pool0 0x73801000 len 0x10000)
src frame 202: srcf=28 off=812 br=2000
frame 202: send=0x0 get=0x0 len=2113 coding=1 startqp=0 meanqp=0 picbytes=0 pskip=0 nalus=1 n1:2113
  snapshot f202: 3 venc_ko blocks (pool0 0x73801000 len 0x10000)
src frame 203: srcf=29 off=816 br=2000
frame 203: send=0x0 get=0x0 len=2311 coding=1 startqp=0 meanqp=0 picbytes=0 pskip=0 nalus=1 n1:2311
  snapshot f203: 3 venc_ko blocks (pool0 0x73801000 len 0x10000)
src frame 204: srcf=28 off=820 br=2000
frame 204: send=0x0 get=0x0 len=1090 coding=1 startqp=0 meanqp=0 picbytes=0 pskip=0 nalus=1 n1:1090
  snapshot f204: 3 venc_ko blocks (pool0 0x73801000 len 0x10000)
src frame 205: srcf=27 off=824 br=2000
frame 205: send=0x0 get=0x0 len=2243 coding=1 startqp=0 meanqp=0 picbytes=0 pskip=0 nalus=1 n1:2243
  snapshot f205: 3 venc_ko blocks (pool0 0x73801000 len 0x10000)
src frame 206: srcf=26 off=828 br=2000
frame 206: send=0x0 get=0x0 len=2076 coding=1 startqp=0 meanqp=0 picbytes=0 pskip=0 nalus=1 n1:2076
  snapshot f206: 3 venc_ko blocks (pool0 0x73801000 len 0x10000)
src frame 207: srcf=25 off=832 br=2000
frame 207: send=0x0 get=0x0 len=921 coding=1 startqp=0 meanqp=0 picbytes=0 pskip=0 nalus=1 n1:921
  snapshot f207: 3 venc_ko blocks (pool0 0x73801000 len 0x10000)
src frame 208: srcf=24 off=836 br=2000
frame 208: send=0x0 get=0x0 len=2074 coding=1 startqp=0 meanqp=0 picbytes=0 pskip=0 nalus=1 n1:2074
  snapshot f208: 3 venc_ko blocks (pool0 0x73801000 len 0x10000)
src frame 209: srcf=23 off=840 br=2000
frame 209: send=0x0 get=0x0 len=2119 coding=1 startqp=0 meanqp=0 picbytes=0 pskip=0 nalus=1 n1:2119
  snapshot f209: 3 venc_ko blocks (pool0 0x73801000 len 0x10000)
src frame 210: srcf=22 off=844 br=2000
frame 210: send=0x0 get=0x0 len=46288 coding=0 startqp=0 meanqp=0 picbytes=0 pskip=0 nalus=3 n7:32 n8:9 n5:46247
  snapshot f210: 3 venc_ko blocks (pool0 0x73801000 len 0x10000)
src frame 211: srcf=21 off=848 br=2000
frame 211: send=0x0 get=0x0 len=3385 coding=1 startqp=0 meanqp=0 picbytes=0 pskip=0 nalus=1 n1:3385
  snapshot f211: 3 venc_ko blocks (pool0 0x73801000 len 0x10000)
src frame 212: srcf=20 off=852 br=2000
frame 212: send=0x0 get=0x0 len=3511 coding=1 startqp=0 meanqp=0 picbytes=0 pskip=0 nalus=1 n1:3511
  snapshot f212: 3 venc_ko blocks (pool0 0x73801000 len 0x10000)
src frame 213: srcf=19 off=856 br=2000
frame 213: send=0x0 get=0x0 len=3884 coding=1 startqp=0 meanqp=0 picbytes=0 pskip=0 nalus=1 n1:3884
  snapshot f213: 3 venc_ko blocks (pool0 0x73801000 len 0x10000)
src frame 214: srcf=18 off=860 br=2000
frame 214: send=0x0 get=0x0 len=3810 coding=1 startqp=0 meanqp=0 picbytes=0 pskip=0 nalus=1 n1:3810
  snapshot f214: 3 venc_ko blocks (pool0 0x73801000 len 0x10000)
src frame 215: srcf=17 off=864 br=2000
frame 215: send=0x0 get=0x0 len=3340 coding=1 startqp=0 meanqp=0 picbytes=0 pskip=0 nalus=1 n1:3340
  snapshot f215: 3 venc_ko blocks (pool0 0x73801000 len 0x10000)
src frame 216: srcf=16 off=868 br=2000
frame 216: send=0x0 get=0x0 len=2848 coding=1 startqp=0 meanqp=0 picbytes=0 pskip=0 nalus=1 n1:2848
  snapshot f216: 3 venc_ko blocks (pool0 0x73801000 len 0x10000)
src frame 217: srcf=15 off=872 br=2000
frame 217: send=0x0 get=0x0 len=1887 coding=1 startqp=0 meanqp=0 picbytes=0 pskip=0 nalus=1 n1:1887
  snapshot f217: 3 venc_ko blocks (pool0 0x73801000 len 0x10000)
src frame 218: srcf=14 off=876 br=2000
frame 218: send=0x0 get=0x0 len=3310 coding=1 startqp=0 meanqp=0 picbytes=0 pskip=0 nalus=1 n1:3310
  snapshot f218: 3 venc_ko blocks (pool0 0x73801000 len 0x10000)
src frame 219: srcf=13 off=880 br=2000
frame 219: send=0x0 get=0x0 len=3431 coding=1 startqp=0 meanqp=0 picbytes=0 pskip=0 nalus=1 n1:3431
  snapshot f219: 3 venc_ko blocks (pool0 0x73801000 len 0x10000)
src frame 220: srcf=12 off=884 br=2000
frame 220: send=0x0 get=0x0 len=3601 coding=1 startqp=0 meanqp=0 picbytes=0 pskip=0 nalus=1 n1:3601
  snapshot f220: 3 venc_ko blocks (pool0 0x73801000 len 0x10000)
src frame 221: srcf=11 off=888 br=2000
frame 221: send=0x0 get=0x0 len=2181 coding=1 startqp=0 meanqp=0 picbytes=0 pskip=0 nalus=1 n1:2181
  snapshot f221: 3 venc_ko blocks (pool0 0x73801000 len 0x10000)
src frame 222: srcf=10 off=892 br=2000
frame 222: send=0x0 get=0x0 len=4228 coding=1 startqp=0 meanqp=0 picbytes=0 pskip=0 nalus=1 n1:4228
  snapshot f222: 3 venc_ko blocks (pool0 0x73801000 len 0x10000)
src frame 223: srcf=9 off=896 br=2000
frame 223: send=0x0 get=0x0 len=4316 coding=1 startqp=0 meanqp=0 picbytes=0 pskip=0 nalus=1 n1:4316
  snapshot f223: 3 venc_ko blocks (pool0 0x73801000 len 0x10000)
src frame 224: srcf=8 off=900 br=2000
frame 224: send=0x0 get=0x0 len=3530 coding=1 startqp=0 meanqp=0 picbytes=0 pskip=0 nalus=1 n1:3530
  snapshot f224: 3 venc_ko blocks (pool0 0x73801000 len 0x10000)
src frame 225: srcf=7 off=904 br=2000
frame 225: send=0x0 get=0x0 len=3369 coding=1 startqp=0 meanqp=0 picbytes=0 pskip=0 nalus=1 n1:3369
  snapshot f225: 3 venc_ko blocks (pool0 0x73801000 len 0x10000)
src frame 226: srcf=6 off=908 br=2000
frame 226: send=0x0 get=0x0 len=3377 coding=1 startqp=0 meanqp=0 picbytes=0 pskip=0 nalus=1 n1:3377
  snapshot f226: 3 venc_ko blocks (pool0 0x73801000 len 0x10000)
src frame 227: srcf=5 off=912 br=2000
frame 227: send=0x0 get=0x0 len=3451 coding=1 startqp=0 meanqp=0 picbytes=0 pskip=0 nalus=1 n1:3451
  snapshot f227: 3 venc_ko blocks (pool0 0x73801000 len 0x10000)
src frame 228: srcf=4 off=916 br=2000
frame 228: send=0x0 get=0x0 len=3609 coding=1 startqp=0 meanqp=0 picbytes=0 pskip=0 nalus=1 n1:3609
  snapshot f228: 3 venc_ko blocks (pool0 0x73801000 len 0x10000)
src frame 229: srcf=3 off=920 br=2000
frame 229: send=0x0 get=0x0 len=3464 coding=1 startqp=0 meanqp=0 picbytes=0 pskip=0 nalus=1 n1:3464
  snapshot f229: 3 venc_ko blocks (pool0 0x73801000 len 0x10000)
src frame 230: srcf=2 off=924 br=2000
frame 230: send=0x0 get=0x0 len=3718 coding=1 startqp=0 meanqp=0 picbytes=0 pskip=0 nalus=1 n1:3718
  snapshot f230: 3 venc_ko blocks (pool0 0x73801000 len 0x10000)
src frame 231: srcf=1 off=928 br=2000
frame 231: send=0x0 get=0x0 len=1963 coding=1 startqp=0 meanqp=0 picbytes=0 pskip=0 nalus=1 n1:1963
  snapshot f231: 3 venc_ko blocks (pool0 0x73801000 len 0x10000)
src frame 232: srcf=0 off=932 br=2000
frame 232: send=0x0 get=0x0 len=4440 coding=1 startqp=0 meanqp=0 picbytes=0 pskip=0 nalus=1 n1:4440
  snapshot f232: 3 venc_ko blocks (pool0 0x73801000 len 0x10000)
src frame 233: srcf=1 off=936 br=2000
frame 233: send=0x0 get=0x0 len=4337 coding=1 startqp=0 meanqp=0 picbytes=0 pskip=0 nalus=1 n1:4337
  snapshot f233: 3 venc_ko blocks (pool0 0x73801000 len 0x10000)
src frame 234: srcf=2 off=940 br=2000
frame 234: send=0x0 get=0x0 len=1688 coding=1 startqp=0 meanqp=0 picbytes=0 pskip=0 nalus=1 n1:1688
  snapshot f234: 3 venc_ko blocks (pool0 0x73801000 len 0x10000)
src frame 235: srcf=3 off=944 br=2000
frame 235: send=0x0 get=0x0 len=3565 coding=1 startqp=0 meanqp=0 picbytes=0 pskip=0 nalus=1 n1:3565
  snapshot f235: 3 venc_ko blocks (pool0 0x73801000 len 0x10000)
src frame 236: srcf=4 off=948 br=2000
frame 236: send=0x0 get=0x0 len=3821 coding=1 startqp=0 meanqp=0 picbytes=0 pskip=0 nalus=1 n1:3821
  snapshot f236: 3 venc_ko blocks (pool0 0x73801000 len 0x10000)
src frame 237: srcf=5 off=952 br=2000
frame 237: send=0x0 get=0x0 len=4185 coding=1 startqp=0 meanqp=0 picbytes=0 pskip=0 nalus=1 n1:4185
  snapshot f237: 3 venc_ko blocks (pool0 0x73801000 len 0x10000)
src frame 238: srcf=6 off=956 br=2000
frame 238: send=0x0 get=0x0 len=4198 coding=1 startqp=0 meanqp=0 picbytes=0 pskip=0 nalus=1 n1:4198
  snapshot f238: 3 venc_ko blocks (pool0 0x73801000 len 0x10000)
src frame 239: srcf=7 off=960 br=2000
frame 239: send=0x0 get=0x0 len=4954 coding=1 startqp=0 meanqp=0 picbytes=0 pskip=0 nalus=1 n1:4954
  snapshot f239: 3 venc_ko blocks (pool0 0x73801000 len 0x10000)
---- /proc/ax_proc/venc ----
-------- VENC VERSION ------------------------
[Axera version]: ax_venc V3.0.0_20250319114413 Mar 19 2025 11:58:34 JK

-------- MODULE PARAM ------------------------
MaxChnNum   MaxRoiNum   MaxProcNum  
16          8           16          

-------- VENC CHN ATTR 1 ------------------------
ID    Type    wSrc    hSrc    Strd0   Strd1   maxW    maxH    PixFmt  link  InFifoDep    OutFifoDep   InDbgFifoLen InDbgFifoDep StrmBufSize(KB)
7     h264    1920    1080    3840    0       1920    1080    YUYV422 N     2            2            0            4            4114      
-------- VENC CHN ATTR 2 ------------------------
ID    [CropEn StartX  StartY  CropW   CropH]  Rotation  EncW    EncH    FrmSize      PTS          SeqNum       CompMode     CompLevel    PhyAddr0     PhyAddr1     PhyAddr2     
7     N       0       0       0       0       0         1920    1080    4147200      3283333      198          NONE         0            742d1000     0            0            
-------- VENC RC ATTR 1 ------------------------
ID    RcMode    SrcFr   DstFr   Br(kbps)  MinQp   MaxQp   MinIQp  MaxIQp  IQpDelta  IpropMax   IpropMin   StartQp    QpDltRng   DeBrQpDlt  SvcEn   ChgPos  StillPercent MaxStillQp 
7     CBR       60.00   60.00   2000      10      51      10      51      0         40         10         -1         2          0          False   -       -            -          
-------- VENC RC ATTR 2  -----------------------
ID    QMapQpType  QMapUnit    QMapBlkType IQp   PQp   MinQpDelta MaxQpDelta MaxBitRate shtStaTime ltStaTime  ltMinBr  ltMaxBr  Br_ST(kbps)    Br_LT(kbps)    
7     N/A         64x64       N/A         -     -     -          -          -          -          -          -        -        -              -              
-------- VENC GOP ATTR  ------------------------
ID    GopMode   Gop   GopVI 
7     NormalP   30    0     
-------- VENC STATUS 1 -------------------------
ID    RJEn         RJThr(bps)   RJMode       RJEncGaps    SupFrmEn     SupPri       SupThrI      SupThrP      SplitEn      SliceNum     Range(In)    Range(out)   
7     N            0            Normal       0            N            0            500000       500000       N            0            Full         Full         
-------- VENC STATUS 2 -------------------------
ID    ChnStat   FrmRecv   FrmRls    FrmEnc    FrmDrop   FrmDup    EncFail   MissMatch StrmGet   StrmRls   OutFps    RealBr    ReEncCnt  DropCnt   BlkFail   GrpID     PID     TID     ThNum   RefInc    RefDec    Fail1   Fail2   Fail3   Fail4   
7     STARTED   198       197       197       0         0         0         0         197       197       50.00     1799.70   0         0         0         -1        129806  129810  1       198       197       0       0       0       0       
-------- VENC HW STATUS  ------------------------
ID    OverFlow     TimeOut      
7     0            0            
-------- VENC ROI INFO  ------------------------
ID    Index        bEnable      bAbsQp       RoiQP        Width        Height       StartX       StartY       
done h264_cbr2000
