=== ring30: nframes=14 snapall=1
# vdrive tag=ring30 codec=h265 1920x1080 rc=cbr br=8000 fps=60/60 gop=30 gopmode=normalp ltrint=0 ltrqpo=0 iqp=32 pqp=32 profile=0 level=153 tier=0 qp[10..51] iqp[10..51] iqd=0 firstqp=-1 iprop[10..40] idrrange=2 stattime=1 vq=0 ir=0/0 slice=0 debreath=0 scd=-1 rowqpd=-1 vui=-1 move=0 nframes=14
AX_SYS_Init rc=0x0
AX_VENC_Init rc=0x0
AX_VENC_CreateChn(7) rc=0x0
StartRecvFrame rc=0x0
AX_POOL_CreatePool id=0x0
blk=0x5e000000 phys=0x742f6000 virt=0xffffa371c000
frame: modid=0x11 stride=1920 fmt=0xd
  snapshot pre: 3 venc_ko blocks (pool0 0x73801000 len 0x10000)
frame 0: send=0x0 get=0x0 len=1159 coding=0 startqp=0 meanqp=0 picbytes=0 pskip=0 nalus=4 n32:27 n33:53 n34:12 n19:1067
  cu: inter64=0 inter32=0 inter16=0 inter8=0 intra32=0 intra16=0 intra8=0 intra4=0 reftype=0
  snapshot f000: 3 venc_ko blocks (pool0 0x73801000 len 0x10000)
frame 1: send=0x0 get=0x0 len=828 coding=1 startqp=0 meanqp=0 picbytes=0 pskip=0 nalus=1 n1:828
  cu: inter64=0 inter32=0 inter16=0 inter8=0 intra32=0 intra16=0 intra8=0 intra4=0 reftype=0
  snapshot f001: 3 venc_ko blocks (pool0 0x73801000 len 0x10000)
frame 2: send=0x0 get=0x0 len=1465 coding=1 startqp=0 meanqp=0 picbytes=0 pskip=0 nalus=1 n1:1465
  cu: inter64=0 inter32=0 inter16=0 inter8=0 intra32=0 intra16=0 intra8=0 intra4=0 reftype=0
  snapshot f002: 3 venc_ko blocks (pool0 0x73801000 len 0x10000)
frame 3: send=0x0 get=0x0 len=1152 coding=1 startqp=0 meanqp=0 picbytes=0 pskip=0 nalus=1 n1:1152
  cu: inter64=0 inter32=0 inter16=0 inter8=0 intra32=0 intra16=0 intra8=0 intra4=0 reftype=0
  snapshot f003: 3 venc_ko blocks (pool0 0x73801000 len 0x10000)
frame 4: send=0x0 get=0x0 len=1381 coding=1 startqp=0 meanqp=0 picbytes=0 pskip=0 nalus=1 n1:1381
  cu: inter64=0 inter32=0 inter16=0 inter8=0 intra32=0 intra16=0 intra8=0 intra4=0 reftype=0
  snapshot f004: 3 venc_ko blocks (pool0 0x73801000 len 0x10000)
frame 5: send=0x0 get=0x0 len=1136 coding=1 startqp=0 meanqp=0 picbytes=0 pskip=0 nalus=1 n1:1136
  cu: inter64=0 inter32=0 inter16=0 inter8=0 intra32=0 intra16=0 intra8=0 intra4=0 reftype=0
  snapshot f005: 3 venc_ko blocks (pool0 0x73801000 len 0x10000)
frame 6: send=0x0 get=0x0 len=1616 coding=1 startqp=0 meanqp=0 picbytes=0 pskip=0 nalus=1 n1:1616
  cu: inter64=0 inter32=0 inter16=0 inter8=0 intra32=0 intra16=0 intra8=0 intra4=0 reftype=0
  snapshot f006: 3 venc_ko blocks (pool0 0x73801000 len 0x10000)
frame 7: send=0x0 get=0x0 len=1748 coding=1 startqp=0 meanqp=0 picbytes=0 pskip=0 nalus=1 n1:1748
  cu: inter64=0 inter32=0 inter16=0 inter8=0 intra32=0 intra16=0 intra8=0 intra4=0 reftype=0
  snapshot f007: 3 venc_ko blocks (pool0 0x73801000 len 0x10000)
frame 8: send=0x0 get=0x0 len=1887 coding=1 startqp=0 meanqp=0 picbytes=0 pskip=0 nalus=1 n1:1887
  cu: inter64=0 inter32=0 inter16=0 inter8=0 intra32=0 intra16=0 intra8=0 intra4=0 reftype=0
  snapshot f008: 3 venc_ko blocks (pool0 0x73801000 len 0x10000)
frame 9: send=0x0 get=0x0 len=1727 coding=1 startqp=0 meanqp=0 picbytes=0 pskip=0 nalus=1 n1:1727
  cu: inter64=0 inter32=0 inter16=0 inter8=0 intra32=0 intra16=0 intra8=0 intra4=0 reftype=0
  snapshot f009: 3 venc_ko blocks (pool0 0x73801000 len 0x10000)
frame 10: send=0x0 get=0x0 len=1134 coding=1 startqp=0 meanqp=0 picbytes=0 pskip=0 nalus=1 n1:1134
  cu: inter64=0 inter32=0 inter16=0 inter8=0 intra32=0 intra16=0 intra8=0 intra4=0 reftype=0
  snapshot f010: 3 venc_ko blocks (pool0 0x73801000 len 0x10000)
frame 11: send=0x0 get=0x0 len=1553 coding=1 startqp=0 meanqp=0 picbytes=0 pskip=0 nalus=1 n1:1553
  cu: inter64=0 inter32=0 inter16=0 inter8=0 intra32=0 intra16=0 intra8=0 intra4=0 reftype=0
  snapshot f011: 3 venc_ko blocks (pool0 0x73801000 len 0x10000)
frame 12: send=0x0 get=0x0 len=3710 coding=1 startqp=0 meanqp=0 picbytes=0 pskip=0 nalus=1 n1:3710
  cu: inter64=0 inter32=0 inter16=0 inter8=0 intra32=0 intra16=0 intra8=0 intra4=0 reftype=0
  snapshot f012: 3 venc_ko blocks (pool0 0x73801000 len 0x10000)
frame 13: send=0x0 get=0x0 len=2755 coding=1 startqp=0 meanqp=0 picbytes=0 pskip=0 nalus=1 n1:2755
  cu: inter64=0 inter32=0 inter16=0 inter8=0 intra32=0 intra16=0 intra8=0 intra4=0 reftype=0
  snapshot f013: 3 venc_ko blocks (pool0 0x73801000 len 0x10000)
---- /proc/ax_proc/venc ----
-------- VENC VERSION ------------------------
[Axera version]: ax_venc V3.0.0_20250319114413 Mar 19 2025 11:58:34 JK

-------- MODULE PARAM ------------------------
MaxChnNum   MaxRoiNum   MaxProcNum  
16          8           16          

done ring30
rc=0
wrote /tmp/axwork/H6/vendor_ring30_f001.txt (slot 2, 511 regs, sw191=0x04000000 sw7=0x80002300 sw9=0x00404800 sw5=0x3c043801)
wrote /tmp/axwork/H6/vendor_ring30_f002.txt (slot 3, 511 regs, sw191=0x04000000 sw7=0x80002100 sw9=0x00404800 sw5=0x3c043801)
wrote /tmp/axwork/H6/vendor_ring30_f003.txt (slot 4, 511 regs, sw191=0x04000000 sw7=0x80002000 sw9=0x00404800 sw5=0x3c043801)
wrote /tmp/axwork/H6/vendor_ring30_f004.txt (slot 5, 511 regs, sw191=0x04000000 sw7=0x80001f00 sw9=0x00404800 sw5=0x3c043801)
wrote /tmp/axwork/H6/vendor_ring30_f005.txt (slot 6, 511 regs, sw191=0x04000000 sw7=0x80001e00 sw9=0x00404800 sw5=0x3c043801)
wrote /tmp/axwork/H6/vendor_ring30_f006.txt (slot 7, 511 regs, sw191=0x04000000 sw7=0x80001d00 sw9=0x00404800 sw5=0x3c043801)
wrote /tmp/axwork/H6/vendor_ring30_f007.txt (slot 1, 511 regs, sw191=0x04000000 sw7=0x80001c00 sw9=0x00404800 sw5=0x3c043801)
wrote /tmp/axwork/H6/vendor_ring30_f008.txt (slot 2, 511 regs, sw191=0x04000000 sw7=0x80001b00 sw9=0x00404800 sw5=0x3c043801)
wrote /tmp/axwork/H6/vendor_ring30_f009.txt (slot 3, 511 regs, sw191=0x04000000 sw7=0x80001a00 sw9=0x00404800 sw5=0x3c043801)
wrote /tmp/axwork/H6/vendor_ring30_f010.txt (slot 4, 511 regs, sw191=0x04000000 sw7=0x80001900 sw9=0x00404800 sw5=0x3c043801)
wrote /tmp/axwork/H6/vendor_ring30_f011.txt (slot 5, 511 regs, sw191=0x04000000 sw7=0x80001800 sw9=0x00404800 sw5=0x3c043801)
wrote /tmp/axwork/H6/vendor_ring30_f012.txt (slot 6, 511 regs, sw191=0x04000000 sw7=0x80001700 sw9=0x00404800 sw5=0x3c043801)
wrote /tmp/axwork/H6/vendor_ring30_f013.txt (slot 7, 511 regs, sw191=0x04000000 sw7=0x80001600 sw9=0x00404800 sw5=0x3c043801)
=== ring8: gop=8 nframes=20 snapall=2
# vdrive tag=ring8 codec=h265 1920x1080 rc=cbr br=8000 fps=60/60 gop=8 gopmode=normalp ltrint=0 ltrqpo=0 iqp=32 pqp=32 profile=0 level=153 tier=0 qp[10..51] iqp[10..51] iqd=0 firstqp=-1 iprop[10..40] idrrange=2 stattime=1 vq=0 ir=0/0 slice=0 debreath=0 scd=-1 rowqpd=-1 vui=-1 move=0 nframes=20
AX_SYS_Init rc=0x0
AX_VENC_Init rc=0x0
AX_VENC_CreateChn(7) rc=0x0
StartRecvFrame rc=0x0
AX_POOL_CreatePool id=0x0
blk=0x5e000000 phys=0x742f6000 virt=0xffffb7f1c000
frame: modid=0x11 stride=1920 fmt=0xd
  snapshot pre: 3 venc_ko blocks (pool0 0x73801000 len 0x10000)
frame 0: send=0x0 get=0x0 len=1159 coding=0 startqp=0 meanqp=0 picbytes=0 pskip=0 nalus=4 n32:27 n33:53 n34:12 n19:1067
  cu: inter64=0 inter32=0 inter16=0 inter8=0 intra32=0 intra16=0 intra8=0 intra4=0 reftype=0
  snapshot f000: 3 venc_ko blocks (pool0 0x73801000 len 0x10000)
frame 1: send=0x0 get=0x0 len=828 coding=1 startqp=0 meanqp=0 picbytes=0 pskip=0 nalus=1 n1:828
  cu: inter64=0 inter32=0 inter16=0 inter8=0 intra32=0 intra16=0 intra8=0 intra4=0 reftype=0
  snapshot f001: 3 venc_ko blocks (pool0 0x73801000 len 0x10000)
frame 2: send=0x0 get=0x0 len=1465 coding=1 startqp=0 meanqp=0 picbytes=0 pskip=0 nalus=1 n1:1465
  cu: inter64=0 inter32=0 inter16=0 inter8=0 intra32=0 intra16=0 intra8=0 intra4=0 reftype=0
  snapshot f002: 3 venc_ko blocks (pool0 0x73801000 len 0x10000)
frame 3: send=0x0 get=0x0 len=1152 coding=1 startqp=0 meanqp=0 picbytes=0 pskip=0 nalus=1 n1:1152
  cu: inter64=0 inter32=0 inter16=0 inter8=0 intra32=0 intra16=0 intra8=0 intra4=0 reftype=0
  snapshot f003: 3 venc_ko blocks (pool0 0x73801000 len 0x10000)
frame 4: send=0x0 get=0x0 len=1381 coding=1 startqp=0 meanqp=0 picbytes=0 pskip=0 nalus=1 n1:1381
  cu: inter64=0 inter32=0 inter16=0 inter8=0 intra32=0 intra16=0 intra8=0 intra4=0 reftype=0
  snapshot f004: 3 venc_ko blocks (pool0 0x73801000 len 0x10000)
frame 5: send=0x0 get=0x0 len=1136 coding=1 startqp=0 meanqp=0 picbytes=0 pskip=0 nalus=1 n1:1136
  cu: inter64=0 inter32=0 inter16=0 inter8=0 intra32=0 intra16=0 intra8=0 intra4=0 reftype=0
  snapshot f005: 3 venc_ko blocks (pool0 0x73801000 len 0x10000)
frame 6: send=0x0 get=0x0 len=1616 coding=1 startqp=0 meanqp=0 picbytes=0 pskip=0 nalus=1 n1:1616
  cu: inter64=0 inter32=0 inter16=0 inter8=0 intra32=0 intra16=0 intra8=0 intra4=0 reftype=0
  snapshot f006: 3 venc_ko blocks (pool0 0x73801000 len 0x10000)
frame 7: send=0x0 get=0x0 len=1748 coding=1 startqp=0 meanqp=0 picbytes=0 pskip=0 nalus=1 n1:1748
  cu: inter64=0 inter32=0 inter16=0 inter8=0 intra32=0 intra16=0 intra8=0 intra4=0 reftype=0
  snapshot f007: 3 venc_ko blocks (pool0 0x73801000 len 0x10000)
frame 8: send=0x0 get=0x0 len=1177 coding=0 startqp=0 meanqp=0 picbytes=0 pskip=0 nalus=4 n32:27 n33:53 n34:12 n19:1085
  cu: inter64=0 inter32=0 inter16=0 inter8=0 intra32=0 intra16=0 intra8=0 intra4=0 reftype=0
  snapshot f008: 3 venc_ko blocks (pool0 0x73801000 len 0x10000)
frame 9: send=0x0 get=0x0 len=1485 coding=1 startqp=0 meanqp=0 picbytes=0 pskip=0 nalus=1 n1:1485
  cu: inter64=0 inter32=0 inter16=0 inter8=0 intra32=0 intra16=0 intra8=0 intra4=0 reftype=0
  snapshot f009: 3 venc_ko blocks (pool0 0x73801000 len 0x10000)
frame 10: send=0x0 get=0x0 len=1375 coding=1 startqp=0 meanqp=0 picbytes=0 pskip=0 nalus=1 n1:1375
  cu: inter64=0 inter32=0 inter16=0 inter8=0 intra32=0 intra16=0 intra8=0 intra4=0 reftype=0
  snapshot f010: 3 venc_ko blocks (pool0 0x73801000 len 0x10000)
frame 11: send=0x0 get=0x0 len=1267 coding=1 startqp=0 meanqp=0 picbytes=0 pskip=0 nalus=1 n1:1267
  cu: inter64=0 inter32=0 inter16=0 inter8=0 intra32=0 intra16=0 intra8=0 intra4=0 reftype=0
  snapshot f011: 3 venc_ko blocks (pool0 0x73801000 len 0x10000)
frame 12: send=0x0 get=0x0 len=2335 coding=1 startqp=0 meanqp=0 picbytes=0 pskip=0 nalus=1 n1:2335
  cu: inter64=0 inter32=0 inter16=0 inter8=0 intra32=0 intra16=0 intra8=0 intra4=0 reftype=0
  snapshot f012: 3 venc_ko blocks (pool0 0x73801000 len 0x10000)
frame 13: send=0x0 get=0x0 len=2413 coding=1 startqp=0 meanqp=0 picbytes=0 pskip=0 nalus=1 n1:2413
  cu: inter64=0 inter32=0 inter16=0 inter8=0 intra32=0 intra16=0 intra8=0 intra4=0 reftype=0
  snapshot f013: 3 venc_ko blocks (pool0 0x73801000 len 0x10000)
frame 14: send=0x0 get=0x0 len=2797 coding=1 startqp=0 meanqp=0 picbytes=0 pskip=0 nalus=1 n1:2797
  cu: inter64=0 inter32=0 inter16=0 inter8=0 intra32=0 intra16=0 intra8=0 intra4=0 reftype=0
  snapshot f014: 3 venc_ko blocks (pool0 0x73801000 len 0x10000)
frame 15: send=0x0 get=0x0 len=2533 coding=1 startqp=0 meanqp=0 picbytes=0 pskip=0 nalus=1 n1:2533
  cu: inter64=0 inter32=0 inter16=0 inter8=0 intra32=0 intra16=0 intra8=0 intra4=0 reftype=0
  snapshot f015: 3 venc_ko blocks (pool0 0x73801000 len 0x10000)
frame 16: send=0x0 get=0x0 len=2383 coding=0 startqp=0 meanqp=0 picbytes=0 pskip=0 nalus=4 n32:27 n33:53 n34:12 n19:2291
  cu: inter64=0 inter32=0 inter16=0 inter8=0 intra32=0 intra16=0 intra8=0 intra4=0 reftype=0
  snapshot f016: 3 venc_ko blocks (pool0 0x73801000 len 0x10000)
frame 17: send=0x0 get=0x0 len=1679 coding=1 startqp=0 meanqp=0 picbytes=0 pskip=0 nalus=1 n1:1679
  cu: inter64=0 inter32=0 inter16=0 inter8=0 intra32=0 intra16=0 intra8=0 intra4=0 reftype=0
  snapshot f017: 3 venc_ko blocks (pool0 0x73801000 len 0x10000)
frame 18: send=0x0 get=0x0 len=1170 coding=1 startqp=0 meanqp=0 picbytes=0 pskip=0 nalus=1 n1:1170
  cu: inter64=0 inter32=0 inter16=0 inter8=0 intra32=0 intra16=0 intra8=0 intra4=0 reftype=0
  snapshot f018: 3 venc_ko blocks (pool0 0x73801000 len 0x10000)
frame 19: send=0x0 get=0x0 len=2621 coding=1 startqp=0 meanqp=0 picbytes=0 pskip=0 nalus=1 n1:2621
  cu: inter64=0 inter32=0 inter16=0 inter8=0 intra32=0 intra16=0 intra8=0 intra4=0 reftype=0
  snapshot f019: 3 venc_ko blocks (pool0 0x73801000 len 0x10000)
---- /proc/ax_proc/venc ----
-------- VENC VERSION ------------------------
[Axera version]: ax_venc V3.0.0_20250319114413 Mar 19 2025 11:58:34 JK

-------- MODULE PARAM ------------------------
MaxChnNum   MaxRoiNum   MaxProcNum  
16          8           16          

done ring8
rc=0
wrote /tmp/axwork/H6/vendor_ring8_f000.txt (slot 1, 511 regs, sw191=0x4c000000 sw7=0x80002000 sw9=0x004047a4 sw5=0x3c043803)
wrote /tmp/axwork/H6/vendor_ring8_f001.txt (slot 2, 511 regs, sw191=0x04000000 sw7=0x80002300 sw9=0x00404800 sw5=0x3c043801)
wrote /tmp/axwork/H6/vendor_ring8_f002.txt (slot 3, 511 regs, sw191=0x04000000 sw7=0x80002100 sw9=0x00404800 sw5=0x3c043801)
wrote /tmp/axwork/H6/vendor_ring8_f003.txt (slot 4, 511 regs, sw191=0x04000000 sw7=0x80002000 sw9=0x00404800 sw5=0x3c043801)
wrote /tmp/axwork/H6/vendor_ring8_f004.txt (slot 5, 511 regs, sw191=0x04000000 sw7=0x80001f00 sw9=0x00404800 sw5=0x3c043801)
wrote /tmp/axwork/H6/vendor_ring8_f005.txt (slot 6, 511 regs, sw191=0x04000000 sw7=0x80001e00 sw9=0x00404800 sw5=0x3c043801)
wrote /tmp/axwork/H6/vendor_ring8_f006.txt (slot 7, 511 regs, sw191=0x04000000 sw7=0x80001d00 sw9=0x00404800 sw5=0x3c043801)
wrote /tmp/axwork/H6/vendor_ring8_f007.txt (slot 1, 511 regs, sw191=0x04000000 sw7=0x80001c00 sw9=0x00404800 sw5=0x3c043801)
wrote /tmp/axwork/H6/vendor_ring8_f008.txt (slot 2, 511 regs, sw191=0x4c000000 sw7=0x80001d00 sw9=0x004047a4 sw5=0x3c043803)
wrote /tmp/axwork/H6/vendor_ring8_f009.txt (slot 3, 511 regs, sw191=0x04000000 sw7=0x80002000 sw9=0x00404800 sw5=0x3c043801)
wrote /tmp/axwork/H6/vendor_ring8_f010.txt (slot 4, 511 regs, sw191=0x04000000 sw7=0x80001f00 sw9=0x00404800 sw5=0x3c043801)
wrote /tmp/axwork/H6/vendor_ring8_f011.txt (slot 5, 511 regs, sw191=0x04000000 sw7=0x80001e00 sw9=0x00404800 sw5=0x3c043801)
wrote /tmp/axwork/H6/vendor_ring8_f012.txt (slot 6, 511 regs, sw191=0x04000000 sw7=0x80001d00 sw9=0x00404800 sw5=0x3c043801)
wrote /tmp/axwork/H6/vendor_ring8_f013.txt (slot 7, 511 regs, sw191=0x04000000 sw7=0x80001c00 sw9=0x00404800 sw5=0x3c043801)
wrote /tmp/axwork/H6/vendor_ring8_f014.txt (slot 1, 511 regs, sw191=0x04000000 sw7=0x80001b00 sw9=0x00404800 sw5=0x3c043801)
wrote /tmp/axwork/H6/vendor_ring8_f015.txt (slot 2, 511 regs, sw191=0x04000000 sw7=0x80001a00 sw9=0x00404800 sw5=0x3c043801)
wrote /tmp/axwork/H6/vendor_ring8_f016.txt (slot 3, 511 regs, sw191=0x4c000000 sw7=0x80001a00 sw9=0x004047a4 sw5=0x3c043803)
wrote /tmp/axwork/H6/vendor_ring8_f017.txt (slot 4, 511 regs, sw191=0x04000000 sw7=0x80001d00 sw9=0x00404800 sw5=0x3c043801)
wrote /tmp/axwork/H6/vendor_ring8_f018.txt (slot 5, 511 regs, sw191=0x04000000 sw7=0x80001c00 sw9=0x00404800 sw5=0x3c043801)
wrote /tmp/axwork/H6/vendor_ring8_f019.txt (slot 6, 511 regs, sw191=0x04000000 sw7=0x80001b00 sw9=0x00404800 sw5=0x3c043801)
=== ltr30: gopmode=oneltr ltrint=4 gop=30 nframes=20 snapall=2
# vdrive tag=ltr30 codec=h265 1920x1080 rc=cbr br=8000 fps=60/60 gop=30 gopmode=oneltr ltrint=4 ltrqpo=0 iqp=32 pqp=32 profile=0 level=153 tier=0 qp[10..51] iqp[10..51] iqd=0 firstqp=-1 iprop[10..40] idrrange=2 stattime=1 vq=0 ir=0/0 slice=0 debreath=0 scd=-1 rowqpd=-1 vui=-1 move=0 nframes=20
AX_SYS_Init rc=0x0
AX_VENC_Init rc=0x0
AX_VENC_CreateChn(7) rc=0x0
StartRecvFrame rc=0x0
AX_POOL_CreatePool id=0x0
blk=0x5e000000 phys=0x74619000 virt=0xffff92eff000
frame: modid=0x11 stride=1920 fmt=0xd
  snapshot pre: 3 venc_ko blocks (pool0 0x73801000 len 0x10000)
frame 0: send=0x0 get=0x0 len=1160 coding=0 startqp=0 meanqp=0 picbytes=0 pskip=0 nalus=4 n32:27 n33:54 n34:12 n19:1067
  cu: inter64=0 inter32=0 inter16=0 inter8=0 intra32=0 intra16=0 intra8=0 intra4=0 reftype=0
  snapshot f000: 3 venc_ko blocks (pool0 0x73801000 len 0x10000)
frame 1: send=0x0 get=0x0 len=824 coding=1 startqp=0 meanqp=0 picbytes=0 pskip=0 nalus=1 n1:824
  cu: inter64=0 inter32=0 inter16=0 inter8=0 intra32=0 intra16=0 intra8=0 intra4=0 reftype=0
  snapshot f001: 3 venc_ko blocks (pool0 0x73801000 len 0x10000)
frame 2: send=0x0 get=0x0 len=1086 coding=1 startqp=0 meanqp=0 picbytes=0 pskip=0 nalus=1 n1:1086
  cu: inter64=0 inter32=0 inter16=0 inter8=0 intra32=0 intra16=0 intra8=0 intra4=0 reftype=0
  snapshot f002: 3 venc_ko blocks (pool0 0x73801000 len 0x10000)
frame 3: send=0x0 get=0x0 len=1082 coding=1 startqp=0 meanqp=0 picbytes=0 pskip=0 nalus=1 n1:1082
  cu: inter64=0 inter32=0 inter16=0 inter8=0 intra32=0 intra16=0 intra8=0 intra4=0 reftype=0
  snapshot f003: 3 venc_ko blocks (pool0 0x73801000 len 0x10000)
frame 4: send=0x0 get=0x0 len=1484 coding=3 startqp=0 meanqp=0 picbytes=0 pskip=0 nalus=1 n1:1484
  cu: inter64=0 inter32=0 inter16=0 inter8=0 intra32=0 intra16=0 intra8=0 intra4=0 reftype=0
  snapshot f004: 3 venc_ko blocks (pool0 0x73801000 len 0x10000)
frame 5: send=0x0 get=0x0 len=1174 coding=1 startqp=0 meanqp=0 picbytes=0 pskip=0 nalus=1 n1:1174
  cu: inter64=0 inter32=0 inter16=0 inter8=0 intra32=0 intra16=0 intra8=0 intra4=0 reftype=0
  snapshot f005: 3 venc_ko blocks (pool0 0x73801000 len 0x10000)
frame 6: send=0x0 get=0x0 len=2133 coding=1 startqp=0 meanqp=0 picbytes=0 pskip=0 nalus=1 n1:2133
  cu: inter64=0 inter32=0 inter16=0 inter8=0 intra32=0 intra16=0 intra8=0 intra4=0 reftype=0
  snapshot f006: 3 venc_ko blocks (pool0 0x73801000 len 0x10000)
frame 7: send=0x0 get=0x0 len=2059 coding=1 startqp=0 meanqp=0 picbytes=0 pskip=0 nalus=1 n1:2059
  cu: inter64=0 inter32=0 inter16=0 inter8=0 intra32=0 intra16=0 intra8=0 intra4=0 reftype=0
  snapshot f007: 3 venc_ko blocks (pool0 0x73801000 len 0x10000)
frame 8: send=0x0 get=0x0 len=3098 coding=3 startqp=0 meanqp=0 picbytes=0 pskip=0 nalus=1 n1:3098
  cu: inter64=0 inter32=0 inter16=0 inter8=0 intra32=0 intra16=0 intra8=0 intra4=0 reftype=0
  snapshot f008: 3 venc_ko blocks (pool0 0x73801000 len 0x10000)
frame 9: send=0x0 get=0x0 len=2006 coding=1 startqp=0 meanqp=0 picbytes=0 pskip=0 nalus=1 n1:2006
  cu: inter64=0 inter32=0 inter16=0 inter8=0 intra32=0 intra16=0 intra8=0 intra4=0 reftype=0
  snapshot f009: 3 venc_ko blocks (pool0 0x73801000 len 0x10000)
frame 10: send=0x0 get=0x0 len=1120 coding=1 startqp=0 meanqp=0 picbytes=0 pskip=0 nalus=1 n1:1120
  cu: inter64=0 inter32=0 inter16=0 inter8=0 intra32=0 intra16=0 intra8=0 intra4=0 reftype=0
  snapshot f010: 3 venc_ko blocks (pool0 0x73801000 len 0x10000)
frame 11: send=0x0 get=0x0 len=1853 coding=1 startqp=0 meanqp=0 picbytes=0 pskip=0 nalus=1 n1:1853
  cu: inter64=0 inter32=0 inter16=0 inter8=0 intra32=0 intra16=0 intra8=0 intra4=0 reftype=0
  snapshot f011: 3 venc_ko blocks (pool0 0x73801000 len 0x10000)
frame 12: send=0x0 get=0x0 len=3946 coding=3 startqp=0 meanqp=0 picbytes=0 pskip=0 nalus=1 n1:3946
  cu: inter64=0 inter32=0 inter16=0 inter8=0 intra32=0 intra16=0 intra8=0 intra4=0 reftype=0
  snapshot f012: 3 venc_ko blocks (pool0 0x73801000 len 0x10000)
frame 13: send=0x0 get=0x0 len=1584 coding=1 startqp=0 meanqp=0 picbytes=0 pskip=0 nalus=1 n1:1584
  cu: inter64=0 inter32=0 inter16=0 inter8=0 intra32=0 intra16=0 intra8=0 intra4=0 reftype=0
  snapshot f013: 3 venc_ko blocks (pool0 0x73801000 len 0x10000)
frame 14: send=0x0 get=0x0 len=646 coding=1 startqp=0 meanqp=0 picbytes=0 pskip=0 nalus=1 n1:646
  cu: inter64=0 inter32=0 inter16=0 inter8=0 intra32=0 intra16=0 intra8=0 intra4=0 reftype=0
  snapshot f014: 3 venc_ko blocks (pool0 0x73801000 len 0x10000)
frame 15: send=0x0 get=0x0 len=444 coding=1 startqp=0 meanqp=0 picbytes=0 pskip=0 nalus=1 n1:444
  cu: inter64=0 inter32=0 inter16=0 inter8=0 intra32=0 intra16=0 intra8=0 intra4=0 reftype=0
  snapshot f015: 3 venc_ko blocks (pool0 0x73801000 len 0x10000)
frame 16: send=0x0 get=0x0 len=1743 coding=3 startqp=0 meanqp=0 picbytes=0 pskip=0 nalus=1 n1:1743
  cu: inter64=0 inter32=0 inter16=0 inter8=0 intra32=0 intra16=0 intra8=0 intra4=0 reftype=0
  snapshot f016: 3 venc_ko blocks (pool0 0x73801000 len 0x10000)
frame 17: send=0x0 get=0x0 len=907 coding=1 startqp=0 meanqp=0 picbytes=0 pskip=0 nalus=1 n1:907
  cu: inter64=0 inter32=0 inter16=0 inter8=0 intra32=0 intra16=0 intra8=0 intra4=0 reftype=0
  snapshot f017: 3 venc_ko blocks (pool0 0x73801000 len 0x10000)
frame 18: send=0x0 get=0x0 len=610 coding=1 startqp=0 meanqp=0 picbytes=0 pskip=0 nalus=1 n1:610
  cu: inter64=0 inter32=0 inter16=0 inter8=0 intra32=0 intra16=0 intra8=0 intra4=0 reftype=0
  snapshot f018: 3 venc_ko blocks (pool0 0x73801000 len 0x10000)
frame 19: send=0x0 get=0x0 len=409 coding=1 startqp=0 meanqp=0 picbytes=0 pskip=0 nalus=1 n1:409
  cu: inter64=0 inter32=0 inter16=0 inter8=0 intra32=0 intra16=0 intra8=0 intra4=0 reftype=0
  snapshot f019: 3 venc_ko blocks (pool0 0x73801000 len 0x10000)
---- /proc/ax_proc/venc ----
-------- VENC VERSION ------------------------
[Axera version]: ax_venc V3.0.0_20250319114413 Mar 19 2025 11:58:34 JK

-------- MODULE PARAM ------------------------
MaxChnNum   MaxRoiNum   MaxProcNum  
16          8           16          

done ltr30
rc=0
wrote /tmp/axwork/H6/vendor_ltr30_f000.txt (slot 1, 511 regs, sw191=0x4c000000 sw7=0x80002000 sw9=0x004047a3 sw5=0x3c043803)
wrote /tmp/axwork/H6/vendor_ltr30_f001.txt (slot 2, 511 regs, sw191=0x04000000 sw7=0x80002300 sw9=0x00404800 sw5=0x3c043801)
wrote /tmp/axwork/H6/vendor_ltr30_f002.txt (slot 3, 511 regs, sw191=0x04000000 sw7=0x80002100 sw9=0x00404800 sw5=0x3c043801)
wrote /tmp/axwork/H6/vendor_ltr30_f003.txt (slot 4, 511 regs, sw191=0x04000000 sw7=0x80002000 sw9=0x00404800 sw5=0x3c043801)
wrote /tmp/axwork/H6/vendor_ltr30_f004.txt (slot 5, 511 regs, sw191=0x04000000 sw7=0x80001f00 sw9=0x00404800 sw5=0x3c043801)
wrote /tmp/axwork/H6/vendor_ltr30_f005.txt (slot 6, 511 regs, sw191=0x04000000 sw7=0x80001e00 sw9=0x00404800 sw5=0x3c043801)
wrote /tmp/axwork/H6/vendor_ltr30_f006.txt (slot 7, 511 regs, sw191=0x04000000 sw7=0x80001d00 sw9=0x00404800 sw5=0x3c043801)
wrote /tmp/axwork/H6/vendor_ltr30_f007.txt (slot 1, 511 regs, sw191=0x04000000 sw7=0x80001c00 sw9=0x00404800 sw5=0x3c043801)
wrote /tmp/axwork/H6/vendor_ltr30_f008.txt (slot 2, 511 regs, sw191=0x04000000 sw7=0x80001b00 sw9=0x00404800 sw5=0x3c043801)
wrote /tmp/axwork/H6/vendor_ltr30_f009.txt (slot 3, 511 regs, sw191=0x04000000 sw7=0x80001a00 sw9=0x00404800 sw5=0x3c043801)
wrote /tmp/axwork/H6/vendor_ltr30_f010.txt (slot 4, 511 regs, sw191=0x04000000 sw7=0x80001900 sw9=0x00404800 sw5=0x3c043801)
wrote /tmp/axwork/H6/vendor_ltr30_f011.txt (slot 5, 511 regs, sw191=0x04000000 sw7=0x80001800 sw9=0x00404800 sw5=0x3c043801)
wrote /tmp/axwork/H6/vendor_ltr30_f012.txt (slot 6, 511 regs, sw191=0x04000000 sw7=0x80001700 sw9=0x00404800 sw5=0x3c043801)
wrote /tmp/axwork/H6/vendor_ltr30_f013.txt (slot 7, 511 regs, sw191=0x04000000 sw7=0x80001600 sw9=0x00404800 sw5=0x3c043801)
wrote /tmp/axwork/H6/vendor_ltr30_f014.txt (slot 1, 511 regs, sw191=0x04000000 sw7=0x80001500 sw9=0x00404800 sw5=0x3c043801)
wrote /tmp/axwork/H6/vendor_ltr30_f015.txt (slot 2, 511 regs, sw191=0x04000000 sw7=0x80001500 sw9=0x00404800 sw5=0x3c043801)
wrote /tmp/axwork/H6/vendor_ltr30_f016.txt (slot 3, 511 regs, sw191=0x04000000 sw7=0x80001500 sw9=0x00404800 sw5=0x3c043801)
wrote /tmp/axwork/H6/vendor_ltr30_f017.txt (slot 4, 511 regs, sw191=0x04000000 sw7=0x80001500 sw9=0x00404800 sw5=0x3c043801)
wrote /tmp/axwork/H6/vendor_ltr30_f018.txt (slot 5, 511 regs, sw191=0x04000000 sw7=0x80001500 sw9=0x00404800 sw5=0x3c043801)
wrote /tmp/axwork/H6/vendor_ltr30_f019.txt (slot 6, 511 regs, sw191=0x04000000 sw7=0x80001500 sw9=0x00404800 sw5=0x3c043801)
=== ltr30i2: gopmode=oneltr ltrint=2 gop=30 nframes=12 snapall=2
# vdrive tag=ltr30i2 codec=h265 1920x1080 rc=cbr br=8000 fps=60/60 gop=30 gopmode=oneltr ltrint=2 ltrqpo=0 iqp=32 pqp=32 profile=0 level=153 tier=0 qp[10..51] iqp[10..51] iqd=0 firstqp=-1 iprop[10..40] idrrange=2 stattime=1 vq=0 ir=0/0 slice=0 debreath=0 scd=-1 rowqpd=-1 vui=-1 move=0 nframes=12
AX_SYS_Init rc=0x0
AX_VENC_Init rc=0x0
AX_VENC_CreateChn(7) rc=0x0
StartRecvFrame rc=0x0
AX_POOL_CreatePool id=0x0
blk=0x5e000000 phys=0x74619000 virt=0xffff8397f000
frame: modid=0x11 stride=1920 fmt=0xd
  snapshot pre: 3 venc_ko blocks (pool0 0x73801000 len 0x10000)
frame 0: send=0x0 get=0x0 len=1160 coding=0 startqp=0 meanqp=0 picbytes=0 pskip=0 nalus=4 n32:27 n33:54 n34:12 n19:1067
  cu: inter64=0 inter32=0 inter16=0 inter8=0 intra32=0 intra16=0 intra8=0 intra4=0 reftype=0
  snapshot f000: 3 venc_ko blocks (pool0 0x73801000 len 0x10000)
frame 1: send=0x0 get=0x0 len=824 coding=1 startqp=0 meanqp=0 picbytes=0 pskip=0 nalus=1 n1:824
  cu: inter64=0 inter32=0 inter16=0 inter8=0 intra32=0 intra16=0 intra8=0 intra4=0 reftype=0
  snapshot f001: 3 venc_ko blocks (pool0 0x73801000 len 0x10000)
frame 2: send=0x0 get=0x0 len=1470 coding=3 startqp=0 meanqp=0 picbytes=0 pskip=0 nalus=1 n1:1470
  cu: inter64=0 inter32=0 inter16=0 inter8=0 intra32=0 intra16=0 intra8=0 intra4=0 reftype=0
  snapshot f002: 3 venc_ko blocks (pool0 0x73801000 len 0x10000)
frame 3: send=0x0 get=0x0 len=1318 coding=1 startqp=0 meanqp=0 picbytes=0 pskip=0 nalus=1 n1:1318
  cu: inter64=0 inter32=0 inter16=0 inter8=0 intra32=0 intra16=0 intra8=0 intra4=0 reftype=0
  snapshot f003: 3 venc_ko blocks (pool0 0x73801000 len 0x10000)
frame 4: send=0x0 get=0x0 len=1484 coding=3 startqp=0 meanqp=0 picbytes=0 pskip=0 nalus=1 n1:1484
  cu: inter64=0 inter32=0 inter16=0 inter8=0 intra32=0 intra16=0 intra8=0 intra4=0 reftype=0
  snapshot f004: 3 venc_ko blocks (pool0 0x73801000 len 0x10000)
frame 5: send=0x0 get=0x0 len=1174 coding=1 startqp=0 meanqp=0 picbytes=0 pskip=0 nalus=1 n1:1174
  cu: inter64=0 inter32=0 inter16=0 inter8=0 intra32=0 intra16=0 intra8=0 intra4=0 reftype=0
  snapshot f005: 3 venc_ko blocks (pool0 0x73801000 len 0x10000)
frame 6: send=0x0 get=0x0 len=2840 coding=3 startqp=0 meanqp=0 picbytes=0 pskip=0 nalus=1 n1:2840
  cu: inter64=0 inter32=0 inter16=0 inter8=0 intra32=0 intra16=0 intra8=0 intra4=0 reftype=0
  snapshot f006: 3 venc_ko blocks (pool0 0x73801000 len 0x10000)
frame 7: send=0x0 get=0x0 len=2298 coding=1 startqp=0 meanqp=0 picbytes=0 pskip=0 nalus=1 n1:2298
  cu: inter64=0 inter32=0 inter16=0 inter8=0 intra32=0 intra16=0 intra8=0 intra4=0 reftype=0
  snapshot f007: 3 venc_ko blocks (pool0 0x73801000 len 0x10000)
frame 8: send=0x0 get=0x0 len=3098 coding=3 startqp=0 meanqp=0 picbytes=0 pskip=0 nalus=1 n1:3098
  cu: inter64=0 inter32=0 inter16=0 inter8=0 intra32=0 intra16=0 intra8=0 intra4=0 reftype=0
  snapshot f008: 3 venc_ko blocks (pool0 0x73801000 len 0x10000)
frame 9: send=0x0 get=0x0 len=2006 coding=1 startqp=0 meanqp=0 picbytes=0 pskip=0 nalus=1 n1:2006
  cu: inter64=0 inter32=0 inter16=0 inter8=0 intra32=0 intra16=0 intra8=0 intra4=0 reftype=0
  snapshot f009: 3 venc_ko blocks (pool0 0x73801000 len 0x10000)
frame 10: send=0x0 get=0x0 len=2630 coding=3 startqp=0 meanqp=0 picbytes=0 pskip=0 nalus=1 n1:2630
  cu: inter64=0 inter32=0 inter16=0 inter8=0 intra32=0 intra16=0 intra8=0 intra4=0 reftype=0
  snapshot f010: 3 venc_ko blocks (pool0 0x73801000 len 0x10000)
frame 11: send=0x0 get=0x0 len=2002 coding=1 startqp=0 meanqp=0 picbytes=0 pskip=0 nalus=1 n1:2002
  cu: inter64=0 inter32=0 inter16=0 inter8=0 intra32=0 intra16=0 intra8=0 intra4=0 reftype=0
  snapshot f011: 3 venc_ko blocks (pool0 0x73801000 len 0x10000)
---- /proc/ax_proc/venc ----
-------- VENC VERSION ------------------------
[Axera version]: ax_venc V3.0.0_20250319114413 Mar 19 2025 11:58:34 JK

-------- MODULE PARAM ------------------------
MaxChnNum   MaxRoiNum   MaxProcNum  
16          8           16          

done ltr30i2
rc=0
wrote /tmp/axwork/H6/vendor_ltr30i2_f000.txt (slot 1, 511 regs, sw191=0x4c000000 sw7=0x80002000 sw9=0x004047a3 sw5=0x3c043803)
wrote /tmp/axwork/H6/vendor_ltr30i2_f001.txt (slot 2, 511 regs, sw191=0x04000000 sw7=0x80002300 sw9=0x00404800 sw5=0x3c043801)
wrote /tmp/axwork/H6/vendor_ltr30i2_f002.txt (slot 3, 511 regs, sw191=0x04000000 sw7=0x80002100 sw9=0x00404800 sw5=0x3c043801)
wrote /tmp/axwork/H6/vendor_ltr30i2_f003.txt (slot 4, 511 regs, sw191=0x04000000 sw7=0x80002000 sw9=0x00404800 sw5=0x3c043801)
wrote /tmp/axwork/H6/vendor_ltr30i2_f004.txt (slot 5, 511 regs, sw191=0x04000000 sw7=0x80001f00 sw9=0x00404800 sw5=0x3c043801)
wrote /tmp/axwork/H6/vendor_ltr30i2_f005.txt (slot 6, 511 regs, sw191=0x04000000 sw7=0x80001e00 sw9=0x00404800 sw5=0x3c043801)
wrote /tmp/axwork/H6/vendor_ltr30i2_f006.txt (slot 7, 511 regs, sw191=0x04000000 sw7=0x80001d00 sw9=0x00404800 sw5=0x3c043801)
wrote /tmp/axwork/H6/vendor_ltr30i2_f007.txt (slot 1, 511 regs, sw191=0x04000000 sw7=0x80001c00 sw9=0x00404800 sw5=0x3c043801)
wrote /tmp/axwork/H6/vendor_ltr30i2_f008.txt (slot 2, 511 regs, sw191=0x04000000 sw7=0x80001b00 sw9=0x00404800 sw5=0x3c043801)
wrote /tmp/axwork/H6/vendor_ltr30i2_f009.txt (slot 3, 511 regs, sw191=0x04000000 sw7=0x80001a00 sw9=0x00404800 sw5=0x3c043801)
wrote /tmp/axwork/H6/vendor_ltr30i2_f010.txt (slot 4, 511 regs, sw191=0x04000000 sw7=0x80001900 sw9=0x00404800 sw5=0x3c043801)
wrote /tmp/axwork/H6/vendor_ltr30i2_f011.txt (slot 5, 511 regs, sw191=0x04000000 sw7=0x80001800 sw9=0x00404800 sw5=0x3c043801)
