# vdrive tag=h264_static2000 codec=h264 1920x1080 rc=cbr br=2000 fps=60/60 gop=30 gopmode=normalp ltrint=0 ltrqpo=0 iqp=32 pqp=32 profile=10 level=51 tier=0 qp[10..51] iqp[10..51] iqd=0 firstqp=-1 iprop[10..40] idrrange=2 stattime=1 vq=0 ir=0/0 slice=0 debreath=0 scd=-1 rowqpd=-1 vui=-1 move=0 nframes=240
src=/root/rc65/clips/static.yuyv frames=30 loop=pingpong motion=none mstep=4 window=0..-1
AX_SYS_Init rc=0x0
AX_VENC_Init rc=0x0
AX_VENC_CreateChn(7) rc=0x0
StartRecvFrame rc=0x0
AX_POOL_CreatePool id=0x0
blk=0x5e000000 phys=0x742d1000 virt=0xffff8c1f5000
frame: modid=0x11 stride=1920 fmt=0xd
  snapshot pre: 3 venc_ko blocks (pool0 0x73801000 len 0x10000)
src frame 0: srcf=0 off=0 br=2000
frame 0: send=0x0 get=0x0 len=22260 coding=0 startqp=0 meanqp=0 picbytes=0 pskip=0 nalus=3 n7:32 n8:9 n5:22219
  snapshot f000: 3 venc_ko blocks (pool0 0x73801000 len 0x10000)
src frame 1: srcf=1 off=0 br=2000
frame 1: send=0x0 get=0x0 len=3212 coding=1 startqp=0 meanqp=0 picbytes=0 pskip=0 nalus=1 n1:3212
  snapshot f001: 3 venc_ko blocks (pool0 0x73801000 len 0x10000)
src frame 2: srcf=2 off=0 br=2000
frame 2: send=0x0 get=0x0 len=3102 coding=1 startqp=0 meanqp=0 picbytes=0 pskip=0 nalus=1 n1:3102
  snapshot f002: 3 venc_ko blocks (pool0 0x73801000 len 0x10000)
src frame 3: srcf=3 off=0 br=2000
frame 3: send=0x0 get=0x0 len=3180 coding=1 startqp=0 meanqp=0 picbytes=0 pskip=0 nalus=1 n1:3180
  snapshot f003: 3 venc_ko blocks (pool0 0x73801000 len 0x10000)
src frame 4: srcf=4 off=0 br=2000
frame 4: send=0x0 get=0x0 len=2727 coding=1 startqp=0 meanqp=0 picbytes=0 pskip=0 nalus=1 n1:2727
  snapshot f004: 3 venc_ko blocks (pool0 0x73801000 len 0x10000)
src frame 5: srcf=5 off=0 br=2000
frame 5: send=0x0 get=0x0 len=3174 coding=1 startqp=0 meanqp=0 picbytes=0 pskip=0 nalus=1 n1:3174
  snapshot f005: 3 venc_ko blocks (pool0 0x73801000 len 0x10000)
src frame 6: srcf=6 off=0 br=2000
frame 6: send=0x0 get=0x0 len=3205 coding=1 startqp=0 meanqp=0 picbytes=0 pskip=0 nalus=1 n1:3205
  snapshot f006: 3 venc_ko blocks (pool0 0x73801000 len 0x10000)
src frame 7: srcf=7 off=0 br=2000
frame 7: send=0x0 get=0x0 len=3179 coding=1 startqp=0 meanqp=0 picbytes=0 pskip=0 nalus=1 n1:3179
  snapshot f007: 3 venc_ko blocks (pool0 0x73801000 len 0x10000)
src frame 8: srcf=8 off=0 br=2000
frame 8: send=0x0 get=0x0 len=2980 coding=1 startqp=0 meanqp=0 picbytes=0 pskip=0 nalus=1 n1:2980
  snapshot f008: 3 venc_ko blocks (pool0 0x73801000 len 0x10000)
src frame 9: srcf=9 off=0 br=2000
frame 9: send=0x0 get=0x0 len=3235 coding=1 startqp=0 meanqp=0 picbytes=0 pskip=0 nalus=1 n1:3235
  snapshot f009: 3 venc_ko blocks (pool0 0x73801000 len 0x10000)
src frame 10: srcf=10 off=0 br=2000
frame 10: send=0x0 get=0x0 len=2968 coding=1 startqp=0 meanqp=0 picbytes=0 pskip=0 nalus=1 n1:2968
  snapshot f010: 3 venc_ko blocks (pool0 0x73801000 len 0x10000)
src frame 11: srcf=11 off=0 br=2000
frame 11: send=0x0 get=0x0 len=3191 coding=1 startqp=0 meanqp=0 picbytes=0 pskip=0 nalus=1 n1:3191
  snapshot f011: 3 venc_ko blocks (pool0 0x73801000 len 0x10000)
src frame 12: srcf=12 off=0 br=2000
frame 12: send=0x0 get=0x0 len=3187 coding=1 startqp=0 meanqp=0 picbytes=0 pskip=0 nalus=1 n1:3187
  snapshot f012: 3 venc_ko blocks (pool0 0x73801000 len 0x10000)
src frame 13: srcf=13 off=0 br=2000
frame 13: send=0x0 get=0x0 len=2961 coding=1 startqp=0 meanqp=0 picbytes=0 pskip=0 nalus=1 n1:2961
  snapshot f013: 3 venc_ko blocks (pool0 0x73801000 len 0x10000)
src frame 14: srcf=14 off=0 br=2000
frame 14: send=0x0 get=0x0 len=3164 coding=1 startqp=0 meanqp=0 picbytes=0 pskip=0 nalus=1 n1:3164
  snapshot f014: 3 venc_ko blocks (pool0 0x73801000 len 0x10000)
src frame 15: srcf=15 off=0 br=2000
frame 15: send=0x0 get=0x0 len=3189 coding=1 startqp=0 meanqp=0 picbytes=0 pskip=0 nalus=1 n1:3189
  snapshot f015: 3 venc_ko blocks (pool0 0x73801000 len 0x10000)
src frame 16: srcf=16 off=0 br=2000
frame 16: send=0x0 get=0x0 len=3233 coding=1 startqp=0 meanqp=0 picbytes=0 pskip=0 nalus=1 n1:3233
  snapshot f016: 3 venc_ko blocks (pool0 0x73801000 len 0x10000)
src frame 17: srcf=17 off=0 br=2000
frame 17: send=0x0 get=0x0 len=2826 coding=1 startqp=0 meanqp=0 picbytes=0 pskip=0 nalus=1 n1:2826
  snapshot f017: 3 venc_ko blocks (pool0 0x73801000 len 0x10000)
src frame 18: srcf=18 off=0 br=2000
frame 18: send=0x0 get=0x0 len=3550 coding=1 startqp=0 meanqp=0 picbytes=0 pskip=0 nalus=1 n1:3550
  snapshot f018: 3 venc_ko blocks (pool0 0x73801000 len 0x10000)
src frame 19: srcf=19 off=0 br=2000
frame 19: send=0x0 get=0x0 len=3132 coding=1 startqp=0 meanqp=0 picbytes=0 pskip=0 nalus=1 n1:3132
  snapshot f019: 3 venc_ko blocks (pool0 0x73801000 len 0x10000)
src frame 20: srcf=20 off=0 br=2000
frame 20: send=0x0 get=0x0 len=3154 coding=1 startqp=0 meanqp=0 picbytes=0 pskip=0 nalus=1 n1:3154
  snapshot f020: 3 venc_ko blocks (pool0 0x73801000 len 0x10000)
src frame 21: srcf=21 off=0 br=2000
frame 21: send=0x0 get=0x0 len=2688 coding=1 startqp=0 meanqp=0 picbytes=0 pskip=0 nalus=1 n1:2688
  snapshot f021: 3 venc_ko blocks (pool0 0x73801000 len 0x10000)
src frame 22: srcf=22 off=0 br=2000
frame 22: send=0x0 get=0x0 len=3256 coding=1 startqp=0 meanqp=0 picbytes=0 pskip=0 nalus=1 n1:3256
  snapshot f022: 3 venc_ko blocks (pool0 0x73801000 len 0x10000)
src frame 23: srcf=23 off=0 br=2000
frame 23: send=0x0 get=0x0 len=3108 coding=1 startqp=0 meanqp=0 picbytes=0 pskip=0 nalus=1 n1:3108
  snapshot f023: 3 venc_ko blocks (pool0 0x73801000 len 0x10000)
src frame 24: srcf=24 off=0 br=2000
frame 24: send=0x0 get=0x0 len=3213 coding=1 startqp=0 meanqp=0 picbytes=0 pskip=0 nalus=1 n1:3213
  snapshot f024: 3 venc_ko blocks (pool0 0x73801000 len 0x10000)
src frame 25: srcf=25 off=0 br=2000
frame 25: send=0x0 get=0x0 len=3296 coding=1 startqp=0 meanqp=0 picbytes=0 pskip=0 nalus=1 n1:3296
  snapshot f025: 3 venc_ko blocks (pool0 0x73801000 len 0x10000)
src frame 26: srcf=26 off=0 br=2000
frame 26: send=0x0 get=0x0 len=3121 coding=1 startqp=0 meanqp=0 picbytes=0 pskip=0 nalus=1 n1:3121
  snapshot f026: 3 venc_ko blocks (pool0 0x73801000 len 0x10000)
src frame 27: srcf=27 off=0 br=2000
frame 27: send=0x0 get=0x0 len=3214 coding=1 startqp=0 meanqp=0 picbytes=0 pskip=0 nalus=1 n1:3214
  snapshot f027: 3 venc_ko blocks (pool0 0x73801000 len 0x10000)
src frame 28: srcf=28 off=0 br=2000
frame 28: send=0x0 get=0x0 len=3277 coding=1 startqp=0 meanqp=0 picbytes=0 pskip=0 nalus=1 n1:3277
  snapshot f028: 3 venc_ko blocks (pool0 0x73801000 len 0x10000)
src frame 29: srcf=29 off=0 br=2000
frame 29: send=0x0 get=0x0 len=3204 coding=1 startqp=0 meanqp=0 picbytes=0 pskip=0 nalus=1 n1:3204
  snapshot f029: 3 venc_ko blocks (pool0 0x73801000 len 0x10000)
src frame 30: srcf=28 off=0 br=2000
frame 30: send=0x0 get=0x0 len=25740 coding=0 startqp=0 meanqp=0 picbytes=0 pskip=0 nalus=3 n7:32 n8:9 n5:25699
  snapshot f030: 3 venc_ko blocks (pool0 0x73801000 len 0x10000)
src frame 31: srcf=27 off=0 br=2000
frame 31: send=0x0 get=0x0 len=3788 coding=1 startqp=0 meanqp=0 picbytes=0 pskip=0 nalus=1 n1:3788
  snapshot f031: 3 venc_ko blocks (pool0 0x73801000 len 0x10000)
src frame 32: srcf=26 off=0 br=2000
frame 32: send=0x0 get=0x0 len=3826 coding=1 startqp=0 meanqp=0 picbytes=0 pskip=0 nalus=1 n1:3826
  snapshot f032: 3 venc_ko blocks (pool0 0x73801000 len 0x10000)
src frame 33: srcf=25 off=0 br=2000
frame 33: send=0x0 get=0x0 len=3146 coding=1 startqp=0 meanqp=0 picbytes=0 pskip=0 nalus=1 n1:3146
  snapshot f033: 3 venc_ko blocks (pool0 0x73801000 len 0x10000)
src frame 34: srcf=24 off=0 br=2000
frame 34: send=0x0 get=0x0 len=3735 coding=1 startqp=0 meanqp=0 picbytes=0 pskip=0 nalus=1 n1:3735
  snapshot f034: 3 venc_ko blocks (pool0 0x73801000 len 0x10000)
src frame 35: srcf=23 off=0 br=2000
frame 35: send=0x0 get=0x0 len=3818 coding=1 startqp=0 meanqp=0 picbytes=0 pskip=0 nalus=1 n1:3818
  snapshot f035: 3 venc_ko blocks (pool0 0x73801000 len 0x10000)
src frame 36: srcf=22 off=0 br=2000
frame 36: send=0x0 get=0x0 len=3621 coding=1 startqp=0 meanqp=0 picbytes=0 pskip=0 nalus=1 n1:3621
  snapshot f036: 3 venc_ko blocks (pool0 0x73801000 len 0x10000)
src frame 37: srcf=21 off=0 br=2000
frame 37: send=0x0 get=0x0 len=3818 coding=1 startqp=0 meanqp=0 picbytes=0 pskip=0 nalus=1 n1:3818
  snapshot f037: 3 venc_ko blocks (pool0 0x73801000 len 0x10000)
src frame 38: srcf=20 off=0 br=2000
frame 38: send=0x0 get=0x0 len=3545 coding=1 startqp=0 meanqp=0 picbytes=0 pskip=0 nalus=1 n1:3545
  snapshot f038: 3 venc_ko blocks (pool0 0x73801000 len 0x10000)
src frame 39: srcf=19 off=0 br=2000
frame 39: send=0x0 get=0x0 len=3717 coding=1 startqp=0 meanqp=0 picbytes=0 pskip=0 nalus=1 n1:3717
  snapshot f039: 3 venc_ko blocks (pool0 0x73801000 len 0x10000)
src frame 40: srcf=18 off=0 br=2000
frame 40: send=0x0 get=0x0 len=3748 coding=1 startqp=0 meanqp=0 picbytes=0 pskip=0 nalus=1 n1:3748
  snapshot f040: 3 venc_ko blocks (pool0 0x73801000 len 0x10000)
src frame 41: srcf=17 off=0 br=2000
frame 41: send=0x0 get=0x0 len=3368 coding=1 startqp=0 meanqp=0 picbytes=0 pskip=0 nalus=1 n1:3368
  snapshot f041: 3 venc_ko blocks (pool0 0x73801000 len 0x10000)
src frame 42: srcf=16 off=0 br=2000
frame 42: send=0x0 get=0x0 len=4051 coding=1 startqp=0 meanqp=0 picbytes=0 pskip=0 nalus=1 n1:4051
  snapshot f042: 3 venc_ko blocks (pool0 0x73801000 len 0x10000)
src frame 43: srcf=15 off=0 br=2000
frame 43: send=0x0 get=0x0 len=3914 coding=1 startqp=0 meanqp=0 picbytes=0 pskip=0 nalus=1 n1:3914
  snapshot f043: 3 venc_ko blocks (pool0 0x73801000 len 0x10000)
src frame 44: srcf=14 off=0 br=2000
frame 44: send=0x0 get=0x0 len=3771 coding=1 startqp=0 meanqp=0 picbytes=0 pskip=0 nalus=1 n1:3771
  snapshot f044: 3 venc_ko blocks (pool0 0x73801000 len 0x10000)
src frame 45: srcf=13 off=0 br=2000
frame 45: send=0x0 get=0x0 len=3400 coding=1 startqp=0 meanqp=0 picbytes=0 pskip=0 nalus=1 n1:3400
  snapshot f045: 3 venc_ko blocks (pool0 0x73801000 len 0x10000)
src frame 46: srcf=12 off=0 br=2000
frame 46: send=0x0 get=0x0 len=3967 coding=1 startqp=0 meanqp=0 picbytes=0 pskip=0 nalus=1 n1:3967
  snapshot f046: 3 venc_ko blocks (pool0 0x73801000 len 0x10000)
src frame 47: srcf=11 off=0 br=2000
frame 47: send=0x0 get=0x0 len=3542 coding=1 startqp=0 meanqp=0 picbytes=0 pskip=0 nalus=1 n1:3542
  snapshot f047: 3 venc_ko blocks (pool0 0x73801000 len 0x10000)
src frame 48: srcf=10 off=0 br=2000
frame 48: send=0x0 get=0x0 len=3869 coding=1 startqp=0 meanqp=0 picbytes=0 pskip=0 nalus=1 n1:3869
  snapshot f048: 3 venc_ko blocks (pool0 0x73801000 len 0x10000)
src frame 49: srcf=9 off=0 br=2000
frame 49: send=0x0 get=0x0 len=3987 coding=1 startqp=0 meanqp=0 picbytes=0 pskip=0 nalus=1 n1:3987
  snapshot f049: 3 venc_ko blocks (pool0 0x73801000 len 0x10000)
src frame 50: srcf=8 off=0 br=2000
frame 50: send=0x0 get=0x0 len=3440 coding=1 startqp=0 meanqp=0 picbytes=0 pskip=0 nalus=1 n1:3440
  snapshot f050: 3 venc_ko blocks (pool0 0x73801000 len 0x10000)
src frame 51: srcf=7 off=0 br=2000
frame 51: send=0x0 get=0x0 len=3917 coding=1 startqp=0 meanqp=0 picbytes=0 pskip=0 nalus=1 n1:3917
  snapshot f051: 3 venc_ko blocks (pool0 0x73801000 len 0x10000)
src frame 52: srcf=6 off=0 br=2000
frame 52: send=0x0 get=0x0 len=4031 coding=1 startqp=0 meanqp=0 picbytes=0 pskip=0 nalus=1 n1:4031
  snapshot f052: 3 venc_ko blocks (pool0 0x73801000 len 0x10000)
src frame 53: srcf=5 off=0 br=2000
frame 53: send=0x0 get=0x0 len=3415 coding=1 startqp=0 meanqp=0 picbytes=0 pskip=0 nalus=1 n1:3415
  snapshot f053: 3 venc_ko blocks (pool0 0x73801000 len 0x10000)
src frame 54: srcf=4 off=0 br=2000
frame 54: send=0x0 get=0x0 len=4142 coding=1 startqp=0 meanqp=0 picbytes=0 pskip=0 nalus=1 n1:4142
  snapshot f054: 3 venc_ko blocks (pool0 0x73801000 len 0x10000)
src frame 55: srcf=3 off=0 br=2000
frame 55: send=0x0 get=0x0 len=4037 coding=1 startqp=0 meanqp=0 picbytes=0 pskip=0 nalus=1 n1:4037
  snapshot f055: 3 venc_ko blocks (pool0 0x73801000 len 0x10000)
src frame 56: srcf=2 off=0 br=2000
frame 56: send=0x0 get=0x0 len=4253 coding=1 startqp=0 meanqp=0 picbytes=0 pskip=0 nalus=1 n1:4253
  snapshot f056: 3 venc_ko blocks (pool0 0x73801000 len 0x10000)
src frame 57: srcf=1 off=0 br=2000
frame 57: send=0x0 get=0x0 len=4165 coding=1 startqp=0 meanqp=0 picbytes=0 pskip=0 nalus=1 n1:4165
  snapshot f057: 3 venc_ko blocks (pool0 0x73801000 len 0x10000)
src frame 58: srcf=0 off=0 br=2000
frame 58: send=0x0 get=0x0 len=4459 coding=1 startqp=0 meanqp=0 picbytes=0 pskip=0 nalus=1 n1:4459
  snapshot f058: 3 venc_ko blocks (pool0 0x73801000 len 0x10000)
src frame 59: srcf=1 off=0 br=2000
frame 59: send=0x0 get=0x0 len=4300 coding=1 startqp=0 meanqp=0 picbytes=0 pskip=0 nalus=1 n1:4300
  snapshot f059: 3 venc_ko blocks (pool0 0x73801000 len 0x10000)
src frame 60: srcf=2 off=0 br=2000
frame 60: send=0x0 get=0x0 len=29020 coding=0 startqp=0 meanqp=0 picbytes=0 pskip=0 nalus=3 n7:32 n8:9 n5:28979
  snapshot f060: 3 venc_ko blocks (pool0 0x73801000 len 0x10000)
src frame 61: srcf=3 off=0 br=2000
frame 61: send=0x0 get=0x0 len=2842 coding=1 startqp=0 meanqp=0 picbytes=0 pskip=0 nalus=1 n1:2842
  snapshot f061: 3 venc_ko blocks (pool0 0x73801000 len 0x10000)
src frame 62: srcf=4 off=0 br=2000
frame 62: send=0x0 get=0x0 len=3420 coding=1 startqp=0 meanqp=0 picbytes=0 pskip=0 nalus=1 n1:3420
  snapshot f062: 3 venc_ko blocks (pool0 0x73801000 len 0x10000)
src frame 63: srcf=5 off=0 br=2000
frame 63: send=0x0 get=0x0 len=3272 coding=1 startqp=0 meanqp=0 picbytes=0 pskip=0 nalus=1 n1:3272
  snapshot f063: 3 venc_ko blocks (pool0 0x73801000 len 0x10000)
src frame 64: srcf=6 off=0 br=2000
frame 64: send=0x0 get=0x0 len=2980 coding=1 startqp=0 meanqp=0 picbytes=0 pskip=0 nalus=1 n1:2980
  snapshot f064: 3 venc_ko blocks (pool0 0x73801000 len 0x10000)
src frame 65: srcf=7 off=0 br=2000
frame 65: send=0x0 get=0x0 len=3189 coding=1 startqp=0 meanqp=0 picbytes=0 pskip=0 nalus=1 n1:3189
  snapshot f065: 3 venc_ko blocks (pool0 0x73801000 len 0x10000)
src frame 66: srcf=8 off=0 br=2000
frame 66: send=0x0 get=0x0 len=3046 coding=1 startqp=0 meanqp=0 picbytes=0 pskip=0 nalus=1 n1:3046
  snapshot f066: 3 venc_ko blocks (pool0 0x73801000 len 0x10000)
src frame 67: srcf=9 off=0 br=2000
frame 67: send=0x0 get=0x0 len=2995 coding=1 startqp=0 meanqp=0 picbytes=0 pskip=0 nalus=1 n1:2995
  snapshot f067: 3 venc_ko blocks (pool0 0x73801000 len 0x10000)
src frame 68: srcf=10 off=0 br=2000
frame 68: send=0x0 get=0x0 len=2893 coding=1 startqp=0 meanqp=0 picbytes=0 pskip=0 nalus=1 n1:2893
  snapshot f068: 3 venc_ko blocks (pool0 0x73801000 len 0x10000)
src frame 69: srcf=11 off=0 br=2000
frame 69: send=0x0 get=0x0 len=3047 coding=1 startqp=0 meanqp=0 picbytes=0 pskip=0 nalus=1 n1:3047
  snapshot f069: 3 venc_ko blocks (pool0 0x73801000 len 0x10000)
src frame 70: srcf=12 off=0 br=2000
frame 70: send=0x0 get=0x0 len=2387 coding=1 startqp=0 meanqp=0 picbytes=0 pskip=0 nalus=1 n1:2387
  snapshot f070: 3 venc_ko blocks (pool0 0x73801000 len 0x10000)
src frame 71: srcf=13 off=0 br=2000
frame 71: send=0x0 get=0x0 len=2936 coding=1 startqp=0 meanqp=0 picbytes=0 pskip=0 nalus=1 n1:2936
  snapshot f071: 3 venc_ko blocks (pool0 0x73801000 len 0x10000)
src frame 72: srcf=14 off=0 br=2000
frame 72: send=0x0 get=0x0 len=2834 coding=1 startqp=0 meanqp=0 picbytes=0 pskip=0 nalus=1 n1:2834
  snapshot f072: 3 venc_ko blocks (pool0 0x73801000 len 0x10000)
src frame 73: srcf=15 off=0 br=2000
frame 73: send=0x0 get=0x0 len=2756 coding=1 startqp=0 meanqp=0 picbytes=0 pskip=0 nalus=1 n1:2756
  snapshot f073: 3 venc_ko blocks (pool0 0x73801000 len 0x10000)
src frame 74: srcf=16 off=0 br=2000
frame 74: send=0x0 get=0x0 len=2407 coding=1 startqp=0 meanqp=0 picbytes=0 pskip=0 nalus=1 n1:2407
  snapshot f074: 3 venc_ko blocks (pool0 0x73801000 len 0x10000)
src frame 75: srcf=17 off=0 br=2000
frame 75: send=0x0 get=0x0 len=2779 coding=1 startqp=0 meanqp=0 picbytes=0 pskip=0 nalus=1 n1:2779
  snapshot f075: 3 venc_ko blocks (pool0 0x73801000 len 0x10000)
src frame 76: srcf=18 off=0 br=2000
frame 76: send=0x0 get=0x0 len=2800 coding=1 startqp=0 meanqp=0 picbytes=0 pskip=0 nalus=1 n1:2800
  snapshot f076: 3 venc_ko blocks (pool0 0x73801000 len 0x10000)
src frame 77: srcf=19 off=0 br=2000
frame 77: send=0x0 get=0x0 len=2778 coding=1 startqp=0 meanqp=0 picbytes=0 pskip=0 nalus=1 n1:2778
  snapshot f077: 3 venc_ko blocks (pool0 0x73801000 len 0x10000)
src frame 78: srcf=20 off=0 br=2000
frame 78: send=0x0 get=0x0 len=2529 coding=1 startqp=0 meanqp=0 picbytes=0 pskip=0 nalus=1 n1:2529
  snapshot f078: 3 venc_ko blocks (pool0 0x73801000 len 0x10000)
src frame 79: srcf=21 off=0 br=2000
frame 79: send=0x0 get=0x0 len=2859 coding=1 startqp=0 meanqp=0 picbytes=0 pskip=0 nalus=1 n1:2859
  snapshot f079: 3 venc_ko blocks (pool0 0x73801000 len 0x10000)
src frame 80: srcf=22 off=0 br=2000
frame 80: send=0x0 get=0x0 len=2850 coding=1 startqp=0 meanqp=0 picbytes=0 pskip=0 nalus=1 n1:2850
  snapshot f080: 3 venc_ko blocks (pool0 0x73801000 len 0x10000)
src frame 81: srcf=23 off=0 br=2000
frame 81: send=0x0 get=0x0 len=2813 coding=1 startqp=0 meanqp=0 picbytes=0 pskip=0 nalus=1 n1:2813
  snapshot f081: 3 venc_ko blocks (pool0 0x73801000 len 0x10000)
src frame 82: srcf=24 off=0 br=2000
frame 82: send=0x0 get=0x0 len=2486 coding=1 startqp=0 meanqp=0 picbytes=0 pskip=0 nalus=1 n1:2486
  snapshot f082: 3 venc_ko blocks (pool0 0x73801000 len 0x10000)
src frame 83: srcf=25 off=0 br=2000
frame 83: send=0x0 get=0x0 len=2795 coding=1 startqp=0 meanqp=0 picbytes=0 pskip=0 nalus=1 n1:2795
  snapshot f083: 3 venc_ko blocks (pool0 0x73801000 len 0x10000)
src frame 84: srcf=26 off=0 br=2000
frame 84: send=0x0 get=0x0 len=2841 coding=1 startqp=0 meanqp=0 picbytes=0 pskip=0 nalus=1 n1:2841
  snapshot f084: 3 venc_ko blocks (pool0 0x73801000 len 0x10000)
src frame 85: srcf=27 off=0 br=2000
frame 85: send=0x0 get=0x0 len=2794 coding=1 startqp=0 meanqp=0 picbytes=0 pskip=0 nalus=1 n1:2794
  snapshot f085: 3 venc_ko blocks (pool0 0x73801000 len 0x10000)
src frame 86: srcf=28 off=0 br=2000
frame 86: send=0x0 get=0x0 len=2861 coding=1 startqp=0 meanqp=0 picbytes=0 pskip=0 nalus=1 n1:2861
  snapshot f086: 3 venc_ko blocks (pool0 0x73801000 len 0x10000)
src frame 87: srcf=29 off=0 br=2000
frame 87: send=0x0 get=0x0 len=2505 coding=1 startqp=0 meanqp=0 picbytes=0 pskip=0 nalus=1 n1:2505
  snapshot f087: 3 venc_ko blocks (pool0 0x73801000 len 0x10000)
src frame 88: srcf=28 off=0 br=2000
frame 88: send=0x0 get=0x0 len=2866 coding=1 startqp=0 meanqp=0 picbytes=0 pskip=0 nalus=1 n1:2866
  snapshot f088: 3 venc_ko blocks (pool0 0x73801000 len 0x10000)
src frame 89: srcf=27 off=0 br=2000
frame 89: send=0x0 get=0x0 len=2839 coding=1 startqp=0 meanqp=0 picbytes=0 pskip=0 nalus=1 n1:2839
  snapshot f089: 3 venc_ko blocks (pool0 0x73801000 len 0x10000)
src frame 90: srcf=26 off=0 br=2000
frame 90: send=0x0 get=0x0 len=34367 coding=0 startqp=0 meanqp=0 picbytes=0 pskip=0 nalus=3 n7:32 n8:9 n5:34326
  snapshot f090: 3 venc_ko blocks (pool0 0x73801000 len 0x10000)
src frame 91: srcf=25 off=0 br=2000
frame 91: send=0x0 get=0x0 len=3665 coding=1 startqp=0 meanqp=0 picbytes=0 pskip=0 nalus=1 n1:3665
  snapshot f091: 3 venc_ko blocks (pool0 0x73801000 len 0x10000)
src frame 92: srcf=24 off=0 br=2000
frame 92: send=0x0 get=0x0 len=3703 coding=1 startqp=0 meanqp=0 picbytes=0 pskip=0 nalus=1 n1:3703
  snapshot f092: 3 venc_ko blocks (pool0 0x73801000 len 0x10000)
src frame 93: srcf=23 off=0 br=2000
frame 93: send=0x0 get=0x0 len=3613 coding=1 startqp=0 meanqp=0 picbytes=0 pskip=0 nalus=1 n1:3613
  snapshot f093: 3 venc_ko blocks (pool0 0x73801000 len 0x10000)
src frame 94: srcf=22 off=0 br=2000
frame 94: send=0x0 get=0x0 len=3026 coding=1 startqp=0 meanqp=0 picbytes=0 pskip=0 nalus=1 n1:3026
  snapshot f094: 3 venc_ko blocks (pool0 0x73801000 len 0x10000)
src frame 95: srcf=21 off=0 br=2000
frame 95: send=0x0 get=0x0 len=3608 coding=1 startqp=0 meanqp=0 picbytes=0 pskip=0 nalus=1 n1:3608
  snapshot f095: 3 venc_ko blocks (pool0 0x73801000 len 0x10000)
src frame 96: srcf=20 off=0 br=2000
frame 96: send=0x0 get=0x0 len=3415 coding=1 startqp=0 meanqp=0 picbytes=0 pskip=0 nalus=1 n1:3415
  snapshot f096: 3 venc_ko blocks (pool0 0x73801000 len 0x10000)
src frame 97: srcf=19 off=0 br=2000
frame 97: send=0x0 get=0x0 len=3670 coding=1 startqp=0 meanqp=0 picbytes=0 pskip=0 nalus=1 n1:3670
  snapshot f097: 3 venc_ko blocks (pool0 0x73801000 len 0x10000)
src frame 98: srcf=18 off=0 br=2000
frame 98: send=0x0 get=0x0 len=3445 coding=1 startqp=0 meanqp=0 picbytes=0 pskip=0 nalus=1 n1:3445
  snapshot f098: 3 venc_ko blocks (pool0 0x73801000 len 0x10000)
src frame 99: srcf=17 off=0 br=2000
frame 99: send=0x0 get=0x0 len=3542 coding=1 startqp=0 meanqp=0 picbytes=0 pskip=0 nalus=1 n1:3542
  snapshot f099: 3 venc_ko blocks (pool0 0x73801000 len 0x10000)
src frame 100: srcf=16 off=0 br=2000
frame 100: send=0x0 get=0x0 len=3583 coding=1 startqp=0 meanqp=0 picbytes=0 pskip=0 nalus=1 n1:3583
  snapshot f100: 3 venc_ko blocks (pool0 0x73801000 len 0x10000)
src frame 101: srcf=15 off=0 br=2000
frame 101: send=0x0 get=0x0 len=3349 coding=1 startqp=0 meanqp=0 picbytes=0 pskip=0 nalus=1 n1:3349
  snapshot f101: 3 venc_ko blocks (pool0 0x73801000 len 0x10000)
src frame 102: srcf=14 off=0 br=2000
frame 102: send=0x0 get=0x0 len=3668 coding=1 startqp=0 meanqp=0 picbytes=0 pskip=0 nalus=1 n1:3668
  snapshot f102: 3 venc_ko blocks (pool0 0x73801000 len 0x10000)
src frame 103: srcf=13 off=0 br=2000
frame 103: send=0x0 get=0x0 len=3684 coding=1 startqp=0 meanqp=0 picbytes=0 pskip=0 nalus=1 n1:3684
  snapshot f103: 3 venc_ko blocks (pool0 0x73801000 len 0x10000)
src frame 104: srcf=12 off=0 br=2000
frame 104: send=0x0 get=0x0 len=3302 coding=1 startqp=0 meanqp=0 picbytes=0 pskip=0 nalus=1 n1:3302
  snapshot f104: 3 venc_ko blocks (pool0 0x73801000 len 0x10000)
src frame 105: srcf=11 off=0 br=2000
frame 105: send=0x0 get=0x0 len=3669 coding=1 startqp=0 meanqp=0 picbytes=0 pskip=0 nalus=1 n1:3669
  snapshot f105: 3 venc_ko blocks (pool0 0x73801000 len 0x10000)
src frame 106: srcf=10 off=0 br=2000
frame 106: send=0x0 get=0x0 len=3767 coding=1 startqp=0 meanqp=0 picbytes=0 pskip=0 nalus=1 n1:3767
  snapshot f106: 3 venc_ko blocks (pool0 0x73801000 len 0x10000)
src frame 107: srcf=9 off=0 br=2000
frame 107: send=0x0 get=0x0 len=3158 coding=1 startqp=0 meanqp=0 picbytes=0 pskip=0 nalus=1 n1:3158
  snapshot f107: 3 venc_ko blocks (pool0 0x73801000 len 0x10000)
src frame 108: srcf=8 off=0 br=2000
frame 108: send=0x0 get=0x0 len=3819 coding=1 startqp=0 meanqp=0 picbytes=0 pskip=0 nalus=1 n1:3819
  snapshot f108: 3 venc_ko blocks (pool0 0x73801000 len 0x10000)
src frame 109: srcf=7 off=0 br=2000
frame 109: send=0x0 get=0x0 len=3545 coding=1 startqp=0 meanqp=0 picbytes=0 pskip=0 nalus=1 n1:3545
  snapshot f109: 3 venc_ko blocks (pool0 0x73801000 len 0x10000)
src frame 110: srcf=6 off=0 br=2000
frame 110: send=0x0 get=0x0 len=3834 coding=1 startqp=0 meanqp=0 picbytes=0 pskip=0 nalus=1 n1:3834
  snapshot f110: 3 venc_ko blocks (pool0 0x73801000 len 0x10000)
src frame 111: srcf=5 off=0 br=2000
frame 111: send=0x0 get=0x0 len=3657 coding=1 startqp=0 meanqp=0 picbytes=0 pskip=0 nalus=1 n1:3657
  snapshot f111: 3 venc_ko blocks (pool0 0x73801000 len 0x10000)
src frame 112: srcf=4 off=0 br=2000
frame 112: send=0x0 get=0x0 len=3894 coding=1 startqp=0 meanqp=0 picbytes=0 pskip=0 nalus=1 n1:3894
  snapshot f112: 3 venc_ko blocks (pool0 0x73801000 len 0x10000)
src frame 113: srcf=3 off=0 br=2000
frame 113: send=0x0 get=0x0 len=3754 coding=1 startqp=0 meanqp=0 picbytes=0 pskip=0 nalus=1 n1:3754
  snapshot f113: 3 venc_ko blocks (pool0 0x73801000 len 0x10000)
src frame 114: srcf=2 off=0 br=2000
frame 114: send=0x0 get=0x0 len=3541 coding=1 startqp=0 meanqp=0 picbytes=0 pskip=0 nalus=1 n1:3541
  snapshot f114: 3 venc_ko blocks (pool0 0x73801000 len 0x10000)
src frame 115: srcf=1 off=0 br=2000
frame 115: send=0x0 get=0x0 len=4002 coding=1 startqp=0 meanqp=0 picbytes=0 pskip=0 nalus=1 n1:4002
  snapshot f115: 3 venc_ko blocks (pool0 0x73801000 len 0x10000)
src frame 116: srcf=0 off=0 br=2000
frame 116: send=0x0 get=0x0 len=3785 coding=1 startqp=0 meanqp=0 picbytes=0 pskip=0 nalus=1 n1:3785
  snapshot f116: 3 venc_ko blocks (pool0 0x73801000 len 0x10000)
src frame 117: srcf=1 off=0 br=2000
frame 117: send=0x0 get=0x0 len=4176 coding=1 startqp=0 meanqp=0 picbytes=0 pskip=0 nalus=1 n1:4176
  snapshot f117: 3 venc_ko blocks (pool0 0x73801000 len 0x10000)
src frame 118: srcf=2 off=0 br=2000
frame 118: send=0x0 get=0x0 len=3802 coding=1 startqp=0 meanqp=0 picbytes=0 pskip=0 nalus=1 n1:3802
  snapshot f118: 3 venc_ko blocks (pool0 0x73801000 len 0x10000)
src frame 119: srcf=3 off=0 br=2000
frame 119: send=0x0 get=0x0 len=4461 coding=1 startqp=0 meanqp=0 picbytes=0 pskip=0 nalus=1 n1:4461
  snapshot f119: 3 venc_ko blocks (pool0 0x73801000 len 0x10000)
src frame 120: srcf=4 off=0 br=2000
frame 120: send=0x0 get=0x0 len=38179 coding=0 startqp=0 meanqp=0 picbytes=0 pskip=0 nalus=3 n7:32 n8:9 n5:38138
  snapshot f120: 3 venc_ko blocks (pool0 0x73801000 len 0x10000)
src frame 121: srcf=5 off=0 br=2000
frame 121: send=0x0 get=0x0 len=3156 coding=1 startqp=0 meanqp=0 picbytes=0 pskip=0 nalus=1 n1:3156
  snapshot f121: 3 venc_ko blocks (pool0 0x73801000 len 0x10000)
src frame 122: srcf=6 off=0 br=2000
frame 122: send=0x0 get=0x0 len=2911 coding=1 startqp=0 meanqp=0 picbytes=0 pskip=0 nalus=1 n1:2911
  snapshot f122: 3 venc_ko blocks (pool0 0x73801000 len 0x10000)
src frame 123: srcf=7 off=0 br=2000
frame 123: send=0x0 get=0x0 len=2679 coding=1 startqp=0 meanqp=0 picbytes=0 pskip=0 nalus=1 n1:2679
  snapshot f123: 3 venc_ko blocks (pool0 0x73801000 len 0x10000)
src frame 124: srcf=8 off=0 br=2000
frame 124: send=0x0 get=0x0 len=2508 coding=1 startqp=0 meanqp=0 picbytes=0 pskip=0 nalus=1 n1:2508
  snapshot f124: 3 venc_ko blocks (pool0 0x73801000 len 0x10000)
src frame 125: srcf=9 off=0 br=2000
frame 125: send=0x0 get=0x0 len=2525 coding=1 startqp=0 meanqp=0 picbytes=0 pskip=0 nalus=1 n1:2525
  snapshot f125: 3 venc_ko blocks (pool0 0x73801000 len 0x10000)
src frame 126: srcf=10 off=0 br=2000
frame 126: send=0x0 get=0x0 len=2519 coding=1 startqp=0 meanqp=0 picbytes=0 pskip=0 nalus=1 n1:2519
  snapshot f126: 3 venc_ko blocks (pool0 0x73801000 len 0x10000)
src frame 127: srcf=11 off=0 br=2000
frame 127: send=0x0 get=0x0 len=2515 coding=1 startqp=0 meanqp=0 picbytes=0 pskip=0 nalus=1 n1:2515
  snapshot f127: 3 venc_ko blocks (pool0 0x73801000 len 0x10000)
src frame 128: srcf=12 off=0 br=2000
frame 128: send=0x0 get=0x0 len=2118 coding=1 startqp=0 meanqp=0 picbytes=0 pskip=0 nalus=1 n1:2118
  snapshot f128: 3 venc_ko blocks (pool0 0x73801000 len 0x10000)
src frame 129: srcf=13 off=0 br=2000
frame 129: send=0x0 get=0x0 len=2502 coding=1 startqp=0 meanqp=0 picbytes=0 pskip=0 nalus=1 n1:2502
  snapshot f129: 3 venc_ko blocks (pool0 0x73801000 len 0x10000)
src frame 130: srcf=14 off=0 br=2000
frame 130: send=0x0 get=0x0 len=2382 coding=1 startqp=0 meanqp=0 picbytes=0 pskip=0 nalus=1 n1:2382
  snapshot f130: 3 venc_ko blocks (pool0 0x73801000 len 0x10000)
src frame 131: srcf=15 off=0 br=2000
frame 131: send=0x0 get=0x0 len=2271 coding=1 startqp=0 meanqp=0 picbytes=0 pskip=0 nalus=1 n1:2271
  snapshot f131: 3 venc_ko blocks (pool0 0x73801000 len 0x10000)
src frame 132: srcf=16 off=0 br=2000
frame 132: send=0x0 get=0x0 len=2282 coding=1 startqp=0 meanqp=0 picbytes=0 pskip=0 nalus=1 n1:2282
  snapshot f132: 3 venc_ko blocks (pool0 0x73801000 len 0x10000)
src frame 133: srcf=17 off=0 br=2000
frame 133: send=0x0 get=0x0 len=1990 coding=1 startqp=0 meanqp=0 picbytes=0 pskip=0 nalus=1 n1:1990
  snapshot f133: 3 venc_ko blocks (pool0 0x73801000 len 0x10000)
src frame 134: srcf=18 off=0 br=2000
frame 134: send=0x0 get=0x0 len=2291 coding=1 startqp=0 meanqp=0 picbytes=0 pskip=0 nalus=1 n1:2291
  snapshot f134: 3 venc_ko blocks (pool0 0x73801000 len 0x10000)
src frame 135: srcf=19 off=0 br=2000
frame 135: send=0x0 get=0x0 len=2334 coding=1 startqp=0 meanqp=0 picbytes=0 pskip=0 nalus=1 n1:2334
  snapshot f135: 3 venc_ko blocks (pool0 0x73801000 len 0x10000)
src frame 136: srcf=20 off=0 br=2000
frame 136: send=0x0 get=0x0 len=2362 coding=1 startqp=0 meanqp=0 picbytes=0 pskip=0 nalus=1 n1:2362
  snapshot f136: 3 venc_ko blocks (pool0 0x73801000 len 0x10000)
src frame 137: srcf=21 off=0 br=2000
frame 137: send=0x0 get=0x0 len=2422 coding=1 startqp=0 meanqp=0 picbytes=0 pskip=0 nalus=1 n1:2422
  snapshot f137: 3 venc_ko blocks (pool0 0x73801000 len 0x10000)
src frame 138: srcf=22 off=0 br=2000
frame 138: send=0x0 get=0x0 len=2253 coding=1 startqp=0 meanqp=0 picbytes=0 pskip=0 nalus=1 n1:2253
  snapshot f138: 3 venc_ko blocks (pool0 0x73801000 len 0x10000)
src frame 139: srcf=23 off=0 br=2000
frame 139: send=0x0 get=0x0 len=2302 coding=1 startqp=0 meanqp=0 picbytes=0 pskip=0 nalus=1 n1:2302
  snapshot f139: 3 venc_ko blocks (pool0 0x73801000 len 0x10000)
src frame 140: srcf=24 off=0 br=2000
frame 140: send=0x0 get=0x0 len=2362 coding=1 startqp=0 meanqp=0 picbytes=0 pskip=0 nalus=1 n1:2362
  snapshot f140: 3 venc_ko blocks (pool0 0x73801000 len 0x10000)
src frame 141: srcf=25 off=0 br=2000
frame 141: send=0x0 get=0x0 len=2362 coding=1 startqp=0 meanqp=0 picbytes=0 pskip=0 nalus=1 n1:2362
  snapshot f141: 3 venc_ko blocks (pool0 0x73801000 len 0x10000)
src frame 142: srcf=26 off=0 br=2000
frame 142: send=0x0 get=0x0 len=2174 coding=1 startqp=0 meanqp=0 picbytes=0 pskip=0 nalus=1 n1:2174
  snapshot f142: 3 venc_ko blocks (pool0 0x73801000 len 0x10000)
src frame 143: srcf=27 off=0 br=2000
frame 143: send=0x0 get=0x0 len=2287 coding=1 startqp=0 meanqp=0 picbytes=0 pskip=0 nalus=1 n1:2287
  snapshot f143: 3 venc_ko blocks (pool0 0x73801000 len 0x10000)
src frame 144: srcf=28 off=0 br=2000
frame 144: send=0x0 get=0x0 len=2321 coding=1 startqp=0 meanqp=0 picbytes=0 pskip=0 nalus=1 n1:2321
  snapshot f144: 3 venc_ko blocks (pool0 0x73801000 len 0x10000)
src frame 145: srcf=29 off=0 br=2000
frame 145: send=0x0 get=0x0 len=2339 coding=1 startqp=0 meanqp=0 picbytes=0 pskip=0 nalus=1 n1:2339
  snapshot f145: 3 venc_ko blocks (pool0 0x73801000 len 0x10000)
src frame 146: srcf=28 off=0 br=2000
frame 146: send=0x0 get=0x0 len=2338 coding=1 startqp=0 meanqp=0 picbytes=0 pskip=0 nalus=1 n1:2338
  snapshot f146: 3 venc_ko blocks (pool0 0x73801000 len 0x10000)
src frame 147: srcf=27 off=0 br=2000
frame 147: send=0x0 get=0x0 len=2331 coding=1 startqp=0 meanqp=0 picbytes=0 pskip=0 nalus=1 n1:2331
  snapshot f147: 3 venc_ko blocks (pool0 0x73801000 len 0x10000)
src frame 148: srcf=26 off=0 br=2000
frame 148: send=0x0 get=0x0 len=2295 coding=1 startqp=0 meanqp=0 picbytes=0 pskip=0 nalus=1 n1:2295
  snapshot f148: 3 venc_ko blocks (pool0 0x73801000 len 0x10000)
src frame 149: srcf=25 off=0 br=2000
frame 149: send=0x0 get=0x0 len=2043 coding=1 startqp=0 meanqp=0 picbytes=0 pskip=0 nalus=1 n1:2043
  snapshot f149: 3 venc_ko blocks (pool0 0x73801000 len 0x10000)
src frame 150: srcf=24 off=0 br=2000
frame 150: send=0x0 get=0x0 len=42392 coding=0 startqp=0 meanqp=0 picbytes=0 pskip=0 nalus=3 n7:32 n8:9 n5:42351
  snapshot f150: 3 venc_ko blocks (pool0 0x73801000 len 0x10000)
src frame 151: srcf=23 off=0 br=2000
frame 151: send=0x0 get=0x0 len=3421 coding=1 startqp=0 meanqp=0 picbytes=0 pskip=0 nalus=1 n1:3421
  snapshot f151: 3 venc_ko blocks (pool0 0x73801000 len 0x10000)
src frame 152: srcf=22 off=0 br=2000
frame 152: send=0x0 get=0x0 len=3457 coding=1 startqp=0 meanqp=0 picbytes=0 pskip=0 nalus=1 n1:3457
  snapshot f152: 3 venc_ko blocks (pool0 0x73801000 len 0x10000)
src frame 153: srcf=21 off=0 br=2000
frame 153: send=0x0 get=0x0 len=3468 coding=1 startqp=0 meanqp=0 picbytes=0 pskip=0 nalus=1 n1:3468
  snapshot f153: 3 venc_ko blocks (pool0 0x73801000 len 0x10000)
src frame 154: srcf=20 off=0 br=2000
frame 154: send=0x0 get=0x0 len=3351 coding=1 startqp=0 meanqp=0 picbytes=0 pskip=0 nalus=1 n1:3351
  snapshot f154: 3 venc_ko blocks (pool0 0x73801000 len 0x10000)
src frame 155: srcf=19 off=0 br=2000
frame 155: send=0x0 get=0x0 len=2888 coding=1 startqp=0 meanqp=0 picbytes=0 pskip=0 nalus=1 n1:2888
  snapshot f155: 3 venc_ko blocks (pool0 0x73801000 len 0x10000)
src frame 156: srcf=18 off=0 br=2000
frame 156: send=0x0 get=0x0 len=3396 coding=1 startqp=0 meanqp=0 picbytes=0 pskip=0 nalus=1 n1:3396
  snapshot f156: 3 venc_ko blocks (pool0 0x73801000 len 0x10000)
src frame 157: srcf=17 off=0 br=2000
frame 157: send=0x0 get=0x0 len=3345 coding=1 startqp=0 meanqp=0 picbytes=0 pskip=0 nalus=1 n1:3345
  snapshot f157: 3 venc_ko blocks (pool0 0x73801000 len 0x10000)
src frame 158: srcf=16 off=0 br=2000
frame 158: send=0x0 get=0x0 len=3530 coding=1 startqp=0 meanqp=0 picbytes=0 pskip=0 nalus=1 n1:3530
  snapshot f158: 3 venc_ko blocks (pool0 0x73801000 len 0x10000)
src frame 159: srcf=15 off=0 br=2000
frame 159: send=0x0 get=0x0 len=3493 coding=1 startqp=0 meanqp=0 picbytes=0 pskip=0 nalus=1 n1:3493
  snapshot f159: 3 venc_ko blocks (pool0 0x73801000 len 0x10000)
src frame 160: srcf=14 off=0 br=2000
frame 160: send=0x0 get=0x0 len=2947 coding=1 startqp=0 meanqp=0 picbytes=0 pskip=0 nalus=1 n1:2947
  snapshot f160: 3 venc_ko blocks (pool0 0x73801000 len 0x10000)
src frame 161: srcf=13 off=0 br=2000
frame 161: send=0x0 get=0x0 len=3538 coding=1 startqp=0 meanqp=0 picbytes=0 pskip=0 nalus=1 n1:3538
  snapshot f161: 3 venc_ko blocks (pool0 0x73801000 len 0x10000)
src frame 162: srcf=12 off=0 br=2000
frame 162: send=0x0 get=0x0 len=3399 coding=1 startqp=0 meanqp=0 picbytes=0 pskip=0 nalus=1 n1:3399
  snapshot f162: 3 venc_ko blocks (pool0 0x73801000 len 0x10000)
src frame 163: srcf=11 off=0 br=2000
frame 163: send=0x0 get=0x0 len=3567 coding=1 startqp=0 meanqp=0 picbytes=0 pskip=0 nalus=1 n1:3567
  snapshot f163: 3 venc_ko blocks (pool0 0x73801000 len 0x10000)
src frame 164: srcf=10 off=0 br=2000
frame 164: send=0x0 get=0x0 len=3438 coding=1 startqp=0 meanqp=0 picbytes=0 pskip=0 nalus=1 n1:3438
  snapshot f164: 3 venc_ko blocks (pool0 0x73801000 len 0x10000)
src frame 165: srcf=9 off=0 br=2000
frame 165: send=0x0 get=0x0 len=3068 coding=1 startqp=0 meanqp=0 picbytes=0 pskip=0 nalus=1 n1:3068
  snapshot f165: 3 venc_ko blocks (pool0 0x73801000 len 0x10000)
src frame 166: srcf=8 off=0 br=2000
frame 166: send=0x0 get=0x0 len=3592 coding=1 startqp=0 meanqp=0 picbytes=0 pskip=0 nalus=1 n1:3592
  snapshot f166: 3 venc_ko blocks (pool0 0x73801000 len 0x10000)
src frame 167: srcf=7 off=0 br=2000
frame 167: send=0x0 get=0x0 len=3370 coding=1 startqp=0 meanqp=0 picbytes=0 pskip=0 nalus=1 n1:3370
  snapshot f167: 3 venc_ko blocks (pool0 0x73801000 len 0x10000)
src frame 168: srcf=6 off=0 br=2000
frame 168: send=0x0 get=0x0 len=3595 coding=1 startqp=0 meanqp=0 picbytes=0 pskip=0 nalus=1 n1:3595
  snapshot f168: 3 venc_ko blocks (pool0 0x73801000 len 0x10000)
src frame 169: srcf=5 off=0 br=2000
frame 169: send=0x0 get=0x0 len=3594 coding=1 startqp=0 meanqp=0 picbytes=0 pskip=0 nalus=1 n1:3594
  snapshot f169: 3 venc_ko blocks (pool0 0x73801000 len 0x10000)
src frame 170: srcf=4 off=0 br=2000
frame 170: send=0x0 get=0x0 len=3460 coding=1 startqp=0 meanqp=0 picbytes=0 pskip=0 nalus=1 n1:3460
  snapshot f170: 3 venc_ko blocks (pool0 0x73801000 len 0x10000)
src frame 171: srcf=3 off=0 br=2000
frame 171: send=0x0 get=0x0 len=3609 coding=1 startqp=0 meanqp=0 picbytes=0 pskip=0 nalus=1 n1:3609
  snapshot f171: 3 venc_ko blocks (pool0 0x73801000 len 0x10000)
src frame 172: srcf=2 off=0 br=2000
frame 172: send=0x0 get=0x0 len=3627 coding=1 startqp=0 meanqp=0 picbytes=0 pskip=0 nalus=1 n1:3627
  snapshot f172: 3 venc_ko blocks (pool0 0x73801000 len 0x10000)
src frame 173: srcf=1 off=0 br=2000
frame 173: send=0x0 get=0x0 len=3282 coding=1 startqp=0 meanqp=0 picbytes=0 pskip=0 nalus=1 n1:3282
  snapshot f173: 3 venc_ko blocks (pool0 0x73801000 len 0x10000)
src frame 174: srcf=0 off=0 br=2000
frame 174: send=0x0 get=0x0 len=3726 coding=1 startqp=0 meanqp=0 picbytes=0 pskip=0 nalus=1 n1:3726
  snapshot f174: 3 venc_ko blocks (pool0 0x73801000 len 0x10000)
src frame 175: srcf=1 off=0 br=2000
frame 175: send=0x0 get=0x0 len=3809 coding=1 startqp=0 meanqp=0 picbytes=0 pskip=0 nalus=1 n1:3809
  snapshot f175: 3 venc_ko blocks (pool0 0x73801000 len 0x10000)
src frame 176: srcf=2 off=0 br=2000
frame 176: send=0x0 get=0x0 len=3181 coding=1 startqp=0 meanqp=0 picbytes=0 pskip=0 nalus=1 n1:3181
  snapshot f176: 3 venc_ko blocks (pool0 0x73801000 len 0x10000)
src frame 177: srcf=3 off=0 br=2000
frame 177: send=0x0 get=0x0 len=3931 coding=1 startqp=0 meanqp=0 picbytes=0 pskip=0 nalus=1 n1:3931
  snapshot f177: 3 venc_ko blocks (pool0 0x73801000 len 0x10000)
src frame 178: srcf=4 off=0 br=2000
frame 178: send=0x0 get=0x0 len=3762 coding=1 startqp=0 meanqp=0 picbytes=0 pskip=0 nalus=1 n1:3762
  snapshot f178: 3 venc_ko blocks (pool0 0x73801000 len 0x10000)
src frame 179: srcf=5 off=0 br=2000
frame 179: send=0x0 get=0x0 len=3671 coding=1 startqp=0 meanqp=0 picbytes=0 pskip=0 nalus=1 n1:3671
  snapshot f179: 3 venc_ko blocks (pool0 0x73801000 len 0x10000)
src frame 180: srcf=6 off=0 br=2000
frame 180: send=0x0 get=0x0 len=46571 coding=0 startqp=0 meanqp=0 picbytes=0 pskip=0 nalus=3 n7:32 n8:9 n5:46530
  snapshot f180: 3 venc_ko blocks (pool0 0x73801000 len 0x10000)
src frame 181: srcf=7 off=0 br=2000
frame 181: send=0x0 get=0x0 len=2570 coding=1 startqp=0 meanqp=0 picbytes=0 pskip=0 nalus=1 n1:2570
  snapshot f181: 3 venc_ko blocks (pool0 0x73801000 len 0x10000)
src frame 182: srcf=8 off=0 br=2000
frame 182: send=0x0 get=0x0 len=2332 coding=1 startqp=0 meanqp=0 picbytes=0 pskip=0 nalus=1 n1:2332
  snapshot f182: 3 venc_ko blocks (pool0 0x73801000 len 0x10000)
src frame 183: srcf=9 off=0 br=2000
frame 183: send=0x0 get=0x0 len=2144 coding=1 startqp=0 meanqp=0 picbytes=0 pskip=0 nalus=1 n1:2144
  snapshot f183: 3 venc_ko blocks (pool0 0x73801000 len 0x10000)
src frame 184: srcf=10 off=0 br=2000
frame 184: send=0x0 get=0x0 len=2058 coding=1 startqp=0 meanqp=0 picbytes=0 pskip=0 nalus=1 n1:2058
  snapshot f184: 3 venc_ko blocks (pool0 0x73801000 len 0x10000)
src frame 185: srcf=11 off=0 br=2000
frame 185: send=0x0 get=0x0 len=2050 coding=1 startqp=0 meanqp=0 picbytes=0 pskip=0 nalus=1 n1:2050
  snapshot f185: 3 venc_ko blocks (pool0 0x73801000 len 0x10000)
src frame 186: srcf=12 off=0 br=2000
frame 186: send=0x0 get=0x0 len=2067 coding=1 startqp=0 meanqp=0 picbytes=0 pskip=0 nalus=1 n1:2067
  snapshot f186: 3 venc_ko blocks (pool0 0x73801000 len 0x10000)
src frame 187: srcf=13 off=0 br=2000
frame 187: send=0x0 get=0x0 len=1962 coding=1 startqp=0 meanqp=0 picbytes=0 pskip=0 nalus=1 n1:1962
  snapshot f187: 3 venc_ko blocks (pool0 0x73801000 len 0x10000)
src frame 188: srcf=14 off=0 br=2000
frame 188: send=0x0 get=0x0 len=2043 coding=1 startqp=0 meanqp=0 picbytes=0 pskip=0 nalus=1 n1:2043
  snapshot f188: 3 venc_ko blocks (pool0 0x73801000 len 0x10000)
src frame 189: srcf=15 off=0 br=2000
frame 189: send=0x0 get=0x0 len=1944 coding=1 startqp=0 meanqp=0 picbytes=0 pskip=0 nalus=1 n1:1944
  snapshot f189: 3 venc_ko blocks (pool0 0x73801000 len 0x10000)
src frame 190: srcf=16 off=0 br=2000
frame 190: send=0x0 get=0x0 len=2036 coding=1 startqp=0 meanqp=0 picbytes=0 pskip=0 nalus=1 n1:2036
  snapshot f190: 3 venc_ko blocks (pool0 0x73801000 len 0x10000)
src frame 191: srcf=17 off=0 br=2000
frame 191: send=0x0 get=0x0 len=1890 coding=1 startqp=0 meanqp=0 picbytes=0 pskip=0 nalus=1 n1:1890
  snapshot f191: 3 venc_ko blocks (pool0 0x73801000 len 0x10000)
src frame 192: srcf=18 off=0 br=2000
frame 192: send=0x0 get=0x0 len=1984 coding=1 startqp=0 meanqp=0 picbytes=0 pskip=0 nalus=1 n1:1984
  snapshot f192: 3 venc_ko blocks (pool0 0x73801000 len 0x10000)
src frame 193: srcf=19 off=0 br=2000
frame 193: send=0x0 get=0x0 len=1905 coding=1 startqp=0 meanqp=0 picbytes=0 pskip=0 nalus=1 n1:1905
  snapshot f193: 3 venc_ko blocks (pool0 0x73801000 len 0x10000)
src frame 194: srcf=20 off=0 br=2000
frame 194: send=0x0 get=0x0 len=1860 coding=1 startqp=0 meanqp=0 picbytes=0 pskip=0 nalus=1 n1:1860
  snapshot f194: 3 venc_ko blocks (pool0 0x73801000 len 0x10000)
src frame 195: srcf=21 off=0 br=2000
frame 195: send=0x0 get=0x0 len=1725 coding=1 startqp=0 meanqp=0 picbytes=0 pskip=0 nalus=1 n1:1725
  snapshot f195: 3 venc_ko blocks (pool0 0x73801000 len 0x10000)
src frame 196: srcf=22 off=0 br=2000
frame 196: send=0x0 get=0x0 len=1841 coding=1 startqp=0 meanqp=0 picbytes=0 pskip=0 nalus=1 n1:1841
  snapshot f196: 3 venc_ko blocks (pool0 0x73801000 len 0x10000)
src frame 197: srcf=23 off=0 br=2000
frame 197: send=0x0 get=0x0 len=1957 coding=1 startqp=0 meanqp=0 picbytes=0 pskip=0 nalus=1 n1:1957
  snapshot f197: 3 venc_ko blocks (pool0 0x73801000 len 0x10000)
src frame 198: srcf=24 off=0 br=2000
frame 198: send=0x0 get=0x0 len=1890 coding=1 startqp=0 meanqp=0 picbytes=0 pskip=0 nalus=1 n1:1890
  snapshot f198: 3 venc_ko blocks (pool0 0x73801000 len 0x10000)
src frame 199: srcf=25 off=0 br=2000
frame 199: send=0x0 get=0x0 len=1879 coding=1 startqp=0 meanqp=0 picbytes=0 pskip=0 nalus=1 n1:1879
  snapshot f199: 3 venc_ko blocks (pool0 0x73801000 len 0x10000)
src frame 200: srcf=26 off=0 br=2000
frame 200: send=0x0 get=0x0 len=1859 coding=1 startqp=0 meanqp=0 picbytes=0 pskip=0 nalus=1 n1:1859
  snapshot f200: 3 venc_ko blocks (pool0 0x73801000 len 0x10000)
src frame 201: srcf=27 off=0 br=2000
frame 201: send=0x0 get=0x0 len=1915 coding=1 startqp=0 meanqp=0 picbytes=0 pskip=0 nalus=1 n1:1915
  snapshot f201: 3 venc_ko blocks (pool0 0x73801000 len 0x10000)
src frame 202: srcf=28 off=0 br=2000
frame 202: send=0x0 get=0x0 len=1759 coding=1 startqp=0 meanqp=0 picbytes=0 pskip=0 nalus=1 n1:1759
  snapshot f202: 3 venc_ko blocks (pool0 0x73801000 len 0x10000)
src frame 203: srcf=29 off=0 br=2000
frame 203: send=0x0 get=0x0 len=1849 coding=1 startqp=0 meanqp=0 picbytes=0 pskip=0 nalus=1 n1:1849
  snapshot f203: 3 venc_ko blocks (pool0 0x73801000 len 0x10000)
src frame 204: srcf=28 off=0 br=2000
frame 204: send=0x0 get=0x0 len=1891 coding=1 startqp=0 meanqp=0 picbytes=0 pskip=0 nalus=1 n1:1891
  snapshot f204: 3 venc_ko blocks (pool0 0x73801000 len 0x10000)
src frame 205: srcf=27 off=0 br=2000
frame 205: send=0x0 get=0x0 len=2006 coding=1 startqp=0 meanqp=0 picbytes=0 pskip=0 nalus=1 n1:2006
  snapshot f205: 3 venc_ko blocks (pool0 0x73801000 len 0x10000)
src frame 206: srcf=26 off=0 br=2000
frame 206: send=0x0 get=0x0 len=1767 coding=1 startqp=0 meanqp=0 picbytes=0 pskip=0 nalus=1 n1:1767
  snapshot f206: 3 venc_ko blocks (pool0 0x73801000 len 0x10000)
src frame 207: srcf=25 off=0 br=2000
frame 207: send=0x0 get=0x0 len=1861 coding=1 startqp=0 meanqp=0 picbytes=0 pskip=0 nalus=1 n1:1861
  snapshot f207: 3 venc_ko blocks (pool0 0x73801000 len 0x10000)
src frame 208: srcf=24 off=0 br=2000
frame 208: send=0x0 get=0x0 len=1891 coding=1 startqp=0 meanqp=0 picbytes=0 pskip=0 nalus=1 n1:1891
  snapshot f208: 3 venc_ko blocks (pool0 0x73801000 len 0x10000)
src frame 209: srcf=23 off=0 br=2000
frame 209: send=0x0 get=0x0 len=1922 coding=1 startqp=0 meanqp=0 picbytes=0 pskip=0 nalus=1 n1:1922
  snapshot f209: 3 venc_ko blocks (pool0 0x73801000 len 0x10000)
src frame 210: srcf=22 off=0 br=2000
frame 210: send=0x0 get=0x0 len=51113 coding=0 startqp=0 meanqp=0 picbytes=0 pskip=0 nalus=3 n7:32 n8:9 n5:51072
  snapshot f210: 3 venc_ko blocks (pool0 0x73801000 len 0x10000)
src frame 211: srcf=21 off=0 br=2000
frame 211: send=0x0 get=0x0 len=3356 coding=1 startqp=0 meanqp=0 picbytes=0 pskip=0 nalus=1 n1:3356
  snapshot f211: 3 venc_ko blocks (pool0 0x73801000 len 0x10000)
src frame 212: srcf=20 off=0 br=2000
frame 212: send=0x0 get=0x0 len=3321 coding=1 startqp=0 meanqp=0 picbytes=0 pskip=0 nalus=1 n1:3321
  snapshot f212: 3 venc_ko blocks (pool0 0x73801000 len 0x10000)
src frame 213: srcf=19 off=0 br=2000
frame 213: send=0x0 get=0x0 len=3343 coding=1 startqp=0 meanqp=0 picbytes=0 pskip=0 nalus=1 n1:3343
  snapshot f213: 3 venc_ko blocks (pool0 0x73801000 len 0x10000)
src frame 214: srcf=18 off=0 br=2000
frame 214: send=0x0 get=0x0 len=3315 coding=1 startqp=0 meanqp=0 picbytes=0 pskip=0 nalus=1 n1:3315
  snapshot f214: 3 venc_ko blocks (pool0 0x73801000 len 0x10000)
src frame 215: srcf=17 off=0 br=2000
frame 215: send=0x0 get=0x0 len=3130 coding=1 startqp=0 meanqp=0 picbytes=0 pskip=0 nalus=1 n1:3130
  snapshot f215: 3 venc_ko blocks (pool0 0x73801000 len 0x10000)
src frame 216: srcf=16 off=0 br=2000
frame 216: send=0x0 get=0x0 len=3251 coding=1 startqp=0 meanqp=0 picbytes=0 pskip=0 nalus=1 n1:3251
  snapshot f216: 3 venc_ko blocks (pool0 0x73801000 len 0x10000)
src frame 217: srcf=15 off=0 br=2000
frame 217: send=0x0 get=0x0 len=3332 coding=1 startqp=0 meanqp=0 picbytes=0 pskip=0 nalus=1 n1:3332
  snapshot f217: 3 venc_ko blocks (pool0 0x73801000 len 0x10000)
src frame 218: srcf=14 off=0 br=2000
frame 218: send=0x0 get=0x0 len=2865 coding=1 startqp=0 meanqp=0 picbytes=0 pskip=0 nalus=1 n1:2865
  snapshot f218: 3 venc_ko blocks (pool0 0x73801000 len 0x10000)
src frame 219: srcf=13 off=0 br=2000
frame 219: send=0x0 get=0x0 len=3329 coding=1 startqp=0 meanqp=0 picbytes=0 pskip=0 nalus=1 n1:3329
  snapshot f219: 3 venc_ko blocks (pool0 0x73801000 len 0x10000)
src frame 220: srcf=12 off=0 br=2000
frame 220: send=0x0 get=0x0 len=3366 coding=1 startqp=0 meanqp=0 picbytes=0 pskip=0 nalus=1 n1:3366
  snapshot f220: 3 venc_ko blocks (pool0 0x73801000 len 0x10000)
src frame 221: srcf=11 off=0 br=2000
frame 221: send=0x0 get=0x0 len=3188 coding=1 startqp=0 meanqp=0 picbytes=0 pskip=0 nalus=1 n1:3188
  snapshot f221: 3 venc_ko blocks (pool0 0x73801000 len 0x10000)
src frame 222: srcf=10 off=0 br=2000
frame 222: send=0x0 get=0x0 len=2679 coding=1 startqp=0 meanqp=0 picbytes=0 pskip=0 nalus=1 n1:2679
  snapshot f222: 3 venc_ko blocks (pool0 0x73801000 len 0x10000)
src frame 223: srcf=9 off=0 br=2000
frame 223: send=0x0 get=0x0 len=3286 coding=1 startqp=0 meanqp=0 picbytes=0 pskip=0 nalus=1 n1:3286
  snapshot f223: 3 venc_ko blocks (pool0 0x73801000 len 0x10000)
src frame 224: srcf=8 off=0 br=2000
frame 224: send=0x0 get=0x0 len=3344 coding=1 startqp=0 meanqp=0 picbytes=0 pskip=0 nalus=1 n1:3344
  snapshot f224: 3 venc_ko blocks (pool0 0x73801000 len 0x10000)
src frame 225: srcf=7 off=0 br=2000
frame 225: send=0x0 get=0x0 len=2994 coding=1 startqp=0 meanqp=0 picbytes=0 pskip=0 nalus=1 n1:2994
  snapshot f225: 3 venc_ko blocks (pool0 0x73801000 len 0x10000)
src frame 226: srcf=6 off=0 br=2000
frame 226: send=0x0 get=0x0 len=3375 coding=1 startqp=0 meanqp=0 picbytes=0 pskip=0 nalus=1 n1:3375
  snapshot f226: 3 venc_ko blocks (pool0 0x73801000 len 0x10000)
src frame 227: srcf=5 off=0 br=2000
frame 227: send=0x0 get=0x0 len=3336 coding=1 startqp=0 meanqp=0 picbytes=0 pskip=0 nalus=1 n1:3336
  snapshot f227: 3 venc_ko blocks (pool0 0x73801000 len 0x10000)
src frame 228: srcf=4 off=0 br=2000
frame 228: send=0x0 get=0x0 len=3071 coding=1 startqp=0 meanqp=0 picbytes=0 pskip=0 nalus=1 n1:3071
  snapshot f228: 3 venc_ko blocks (pool0 0x73801000 len 0x10000)
src frame 229: srcf=3 off=0 br=2000
frame 229: send=0x0 get=0x0 len=3424 coding=1 startqp=0 meanqp=0 picbytes=0 pskip=0 nalus=1 n1:3424
  snapshot f229: 3 venc_ko blocks (pool0 0x73801000 len 0x10000)
src frame 230: srcf=2 off=0 br=2000
frame 230: send=0x0 get=0x0 len=3402 coding=1 startqp=0 meanqp=0 picbytes=0 pskip=0 nalus=1 n1:3402
  snapshot f230: 3 venc_ko blocks (pool0 0x73801000 len 0x10000)
src frame 231: srcf=1 off=0 br=2000
frame 231: send=0x0 get=0x0 len=3088 coding=1 startqp=0 meanqp=0 picbytes=0 pskip=0 nalus=1 n1:3088
  snapshot f231: 3 venc_ko blocks (pool0 0x73801000 len 0x10000)
src frame 232: srcf=0 off=0 br=2000
frame 232: send=0x0 get=0x0 len=2994 coding=1 startqp=0 meanqp=0 picbytes=0 pskip=0 nalus=1 n1:2994
  snapshot f232: 3 venc_ko blocks (pool0 0x73801000 len 0x10000)
src frame 233: srcf=1 off=0 br=2000
frame 233: send=0x0 get=0x0 len=2860 coding=1 startqp=0 meanqp=0 picbytes=0 pskip=0 nalus=1 n1:2860
  snapshot f233: 3 venc_ko blocks (pool0 0x73801000 len 0x10000)
src frame 234: srcf=2 off=0 br=2000
frame 234: send=0x0 get=0x0 len=3023 coding=1 startqp=0 meanqp=0 picbytes=0 pskip=0 nalus=1 n1:3023
  snapshot f234: 3 venc_ko blocks (pool0 0x73801000 len 0x10000)
src frame 235: srcf=3 off=0 br=2000
frame 235: send=0x0 get=0x0 len=2799 coding=1 startqp=0 meanqp=0 picbytes=0 pskip=0 nalus=1 n1:2799
  snapshot f235: 3 venc_ko blocks (pool0 0x73801000 len 0x10000)
src frame 236: srcf=4 off=0 br=2000
frame 236: send=0x0 get=0x0 len=2919 coding=1 startqp=0 meanqp=0 picbytes=0 pskip=0 nalus=1 n1:2919
  snapshot f236: 3 venc_ko blocks (pool0 0x73801000 len 0x10000)
src frame 237: srcf=5 off=0 br=2000
frame 237: send=0x0 get=0x0 len=2576 coding=1 startqp=0 meanqp=0 picbytes=0 pskip=0 nalus=1 n1:2576
  snapshot f237: 3 venc_ko blocks (pool0 0x73801000 len 0x10000)
src frame 238: srcf=6 off=0 br=2000
frame 238: send=0x0 get=0x0 len=2822 coding=1 startqp=0 meanqp=0 picbytes=0 pskip=0 nalus=1 n1:2822
  snapshot f238: 3 venc_ko blocks (pool0 0x73801000 len 0x10000)
src frame 239: srcf=7 off=0 br=2000
frame 239: send=0x0 get=0x0 len=3965 coding=1 startqp=0 meanqp=0 picbytes=0 pskip=0 nalus=1 n1:3965
  snapshot f239: 3 venc_ko blocks (pool0 0x73801000 len 0x10000)
---- /proc/ax_proc/venc ----
-------- VENC VERSION ------------------------
[Axera version]: ax_venc V3.0.0_20250319114413 Mar 19 2025 11:58:34 JK

-------- MODULE PARAM ------------------------
MaxChnNum   MaxRoiNum   MaxProcNum  
16          8           16          

-------- VENC CHN ATTR 1 ------------------------
ID    Type    wSrc    hSrc    Strd0   Strd1   maxW    maxH    PixFmt  link  InFifoDep    OutFifoDep   InDbgFifoLen InDbgFifoDep StrmBufSize(KB)
7     h264    1920    1080    3840    0       1920    1080    YUYV422 N     2            2            0            4            4114      
-------- VENC CHN ATTR 2 ------------------------
ID    [CropEn StartX  StartY  CropW   CropH]  Rotation  EncW    EncH    FrmSize      PTS          SeqNum       CompMode     CompLevel    PhyAddr0     PhyAddr1     PhyAddr2     
7     N       0       0       0       0       0         1920    1080    4147200      3283333      198          NONE         0            742d1000     0            0            
-------- VENC RC ATTR 1 ------------------------
ID    RcMode    SrcFr   DstFr   Br(kbps)  MinQp   MaxQp   MinIQp  MaxIQp  IQpDelta  IpropMax   IpropMin   StartQp    QpDltRng   DeBrQpDlt  SvcEn   ChgPos  StillPercent MaxStillQp 
7     CBR       60.00   60.00   2000      10      51      10      51      0         40         10         -1         2          0          False   -       -            -          
-------- VENC RC ATTR 2  -----------------------
ID    QMapQpType  QMapUnit    QMapBlkType IQp   PQp   MinQpDelta MaxQpDelta MaxBitRate shtStaTime ltStaTime  ltMinBr  ltMaxBr  Br_ST(kbps)    Br_LT(kbps)    
7     N/A         64x64       N/A         -     -     -          -          -          -          -          -        -        -              -              
-------- VENC GOP ATTR  ------------------------
ID    GopMode   Gop   GopVI 
7     NormalP   30    0     
-------- VENC STATUS 1 -------------------------
ID    RJEn         RJThr(bps)   RJMode       RJEncGaps    SupFrmEn     SupPri       SupThrI      SupThrP      SplitEn      SliceNum     Range(In)    Range(out)   
7     N            0            Normal       0            N            0            500000       500000       N            0            Full         Full         
-------- VENC STATUS 2 -------------------------
ID    ChnStat   FrmRecv   FrmRls    FrmEnc    FrmDrop   FrmDup    EncFail   MissMatch StrmGet   StrmRls   OutFps    RealBr    ReEncCnt  DropCnt   BlkFail   GrpID     PID     TID     ThNum   RefInc    RefDec    Fail1   Fail2   Fail3   Fail4   
7     STARTED   198       197       197       0         0         0         0         197       197       50.00     1809.82   0         0         0         -1        130302  130306  1       198       197       0       0       0       0       
-------- VENC HW STATUS  ------------------------
ID    OverFlow     TimeOut      
7     0            0            
-------- VENC ROI INFO  ------------------------
ID    Index        bEnable      bAbsQp       RoiQP        Width        Height       StartX       StartY       
done h264_static2000
