# vdrive tag=moving 1920x1080 rc=cbr br=8000 fps=60/60 gop=30 iqp=32 pqp=32 profile=10 level=51 qp[10..51] iqp[10..51] iqd=0 firstqp=-1 iprop[10..40] idrrange=2 stattime=1 vq=0 ir=0/0 slice=0 debreath=0 scd=-1 rowqpd=-1 move=1 nframes=6
AX_SYS_Init rc=0x0
AX_VENC_Init rc=0x0
AX_VENC_CreateChn(7) rc=0x0
StartRecvFrame rc=0x0
AX_POOL_CreatePool id=0x0
blk=0x5e000000 phys=0x742fc000 virt=0xffff828ec000
  snapshot pre: 3 venc_ko blocks (pool0 0x7382c000 len 0x10000)
frame 0: send=0x0 get=0x0 len=9677 coding=0 startqp=0 meanqp=0 picbytes=0 pskip=0 nalus=3 n7:32 n8:8 n5:9637
  snapshot IDR: 3 venc_ko blocks (pool0 0x7382c000 len 0x10000)
frame 1: send=0x0 get=0x0 len=6181 coding=1 startqp=0 meanqp=0 picbytes=0 pskip=0 nalus=1 n1:6181
  snapshot P: 3 venc_ko blocks (pool0 0x7382c000 len 0x10000)
frame 2: send=0x0 get=0x0 len=14747 coding=1 startqp=0 meanqp=0 picbytes=0 pskip=0 nalus=1 n1:14747
frame 3: send=0x0 get=0x0 len=11594 coding=1 startqp=0 meanqp=0 picbytes=0 pskip=0 nalus=1 n1:11594
frame 4: send=0x0 get=0x0 len=17453 coding=1 startqp=0 meanqp=0 picbytes=0 pskip=0 nalus=1 n1:17453
frame 5: send=0x0 get=0x0 len=6133 coding=1 startqp=0 meanqp=0 picbytes=0 pskip=0 nalus=1 n1:6133
---- /proc/ax_proc/venc ----
-------- VENC VERSION ------------------------
[Axera version]: ax_venc V3.0.0_20250319114413 Mar 19 2025 11:58:34 JK

-------- MODULE PARAM ------------------------
MaxChnNum   MaxRoiNum   MaxProcNum  
16          8           16          

done moving
