# vdrive tag=slice8 1920x1080 rc=cbr br=8000 fps=60/60 gop=30 iqp=32 pqp=32 profile=10 level=51 qp[10..51] iqp[10..51] iqd=0 firstqp=-1 iprop[10..40] idrrange=2 stattime=1 vq=0 ir=0/0 slice=8 debreath=0 scd=-1 rowqpd=-1 move=0 nframes=6
AX_SYS_Init rc=0x0
AX_VENC_Init rc=0x0
AX_VENC_CreateChn(7) rc=0x0
SetSliceSplit(8) rc=0x0
StartRecvFrame rc=0x0
AX_POOL_CreatePool id=0x0
blk=0x5e000000 phys=0x742fc000 virt=0xffffa691c000
  snapshot pre: 3 venc_ko blocks (pool0 0x7382c000 len 0x10000)
frame 0: send=0x0 get=0x0 len=3815 coding=0 startqp=0 meanqp=0 picbytes=0 pskip=0 nalus=11 n7:32 n8:8 n5:430 n5:432 n5:433 n5:433 n5:433 n5:433 n5:433 n5:433 n5:315
  snapshot IDR: 3 venc_ko blocks (pool0 0x7382c000 len 0x10000)
frame 1: send=0x0 get=0x0 len=2262 coding=1 startqp=0 meanqp=0 picbytes=0 pskip=0 nalus=9 n1:231 n1:262 n1:262 n1:263 n1:263 n1:263 n1:263 n1:263 n1:192
  snapshot P: 3 venc_ko blocks (pool0 0x7382c000 len 0x10000)
frame 2: send=0x0 get=0x0 len=2675 coding=1 startqp=0 meanqp=0 picbytes=0 pskip=0 nalus=9 n1:310 n1:306 n1:306 n1:306 n1:306 n1:307 n1:307 n1:307 n1:220
frame 3: send=0x0 get=0x0 len=1973 coding=1 startqp=0 meanqp=0 picbytes=0 pskip=0 nalus=9 n1:221 n1:226 n1:226 n1:226 n1:226 n1:226 n1:226 n1:226 n1:170
frame 4: send=0x0 get=0x0 len=2365 coding=1 startqp=0 meanqp=0 picbytes=0 pskip=0 nalus=9 n1:255 n1:277 n1:277 n1:277 n1:277 n1:278 n1:278 n1:278 n1:168
frame 5: send=0x0 get=0x0 len=2047 coding=1 startqp=0 meanqp=0 picbytes=0 pskip=0 nalus=9 n1:202 n1:241 n1:241 n1:242 n1:242 n1:242 n1:242 n1:242 n1:153
---- /proc/ax_proc/venc ----
-------- VENC VERSION ------------------------
[Axera version]: ax_venc V3.0.0_20250319114413 Mar 19 2025 11:58:34 JK

-------- MODULE PARAM ------------------------
MaxChnNum   MaxRoiNum   MaxProcNum  
16          8           16          

done slice8
