# vdrive tag=h264_phase8000 codec=h264 1920x1080 rc=cbr br=8000 fps=60/60 gop=30 gopmode=normalp ltrint=0 ltrqpo=0 iqp=32 pqp=32 profile=10 level=51 tier=0 qp[10..51] iqp[10..51] iqd=0 firstqp=-1 iprop[10..40] idrrange=2 stattime=1 vq=0 ir=0/0 slice=0 debreath=0 scd=-1 rowqpd=-1 vui=-1 move=0 nframes=270
src=/root/rc65/clips/static.yuyv frames=30 loop=pingpong motion=vscroll mstep=4 window=90..180
AX_SYS_Init rc=0x0
AX_VENC_Init rc=0x0
AX_VENC_CreateChn(7) rc=0x0
StartRecvFrame rc=0x0
AX_POOL_CreatePool id=0x0
blk=0x5e000000 phys=0x742d1000 virt=0xffff8fa35000
frame: modid=0x11 stride=1920 fmt=0xd
  snapshot pre: 3 venc_ko blocks (pool0 0x73801000 len 0x10000)
src frame 0: srcf=0 off=0 br=8000
frame 0: send=0x0 get=0x0 len=30842 coding=0 startqp=0 meanqp=0 picbytes=0 pskip=0 nalus=3 n7:32 n8:8 n5:30802
  snapshot f000: 3 venc_ko blocks (pool0 0x73801000 len 0x10000)
src frame 1: srcf=1 off=0 br=8000
frame 1: send=0x0 get=0x0 len=8800 coding=1 startqp=0 meanqp=0 picbytes=0 pskip=0 nalus=1 n1:8800
  snapshot f001: 3 venc_ko blocks (pool0 0x73801000 len 0x10000)
src frame 2: srcf=2 off=0 br=8000
frame 2: send=0x0 get=0x0 len=10590 coding=1 startqp=0 meanqp=0 picbytes=0 pskip=0 nalus=1 n1:10590
  snapshot f002: 3 venc_ko blocks (pool0 0x73801000 len 0x10000)
src frame 3: srcf=3 off=0 br=8000
frame 3: send=0x0 get=0x0 len=7117 coding=1 startqp=0 meanqp=0 picbytes=0 pskip=0 nalus=1 n1:7117
  snapshot f003: 3 venc_ko blocks (pool0 0x73801000 len 0x10000)
src frame 4: srcf=4 off=0 br=8000
frame 4: send=0x0 get=0x0 len=7369 coding=1 startqp=0 meanqp=0 picbytes=0 pskip=0 nalus=1 n1:7369
  snapshot f004: 3 venc_ko blocks (pool0 0x73801000 len 0x10000)
src frame 5: srcf=5 off=0 br=8000
frame 5: send=0x0 get=0x0 len=7015 coding=1 startqp=0 meanqp=0 picbytes=0 pskip=0 nalus=1 n1:7015
  snapshot f005: 3 venc_ko blocks (pool0 0x73801000 len 0x10000)
src frame 6: srcf=6 off=0 br=8000
frame 6: send=0x0 get=0x0 len=7704 coding=1 startqp=0 meanqp=0 picbytes=0 pskip=0 nalus=1 n1:7704
  snapshot f006: 3 venc_ko blocks (pool0 0x73801000 len 0x10000)
src frame 7: srcf=7 off=0 br=8000
frame 7: send=0x0 get=0x0 len=7509 coding=1 startqp=0 meanqp=0 picbytes=0 pskip=0 nalus=1 n1:7509
  snapshot f007: 3 venc_ko blocks (pool0 0x73801000 len 0x10000)
src frame 8: srcf=8 off=0 br=8000
frame 8: send=0x0 get=0x0 len=8423 coding=1 startqp=0 meanqp=0 picbytes=0 pskip=0 nalus=1 n1:8423
  snapshot f008: 3 venc_ko blocks (pool0 0x73801000 len 0x10000)
src frame 9: srcf=9 off=0 br=8000
frame 9: send=0x0 get=0x0 len=8053 coding=1 startqp=0 meanqp=0 picbytes=0 pskip=0 nalus=1 n1:8053
  snapshot f009: 3 venc_ko blocks (pool0 0x73801000 len 0x10000)
src frame 10: srcf=10 off=0 br=8000
frame 10: send=0x0 get=0x0 len=8328 coding=1 startqp=0 meanqp=0 picbytes=0 pskip=0 nalus=1 n1:8328
  snapshot f010: 3 venc_ko blocks (pool0 0x73801000 len 0x10000)
src frame 11: srcf=11 off=0 br=8000
frame 11: send=0x0 get=0x0 len=7994 coding=1 startqp=0 meanqp=0 picbytes=0 pskip=0 nalus=1 n1:7994
  snapshot f011: 3 venc_ko blocks (pool0 0x73801000 len 0x10000)
src frame 12: srcf=12 off=0 br=8000
frame 12: send=0x0 get=0x0 len=8543 coding=1 startqp=0 meanqp=0 picbytes=0 pskip=0 nalus=1 n1:8543
  snapshot f012: 3 venc_ko blocks (pool0 0x73801000 len 0x10000)
src frame 13: srcf=13 off=0 br=8000
frame 13: send=0x0 get=0x0 len=8707 coding=1 startqp=0 meanqp=0 picbytes=0 pskip=0 nalus=1 n1:8707
  snapshot f013: 3 venc_ko blocks (pool0 0x73801000 len 0x10000)
src frame 14: srcf=14 off=0 br=8000
frame 14: send=0x0 get=0x0 len=9688 coding=1 startqp=0 meanqp=0 picbytes=0 pskip=0 nalus=1 n1:9688
  snapshot f014: 3 venc_ko blocks (pool0 0x73801000 len 0x10000)
src frame 15: srcf=15 off=0 br=8000
frame 15: send=0x0 get=0x0 len=3296 coding=1 startqp=0 meanqp=0 picbytes=0 pskip=0 nalus=1 n1:3296
  snapshot f015: 3 venc_ko blocks (pool0 0x73801000 len 0x10000)
src frame 16: srcf=16 off=0 br=8000
frame 16: send=0x0 get=0x0 len=2074 coding=1 startqp=0 meanqp=0 picbytes=0 pskip=0 nalus=1 n1:2074
  snapshot f016: 3 venc_ko blocks (pool0 0x73801000 len 0x10000)
src frame 17: srcf=17 off=0 br=8000
frame 17: send=0x0 get=0x0 len=1920 coding=1 startqp=0 meanqp=0 picbytes=0 pskip=0 nalus=1 n1:1920
  snapshot f017: 3 venc_ko blocks (pool0 0x73801000 len 0x10000)
src frame 18: srcf=18 off=0 br=8000
frame 18: send=0x0 get=0x0 len=1890 coding=1 startqp=0 meanqp=0 picbytes=0 pskip=0 nalus=1 n1:1890
  snapshot f018: 3 venc_ko blocks (pool0 0x73801000 len 0x10000)
src frame 19: srcf=19 off=0 br=8000
frame 19: send=0x0 get=0x0 len=1890 coding=1 startqp=0 meanqp=0 picbytes=0 pskip=0 nalus=1 n1:1890
  snapshot f019: 3 venc_ko blocks (pool0 0x73801000 len 0x10000)
src frame 20: srcf=20 off=0 br=8000
frame 20: send=0x0 get=0x0 len=1890 coding=1 startqp=0 meanqp=0 picbytes=0 pskip=0 nalus=1 n1:1890
  snapshot f020: 3 venc_ko blocks (pool0 0x73801000 len 0x10000)
src frame 21: srcf=21 off=0 br=8000
frame 21: send=0x0 get=0x0 len=1890 coding=1 startqp=0 meanqp=0 picbytes=0 pskip=0 nalus=1 n1:1890
  snapshot f021: 3 venc_ko blocks (pool0 0x73801000 len 0x10000)
src frame 22: srcf=22 off=0 br=8000
frame 22: send=0x0 get=0x0 len=1890 coding=1 startqp=0 meanqp=0 picbytes=0 pskip=0 nalus=1 n1:1890
  snapshot f022: 3 venc_ko blocks (pool0 0x73801000 len 0x10000)
src frame 23: srcf=23 off=0 br=8000
frame 23: send=0x0 get=0x0 len=1890 coding=1 startqp=0 meanqp=0 picbytes=0 pskip=0 nalus=1 n1:1890
  snapshot f023: 3 venc_ko blocks (pool0 0x73801000 len 0x10000)
src frame 24: srcf=24 off=0 br=8000
frame 24: send=0x0 get=0x0 len=1890 coding=1 startqp=0 meanqp=0 picbytes=0 pskip=0 nalus=1 n1:1890
  snapshot f024: 3 venc_ko blocks (pool0 0x73801000 len 0x10000)
src frame 25: srcf=25 off=0 br=8000
frame 25: send=0x0 get=0x0 len=1890 coding=1 startqp=0 meanqp=0 picbytes=0 pskip=0 nalus=1 n1:1890
  snapshot f025: 3 venc_ko blocks (pool0 0x73801000 len 0x10000)
src frame 26: srcf=26 off=0 br=8000
frame 26: send=0x0 get=0x0 len=1890 coding=1 startqp=0 meanqp=0 picbytes=0 pskip=0 nalus=1 n1:1890
  snapshot f026: 3 venc_ko blocks (pool0 0x73801000 len 0x10000)
src frame 27: srcf=27 off=0 br=8000
frame 27: send=0x0 get=0x0 len=1890 coding=1 startqp=0 meanqp=0 picbytes=0 pskip=0 nalus=1 n1:1890
  snapshot f027: 3 venc_ko blocks (pool0 0x73801000 len 0x10000)
src frame 28: srcf=28 off=0 br=8000
frame 28: send=0x0 get=0x0 len=1890 coding=1 startqp=0 meanqp=0 picbytes=0 pskip=0 nalus=1 n1:1890
  snapshot f028: 3 venc_ko blocks (pool0 0x73801000 len 0x10000)
src frame 29: srcf=29 off=0 br=8000
frame 29: send=0x0 get=0x0 len=1890 coding=1 startqp=0 meanqp=0 picbytes=0 pskip=0 nalus=1 n1:1890
  snapshot f029: 3 venc_ko blocks (pool0 0x73801000 len 0x10000)
src frame 30: srcf=28 off=0 br=8000
frame 30: send=0x0 get=0x0 len=34365 coding=0 startqp=0 meanqp=0 picbytes=0 pskip=0 nalus=3 n7:32 n8:8 n5:34325
  snapshot f030: 3 venc_ko blocks (pool0 0x73801000 len 0x10000)
src frame 31: srcf=27 off=0 br=8000
frame 31: send=0x0 get=0x0 len=9961 coding=1 startqp=0 meanqp=0 picbytes=0 pskip=0 nalus=1 n1:9961
  snapshot f031: 3 venc_ko blocks (pool0 0x73801000 len 0x10000)
src frame 32: srcf=26 off=0 br=8000
frame 32: send=0x0 get=0x0 len=6692 coding=1 startqp=0 meanqp=0 picbytes=0 pskip=0 nalus=1 n1:6692
  snapshot f032: 3 venc_ko blocks (pool0 0x73801000 len 0x10000)
src frame 33: srcf=25 off=0 br=8000
frame 33: send=0x0 get=0x0 len=6877 coding=1 startqp=0 meanqp=0 picbytes=0 pskip=0 nalus=1 n1:6877
  snapshot f033: 3 venc_ko blocks (pool0 0x73801000 len 0x10000)
src frame 34: srcf=24 off=0 br=8000
frame 34: send=0x0 get=0x0 len=7132 coding=1 startqp=0 meanqp=0 picbytes=0 pskip=0 nalus=1 n1:7132
  snapshot f034: 3 venc_ko blocks (pool0 0x73801000 len 0x10000)
src frame 35: srcf=23 off=0 br=8000
frame 35: send=0x0 get=0x0 len=7252 coding=1 startqp=0 meanqp=0 picbytes=0 pskip=0 nalus=1 n1:7252
  snapshot f035: 3 venc_ko blocks (pool0 0x73801000 len 0x10000)
src frame 36: srcf=22 off=0 br=8000
frame 36: send=0x0 get=0x0 len=7418 coding=1 startqp=0 meanqp=0 picbytes=0 pskip=0 nalus=1 n1:7418
  snapshot f036: 3 venc_ko blocks (pool0 0x73801000 len 0x10000)
src frame 37: srcf=21 off=0 br=8000
frame 37: send=0x0 get=0x0 len=8150 coding=1 startqp=0 meanqp=0 picbytes=0 pskip=0 nalus=1 n1:8150
  snapshot f037: 3 venc_ko blocks (pool0 0x73801000 len 0x10000)
src frame 38: srcf=20 off=0 br=8000
frame 38: send=0x0 get=0x0 len=8088 coding=1 startqp=0 meanqp=0 picbytes=0 pskip=0 nalus=1 n1:8088
  snapshot f038: 3 venc_ko blocks (pool0 0x73801000 len 0x10000)
src frame 39: srcf=19 off=0 br=8000
frame 39: send=0x0 get=0x0 len=8545 coding=1 startqp=0 meanqp=0 picbytes=0 pskip=0 nalus=1 n1:8545
  snapshot f039: 3 venc_ko blocks (pool0 0x73801000 len 0x10000)
src frame 40: srcf=18 off=0 br=8000
frame 40: send=0x0 get=0x0 len=8285 coding=1 startqp=0 meanqp=0 picbytes=0 pskip=0 nalus=1 n1:8285
  snapshot f040: 3 venc_ko blocks (pool0 0x73801000 len 0x10000)
src frame 41: srcf=17 off=0 br=8000
frame 41: send=0x0 get=0x0 len=8974 coding=1 startqp=0 meanqp=0 picbytes=0 pskip=0 nalus=1 n1:8974
  snapshot f041: 3 venc_ko blocks (pool0 0x73801000 len 0x10000)
src frame 42: srcf=16 off=0 br=8000
frame 42: send=0x0 get=0x0 len=9243 coding=1 startqp=0 meanqp=0 picbytes=0 pskip=0 nalus=1 n1:9243
  snapshot f042: 3 venc_ko blocks (pool0 0x73801000 len 0x10000)
src frame 43: srcf=15 off=0 br=8000
frame 43: send=0x0 get=0x0 len=9735 coding=1 startqp=0 meanqp=0 picbytes=0 pskip=0 nalus=1 n1:9735
  snapshot f043: 3 venc_ko blocks (pool0 0x73801000 len 0x10000)
src frame 44: srcf=14 off=0 br=8000
frame 44: send=0x0 get=0x0 len=10224 coding=1 startqp=0 meanqp=0 picbytes=0 pskip=0 nalus=1 n1:10224
  snapshot f044: 3 venc_ko blocks (pool0 0x73801000 len 0x10000)
src frame 45: srcf=13 off=0 br=8000
frame 45: send=0x0 get=0x0 len=4027 coding=1 startqp=0 meanqp=0 picbytes=0 pskip=0 nalus=1 n1:4027
  snapshot f045: 3 venc_ko blocks (pool0 0x73801000 len 0x10000)
src frame 46: srcf=12 off=0 br=8000
frame 46: send=0x0 get=0x0 len=2563 coding=1 startqp=0 meanqp=0 picbytes=0 pskip=0 nalus=1 n1:2563
  snapshot f046: 3 venc_ko blocks (pool0 0x73801000 len 0x10000)
src frame 47: srcf=11 off=0 br=8000
frame 47: send=0x0 get=0x0 len=2371 coding=1 startqp=0 meanqp=0 picbytes=0 pskip=0 nalus=1 n1:2371
  snapshot f047: 3 venc_ko blocks (pool0 0x73801000 len 0x10000)
src frame 48: srcf=10 off=0 br=8000
frame 48: send=0x0 get=0x0 len=2328 coding=1 startqp=0 meanqp=0 picbytes=0 pskip=0 nalus=1 n1:2328
  snapshot f048: 3 venc_ko blocks (pool0 0x73801000 len 0x10000)
src frame 49: srcf=9 off=0 br=8000
frame 49: send=0x0 get=0x0 len=2299 coding=1 startqp=0 meanqp=0 picbytes=0 pskip=0 nalus=1 n1:2299
  snapshot f049: 3 venc_ko blocks (pool0 0x73801000 len 0x10000)
src frame 50: srcf=8 off=0 br=8000
frame 50: send=0x0 get=0x0 len=2315 coding=1 startqp=0 meanqp=0 picbytes=0 pskip=0 nalus=1 n1:2315
  snapshot f050: 3 venc_ko blocks (pool0 0x73801000 len 0x10000)
src frame 51: srcf=7 off=0 br=8000
frame 51: send=0x0 get=0x0 len=2285 coding=1 startqp=0 meanqp=0 picbytes=0 pskip=0 nalus=1 n1:2285
  snapshot f051: 3 venc_ko blocks (pool0 0x73801000 len 0x10000)
src frame 52: srcf=6 off=0 br=8000
frame 52: send=0x0 get=0x0 len=2294 coding=1 startqp=0 meanqp=0 picbytes=0 pskip=0 nalus=1 n1:2294
  snapshot f052: 3 venc_ko blocks (pool0 0x73801000 len 0x10000)
src frame 53: srcf=5 off=0 br=8000
frame 53: send=0x0 get=0x0 len=2285 coding=1 startqp=0 meanqp=0 picbytes=0 pskip=0 nalus=1 n1:2285
  snapshot f053: 3 venc_ko blocks (pool0 0x73801000 len 0x10000)
src frame 54: srcf=4 off=0 br=8000
frame 54: send=0x0 get=0x0 len=2294 coding=1 startqp=0 meanqp=0 picbytes=0 pskip=0 nalus=1 n1:2294
  snapshot f054: 3 venc_ko blocks (pool0 0x73801000 len 0x10000)
src frame 55: srcf=3 off=0 br=8000
frame 55: send=0x0 get=0x0 len=2285 coding=1 startqp=0 meanqp=0 picbytes=0 pskip=0 nalus=1 n1:2285
  snapshot f055: 3 venc_ko blocks (pool0 0x73801000 len 0x10000)
src frame 56: srcf=2 off=0 br=8000
frame 56: send=0x0 get=0x0 len=2294 coding=1 startqp=0 meanqp=0 picbytes=0 pskip=0 nalus=1 n1:2294
  snapshot f056: 3 venc_ko blocks (pool0 0x73801000 len 0x10000)
src frame 57: srcf=1 off=0 br=8000
frame 57: send=0x0 get=0x0 len=2285 coding=1 startqp=0 meanqp=0 picbytes=0 pskip=0 nalus=1 n1:2285
  snapshot f057: 3 venc_ko blocks (pool0 0x73801000 len 0x10000)
src frame 58: srcf=0 off=0 br=8000
frame 58: send=0x0 get=0x0 len=2294 coding=1 startqp=0 meanqp=0 picbytes=0 pskip=0 nalus=1 n1:2294
  snapshot f058: 3 venc_ko blocks (pool0 0x73801000 len 0x10000)
src frame 59: srcf=1 off=0 br=8000
frame 59: send=0x0 get=0x0 len=2285 coding=1 startqp=0 meanqp=0 picbytes=0 pskip=0 nalus=1 n1:2285
  snapshot f059: 3 venc_ko blocks (pool0 0x73801000 len 0x10000)
src frame 60: srcf=2 off=0 br=8000
frame 60: send=0x0 get=0x0 len=38177 coding=0 startqp=0 meanqp=0 picbytes=0 pskip=0 nalus=3 n7:32 n8:8 n5:38137
  snapshot f060: 3 venc_ko blocks (pool0 0x73801000 len 0x10000)
src frame 61: srcf=3 off=0 br=8000
frame 61: send=0x0 get=0x0 len=10707 coding=1 startqp=0 meanqp=0 picbytes=0 pskip=0 nalus=1 n1:10707
  snapshot f061: 3 venc_ko blocks (pool0 0x73801000 len 0x10000)
src frame 62: srcf=4 off=0 br=8000
frame 62: send=0x0 get=0x0 len=7234 coding=1 startqp=0 meanqp=0 picbytes=0 pskip=0 nalus=1 n1:7234
  snapshot f062: 3 venc_ko blocks (pool0 0x73801000 len 0x10000)
src frame 63: srcf=5 off=0 br=8000
frame 63: send=0x0 get=0x0 len=7484 coding=1 startqp=0 meanqp=0 picbytes=0 pskip=0 nalus=1 n1:7484
  snapshot f063: 3 venc_ko blocks (pool0 0x73801000 len 0x10000)
src frame 64: srcf=6 off=0 br=8000
frame 64: send=0x0 get=0x0 len=7439 coding=1 startqp=0 meanqp=0 picbytes=0 pskip=0 nalus=1 n1:7439
  snapshot f064: 3 venc_ko blocks (pool0 0x73801000 len 0x10000)
src frame 65: srcf=7 off=0 br=8000
frame 65: send=0x0 get=0x0 len=7761 coding=1 startqp=0 meanqp=0 picbytes=0 pskip=0 nalus=1 n1:7761
  snapshot f065: 3 venc_ko blocks (pool0 0x73801000 len 0x10000)
src frame 66: srcf=8 off=0 br=8000
frame 66: send=0x0 get=0x0 len=7899 coding=1 startqp=0 meanqp=0 picbytes=0 pskip=0 nalus=1 n1:7899
  snapshot f066: 3 venc_ko blocks (pool0 0x73801000 len 0x10000)
src frame 67: srcf=9 off=0 br=8000
frame 67: send=0x0 get=0x0 len=8632 coding=1 startqp=0 meanqp=0 picbytes=0 pskip=0 nalus=1 n1:8632
  snapshot f067: 3 venc_ko blocks (pool0 0x73801000 len 0x10000)
src frame 68: srcf=10 off=0 br=8000
frame 68: send=0x0 get=0x0 len=8788 coding=1 startqp=0 meanqp=0 picbytes=0 pskip=0 nalus=1 n1:8788
  snapshot f068: 3 venc_ko blocks (pool0 0x73801000 len 0x10000)
src frame 69: srcf=11 off=0 br=8000
frame 69: send=0x0 get=0x0 len=8914 coding=1 startqp=0 meanqp=0 picbytes=0 pskip=0 nalus=1 n1:8914
  snapshot f069: 3 venc_ko blocks (pool0 0x73801000 len 0x10000)
src frame 70: srcf=12 off=0 br=8000
frame 70: send=0x0 get=0x0 len=8745 coding=1 startqp=0 meanqp=0 picbytes=0 pskip=0 nalus=1 n1:8745
  snapshot f070: 3 venc_ko blocks (pool0 0x73801000 len 0x10000)
src frame 71: srcf=13 off=0 br=8000
frame 71: send=0x0 get=0x0 len=9101 coding=1 startqp=0 meanqp=0 picbytes=0 pskip=0 nalus=1 n1:9101
  snapshot f071: 3 venc_ko blocks (pool0 0x73801000 len 0x10000)
src frame 72: srcf=14 off=0 br=8000
frame 72: send=0x0 get=0x0 len=9267 coding=1 startqp=0 meanqp=0 picbytes=0 pskip=0 nalus=1 n1:9267
  snapshot f072: 3 venc_ko blocks (pool0 0x73801000 len 0x10000)
src frame 73: srcf=15 off=0 br=8000
frame 73: send=0x0 get=0x0 len=3593 coding=1 startqp=0 meanqp=0 picbytes=0 pskip=0 nalus=1 n1:3593
  snapshot f073: 3 venc_ko blocks (pool0 0x73801000 len 0x10000)
src frame 74: srcf=16 off=0 br=8000
frame 74: send=0x0 get=0x0 len=2478 coding=1 startqp=0 meanqp=0 picbytes=0 pskip=0 nalus=1 n1:2478
  snapshot f074: 3 venc_ko blocks (pool0 0x73801000 len 0x10000)
src frame 75: srcf=17 off=0 br=8000
frame 75: send=0x0 get=0x0 len=2296 coding=1 startqp=0 meanqp=0 picbytes=0 pskip=0 nalus=1 n1:2296
  snapshot f075: 3 venc_ko blocks (pool0 0x73801000 len 0x10000)
src frame 76: srcf=18 off=0 br=8000
frame 76: send=0x0 get=0x0 len=2021 coding=1 startqp=0 meanqp=0 picbytes=0 pskip=0 nalus=1 n1:2021
  snapshot f076: 3 venc_ko blocks (pool0 0x73801000 len 0x10000)
src frame 77: srcf=19 off=0 br=8000
frame 77: send=0x0 get=0x0 len=1971 coding=1 startqp=0 meanqp=0 picbytes=0 pskip=0 nalus=1 n1:1971
  snapshot f077: 3 venc_ko blocks (pool0 0x73801000 len 0x10000)
src frame 78: srcf=20 off=0 br=8000
frame 78: send=0x0 get=0x0 len=1968 coding=1 startqp=0 meanqp=0 picbytes=0 pskip=0 nalus=1 n1:1968
  snapshot f078: 3 venc_ko blocks (pool0 0x73801000 len 0x10000)
src frame 79: srcf=21 off=0 br=8000
frame 79: send=0x0 get=0x0 len=1963 coding=1 startqp=0 meanqp=0 picbytes=0 pskip=0 nalus=1 n1:1963
  snapshot f079: 3 venc_ko blocks (pool0 0x73801000 len 0x10000)
src frame 80: srcf=22 off=0 br=8000
frame 80: send=0x0 get=0x0 len=1958 coding=1 startqp=0 meanqp=0 picbytes=0 pskip=0 nalus=1 n1:1958
  snapshot f080: 3 venc_ko blocks (pool0 0x73801000 len 0x10000)
src frame 81: srcf=23 off=0 br=8000
frame 81: send=0x0 get=0x0 len=1958 coding=1 startqp=0 meanqp=0 picbytes=0 pskip=0 nalus=1 n1:1958
  snapshot f081: 3 venc_ko blocks (pool0 0x73801000 len 0x10000)
src frame 82: srcf=24 off=0 br=8000
frame 82: send=0x0 get=0x0 len=1958 coding=1 startqp=0 meanqp=0 picbytes=0 pskip=0 nalus=1 n1:1958
  snapshot f082: 3 venc_ko blocks (pool0 0x73801000 len 0x10000)
src frame 83: srcf=25 off=0 br=8000
frame 83: send=0x0 get=0x0 len=1958 coding=1 startqp=0 meanqp=0 picbytes=0 pskip=0 nalus=1 n1:1958
  snapshot f083: 3 venc_ko blocks (pool0 0x73801000 len 0x10000)
src frame 84: srcf=26 off=0 br=8000
frame 84: send=0x0 get=0x0 len=1958 coding=1 startqp=0 meanqp=0 picbytes=0 pskip=0 nalus=1 n1:1958
  snapshot f084: 3 venc_ko blocks (pool0 0x73801000 len 0x10000)
src frame 85: srcf=27 off=0 br=8000
frame 85: send=0x0 get=0x0 len=1958 coding=1 startqp=0 meanqp=0 picbytes=0 pskip=0 nalus=1 n1:1958
  snapshot f085: 3 venc_ko blocks (pool0 0x73801000 len 0x10000)
src frame 86: srcf=28 off=0 br=8000
frame 86: send=0x0 get=0x0 len=1958 coding=1 startqp=0 meanqp=0 picbytes=0 pskip=0 nalus=1 n1:1958
  snapshot f086: 3 venc_ko blocks (pool0 0x73801000 len 0x10000)
src frame 87: srcf=29 off=0 br=8000
frame 87: send=0x0 get=0x0 len=1958 coding=1 startqp=0 meanqp=0 picbytes=0 pskip=0 nalus=1 n1:1958
  snapshot f087: 3 venc_ko blocks (pool0 0x73801000 len 0x10000)
src frame 88: srcf=28 off=0 br=8000
frame 88: send=0x0 get=0x0 len=1958 coding=1 startqp=0 meanqp=0 picbytes=0 pskip=0 nalus=1 n1:1958
  snapshot f088: 3 venc_ko blocks (pool0 0x73801000 len 0x10000)
src frame 89: srcf=27 off=0 br=8000
frame 89: send=0x0 get=0x0 len=1958 coding=1 startqp=0 meanqp=0 picbytes=0 pskip=0 nalus=1 n1:1958
  snapshot f089: 3 venc_ko blocks (pool0 0x73801000 len 0x10000)
src frame 90: srcf=26 off=4 br=8000
frame 90: send=0x0 get=0x0 len=42281 coding=0 startqp=0 meanqp=0 picbytes=0 pskip=0 nalus=3 n7:32 n8:8 n5:42241
  snapshot f090: 3 venc_ko blocks (pool0 0x73801000 len 0x10000)
src frame 91: srcf=25 off=8 br=8000
frame 91: send=0x0 get=0x0 len=10336 coding=1 startqp=0 meanqp=0 picbytes=0 pskip=0 nalus=1 n1:10336
  snapshot f091: 3 venc_ko blocks (pool0 0x73801000 len 0x10000)
src frame 92: srcf=24 off=12 br=8000
frame 92: send=0x0 get=0x0 len=7594 coding=1 startqp=0 meanqp=0 picbytes=0 pskip=0 nalus=1 n1:7594
  snapshot f092: 3 venc_ko blocks (pool0 0x73801000 len 0x10000)
src frame 93: srcf=23 off=16 br=8000
frame 93: send=0x0 get=0x0 len=8823 coding=1 startqp=0 meanqp=0 picbytes=0 pskip=0 nalus=1 n1:8823
  snapshot f093: 3 venc_ko blocks (pool0 0x73801000 len 0x10000)
src frame 94: srcf=22 off=20 br=8000
frame 94: send=0x0 get=0x0 len=8858 coding=1 startqp=0 meanqp=0 picbytes=0 pskip=0 nalus=1 n1:8858
  snapshot f094: 3 venc_ko blocks (pool0 0x73801000 len 0x10000)
src frame 95: srcf=21 off=24 br=8000
frame 95: send=0x0 get=0x0 len=7848 coding=1 startqp=0 meanqp=0 picbytes=0 pskip=0 nalus=1 n1:7848
  snapshot f095: 3 venc_ko blocks (pool0 0x73801000 len 0x10000)
src frame 96: srcf=20 off=28 br=8000
frame 96: send=0x0 get=0x0 len=7557 coding=1 startqp=0 meanqp=0 picbytes=0 pskip=0 nalus=1 n1:7557
  snapshot f096: 3 venc_ko blocks (pool0 0x73801000 len 0x10000)
src frame 97: srcf=19 off=32 br=8000
frame 97: send=0x0 get=0x0 len=8111 coding=1 startqp=0 meanqp=0 picbytes=0 pskip=0 nalus=1 n1:8111
  snapshot f097: 3 venc_ko blocks (pool0 0x73801000 len 0x10000)
src frame 98: srcf=18 off=36 br=8000
frame 98: send=0x0 get=0x0 len=7563 coding=1 startqp=0 meanqp=0 picbytes=0 pskip=0 nalus=1 n1:7563
  snapshot f098: 3 venc_ko blocks (pool0 0x73801000 len 0x10000)
src frame 99: srcf=17 off=40 br=8000
frame 99: send=0x0 get=0x0 len=8645 coding=1 startqp=0 meanqp=0 picbytes=0 pskip=0 nalus=1 n1:8645
  snapshot f099: 3 venc_ko blocks (pool0 0x73801000 len 0x10000)
src frame 100: srcf=16 off=44 br=8000
frame 100: send=0x0 get=0x0 len=8719 coding=1 startqp=0 meanqp=0 picbytes=0 pskip=0 nalus=1 n1:8719
  snapshot f100: 3 venc_ko blocks (pool0 0x73801000 len 0x10000)
src frame 101: srcf=15 off=48 br=8000
frame 101: send=0x0 get=0x0 len=6346 coding=1 startqp=0 meanqp=0 picbytes=0 pskip=0 nalus=1 n1:6346
  snapshot f101: 3 venc_ko blocks (pool0 0x73801000 len 0x10000)
src frame 102: srcf=14 off=52 br=8000
frame 102: send=0x0 get=0x0 len=6615 coding=1 startqp=0 meanqp=0 picbytes=0 pskip=0 nalus=1 n1:6615
  snapshot f102: 3 venc_ko blocks (pool0 0x73801000 len 0x10000)
src frame 103: srcf=13 off=56 br=8000
frame 103: send=0x0 get=0x0 len=5761 coding=1 startqp=0 meanqp=0 picbytes=0 pskip=0 nalus=1 n1:5761
  snapshot f103: 3 venc_ko blocks (pool0 0x73801000 len 0x10000)
src frame 104: srcf=12 off=60 br=8000
frame 104: send=0x0 get=0x0 len=4846 coding=1 startqp=0 meanqp=0 picbytes=0 pskip=0 nalus=1 n1:4846
  snapshot f104: 3 venc_ko blocks (pool0 0x73801000 len 0x10000)
src frame 105: srcf=11 off=64 br=8000
frame 105: send=0x0 get=0x0 len=3169 coding=1 startqp=0 meanqp=0 picbytes=0 pskip=0 nalus=1 n1:3169
  snapshot f105: 3 venc_ko blocks (pool0 0x73801000 len 0x10000)
src frame 106: srcf=10 off=68 br=8000
frame 106: send=0x0 get=0x0 len=2744 coding=1 startqp=0 meanqp=0 picbytes=0 pskip=0 nalus=1 n1:2744
  snapshot f106: 3 venc_ko blocks (pool0 0x73801000 len 0x10000)
src frame 107: srcf=9 off=72 br=8000
frame 107: send=0x0 get=0x0 len=2390 coding=1 startqp=0 meanqp=0 picbytes=0 pskip=0 nalus=1 n1:2390
  snapshot f107: 3 venc_ko blocks (pool0 0x73801000 len 0x10000)
src frame 108: srcf=8 off=76 br=8000
frame 108: send=0x0 get=0x0 len=2364 coding=1 startqp=0 meanqp=0 picbytes=0 pskip=0 nalus=1 n1:2364
  snapshot f108: 3 venc_ko blocks (pool0 0x73801000 len 0x10000)
src frame 109: srcf=7 off=80 br=8000
frame 109: send=0x0 get=0x0 len=2392 coding=1 startqp=0 meanqp=0 picbytes=0 pskip=0 nalus=1 n1:2392
  snapshot f109: 3 venc_ko blocks (pool0 0x73801000 len 0x10000)
src frame 110: srcf=6 off=84 br=8000
frame 110: send=0x0 get=0x0 len=2424 coding=1 startqp=0 meanqp=0 picbytes=0 pskip=0 nalus=1 n1:2424
  snapshot f110: 3 venc_ko blocks (pool0 0x73801000 len 0x10000)
src frame 111: srcf=5 off=88 br=8000
frame 111: send=0x0 get=0x0 len=2491 coding=1 startqp=0 meanqp=0 picbytes=0 pskip=0 nalus=1 n1:2491
  snapshot f111: 3 venc_ko blocks (pool0 0x73801000 len 0x10000)
src frame 112: srcf=4 off=92 br=8000
frame 112: send=0x0 get=0x0 len=4149 coding=1 startqp=0 meanqp=0 picbytes=0 pskip=0 nalus=1 n1:4149
  snapshot f112: 3 venc_ko blocks (pool0 0x73801000 len 0x10000)
src frame 113: srcf=3 off=96 br=8000
frame 113: send=0x0 get=0x0 len=5952 coding=1 startqp=0 meanqp=0 picbytes=0 pskip=0 nalus=1 n1:5952
  snapshot f113: 3 venc_ko blocks (pool0 0x73801000 len 0x10000)
src frame 114: srcf=2 off=100 br=8000
frame 114: send=0x0 get=0x0 len=7045 coding=1 startqp=0 meanqp=0 picbytes=0 pskip=0 nalus=1 n1:7045
  snapshot f114: 3 venc_ko blocks (pool0 0x73801000 len 0x10000)
src frame 115: srcf=1 off=104 br=8000
frame 115: send=0x0 get=0x0 len=3168 coding=1 startqp=0 meanqp=0 picbytes=0 pskip=0 nalus=1 n1:3168
  snapshot f115: 3 venc_ko blocks (pool0 0x73801000 len 0x10000)
src frame 116: srcf=0 off=108 br=8000
frame 116: send=0x0 get=0x0 len=2107 coding=1 startqp=0 meanqp=0 picbytes=0 pskip=0 nalus=1 n1:2107
  snapshot f116: 3 venc_ko blocks (pool0 0x73801000 len 0x10000)
src frame 117: srcf=1 off=112 br=8000
frame 117: send=0x0 get=0x0 len=1910 coding=1 startqp=0 meanqp=0 picbytes=0 pskip=0 nalus=1 n1:1910
  snapshot f117: 3 venc_ko blocks (pool0 0x73801000 len 0x10000)
src frame 118: srcf=2 off=116 br=8000
frame 118: send=0x0 get=0x0 len=1871 coding=1 startqp=0 meanqp=0 picbytes=0 pskip=0 nalus=1 n1:1871
  snapshot f118: 3 venc_ko blocks (pool0 0x73801000 len 0x10000)
src frame 119: srcf=3 off=120 br=8000
frame 119: send=0x0 get=0x0 len=1543 coding=1 startqp=0 meanqp=0 picbytes=0 pskip=0 nalus=1 n1:1543
  snapshot f119: 3 venc_ko blocks (pool0 0x73801000 len 0x10000)
src frame 120: srcf=4 off=124 br=8000
frame 120: send=0x0 get=0x0 len=46421 coding=0 startqp=0 meanqp=0 picbytes=0 pskip=0 nalus=3 n7:32 n8:8 n5:46381
  snapshot f120: 3 venc_ko blocks (pool0 0x73801000 len 0x10000)
src frame 121: srcf=5 off=128 br=8000
frame 121: send=0x0 get=0x0 len=11222 coding=1 startqp=0 meanqp=0 picbytes=0 pskip=0 nalus=1 n1:11222
  snapshot f121: 3 venc_ko blocks (pool0 0x73801000 len 0x10000)
src frame 122: srcf=6 off=132 br=8000
frame 122: send=0x0 get=0x0 len=9230 coding=1 startqp=0 meanqp=0 picbytes=0 pskip=0 nalus=1 n1:9230
  snapshot f122: 3 venc_ko blocks (pool0 0x73801000 len 0x10000)
src frame 123: srcf=7 off=136 br=8000
frame 123: send=0x0 get=0x0 len=9535 coding=1 startqp=0 meanqp=0 picbytes=0 pskip=0 nalus=1 n1:9535
  snapshot f123: 3 venc_ko blocks (pool0 0x73801000 len 0x10000)
src frame 124: srcf=8 off=140 br=8000
frame 124: send=0x0 get=0x0 len=8902 coding=1 startqp=0 meanqp=0 picbytes=0 pskip=0 nalus=1 n1:8902
  snapshot f124: 3 venc_ko blocks (pool0 0x73801000 len 0x10000)
src frame 125: srcf=9 off=144 br=8000
frame 125: send=0x0 get=0x0 len=8719 coding=1 startqp=0 meanqp=0 picbytes=0 pskip=0 nalus=1 n1:8719
  snapshot f125: 3 venc_ko blocks (pool0 0x73801000 len 0x10000)
src frame 126: srcf=10 off=148 br=8000
frame 126: send=0x0 get=0x0 len=7657 coding=1 startqp=0 meanqp=0 picbytes=0 pskip=0 nalus=1 n1:7657
  snapshot f126: 3 venc_ko blocks (pool0 0x73801000 len 0x10000)
src frame 127: srcf=11 off=152 br=8000
frame 127: send=0x0 get=0x0 len=8524 coding=1 startqp=0 meanqp=0 picbytes=0 pskip=0 nalus=1 n1:8524
  snapshot f127: 3 venc_ko blocks (pool0 0x73801000 len 0x10000)
src frame 128: srcf=12 off=156 br=8000
frame 128: send=0x0 get=0x0 len=8035 coding=1 startqp=0 meanqp=0 picbytes=0 pskip=0 nalus=1 n1:8035
  snapshot f128: 3 venc_ko blocks (pool0 0x73801000 len 0x10000)
src frame 129: srcf=13 off=160 br=8000
frame 129: send=0x0 get=0x0 len=4991 coding=1 startqp=0 meanqp=0 picbytes=0 pskip=0 nalus=1 n1:4991
  snapshot f129: 3 venc_ko blocks (pool0 0x73801000 len 0x10000)
src frame 130: srcf=14 off=164 br=8000
frame 130: send=0x0 get=0x0 len=4856 coding=1 startqp=0 meanqp=0 picbytes=0 pskip=0 nalus=1 n1:4856
  snapshot f130: 3 venc_ko blocks (pool0 0x73801000 len 0x10000)
src frame 131: srcf=15 off=168 br=8000
frame 131: send=0x0 get=0x0 len=4804 coding=1 startqp=0 meanqp=0 picbytes=0 pskip=0 nalus=1 n1:4804
  snapshot f131: 3 venc_ko blocks (pool0 0x73801000 len 0x10000)
src frame 132: srcf=16 off=172 br=8000
frame 132: send=0x0 get=0x0 len=4690 coding=1 startqp=0 meanqp=0 picbytes=0 pskip=0 nalus=1 n1:4690
  snapshot f132: 3 venc_ko blocks (pool0 0x73801000 len 0x10000)
src frame 133: srcf=17 off=176 br=8000
frame 133: send=0x0 get=0x0 len=4689 coding=1 startqp=0 meanqp=0 picbytes=0 pskip=0 nalus=1 n1:4689
  snapshot f133: 3 venc_ko blocks (pool0 0x73801000 len 0x10000)
src frame 134: srcf=18 off=180 br=8000
frame 134: send=0x0 get=0x0 len=3149 coding=1 startqp=0 meanqp=0 picbytes=0 pskip=0 nalus=1 n1:3149
  snapshot f134: 3 venc_ko blocks (pool0 0x73801000 len 0x10000)
src frame 135: srcf=19 off=184 br=8000
frame 135: send=0x0 get=0x0 len=2027 coding=1 startqp=0 meanqp=0 picbytes=0 pskip=0 nalus=1 n1:2027
  snapshot f135: 3 venc_ko blocks (pool0 0x73801000 len 0x10000)
src frame 136: srcf=20 off=188 br=8000
frame 136: send=0x0 get=0x0 len=1968 coding=1 startqp=0 meanqp=0 picbytes=0 pskip=0 nalus=1 n1:1968
  snapshot f136: 3 venc_ko blocks (pool0 0x73801000 len 0x10000)
src frame 137: srcf=21 off=192 br=8000
frame 137: send=0x0 get=0x0 len=1811 coding=1 startqp=0 meanqp=0 picbytes=0 pskip=0 nalus=1 n1:1811
  snapshot f137: 3 venc_ko blocks (pool0 0x73801000 len 0x10000)
src frame 138: srcf=22 off=196 br=8000
frame 138: send=0x0 get=0x0 len=1830 coding=1 startqp=0 meanqp=0 picbytes=0 pskip=0 nalus=1 n1:1830
  snapshot f138: 3 venc_ko blocks (pool0 0x73801000 len 0x10000)
src frame 139: srcf=23 off=200 br=8000
frame 139: send=0x0 get=0x0 len=1603 coding=1 startqp=0 meanqp=0 picbytes=0 pskip=0 nalus=1 n1:1603
  snapshot f139: 3 venc_ko blocks (pool0 0x73801000 len 0x10000)
src frame 140: srcf=24 off=204 br=8000
frame 140: send=0x0 get=0x0 len=2067 coding=1 startqp=0 meanqp=0 picbytes=0 pskip=0 nalus=1 n1:2067
  snapshot f140: 3 venc_ko blocks (pool0 0x73801000 len 0x10000)
src frame 141: srcf=25 off=208 br=8000
frame 141: send=0x0 get=0x0 len=2413 coding=1 startqp=0 meanqp=0 picbytes=0 pskip=0 nalus=1 n1:2413
  snapshot f141: 3 venc_ko blocks (pool0 0x73801000 len 0x10000)
src frame 142: srcf=26 off=212 br=8000
frame 142: send=0x0 get=0x0 len=2715 coding=1 startqp=0 meanqp=0 picbytes=0 pskip=0 nalus=1 n1:2715
  snapshot f142: 3 venc_ko blocks (pool0 0x73801000 len 0x10000)
src frame 143: srcf=27 off=216 br=8000
frame 143: send=0x0 get=0x0 len=2706 coding=1 startqp=0 meanqp=0 picbytes=0 pskip=0 nalus=1 n1:2706
  snapshot f143: 3 venc_ko blocks (pool0 0x73801000 len 0x10000)
src frame 144: srcf=28 off=220 br=8000
frame 144: send=0x0 get=0x0 len=2366 coding=1 startqp=0 meanqp=0 picbytes=0 pskip=0 nalus=1 n1:2366
  snapshot f144: 3 venc_ko blocks (pool0 0x73801000 len 0x10000)
src frame 145: srcf=29 off=224 br=8000
frame 145: send=0x0 get=0x0 len=1645 coding=1 startqp=0 meanqp=0 picbytes=0 pskip=0 nalus=1 n1:1645
  snapshot f145: 3 venc_ko blocks (pool0 0x73801000 len 0x10000)
src frame 146: srcf=28 off=228 br=8000
frame 146: send=0x0 get=0x0 len=1621 coding=1 startqp=0 meanqp=0 picbytes=0 pskip=0 nalus=1 n1:1621
  snapshot f146: 3 venc_ko blocks (pool0 0x73801000 len 0x10000)
src frame 147: srcf=27 off=232 br=8000
frame 147: send=0x0 get=0x0 len=1630 coding=1 startqp=0 meanqp=0 picbytes=0 pskip=0 nalus=1 n1:1630
  snapshot f147: 3 venc_ko blocks (pool0 0x73801000 len 0x10000)
src frame 148: srcf=26 off=236 br=8000
frame 148: send=0x0 get=0x0 len=1904 coding=1 startqp=0 meanqp=0 picbytes=0 pskip=0 nalus=1 n1:1904
  snapshot f148: 3 venc_ko blocks (pool0 0x73801000 len 0x10000)
src frame 149: srcf=25 off=240 br=8000
frame 149: send=0x0 get=0x0 len=1760 coding=1 startqp=0 meanqp=0 picbytes=0 pskip=0 nalus=1 n1:1760
  snapshot f149: 3 venc_ko blocks (pool0 0x73801000 len 0x10000)
src frame 150: srcf=24 off=244 br=8000
frame 150: send=0x0 get=0x0 len=51155 coding=0 startqp=0 meanqp=0 picbytes=0 pskip=0 nalus=3 n7:32 n8:8 n5:51115
  snapshot f150: 3 venc_ko blocks (pool0 0x73801000 len 0x10000)
src frame 151: srcf=23 off=248 br=8000
frame 151: send=0x0 get=0x0 len=13311 coding=1 startqp=0 meanqp=0 picbytes=0 pskip=0 nalus=1 n1:13311
  snapshot f151: 3 venc_ko blocks (pool0 0x73801000 len 0x10000)
src frame 152: srcf=22 off=252 br=8000
frame 152: send=0x0 get=0x0 len=9938 coding=1 startqp=0 meanqp=0 picbytes=0 pskip=0 nalus=1 n1:9938
  snapshot f152: 3 venc_ko blocks (pool0 0x73801000 len 0x10000)
src frame 153: srcf=21 off=256 br=8000
frame 153: send=0x0 get=0x0 len=9002 coding=1 startqp=0 meanqp=0 picbytes=0 pskip=0 nalus=1 n1:9002
  snapshot f153: 3 venc_ko blocks (pool0 0x73801000 len 0x10000)
src frame 154: srcf=20 off=260 br=8000
frame 154: send=0x0 get=0x0 len=8447 coding=1 startqp=0 meanqp=0 picbytes=0 pskip=0 nalus=1 n1:8447
  snapshot f154: 3 venc_ko blocks (pool0 0x73801000 len 0x10000)
src frame 155: srcf=19 off=264 br=8000
frame 155: send=0x0 get=0x0 len=8265 coding=1 startqp=0 meanqp=0 picbytes=0 pskip=0 nalus=1 n1:8265
  snapshot f155: 3 venc_ko blocks (pool0 0x73801000 len 0x10000)
src frame 156: srcf=18 off=268 br=8000
frame 156: send=0x0 get=0x0 len=7881 coding=1 startqp=0 meanqp=0 picbytes=0 pskip=0 nalus=1 n1:7881
  snapshot f156: 3 venc_ko blocks (pool0 0x73801000 len 0x10000)
src frame 157: srcf=17 off=272 br=8000
frame 157: send=0x0 get=0x0 len=5030 coding=1 startqp=0 meanqp=0 picbytes=0 pskip=0 nalus=1 n1:5030
  snapshot f157: 3 venc_ko blocks (pool0 0x73801000 len 0x10000)
src frame 158: srcf=16 off=276 br=8000
frame 158: send=0x0 get=0x0 len=4548 coding=1 startqp=0 meanqp=0 picbytes=0 pskip=0 nalus=1 n1:4548
  snapshot f158: 3 venc_ko blocks (pool0 0x73801000 len 0x10000)
src frame 159: srcf=15 off=280 br=8000
frame 159: send=0x0 get=0x0 len=3962 coding=1 startqp=0 meanqp=0 picbytes=0 pskip=0 nalus=1 n1:3962
  snapshot f159: 3 venc_ko blocks (pool0 0x73801000 len 0x10000)
src frame 160: srcf=14 off=284 br=8000
frame 160: send=0x0 get=0x0 len=2635 coding=1 startqp=0 meanqp=0 picbytes=0 pskip=0 nalus=1 n1:2635
  snapshot f160: 3 venc_ko blocks (pool0 0x73801000 len 0x10000)
src frame 161: srcf=13 off=288 br=8000
frame 161: send=0x0 get=0x0 len=2874 coding=1 startqp=0 meanqp=0 picbytes=0 pskip=0 nalus=1 n1:2874
  snapshot f161: 3 venc_ko blocks (pool0 0x73801000 len 0x10000)
src frame 162: srcf=12 off=292 br=8000
frame 162: send=0x0 get=0x0 len=3012 coding=1 startqp=0 meanqp=0 picbytes=0 pskip=0 nalus=1 n1:3012
  snapshot f162: 3 venc_ko blocks (pool0 0x73801000 len 0x10000)
src frame 163: srcf=11 off=296 br=8000
frame 163: send=0x0 get=0x0 len=2604 coding=1 startqp=0 meanqp=0 picbytes=0 pskip=0 nalus=1 n1:2604
  snapshot f163: 3 venc_ko blocks (pool0 0x73801000 len 0x10000)
src frame 164: srcf=10 off=300 br=8000
frame 164: send=0x0 get=0x0 len=1548 coding=1 startqp=0 meanqp=0 picbytes=0 pskip=0 nalus=1 n1:1548
  snapshot f164: 3 venc_ko blocks (pool0 0x73801000 len 0x10000)
src frame 165: srcf=9 off=304 br=8000
frame 165: send=0x0 get=0x0 len=1726 coding=1 startqp=0 meanqp=0 picbytes=0 pskip=0 nalus=1 n1:1726
  snapshot f165: 3 venc_ko blocks (pool0 0x73801000 len 0x10000)
src frame 166: srcf=8 off=308 br=8000
frame 166: send=0x0 get=0x0 len=1844 coding=1 startqp=0 meanqp=0 picbytes=0 pskip=0 nalus=1 n1:1844
  snapshot f166: 3 venc_ko blocks (pool0 0x73801000 len 0x10000)
src frame 167: srcf=7 off=312 br=8000
frame 167: send=0x0 get=0x0 len=1889 coding=1 startqp=0 meanqp=0 picbytes=0 pskip=0 nalus=1 n1:1889
  snapshot f167: 3 venc_ko blocks (pool0 0x73801000 len 0x10000)
src frame 168: srcf=6 off=316 br=8000
frame 168: send=0x0 get=0x0 len=1889 coding=1 startqp=0 meanqp=0 picbytes=0 pskip=0 nalus=1 n1:1889
  snapshot f168: 3 venc_ko blocks (pool0 0x73801000 len 0x10000)
src frame 169: srcf=5 off=320 br=8000
frame 169: send=0x0 get=0x0 len=2466 coding=1 startqp=0 meanqp=0 picbytes=0 pskip=0 nalus=1 n1:2466
  snapshot f169: 3 venc_ko blocks (pool0 0x73801000 len 0x10000)
src frame 170: srcf=4 off=324 br=8000
frame 170: send=0x0 get=0x0 len=3002 coding=1 startqp=0 meanqp=0 picbytes=0 pskip=0 nalus=1 n1:3002
  snapshot f170: 3 venc_ko blocks (pool0 0x73801000 len 0x10000)
src frame 171: srcf=3 off=328 br=8000
frame 171: send=0x0 get=0x0 len=3678 coding=1 startqp=0 meanqp=0 picbytes=0 pskip=0 nalus=1 n1:3678
  snapshot f171: 3 venc_ko blocks (pool0 0x73801000 len 0x10000)
src frame 172: srcf=2 off=332 br=8000
frame 172: send=0x0 get=0x0 len=3126 coding=1 startqp=0 meanqp=0 picbytes=0 pskip=0 nalus=1 n1:3126
  snapshot f172: 3 venc_ko blocks (pool0 0x73801000 len 0x10000)
src frame 173: srcf=1 off=336 br=8000
frame 173: send=0x0 get=0x0 len=2032 coding=1 startqp=0 meanqp=0 picbytes=0 pskip=0 nalus=1 n1:2032
  snapshot f173: 3 venc_ko blocks (pool0 0x73801000 len 0x10000)
src frame 174: srcf=0 off=340 br=8000
frame 174: send=0x0 get=0x0 len=1773 coding=1 startqp=0 meanqp=0 picbytes=0 pskip=0 nalus=1 n1:1773
  snapshot f174: 3 venc_ko blocks (pool0 0x73801000 len 0x10000)
src frame 175: srcf=1 off=344 br=8000
frame 175: send=0x0 get=0x0 len=1589 coding=1 startqp=0 meanqp=0 picbytes=0 pskip=0 nalus=1 n1:1589
  snapshot f175: 3 venc_ko blocks (pool0 0x73801000 len 0x10000)
src frame 176: srcf=2 off=348 br=8000
frame 176: send=0x0 get=0x0 len=1536 coding=1 startqp=0 meanqp=0 picbytes=0 pskip=0 nalus=1 n1:1536
  snapshot f176: 3 venc_ko blocks (pool0 0x73801000 len 0x10000)
src frame 177: srcf=3 off=352 br=8000
frame 177: send=0x0 get=0x0 len=1720 coding=1 startqp=0 meanqp=0 picbytes=0 pskip=0 nalus=1 n1:1720
  snapshot f177: 3 venc_ko blocks (pool0 0x73801000 len 0x10000)
src frame 178: srcf=4 off=356 br=8000
frame 178: send=0x0 get=0x0 len=1926 coding=1 startqp=0 meanqp=0 picbytes=0 pskip=0 nalus=1 n1:1926
  snapshot f178: 3 venc_ko blocks (pool0 0x73801000 len 0x10000)
src frame 179: srcf=5 off=360 br=8000
frame 179: send=0x0 get=0x0 len=2388 coding=1 startqp=0 meanqp=0 picbytes=0 pskip=0 nalus=1 n1:2388
  snapshot f179: 3 venc_ko blocks (pool0 0x73801000 len 0x10000)
src frame 180: srcf=6 off=360 br=8000
frame 180: send=0x0 get=0x0 len=56533 coding=0 startqp=0 meanqp=0 picbytes=0 pskip=0 nalus=3 n7:32 n8:8 n5:56493
  snapshot f180: 3 venc_ko blocks (pool0 0x73801000 len 0x10000)
src frame 181: srcf=7 off=360 br=8000
frame 181: send=0x0 get=0x0 len=12653 coding=1 startqp=0 meanqp=0 picbytes=0 pskip=0 nalus=1 n1:12653
  snapshot f181: 3 venc_ko blocks (pool0 0x73801000 len 0x10000)
src frame 182: srcf=8 off=360 br=8000
frame 182: send=0x0 get=0x0 len=8758 coding=1 startqp=0 meanqp=0 picbytes=0 pskip=0 nalus=1 n1:8758
  snapshot f182: 3 venc_ko blocks (pool0 0x73801000 len 0x10000)
src frame 183: srcf=9 off=360 br=8000
frame 183: send=0x0 get=0x0 len=9024 coding=1 startqp=0 meanqp=0 picbytes=0 pskip=0 nalus=1 n1:9024
  snapshot f183: 3 venc_ko blocks (pool0 0x73801000 len 0x10000)
src frame 184: srcf=10 off=360 br=8000
frame 184: send=0x0 get=0x0 len=9260 coding=1 startqp=0 meanqp=0 picbytes=0 pskip=0 nalus=1 n1:9260
  snapshot f184: 3 venc_ko blocks (pool0 0x73801000 len 0x10000)
src frame 185: srcf=11 off=360 br=8000
frame 185: send=0x0 get=0x0 len=3301 coding=1 startqp=0 meanqp=0 picbytes=0 pskip=0 nalus=1 n1:3301
  snapshot f185: 3 venc_ko blocks (pool0 0x73801000 len 0x10000)
src frame 186: srcf=12 off=360 br=8000
frame 186: send=0x0 get=0x0 len=2049 coding=1 startqp=0 meanqp=0 picbytes=0 pskip=0 nalus=1 n1:2049
  snapshot f186: 3 venc_ko blocks (pool0 0x73801000 len 0x10000)
src frame 187: srcf=13 off=360 br=8000
frame 187: send=0x0 get=0x0 len=1873 coding=1 startqp=0 meanqp=0 picbytes=0 pskip=0 nalus=1 n1:1873
  snapshot f187: 3 venc_ko blocks (pool0 0x73801000 len 0x10000)
src frame 188: srcf=14 off=360 br=8000
frame 188: send=0x0 get=0x0 len=1783 coding=1 startqp=0 meanqp=0 picbytes=0 pskip=0 nalus=1 n1:1783
  snapshot f188: 3 venc_ko blocks (pool0 0x73801000 len 0x10000)
src frame 189: srcf=15 off=360 br=8000
frame 189: send=0x0 get=0x0 len=1826 coding=1 startqp=0 meanqp=0 picbytes=0 pskip=0 nalus=1 n1:1826
  snapshot f189: 3 venc_ko blocks (pool0 0x73801000 len 0x10000)
src frame 190: srcf=16 off=360 br=8000
frame 190: send=0x0 get=0x0 len=1821 coding=1 startqp=0 meanqp=0 picbytes=0 pskip=0 nalus=1 n1:1821
  snapshot f190: 3 venc_ko blocks (pool0 0x73801000 len 0x10000)
src frame 191: srcf=17 off=360 br=8000
frame 191: send=0x0 get=0x0 len=1844 coding=1 startqp=0 meanqp=0 picbytes=0 pskip=0 nalus=1 n1:1844
  snapshot f191: 3 venc_ko blocks (pool0 0x73801000 len 0x10000)
src frame 192: srcf=18 off=360 br=8000
frame 192: send=0x0 get=0x0 len=1869 coding=1 startqp=0 meanqp=0 picbytes=0 pskip=0 nalus=1 n1:1869
  snapshot f192: 3 venc_ko blocks (pool0 0x73801000 len 0x10000)
src frame 193: srcf=19 off=360 br=8000
frame 193: send=0x0 get=0x0 len=1867 coding=1 startqp=0 meanqp=0 picbytes=0 pskip=0 nalus=1 n1:1867
  snapshot f193: 3 venc_ko blocks (pool0 0x73801000 len 0x10000)
src frame 194: srcf=20 off=360 br=8000
frame 194: send=0x0 get=0x0 len=1787 coding=1 startqp=0 meanqp=0 picbytes=0 pskip=0 nalus=1 n1:1787
  snapshot f194: 3 venc_ko blocks (pool0 0x73801000 len 0x10000)
src frame 195: srcf=21 off=360 br=8000
frame 195: send=0x0 get=0x0 len=1712 coding=1 startqp=0 meanqp=0 picbytes=0 pskip=0 nalus=1 n1:1712
  snapshot f195: 3 venc_ko blocks (pool0 0x73801000 len 0x10000)
src frame 196: srcf=22 off=360 br=8000
frame 196: send=0x0 get=0x0 len=1706 coding=1 startqp=0 meanqp=0 picbytes=0 pskip=0 nalus=1 n1:1706
  snapshot f196: 3 venc_ko blocks (pool0 0x73801000 len 0x10000)
src frame 197: srcf=23 off=360 br=8000
frame 197: send=0x0 get=0x0 len=1707 coding=1 startqp=0 meanqp=0 picbytes=0 pskip=0 nalus=1 n1:1707
  snapshot f197: 3 venc_ko blocks (pool0 0x73801000 len 0x10000)
src frame 198: srcf=24 off=360 br=8000
frame 198: send=0x0 get=0x0 len=1706 coding=1 startqp=0 meanqp=0 picbytes=0 pskip=0 nalus=1 n1:1706
  snapshot f198: 3 venc_ko blocks (pool0 0x73801000 len 0x10000)
src frame 199: srcf=25 off=360 br=8000
frame 199: send=0x0 get=0x0 len=1707 coding=1 startqp=0 meanqp=0 picbytes=0 pskip=0 nalus=1 n1:1707
  snapshot f199: 3 venc_ko blocks (pool0 0x73801000 len 0x10000)
src frame 200: srcf=26 off=360 br=8000
frame 200: send=0x0 get=0x0 len=1706 coding=1 startqp=0 meanqp=0 picbytes=0 pskip=0 nalus=1 n1:1706
  snapshot f200: 3 venc_ko blocks (pool0 0x73801000 len 0x10000)
src frame 201: srcf=27 off=360 br=8000
frame 201: send=0x0 get=0x0 len=1707 coding=1 startqp=0 meanqp=0 picbytes=0 pskip=0 nalus=1 n1:1707
  snapshot f201: 3 venc_ko blocks (pool0 0x73801000 len 0x10000)
src frame 202: srcf=28 off=360 br=8000
frame 202: send=0x0 get=0x0 len=1706 coding=1 startqp=0 meanqp=0 picbytes=0 pskip=0 nalus=1 n1:1706
  snapshot f202: 3 venc_ko blocks (pool0 0x73801000 len 0x10000)
src frame 203: srcf=29 off=360 br=8000
frame 203: send=0x0 get=0x0 len=1707 coding=1 startqp=0 meanqp=0 picbytes=0 pskip=0 nalus=1 n1:1707
  snapshot f203: 3 venc_ko blocks (pool0 0x73801000 len 0x10000)
src frame 204: srcf=28 off=360 br=8000
frame 204: send=0x0 get=0x0 len=1706 coding=1 startqp=0 meanqp=0 picbytes=0 pskip=0 nalus=1 n1:1706
  snapshot f204: 3 venc_ko blocks (pool0 0x73801000 len 0x10000)
src frame 205: srcf=27 off=360 br=8000
frame 205: send=0x0 get=0x0 len=1707 coding=1 startqp=0 meanqp=0 picbytes=0 pskip=0 nalus=1 n1:1707
  snapshot f205: 3 venc_ko blocks (pool0 0x73801000 len 0x10000)
src frame 206: srcf=26 off=360 br=8000
frame 206: send=0x0 get=0x0 len=1706 coding=1 startqp=0 meanqp=0 picbytes=0 pskip=0 nalus=1 n1:1706
  snapshot f206: 3 venc_ko blocks (pool0 0x73801000 len 0x10000)
src frame 207: srcf=25 off=360 br=8000
frame 207: send=0x0 get=0x0 len=1707 coding=1 startqp=0 meanqp=0 picbytes=0 pskip=0 nalus=1 n1:1707
  snapshot f207: 3 venc_ko blocks (pool0 0x73801000 len 0x10000)
src frame 208: srcf=24 off=360 br=8000
frame 208: send=0x0 get=0x0 len=1706 coding=1 startqp=0 meanqp=0 picbytes=0 pskip=0 nalus=1 n1:1706
  snapshot f208: 3 venc_ko blocks (pool0 0x73801000 len 0x10000)
src frame 209: srcf=23 off=360 br=8000
frame 209: send=0x0 get=0x0 len=1707 coding=1 startqp=0 meanqp=0 picbytes=0 pskip=0 nalus=1 n1:1707
  snapshot f209: 3 venc_ko blocks (pool0 0x73801000 len 0x10000)
src frame 210: srcf=22 off=360 br=8000
frame 210: send=0x0 get=0x0 len=61117 coding=0 startqp=0 meanqp=0 picbytes=0 pskip=0 nalus=3 n7:32 n8:8 n5:61077
  snapshot f210: 3 venc_ko blocks (pool0 0x73801000 len 0x10000)
src frame 211: srcf=21 off=360 br=8000
frame 211: send=0x0 get=0x0 len=14435 coding=1 startqp=0 meanqp=0 picbytes=0 pskip=0 nalus=1 n1:14435
  snapshot f211: 3 venc_ko blocks (pool0 0x73801000 len 0x10000)
src frame 212: srcf=20 off=360 br=8000
frame 212: send=0x0 get=0x0 len=8930 coding=1 startqp=0 meanqp=0 picbytes=0 pskip=0 nalus=1 n1:8930
  snapshot f212: 3 venc_ko blocks (pool0 0x73801000 len 0x10000)
src frame 213: srcf=19 off=360 br=8000
frame 213: send=0x0 get=0x0 len=3420 coding=1 startqp=0 meanqp=0 picbytes=0 pskip=0 nalus=1 n1:3420
  snapshot f213: 3 venc_ko blocks (pool0 0x73801000 len 0x10000)
src frame 214: srcf=18 off=360 br=8000
frame 214: send=0x0 get=0x0 len=2179 coding=1 startqp=0 meanqp=0 picbytes=0 pskip=0 nalus=1 n1:2179
  snapshot f214: 3 venc_ko blocks (pool0 0x73801000 len 0x10000)
src frame 215: srcf=17 off=360 br=8000
frame 215: send=0x0 get=0x0 len=1893 coding=1 startqp=0 meanqp=0 picbytes=0 pskip=0 nalus=1 n1:1893
  snapshot f215: 3 venc_ko blocks (pool0 0x73801000 len 0x10000)
src frame 216: srcf=16 off=360 br=8000
frame 216: send=0x0 get=0x0 len=1824 coding=1 startqp=0 meanqp=0 picbytes=0 pskip=0 nalus=1 n1:1824
  snapshot f216: 3 venc_ko blocks (pool0 0x73801000 len 0x10000)
src frame 217: srcf=15 off=360 br=8000
frame 217: send=0x0 get=0x0 len=1843 coding=1 startqp=0 meanqp=0 picbytes=0 pskip=0 nalus=1 n1:1843
  snapshot f217: 3 venc_ko blocks (pool0 0x73801000 len 0x10000)
src frame 218: srcf=14 off=360 br=8000
frame 218: send=0x0 get=0x0 len=1862 coding=1 startqp=0 meanqp=0 picbytes=0 pskip=0 nalus=1 n1:1862
  snapshot f218: 3 venc_ko blocks (pool0 0x73801000 len 0x10000)
src frame 219: srcf=13 off=360 br=8000
frame 219: send=0x0 get=0x0 len=1849 coding=1 startqp=0 meanqp=0 picbytes=0 pskip=0 nalus=1 n1:1849
  snapshot f219: 3 venc_ko blocks (pool0 0x73801000 len 0x10000)
src frame 220: srcf=12 off=360 br=8000
frame 220: send=0x0 get=0x0 len=1926 coding=1 startqp=0 meanqp=0 picbytes=0 pskip=0 nalus=1 n1:1926
  snapshot f220: 3 venc_ko blocks (pool0 0x73801000 len 0x10000)
src frame 221: srcf=11 off=360 br=8000
frame 221: send=0x0 get=0x0 len=1936 coding=1 startqp=0 meanqp=0 picbytes=0 pskip=0 nalus=1 n1:1936
  snapshot f221: 3 venc_ko blocks (pool0 0x73801000 len 0x10000)
src frame 222: srcf=10 off=360 br=8000
frame 222: send=0x0 get=0x0 len=1878 coding=1 startqp=0 meanqp=0 picbytes=0 pskip=0 nalus=1 n1:1878
  snapshot f222: 3 venc_ko blocks (pool0 0x73801000 len 0x10000)
src frame 223: srcf=9 off=360 br=8000
frame 223: send=0x0 get=0x0 len=1802 coding=1 startqp=0 meanqp=0 picbytes=0 pskip=0 nalus=1 n1:1802
  snapshot f223: 3 venc_ko blocks (pool0 0x73801000 len 0x10000)
src frame 224: srcf=8 off=360 br=8000
frame 224: send=0x0 get=0x0 len=1794 coding=1 startqp=0 meanqp=0 picbytes=0 pskip=0 nalus=1 n1:1794
  snapshot f224: 3 venc_ko blocks (pool0 0x73801000 len 0x10000)
src frame 225: srcf=7 off=360 br=8000
frame 225: send=0x0 get=0x0 len=1795 coding=1 startqp=0 meanqp=0 picbytes=0 pskip=0 nalus=1 n1:1795
  snapshot f225: 3 venc_ko blocks (pool0 0x73801000 len 0x10000)
src frame 226: srcf=6 off=360 br=8000
frame 226: send=0x0 get=0x0 len=1794 coding=1 startqp=0 meanqp=0 picbytes=0 pskip=0 nalus=1 n1:1794
  snapshot f226: 3 venc_ko blocks (pool0 0x73801000 len 0x10000)
src frame 227: srcf=5 off=360 br=8000
frame 227: send=0x0 get=0x0 len=1795 coding=1 startqp=0 meanqp=0 picbytes=0 pskip=0 nalus=1 n1:1795
  snapshot f227: 3 venc_ko blocks (pool0 0x73801000 len 0x10000)
src frame 228: srcf=4 off=360 br=8000
frame 228: send=0x0 get=0x0 len=1794 coding=1 startqp=0 meanqp=0 picbytes=0 pskip=0 nalus=1 n1:1794
  snapshot f228: 3 venc_ko blocks (pool0 0x73801000 len 0x10000)
src frame 229: srcf=3 off=360 br=8000
frame 229: send=0x0 get=0x0 len=1795 coding=1 startqp=0 meanqp=0 picbytes=0 pskip=0 nalus=1 n1:1795
  snapshot f229: 3 venc_ko blocks (pool0 0x73801000 len 0x10000)
src frame 230: srcf=2 off=360 br=8000
frame 230: send=0x0 get=0x0 len=1794 coding=1 startqp=0 meanqp=0 picbytes=0 pskip=0 nalus=1 n1:1794
  snapshot f230: 3 venc_ko blocks (pool0 0x73801000 len 0x10000)
src frame 231: srcf=1 off=360 br=8000
frame 231: send=0x0 get=0x0 len=1795 coding=1 startqp=0 meanqp=0 picbytes=0 pskip=0 nalus=1 n1:1795
  snapshot f231: 3 venc_ko blocks (pool0 0x73801000 len 0x10000)
src frame 232: srcf=0 off=360 br=8000
frame 232: send=0x0 get=0x0 len=1794 coding=1 startqp=0 meanqp=0 picbytes=0 pskip=0 nalus=1 n1:1794
  snapshot f232: 3 venc_ko blocks (pool0 0x73801000 len 0x10000)
src frame 233: srcf=1 off=360 br=8000
frame 233: send=0x0 get=0x0 len=1795 coding=1 startqp=0 meanqp=0 picbytes=0 pskip=0 nalus=1 n1:1795
  snapshot f233: 3 venc_ko blocks (pool0 0x73801000 len 0x10000)
src frame 234: srcf=2 off=360 br=8000
frame 234: send=0x0 get=0x0 len=1794 coding=1 startqp=0 meanqp=0 picbytes=0 pskip=0 nalus=1 n1:1794
  snapshot f234: 3 venc_ko blocks (pool0 0x73801000 len 0x10000)
src frame 235: srcf=3 off=360 br=8000
frame 235: send=0x0 get=0x0 len=1795 coding=1 startqp=0 meanqp=0 picbytes=0 pskip=0 nalus=1 n1:1795
  snapshot f235: 3 venc_ko blocks (pool0 0x73801000 len 0x10000)
src frame 236: srcf=4 off=360 br=8000
frame 236: send=0x0 get=0x0 len=1794 coding=1 startqp=0 meanqp=0 picbytes=0 pskip=0 nalus=1 n1:1794
  snapshot f236: 3 venc_ko blocks (pool0 0x73801000 len 0x10000)
src frame 237: srcf=5 off=360 br=8000
frame 237: send=0x0 get=0x0 len=1795 coding=1 startqp=0 meanqp=0 picbytes=0 pskip=0 nalus=1 n1:1795
  snapshot f237: 3 venc_ko blocks (pool0 0x73801000 len 0x10000)
src frame 238: srcf=6 off=360 br=8000
frame 238: send=0x0 get=0x0 len=1794 coding=1 startqp=0 meanqp=0 picbytes=0 pskip=0 nalus=1 n1:1794
  snapshot f238: 3 venc_ko blocks (pool0 0x73801000 len 0x10000)
src frame 239: srcf=7 off=360 br=8000
frame 239: send=0x0 get=0x0 len=1795 coding=1 startqp=0 meanqp=0 picbytes=0 pskip=0 nalus=1 n1:1795
  snapshot f239: 3 venc_ko blocks (pool0 0x73801000 len 0x10000)
src frame 240: srcf=8 off=360 br=8000
frame 240: send=0x0 get=0x0 len=66532 coding=0 startqp=0 meanqp=0 picbytes=0 pskip=0 nalus=3 n7:32 n8:8 n5:66492
  snapshot f240: 3 venc_ko blocks (pool0 0x73801000 len 0x10000)
src frame 241: srcf=9 off=360 br=8000
frame 241: send=0x0 get=0x0 len=12514 coding=1 startqp=0 meanqp=0 picbytes=0 pskip=0 nalus=1 n1:12514
  snapshot f241: 3 venc_ko blocks (pool0 0x73801000 len 0x10000)
src frame 242: srcf=10 off=360 br=8000
frame 242: send=0x0 get=0x0 len=3908 coding=1 startqp=0 meanqp=0 picbytes=0 pskip=0 nalus=1 n1:3908
  snapshot f242: 3 venc_ko blocks (pool0 0x73801000 len 0x10000)
src frame 243: srcf=11 off=360 br=8000
frame 243: send=0x0 get=0x0 len=2484 coding=1 startqp=0 meanqp=0 picbytes=0 pskip=0 nalus=1 n1:2484
  snapshot f243: 3 venc_ko blocks (pool0 0x73801000 len 0x10000)
src frame 244: srcf=12 off=360 br=8000
frame 244: send=0x0 get=0x0 len=2174 coding=1 startqp=0 meanqp=0 picbytes=0 pskip=0 nalus=1 n1:2174
  snapshot f244: 3 venc_ko blocks (pool0 0x73801000 len 0x10000)
src frame 245: srcf=13 off=360 br=8000
frame 245: send=0x0 get=0x0 len=2138 coding=1 startqp=0 meanqp=0 picbytes=0 pskip=0 nalus=1 n1:2138
  snapshot f245: 3 venc_ko blocks (pool0 0x73801000 len 0x10000)
src frame 246: srcf=14 off=360 br=8000
frame 246: send=0x0 get=0x0 len=2146 coding=1 startqp=0 meanqp=0 picbytes=0 pskip=0 nalus=1 n1:2146
  snapshot f246: 3 venc_ko blocks (pool0 0x73801000 len 0x10000)
src frame 247: srcf=15 off=360 br=8000
frame 247: send=0x0 get=0x0 len=2180 coding=1 startqp=0 meanqp=0 picbytes=0 pskip=0 nalus=1 n1:2180
  snapshot f247: 3 venc_ko blocks (pool0 0x73801000 len 0x10000)
src frame 248: srcf=16 off=360 br=8000
frame 248: send=0x0 get=0x0 len=2191 coding=1 startqp=0 meanqp=0 picbytes=0 pskip=0 nalus=1 n1:2191
  snapshot f248: 3 venc_ko blocks (pool0 0x73801000 len 0x10000)
src frame 249: srcf=17 off=360 br=8000
frame 249: send=0x0 get=0x0 len=2191 coding=1 startqp=0 meanqp=0 picbytes=0 pskip=0 nalus=1 n1:2191
  snapshot f249: 3 venc_ko blocks (pool0 0x73801000 len 0x10000)
src frame 250: srcf=18 off=360 br=8000
frame 250: send=0x0 get=0x0 len=2174 coding=1 startqp=0 meanqp=0 picbytes=0 pskip=0 nalus=1 n1:2174
  snapshot f250: 3 venc_ko blocks (pool0 0x73801000 len 0x10000)
src frame 251: srcf=19 off=360 br=8000
frame 251: send=0x0 get=0x0 len=2149 coding=1 startqp=0 meanqp=0 picbytes=0 pskip=0 nalus=1 n1:2149
  snapshot f251: 3 venc_ko blocks (pool0 0x73801000 len 0x10000)
src frame 252: srcf=20 off=360 br=8000
frame 252: send=0x0 get=0x0 len=2145 coding=1 startqp=0 meanqp=0 picbytes=0 pskip=0 nalus=1 n1:2145
  snapshot f252: 3 venc_ko blocks (pool0 0x73801000 len 0x10000)
src frame 253: srcf=21 off=360 br=8000
frame 253: send=0x0 get=0x0 len=2142 coding=1 startqp=0 meanqp=0 picbytes=0 pskip=0 nalus=1 n1:2142
  snapshot f253: 3 venc_ko blocks (pool0 0x73801000 len 0x10000)
src frame 254: srcf=22 off=360 br=8000
frame 254: send=0x0 get=0x0 len=2145 coding=1 startqp=0 meanqp=0 picbytes=0 pskip=0 nalus=1 n1:2145
  snapshot f254: 3 venc_ko blocks (pool0 0x73801000 len 0x10000)
src frame 255: srcf=23 off=360 br=8000
frame 255: send=0x0 get=0x0 len=2142 coding=1 startqp=0 meanqp=0 picbytes=0 pskip=0 nalus=1 n1:2142
  snapshot f255: 3 venc_ko blocks (pool0 0x73801000 len 0x10000)
src frame 256: srcf=24 off=360 br=8000
frame 256: send=0x0 get=0x0 len=2145 coding=1 startqp=0 meanqp=0 picbytes=0 pskip=0 nalus=1 n1:2145
  snapshot f256: 3 venc_ko blocks (pool0 0x73801000 len 0x10000)
src frame 257: srcf=25 off=360 br=8000
frame 257: send=0x0 get=0x0 len=2142 coding=1 startqp=0 meanqp=0 picbytes=0 pskip=0 nalus=1 n1:2142
  snapshot f257: 3 venc_ko blocks (pool0 0x73801000 len 0x10000)
src frame 258: srcf=26 off=360 br=8000
frame 258: send=0x0 get=0x0 len=2145 coding=1 startqp=0 meanqp=0 picbytes=0 pskip=0 nalus=1 n1:2145
  snapshot f258: 3 venc_ko blocks (pool0 0x73801000 len 0x10000)
src frame 259: srcf=27 off=360 br=8000
frame 259: send=0x0 get=0x0 len=2142 coding=1 startqp=0 meanqp=0 picbytes=0 pskip=0 nalus=1 n1:2142
  snapshot f259: 3 venc_ko blocks (pool0 0x73801000 len 0x10000)
src frame 260: srcf=28 off=360 br=8000
frame 260: send=0x0 get=0x0 len=2145 coding=1 startqp=0 meanqp=0 picbytes=0 pskip=0 nalus=1 n1:2145
  snapshot f260: 3 venc_ko blocks (pool0 0x73801000 len 0x10000)
src frame 261: srcf=29 off=360 br=8000
frame 261: send=0x0 get=0x0 len=2142 coding=1 startqp=0 meanqp=0 picbytes=0 pskip=0 nalus=1 n1:2142
  snapshot f261: 3 venc_ko blocks (pool0 0x73801000 len 0x10000)
src frame 262: srcf=28 off=360 br=8000
frame 262: send=0x0 get=0x0 len=2145 coding=1 startqp=0 meanqp=0 picbytes=0 pskip=0 nalus=1 n1:2145
  snapshot f262: 3 venc_ko blocks (pool0 0x73801000 len 0x10000)
src frame 263: srcf=27 off=360 br=8000
frame 263: send=0x0 get=0x0 len=2142 coding=1 startqp=0 meanqp=0 picbytes=0 pskip=0 nalus=1 n1:2142
  snapshot f263: 3 venc_ko blocks (pool0 0x73801000 len 0x10000)
src frame 264: srcf=26 off=360 br=8000
frame 264: send=0x0 get=0x0 len=2145 coding=1 startqp=0 meanqp=0 picbytes=0 pskip=0 nalus=1 n1:2145
  snapshot f264: 3 venc_ko blocks (pool0 0x73801000 len 0x10000)
src frame 265: srcf=25 off=360 br=8000
frame 265: send=0x0 get=0x0 len=2142 coding=1 startqp=0 meanqp=0 picbytes=0 pskip=0 nalus=1 n1:2142
  snapshot f265: 3 venc_ko blocks (pool0 0x73801000 len 0x10000)
src frame 266: srcf=24 off=360 br=8000
frame 266: send=0x0 get=0x0 len=2145 coding=1 startqp=0 meanqp=0 picbytes=0 pskip=0 nalus=1 n1:2145
  snapshot f266: 3 venc_ko blocks (pool0 0x73801000 len 0x10000)
src frame 267: srcf=23 off=360 br=8000
frame 267: send=0x0 get=0x0 len=2142 coding=1 startqp=0 meanqp=0 picbytes=0 pskip=0 nalus=1 n1:2142
  snapshot f267: 3 venc_ko blocks (pool0 0x73801000 len 0x10000)
src frame 268: srcf=22 off=360 br=8000
frame 268: send=0x0 get=0x0 len=2145 coding=1 startqp=0 meanqp=0 picbytes=0 pskip=0 nalus=1 n1:2145
  snapshot f268: 3 venc_ko blocks (pool0 0x73801000 len 0x10000)
src frame 269: srcf=21 off=360 br=8000
frame 269: send=0x0 get=0x0 len=2142 coding=1 startqp=0 meanqp=0 picbytes=0 pskip=0 nalus=1 n1:2142
  snapshot f269: 3 venc_ko blocks (pool0 0x73801000 len 0x10000)
---- /proc/ax_proc/venc ----
-------- VENC VERSION ------------------------
[Axera version]: ax_venc V3.0.0_20250319114413 Mar 19 2025 11:58:34 JK

-------- MODULE PARAM ------------------------
MaxChnNum   MaxRoiNum   MaxProcNum  
16          8           16          

-------- VENC CHN ATTR 1 ------------------------
ID    Type    wSrc    hSrc    Strd0   Strd1   maxW    maxH    PixFmt  link  InFifoDep    OutFifoDep   InDbgFifoLen InDbgFifoDep StrmBufSize(KB)
7     h264    1920    1080    3840    0       1920    1080    YUYV422 N     2            2            0            4            4114      
-------- VENC CHN ATTR 2 ------------------------
ID    [CropEn StartX  StartY  CropW   CropH]  Rotation  EncW    EncH    FrmSize      PTS          SeqNum       CompMode     CompLevel    PhyAddr0     PhyAddr1     PhyAddr2     
7     N       0       0       0       0       0         1920    1080    4147200      4066666      245          NONE         0            742d1000     0            0            
-------- VENC RC ATTR 1 ------------------------
ID    RcMode    SrcFr   DstFr   Br(kbps)  MinQp   MaxQp   MinIQp  MaxIQp  IQpDelta  IpropMax   IpropMin   StartQp    QpDltRng   DeBrQpDlt  SvcEn   ChgPos  StillPercent MaxStillQp 
7     CBR       60.00   60.00   8000      10      51      10      51      0         40         10         -1         2          0          False   -       -            -          
-------- VENC RC ATTR 2  -----------------------
ID    QMapQpType  QMapUnit    QMapBlkType IQp   PQp   MinQpDelta MaxQpDelta MaxBitRate shtStaTime ltStaTime  ltMinBr  ltMaxBr  Br_ST(kbps)    Br_LT(kbps)    
7     N/A         64x64       N/A         -     -     -          -          -          -          -          -        -        -              -              
-------- VENC GOP ATTR  ------------------------
ID    GopMode   Gop   GopVI 
7     NormalP   30    0     
-------- VENC STATUS 1 -------------------------
ID    RJEn         RJThr(bps)   RJMode       RJEncGaps    SupFrmEn     SupPri       SupThrI      SupThrP      SplitEn      SliceNum     Range(In)    Range(out)   
7     N            0            Normal       0            N            0            500000       500000       N            0            Full         Full         
-------- VENC STATUS 2 -------------------------
ID    ChnStat   FrmRecv   FrmRls    FrmEnc    FrmDrop   FrmDup    EncFail   MissMatch StrmGet   StrmRls   OutFps    RealBr    ReEncCnt  DropCnt   BlkFail   GrpID     PID     TID     ThNum   RefInc    RefDec    Fail1   Fail2   Fail3   Fail4   
7     STARTED   245       245       245       0         0         0         0         245       245       50.00     1976.87   0         0         0         -1        130397  130401  1       245       245       0       0       0       0       
-------- VENC HW STATUS  ------------------------
ID    OverFlow     TimeOut      
7     0            0            
-------- VENC ROI INFO  ------------------------
ID    Index        bEnable      bAbsQp       RoiQP        Width        Height       StartX       StartY       
done h264_phase8000
