# vdrive tag=traj16000 1920x1080 rc=cbr br=16000 fps=60/60 gop=30 iqp=32 pqp=32 profile=10 level=51 qp[10..51] iqp[10..51] iqd=0 firstqp=-1 iprop[10..40] idrrange=2 stattime=1 vq=0 ir=0/0 slice=0 debreath=0 scd=-1 rowqpd=-1 move=1 nframes=90
AX_SYS_Init rc=0x0
AX_VENC_Init rc=0x0
AX_VENC_CreateChn(7) rc=0x0
StartRecvFrame rc=0x0
AX_POOL_CreatePool id=0x0
blk=0x5e000000 phys=0x742fc000 virt=0xffffa908c000
  snapshot pre: 3 venc_ko blocks (pool0 0x7382c000 len 0x10000)
frame 0: send=0x0 get=0x0 len=9678 coding=0 startqp=0 meanqp=0 picbytes=0 pskip=0 nalus=3 n7:32 n8:8 n5:9638
  snapshot IDR: 3 venc_ko blocks (pool0 0x7382c000 len 0x10000)
frame 1: send=0x0 get=0x0 len=6181 coding=1 startqp=0 meanqp=0 picbytes=0 pskip=0 nalus=1 n1:6181
  snapshot P: 3 venc_ko blocks (pool0 0x7382c000 len 0x10000)
frame 2: send=0x0 get=0x0 len=14752 coding=1 startqp=0 meanqp=0 picbytes=0 pskip=0 nalus=1 n1:14752
frame 3: send=0x0 get=0x0 len=11610 coding=1 startqp=0 meanqp=0 picbytes=0 pskip=0 nalus=1 n1:11610
frame 4: send=0x0 get=0x0 len=17500 coding=1 startqp=0 meanqp=0 picbytes=0 pskip=0 nalus=1 n1:17500
frame 5: send=0x0 get=0x0 len=7165 coding=1 startqp=0 meanqp=0 picbytes=0 pskip=0 nalus=1 n1:7165
frame 6: send=0x0 get=0x0 len=17694 coding=1 startqp=0 meanqp=0 picbytes=0 pskip=0 nalus=1 n1:17694
frame 7: send=0x0 get=0x0 len=13651 coding=1 startqp=0 meanqp=0 picbytes=0 pskip=0 nalus=1 n1:13651
frame 8: send=0x0 get=0x0 len=22149 coding=1 startqp=0 meanqp=0 picbytes=0 pskip=0 nalus=1 n1:22149
frame 9: send=0x0 get=0x0 len=11877 coding=1 startqp=0 meanqp=0 picbytes=0 pskip=0 nalus=1 n1:11877
frame 10: send=0x0 get=0x0 len=20862 coding=1 startqp=0 meanqp=0 picbytes=0 pskip=0 nalus=1 n1:20862
frame 11: send=0x0 get=0x0 len=17135 coding=1 startqp=0 meanqp=0 picbytes=0 pskip=0 nalus=1 n1:17135
frame 12: send=0x0 get=0x0 len=23166 coding=1 startqp=0 meanqp=0 picbytes=0 pskip=0 nalus=1 n1:23166
frame 13: send=0x0 get=0x0 len=14004 coding=1 startqp=0 meanqp=0 picbytes=0 pskip=0 nalus=1 n1:14004
frame 14: send=0x0 get=0x0 len=25544 coding=1 startqp=0 meanqp=0 picbytes=0 pskip=0 nalus=1 n1:25544
frame 15: send=0x0 get=0x0 len=18038 coding=1 startqp=0 meanqp=0 picbytes=0 pskip=0 nalus=1 n1:18038
frame 16: send=0x0 get=0x0 len=23228 coding=1 startqp=0 meanqp=0 picbytes=0 pskip=0 nalus=1 n1:23228
frame 17: send=0x0 get=0x0 len=11930 coding=1 startqp=0 meanqp=0 picbytes=0 pskip=0 nalus=1 n1:11930
frame 18: send=0x0 get=0x0 len=22378 coding=1 startqp=0 meanqp=0 picbytes=0 pskip=0 nalus=1 n1:22378
frame 19: send=0x0 get=0x0 len=15241 coding=1 startqp=0 meanqp=0 picbytes=0 pskip=0 nalus=1 n1:15241
frame 20: send=0x0 get=0x0 len=22593 coding=1 startqp=0 meanqp=0 picbytes=0 pskip=0 nalus=1 n1:22593
frame 21: send=0x0 get=0x0 len=11045 coding=1 startqp=0 meanqp=0 picbytes=0 pskip=0 nalus=1 n1:11045
frame 22: send=0x0 get=0x0 len=22451 coding=1 startqp=0 meanqp=0 picbytes=0 pskip=0 nalus=1 n1:22451
frame 23: send=0x0 get=0x0 len=14726 coding=1 startqp=0 meanqp=0 picbytes=0 pskip=0 nalus=1 n1:14726
frame 24: send=0x0 get=0x0 len=22168 coding=1 startqp=0 meanqp=0 picbytes=0 pskip=0 nalus=1 n1:22168
frame 25: send=0x0 get=0x0 len=11933 coding=1 startqp=0 meanqp=0 picbytes=0 pskip=0 nalus=1 n1:11933
frame 26: send=0x0 get=0x0 len=20431 coding=1 startqp=0 meanqp=0 picbytes=0 pskip=0 nalus=1 n1:20431
frame 27: send=0x0 get=0x0 len=14612 coding=1 startqp=0 meanqp=0 picbytes=0 pskip=0 nalus=1 n1:14612
frame 28: send=0x0 get=0x0 len=22223 coding=1 startqp=0 meanqp=0 picbytes=0 pskip=0 nalus=1 n1:22223
frame 29: send=0x0 get=0x0 len=10396 coding=1 startqp=0 meanqp=0 picbytes=0 pskip=0 nalus=1 n1:10396
frame 30: send=0x0 get=0x0 len=12323 coding=0 startqp=0 meanqp=0 picbytes=0 pskip=0 nalus=3 n7:32 n8:8 n5:12283
frame 31: send=0x0 get=0x0 len=9446 coding=1 startqp=0 meanqp=0 picbytes=0 pskip=0 nalus=1 n1:9446
frame 32: send=0x0 get=0x0 len=15901 coding=1 startqp=0 meanqp=0 picbytes=0 pskip=0 nalus=1 n1:15901
frame 33: send=0x0 get=0x0 len=6524 coding=1 startqp=0 meanqp=0 picbytes=0 pskip=0 nalus=1 n1:6524
frame 34: send=0x0 get=0x0 len=17092 coding=1 startqp=0 meanqp=0 picbytes=0 pskip=0 nalus=1 n1:17092
frame 35: send=0x0 get=0x0 len=11675 coding=1 startqp=0 meanqp=0 picbytes=0 pskip=0 nalus=1 n1:11675
frame 36: send=0x0 get=0x0 len=19145 coding=1 startqp=0 meanqp=0 picbytes=0 pskip=0 nalus=1 n1:19145
frame 37: send=0x0 get=0x0 len=9406 coding=1 startqp=0 meanqp=0 picbytes=0 pskip=0 nalus=1 n1:9406
frame 38: send=0x0 get=0x0 len=20630 coding=1 startqp=0 meanqp=0 picbytes=0 pskip=0 nalus=1 n1:20630
frame 39: send=0x0 get=0x0 len=18894 coding=1 startqp=0 meanqp=0 picbytes=0 pskip=0 nalus=1 n1:18894
frame 40: send=0x0 get=0x0 len=23959 coding=1 startqp=0 meanqp=0 picbytes=0 pskip=0 nalus=1 n1:23959
frame 41: send=0x0 get=0x0 len=13869 coding=1 startqp=0 meanqp=0 picbytes=0 pskip=0 nalus=1 n1:13869
frame 42: send=0x0 get=0x0 len=25565 coding=1 startqp=0 meanqp=0 picbytes=0 pskip=0 nalus=1 n1:25565
frame 43: send=0x0 get=0x0 len=20533 coding=1 startqp=0 meanqp=0 picbytes=0 pskip=0 nalus=1 n1:20533
frame 44: send=0x0 get=0x0 len=26275 coding=1 startqp=0 meanqp=0 picbytes=0 pskip=0 nalus=1 n1:26275
frame 45: send=0x0 get=0x0 len=13855 coding=1 startqp=0 meanqp=0 picbytes=0 pskip=0 nalus=1 n1:13855
frame 46: send=0x0 get=0x0 len=25844 coding=1 startqp=0 meanqp=0 picbytes=0 pskip=0 nalus=1 n1:25844
frame 47: send=0x0 get=0x0 len=12574 coding=1 startqp=0 meanqp=0 picbytes=0 pskip=0 nalus=1 n1:12574
frame 48: send=0x0 get=0x0 len=22668 coding=1 startqp=0 meanqp=0 picbytes=0 pskip=0 nalus=1 n1:22668
frame 49: send=0x0 get=0x0 len=12978 coding=1 startqp=0 meanqp=0 picbytes=0 pskip=0 nalus=1 n1:12978
frame 50: send=0x0 get=0x0 len=25054 coding=1 startqp=0 meanqp=0 picbytes=0 pskip=0 nalus=1 n1:25054
frame 51: send=0x0 get=0x0 len=11841 coding=1 startqp=0 meanqp=0 picbytes=0 pskip=0 nalus=1 n1:11841
frame 52: send=0x0 get=0x0 len=21842 coding=1 startqp=0 meanqp=0 picbytes=0 pskip=0 nalus=1 n1:21842
frame 53: send=0x0 get=0x0 len=11858 coding=1 startqp=0 meanqp=0 picbytes=0 pskip=0 nalus=1 n1:11858
frame 54: send=0x0 get=0x0 len=25213 coding=1 startqp=0 meanqp=0 picbytes=0 pskip=0 nalus=1 n1:25213
frame 55: send=0x0 get=0x0 len=11631 coding=1 startqp=0 meanqp=0 picbytes=0 pskip=0 nalus=1 n1:11631
frame 56: send=0x0 get=0x0 len=22078 coding=1 startqp=0 meanqp=0 picbytes=0 pskip=0 nalus=1 n1:22078
frame 57: send=0x0 get=0x0 len=12395 coding=1 startqp=0 meanqp=0 picbytes=0 pskip=0 nalus=1 n1:12395
frame 58: send=0x0 get=0x0 len=25151 coding=1 startqp=0 meanqp=0 picbytes=0 pskip=0 nalus=1 n1:25151
frame 59: send=0x0 get=0x0 len=12220 coding=1 startqp=0 meanqp=0 picbytes=0 pskip=0 nalus=1 n1:12220
frame 60: send=0x0 get=0x0 len=12692 coding=0 startqp=0 meanqp=0 picbytes=0 pskip=0 nalus=3 n7:32 n8:8 n5:12652
frame 61: send=0x0 get=0x0 len=8932 coding=1 startqp=0 meanqp=0 picbytes=0 pskip=0 nalus=1 n1:8932
frame 62: send=0x0 get=0x0 len=16535 coding=1 startqp=0 meanqp=0 picbytes=0 pskip=0 nalus=1 n1:16535
frame 63: send=0x0 get=0x0 len=13644 coding=1 startqp=0 meanqp=0 picbytes=0 pskip=0 nalus=1 n1:13644
frame 64: send=0x0 get=0x0 len=18900 coding=1 startqp=0 meanqp=0 picbytes=0 pskip=0 nalus=1 n1:18900
frame 65: send=0x0 get=0x0 len=10079 coding=1 startqp=0 meanqp=0 picbytes=0 pskip=0 nalus=1 n1:10079
frame 66: send=0x0 get=0x0 len=19754 coding=1 startqp=0 meanqp=0 picbytes=0 pskip=0 nalus=1 n1:19754
frame 67: send=0x0 get=0x0 len=19032 coding=1 startqp=0 meanqp=0 picbytes=0 pskip=0 nalus=1 n1:19032
frame 68: send=0x0 get=0x0 len=23654 coding=1 startqp=0 meanqp=0 picbytes=0 pskip=0 nalus=1 n1:23654
frame 69: send=0x0 get=0x0 len=13436 coding=1 startqp=0 meanqp=0 picbytes=0 pskip=0 nalus=1 n1:13436
frame 70: send=0x0 get=0x0 len=22968 coding=1 startqp=0 meanqp=0 picbytes=0 pskip=0 nalus=1 n1:22968
frame 71: send=0x0 get=0x0 len=21975 coding=1 startqp=0 meanqp=0 picbytes=0 pskip=0 nalus=1 n1:21975
frame 72: send=0x0 get=0x0 len=25116 coding=1 startqp=0 meanqp=0 picbytes=0 pskip=0 nalus=1 n1:25116
frame 73: send=0x0 get=0x0 len=14628 coding=1 startqp=0 meanqp=0 picbytes=0 pskip=0 nalus=1 n1:14628
frame 74: send=0x0 get=0x0 len=23655 coding=1 startqp=0 meanqp=0 picbytes=0 pskip=0 nalus=1 n1:23655
frame 75: send=0x0 get=0x0 len=13682 coding=1 startqp=0 meanqp=0 picbytes=0 pskip=0 nalus=1 n1:13682
frame 76: send=0x0 get=0x0 len=22360 coding=1 startqp=0 meanqp=0 picbytes=0 pskip=0 nalus=1 n1:22360
frame 77: send=0x0 get=0x0 len=12364 coding=1 startqp=0 meanqp=0 picbytes=0 pskip=0 nalus=1 n1:12364
frame 78: send=0x0 get=0x0 len=23276 coding=1 startqp=0 meanqp=0 picbytes=0 pskip=0 nalus=1 n1:23276
frame 79: send=0x0 get=0x0 len=11960 coding=1 startqp=0 meanqp=0 picbytes=0 pskip=0 nalus=1 n1:11960
frame 80: send=0x0 get=0x0 len=22275 coding=1 startqp=0 meanqp=0 picbytes=0 pskip=0 nalus=1 n1:22275
frame 81: send=0x0 get=0x0 len=12719 coding=1 startqp=0 meanqp=0 picbytes=0 pskip=0 nalus=1 n1:12719
frame 82: send=0x0 get=0x0 len=22963 coding=1 startqp=0 meanqp=0 picbytes=0 pskip=0 nalus=1 n1:22963
frame 83: send=0x0 get=0x0 len=12569 coding=1 startqp=0 meanqp=0 picbytes=0 pskip=0 nalus=1 n1:12569
frame 84: send=0x0 get=0x0 len=21629 coding=1 startqp=0 meanqp=0 picbytes=0 pskip=0 nalus=1 n1:21629
frame 85: send=0x0 get=0x0 len=11796 coding=1 startqp=0 meanqp=0 picbytes=0 pskip=0 nalus=1 n1:11796
frame 86: send=0x0 get=0x0 len=23040 coding=1 startqp=0 meanqp=0 picbytes=0 pskip=0 nalus=1 n1:23040
frame 87: send=0x0 get=0x0 len=12035 coding=1 startqp=0 meanqp=0 picbytes=0 pskip=0 nalus=1 n1:12035
frame 88: send=0x0 get=0x0 len=22003 coding=1 startqp=0 meanqp=0 picbytes=0 pskip=0 nalus=1 n1:22003
frame 89: send=0x0 get=0x0 len=12343 coding=1 startqp=0 meanqp=0 picbytes=0 pskip=0 nalus=1 n1:12343
---- /proc/ax_proc/venc ----
-------- VENC VERSION ------------------------
[Axera version]: ax_venc V3.0.0_20250319114413 Mar 19 2025 11:58:34 JK

-------- MODULE PARAM ------------------------
MaxChnNum   MaxRoiNum   MaxProcNum  
16          8           16          

-------- VENC CHN ATTR 1 ------------------------
ID    Type    wSrc    hSrc    Strd0   Strd1   maxW    maxH    PixFmt  link  InFifoDep    OutFifoDep   InDbgFifoLen InDbgFifoDep StrmBufSize(KB)
7     h264    1920    1080    3840    0       1920    1080    YUYV422 N     2            2            0            4            4114      
-------- VENC CHN ATTR 2 ------------------------
ID    [CropEn StartX  StartY  CropW   CropH]  Rotation  EncW    EncH    FrmSize      PTS          SeqNum       CompMode     CompLevel    PhyAddr0     PhyAddr1     PhyAddr2     
7     N       0       0       0       0       0         1920    1080    4147200      1183333      72           NONE         0            742fc000     0            0            
-------- VENC RC ATTR 1 ------------------------
ID    RcMode    SrcFr   DstFr   Br(kbps)  MinQp   MaxQp   MinIQp  MaxIQp  IQpDelta  IpropMax   IpropMin   StartQp    QpDltRng   DeBrQpDlt  SvcEn   ChgPos  StillPercent MaxStillQp 
7     CBR       60.00   60.00   16000     10      51      10      51      0         40         10         -1         2          0          False   -       -            -          
-------- VENC RC ATTR 2  -----------------------
ID    QMapQpType  QMapUnit    QMapBlkType IQp   PQp   MinQpDelta MaxQpDelta MaxBitRate shtStaTime ltStaTime  ltMinBr  ltMaxBr  Br_ST(kbps)    Br_LT(kbps)    
7     N/A         64x64       N/A         -     -     -          -          -          -          -          -        -        -              -              
-------- VENC GOP ATTR  ------------------------
ID    GopMode   Gop   GopVI 
7     NormalP   30    0     
-------- VENC STATUS 1 -------------------------
ID    RJEn         RJThr(bps)   RJMode       RJEncGaps    SupFrmEn     SupPri       SupThrI      SupThrP      SplitEn      SliceNum     Range(In)    Range(out)   
7     N            0            Normal       0            N            0            500000       500000       N            0            Full         Full         
-------- VENC STATUS 2 -------------------------
ID    ChnStat   FrmRecv   FrmRls    FrmEnc    FrmDrop   FrmDup    EncFail   MissMatch StrmGet   StrmRls   OutFps    RealBr    ReEncCnt  DropCnt   BlkFail   GrpID     PID     TID     ThNum   RefInc    RefDec    Fail1   Fail2   Fail3   Fail4   
7     STARTED   72        72        72        0         0         0         0         72        72        25.00     3432.83   0         0         0         -1        9093    9097    1       72        72        0       0       0       0       
-------- VENC HW STATUS  ------------------------
ID    OverFlow     TimeOut      
7     0            0            
-------- VENC ROI INFO  ------------------------
ID    Index        bEnable      bAbsQp       RoiQP        Width        Height       StartX       StartY       
done traj16000
