# vdrive tag=h264_chg codec=h264 1920x1080 rc=cbr br=8000 fps=60/60 gop=30 gopmode=normalp ltrint=0 ltrqpo=0 iqp=32 pqp=32 profile=10 level=51 tier=0 qp[10..51] iqp[10..51] iqd=0 firstqp=-1 iprop[10..40] idrrange=2 stattime=1 vq=0 ir=0/0 slice=0 debreath=0 scd=-1 rowqpd=-1 vui=-1 move=0 nframes=270
src=/root/rc65/clips/static.yuyv frames=30 loop=pingpong motion=vscroll mstep=4 window=0..-1
chg plan: frame 60 -> 2000 kbps
chg plan: frame 120 -> 16000 kbps
AX_SYS_Init rc=0x0
AX_VENC_Init rc=0x0
AX_VENC_CreateChn(7) rc=0x0
StartRecvFrame rc=0x0
AX_POOL_CreatePool id=0x0
blk=0x5e000000 phys=0x742d1000 virt=0xffff919c5000
frame: modid=0x11 stride=1920 fmt=0xd
  snapshot pre: 3 venc_ko blocks (pool0 0x73801000 len 0x10000)
src frame 0: srcf=0 off=4 br=8000
frame 0: send=0x0 get=0x0 len=30679 coding=0 startqp=0 meanqp=0 picbytes=0 pskip=0 nalus=3 n7:32 n8:8 n5:30639
  snapshot f000: 3 venc_ko blocks (pool0 0x73801000 len 0x10000)
src frame 1: srcf=1 off=8 br=8000
frame 1: send=0x0 get=0x0 len=6518 coding=1 startqp=0 meanqp=0 picbytes=0 pskip=0 nalus=1 n1:6518
  snapshot f001: 3 venc_ko blocks (pool0 0x73801000 len 0x10000)
src frame 2: srcf=2 off=12 br=8000
frame 2: send=0x0 get=0x0 len=12391 coding=1 startqp=0 meanqp=0 picbytes=0 pskip=0 nalus=1 n1:12391
  snapshot f002: 3 venc_ko blocks (pool0 0x73801000 len 0x10000)
src frame 3: srcf=3 off=16 br=8000
frame 3: send=0x0 get=0x0 len=8612 coding=1 startqp=0 meanqp=0 picbytes=0 pskip=0 nalus=1 n1:8612
  snapshot f003: 3 venc_ko blocks (pool0 0x73801000 len 0x10000)
src frame 4: srcf=4 off=20 br=8000
frame 4: send=0x0 get=0x0 len=8467 coding=1 startqp=0 meanqp=0 picbytes=0 pskip=0 nalus=1 n1:8467
  snapshot f004: 3 venc_ko blocks (pool0 0x73801000 len 0x10000)
src frame 5: srcf=5 off=24 br=8000
frame 5: send=0x0 get=0x0 len=6676 coding=1 startqp=0 meanqp=0 picbytes=0 pskip=0 nalus=1 n1:6676
  snapshot f005: 3 venc_ko blocks (pool0 0x73801000 len 0x10000)
src frame 6: srcf=6 off=28 br=8000
frame 6: send=0x0 get=0x0 len=7182 coding=1 startqp=0 meanqp=0 picbytes=0 pskip=0 nalus=1 n1:7182
  snapshot f006: 3 venc_ko blocks (pool0 0x73801000 len 0x10000)
src frame 7: srcf=7 off=32 br=8000
frame 7: send=0x0 get=0x0 len=7175 coding=1 startqp=0 meanqp=0 picbytes=0 pskip=0 nalus=1 n1:7175
  snapshot f007: 3 venc_ko blocks (pool0 0x73801000 len 0x10000)
src frame 8: srcf=8 off=36 br=8000
frame 8: send=0x0 get=0x0 len=7325 coding=1 startqp=0 meanqp=0 picbytes=0 pskip=0 nalus=1 n1:7325
  snapshot f008: 3 venc_ko blocks (pool0 0x73801000 len 0x10000)
src frame 9: srcf=9 off=40 br=8000
frame 9: send=0x0 get=0x0 len=7294 coding=1 startqp=0 meanqp=0 picbytes=0 pskip=0 nalus=1 n1:7294
  snapshot f009: 3 venc_ko blocks (pool0 0x73801000 len 0x10000)
src frame 10: srcf=10 off=44 br=8000
frame 10: send=0x0 get=0x0 len=7236 coding=1 startqp=0 meanqp=0 picbytes=0 pskip=0 nalus=1 n1:7236
  snapshot f010: 3 venc_ko blocks (pool0 0x73801000 len 0x10000)
src frame 11: srcf=11 off=48 br=8000
frame 11: send=0x0 get=0x0 len=7600 coding=1 startqp=0 meanqp=0 picbytes=0 pskip=0 nalus=1 n1:7600
  snapshot f011: 3 venc_ko blocks (pool0 0x73801000 len 0x10000)
src frame 12: srcf=12 off=52 br=8000
frame 12: send=0x0 get=0x0 len=9051 coding=1 startqp=0 meanqp=0 picbytes=0 pskip=0 nalus=1 n1:9051
  snapshot f012: 3 venc_ko blocks (pool0 0x73801000 len 0x10000)
src frame 13: srcf=13 off=56 br=8000
frame 13: send=0x0 get=0x0 len=9577 coding=1 startqp=0 meanqp=0 picbytes=0 pskip=0 nalus=1 n1:9577
  snapshot f013: 3 venc_ko blocks (pool0 0x73801000 len 0x10000)
src frame 14: srcf=14 off=60 br=8000
frame 14: send=0x0 get=0x0 len=9923 coding=1 startqp=0 meanqp=0 picbytes=0 pskip=0 nalus=1 n1:9923
  snapshot f014: 3 venc_ko blocks (pool0 0x73801000 len 0x10000)
src frame 15: srcf=15 off=64 br=8000
frame 15: send=0x0 get=0x0 len=5557 coding=1 startqp=0 meanqp=0 picbytes=0 pskip=0 nalus=1 n1:5557
  snapshot f015: 3 venc_ko blocks (pool0 0x73801000 len 0x10000)
src frame 16: srcf=16 off=68 br=8000
frame 16: send=0x0 get=0x0 len=4509 coding=1 startqp=0 meanqp=0 picbytes=0 pskip=0 nalus=1 n1:4509
  snapshot f016: 3 venc_ko blocks (pool0 0x73801000 len 0x10000)
src frame 17: srcf=17 off=72 br=8000
frame 17: send=0x0 get=0x0 len=3704 coding=1 startqp=0 meanqp=0 picbytes=0 pskip=0 nalus=1 n1:3704
  snapshot f017: 3 venc_ko blocks (pool0 0x73801000 len 0x10000)
src frame 18: srcf=18 off=76 br=8000
frame 18: send=0x0 get=0x0 len=2529 coding=1 startqp=0 meanqp=0 picbytes=0 pskip=0 nalus=1 n1:2529
  snapshot f018: 3 venc_ko blocks (pool0 0x73801000 len 0x10000)
src frame 19: srcf=19 off=80 br=8000
frame 19: send=0x0 get=0x0 len=2634 coding=1 startqp=0 meanqp=0 picbytes=0 pskip=0 nalus=1 n1:2634
  snapshot f019: 3 venc_ko blocks (pool0 0x73801000 len 0x10000)
src frame 20: srcf=20 off=84 br=8000
frame 20: send=0x0 get=0x0 len=2300 coding=1 startqp=0 meanqp=0 picbytes=0 pskip=0 nalus=1 n1:2300
  snapshot f020: 3 venc_ko blocks (pool0 0x73801000 len 0x10000)
src frame 21: srcf=21 off=88 br=8000
frame 21: send=0x0 get=0x0 len=2421 coding=1 startqp=0 meanqp=0 picbytes=0 pskip=0 nalus=1 n1:2421
  snapshot f021: 3 venc_ko blocks (pool0 0x73801000 len 0x10000)
src frame 22: srcf=22 off=92 br=8000
frame 22: send=0x0 get=0x0 len=3890 coding=1 startqp=0 meanqp=0 picbytes=0 pskip=0 nalus=1 n1:3890
  snapshot f022: 3 venc_ko blocks (pool0 0x73801000 len 0x10000)
src frame 23: srcf=23 off=96 br=8000
frame 23: send=0x0 get=0x0 len=5712 coding=1 startqp=0 meanqp=0 picbytes=0 pskip=0 nalus=1 n1:5712
  snapshot f023: 3 venc_ko blocks (pool0 0x73801000 len 0x10000)
src frame 24: srcf=24 off=100 br=8000
frame 24: send=0x0 get=0x0 len=6722 coding=1 startqp=0 meanqp=0 picbytes=0 pskip=0 nalus=1 n1:6722
  snapshot f024: 3 venc_ko blocks (pool0 0x73801000 len 0x10000)
src frame 25: srcf=25 off=104 br=8000
frame 25: send=0x0 get=0x0 len=2936 coding=1 startqp=0 meanqp=0 picbytes=0 pskip=0 nalus=1 n1:2936
  snapshot f025: 3 venc_ko blocks (pool0 0x73801000 len 0x10000)
src frame 26: srcf=26 off=108 br=8000
frame 26: send=0x0 get=0x0 len=2117 coding=1 startqp=0 meanqp=0 picbytes=0 pskip=0 nalus=1 n1:2117
  snapshot f026: 3 venc_ko blocks (pool0 0x73801000 len 0x10000)
src frame 27: srcf=27 off=112 br=8000
frame 27: send=0x0 get=0x0 len=1994 coding=1 startqp=0 meanqp=0 picbytes=0 pskip=0 nalus=1 n1:1994
  snapshot f027: 3 venc_ko blocks (pool0 0x73801000 len 0x10000)
src frame 28: srcf=28 off=116 br=8000
frame 28: send=0x0 get=0x0 len=1610 coding=1 startqp=0 meanqp=0 picbytes=0 pskip=0 nalus=1 n1:1610
  snapshot f028: 3 venc_ko blocks (pool0 0x73801000 len 0x10000)
src frame 29: srcf=29 off=120 br=8000
frame 29: send=0x0 get=0x0 len=1439 coding=1 startqp=0 meanqp=0 picbytes=0 pskip=0 nalus=1 n1:1439
  snapshot f029: 3 venc_ko blocks (pool0 0x73801000 len 0x10000)
src frame 30: srcf=28 off=124 br=8000
frame 30: send=0x0 get=0x0 len=34191 coding=0 startqp=0 meanqp=0 picbytes=0 pskip=0 nalus=3 n7:32 n8:8 n5:34151
  snapshot f030: 3 venc_ko blocks (pool0 0x73801000 len 0x10000)
src frame 31: srcf=27 off=128 br=8000
frame 31: send=0x0 get=0x0 len=9487 coding=1 startqp=0 meanqp=0 picbytes=0 pskip=0 nalus=1 n1:9487
  snapshot f031: 3 venc_ko blocks (pool0 0x73801000 len 0x10000)
src frame 32: srcf=26 off=132 br=8000
frame 32: send=0x0 get=0x0 len=7513 coding=1 startqp=0 meanqp=0 picbytes=0 pskip=0 nalus=1 n1:7513
  snapshot f032: 3 venc_ko blocks (pool0 0x73801000 len 0x10000)
src frame 33: srcf=25 off=136 br=8000
frame 33: send=0x0 get=0x0 len=8285 coding=1 startqp=0 meanqp=0 picbytes=0 pskip=0 nalus=1 n1:8285
  snapshot f033: 3 venc_ko blocks (pool0 0x73801000 len 0x10000)
src frame 34: srcf=24 off=140 br=8000
frame 34: send=0x0 get=0x0 len=7551 coding=1 startqp=0 meanqp=0 picbytes=0 pskip=0 nalus=1 n1:7551
  snapshot f034: 3 venc_ko blocks (pool0 0x73801000 len 0x10000)
src frame 35: srcf=23 off=144 br=8000
frame 35: send=0x0 get=0x0 len=7483 coding=1 startqp=0 meanqp=0 picbytes=0 pskip=0 nalus=1 n1:7483
  snapshot f035: 3 venc_ko blocks (pool0 0x73801000 len 0x10000)
src frame 36: srcf=22 off=148 br=8000
frame 36: send=0x0 get=0x0 len=6594 coding=1 startqp=0 meanqp=0 picbytes=0 pskip=0 nalus=1 n1:6594
  snapshot f036: 3 venc_ko blocks (pool0 0x73801000 len 0x10000)
src frame 37: srcf=21 off=152 br=8000
frame 37: send=0x0 get=0x0 len=7501 coding=1 startqp=0 meanqp=0 picbytes=0 pskip=0 nalus=1 n1:7501
  snapshot f037: 3 venc_ko blocks (pool0 0x73801000 len 0x10000)
src frame 38: srcf=20 off=156 br=8000
frame 38: send=0x0 get=0x0 len=7373 coding=1 startqp=0 meanqp=0 picbytes=0 pskip=0 nalus=1 n1:7373
  snapshot f038: 3 venc_ko blocks (pool0 0x73801000 len 0x10000)
src frame 39: srcf=19 off=160 br=8000
frame 39: send=0x0 get=0x0 len=7639 coding=1 startqp=0 meanqp=0 picbytes=0 pskip=0 nalus=1 n1:7639
  snapshot f039: 3 venc_ko blocks (pool0 0x73801000 len 0x10000)
src frame 40: srcf=18 off=164 br=8000
frame 40: send=0x0 get=0x0 len=7782 coding=1 startqp=0 meanqp=0 picbytes=0 pskip=0 nalus=1 n1:7782
  snapshot f040: 3 venc_ko blocks (pool0 0x73801000 len 0x10000)
src frame 41: srcf=17 off=168 br=8000
frame 41: send=0x0 get=0x0 len=9453 coding=1 startqp=0 meanqp=0 picbytes=0 pskip=0 nalus=1 n1:9453
  snapshot f041: 3 venc_ko blocks (pool0 0x73801000 len 0x10000)
src frame 42: srcf=16 off=172 br=8000
frame 42: send=0x0 get=0x0 len=10002 coding=1 startqp=0 meanqp=0 picbytes=0 pskip=0 nalus=1 n1:10002
  snapshot f042: 3 venc_ko blocks (pool0 0x73801000 len 0x10000)
src frame 43: srcf=15 off=176 br=8000
frame 43: send=0x0 get=0x0 len=11069 coding=1 startqp=0 meanqp=0 picbytes=0 pskip=0 nalus=1 n1:11069
  snapshot f043: 3 venc_ko blocks (pool0 0x73801000 len 0x10000)
src frame 44: srcf=14 off=180 br=8000
frame 44: send=0x0 get=0x0 len=9881 coding=1 startqp=0 meanqp=0 picbytes=0 pskip=0 nalus=1 n1:9881
  snapshot f044: 3 venc_ko blocks (pool0 0x73801000 len 0x10000)
src frame 45: srcf=13 off=184 br=8000
frame 45: send=0x0 get=0x0 len=5788 coding=1 startqp=0 meanqp=0 picbytes=0 pskip=0 nalus=1 n1:5788
  snapshot f045: 3 venc_ko blocks (pool0 0x73801000 len 0x10000)
src frame 46: srcf=12 off=188 br=8000
frame 46: send=0x0 get=0x0 len=4454 coding=1 startqp=0 meanqp=0 picbytes=0 pskip=0 nalus=1 n1:4454
  snapshot f046: 3 venc_ko blocks (pool0 0x73801000 len 0x10000)
src frame 47: srcf=11 off=192 br=8000
frame 47: send=0x0 get=0x0 len=3703 coding=1 startqp=0 meanqp=0 picbytes=0 pskip=0 nalus=1 n1:3703
  snapshot f047: 3 venc_ko blocks (pool0 0x73801000 len 0x10000)
src frame 48: srcf=10 off=196 br=8000
frame 48: send=0x0 get=0x0 len=2676 coding=1 startqp=0 meanqp=0 picbytes=0 pskip=0 nalus=1 n1:2676
  snapshot f048: 3 venc_ko blocks (pool0 0x73801000 len 0x10000)
src frame 49: srcf=9 off=200 br=8000
frame 49: send=0x0 get=0x0 len=2370 coding=1 startqp=0 meanqp=0 picbytes=0 pskip=0 nalus=1 n1:2370
  snapshot f049: 3 venc_ko blocks (pool0 0x73801000 len 0x10000)
src frame 50: srcf=8 off=204 br=8000
frame 50: send=0x0 get=0x0 len=2514 coding=1 startqp=0 meanqp=0 picbytes=0 pskip=0 nalus=1 n1:2514
  snapshot f050: 3 venc_ko blocks (pool0 0x73801000 len 0x10000)
src frame 51: srcf=7 off=208 br=8000
frame 51: send=0x0 get=0x0 len=2913 coding=1 startqp=0 meanqp=0 picbytes=0 pskip=0 nalus=1 n1:2913
  snapshot f051: 3 venc_ko blocks (pool0 0x73801000 len 0x10000)
src frame 52: srcf=6 off=212 br=8000
frame 52: send=0x0 get=0x0 len=2930 coding=1 startqp=0 meanqp=0 picbytes=0 pskip=0 nalus=1 n1:2930
  snapshot f052: 3 venc_ko blocks (pool0 0x73801000 len 0x10000)
src frame 53: srcf=5 off=216 br=8000
frame 53: send=0x0 get=0x0 len=3081 coding=1 startqp=0 meanqp=0 picbytes=0 pskip=0 nalus=1 n1:3081
  snapshot f053: 3 venc_ko blocks (pool0 0x73801000 len 0x10000)
src frame 54: srcf=4 off=220 br=8000
frame 54: send=0x0 get=0x0 len=2543 coding=1 startqp=0 meanqp=0 picbytes=0 pskip=0 nalus=1 n1:2543
  snapshot f054: 3 venc_ko blocks (pool0 0x73801000 len 0x10000)
src frame 55: srcf=3 off=224 br=8000
frame 55: send=0x0 get=0x0 len=1843 coding=1 startqp=0 meanqp=0 picbytes=0 pskip=0 nalus=1 n1:1843
  snapshot f055: 3 venc_ko blocks (pool0 0x73801000 len 0x10000)
src frame 56: srcf=2 off=228 br=8000
frame 56: send=0x0 get=0x0 len=1782 coding=1 startqp=0 meanqp=0 picbytes=0 pskip=0 nalus=1 n1:1782
  snapshot f056: 3 venc_ko blocks (pool0 0x73801000 len 0x10000)
src frame 57: srcf=1 off=232 br=8000
frame 57: send=0x0 get=0x0 len=1924 coding=1 startqp=0 meanqp=0 picbytes=0 pskip=0 nalus=1 n1:1924
  snapshot f057: 3 venc_ko blocks (pool0 0x73801000 len 0x10000)
src frame 58: srcf=0 off=236 br=8000
frame 58: send=0x0 get=0x0 len=1996 coding=1 startqp=0 meanqp=0 picbytes=0 pskip=0 nalus=1 n1:1996
  snapshot f058: 3 venc_ko blocks (pool0 0x73801000 len 0x10000)
src frame 59: srcf=1 off=240 br=8000
frame 59: send=0x0 get=0x0 len=1934 coding=1 startqp=0 meanqp=0 picbytes=0 pskip=0 nalus=1 n1:1934
  snapshot f059: 3 venc_ko blocks (pool0 0x73801000 len 0x10000)
chg frame=60 br 8000 -> 2000 kbps: GetRcParam=0x0 SetRcParam=0x0 readback=2000 mode=1
src frame 60: srcf=2 off=244 br=2000
frame 60: send=0x0 get=0x0 len=22216 coding=0 startqp=0 meanqp=0 picbytes=0 pskip=0 nalus=3 n7:32 n8:8 n5:22176
  snapshot f060: 3 venc_ko blocks (pool0 0x73801000 len 0x10000)
src frame 61: srcf=3 off=248 br=2000
frame 61: send=0x0 get=0x0 len=3383 coding=1 startqp=0 meanqp=0 picbytes=0 pskip=0 nalus=1 n1:3383
  snapshot f061: 3 venc_ko blocks (pool0 0x73801000 len 0x10000)
src frame 62: srcf=4 off=252 br=2000
frame 62: send=0x0 get=0x0 len=4194 coding=1 startqp=0 meanqp=0 picbytes=0 pskip=0 nalus=1 n1:4194
  snapshot f062: 3 venc_ko blocks (pool0 0x73801000 len 0x10000)
src frame 63: srcf=5 off=256 br=2000
frame 63: send=0x0 get=0x0 len=1924 coding=1 startqp=0 meanqp=0 picbytes=0 pskip=0 nalus=1 n1:1924
  snapshot f063: 3 venc_ko blocks (pool0 0x73801000 len 0x10000)
src frame 64: srcf=6 off=260 br=2000
frame 64: send=0x0 get=0x0 len=3634 coding=1 startqp=0 meanqp=0 picbytes=0 pskip=0 nalus=1 n1:3634
  snapshot f064: 3 venc_ko blocks (pool0 0x73801000 len 0x10000)
src frame 65: srcf=7 off=264 br=2000
frame 65: send=0x0 get=0x0 len=3531 coding=1 startqp=0 meanqp=0 picbytes=0 pskip=0 nalus=1 n1:3531
  snapshot f065: 3 venc_ko blocks (pool0 0x73801000 len 0x10000)
src frame 66: srcf=8 off=268 br=2000
frame 66: send=0x0 get=0x0 len=3740 coding=1 startqp=0 meanqp=0 picbytes=0 pskip=0 nalus=1 n1:3740
  snapshot f066: 3 venc_ko blocks (pool0 0x73801000 len 0x10000)
src frame 67: srcf=9 off=272 br=2000
frame 67: send=0x0 get=0x0 len=3490 coding=1 startqp=0 meanqp=0 picbytes=0 pskip=0 nalus=1 n1:3490
  snapshot f067: 3 venc_ko blocks (pool0 0x73801000 len 0x10000)
src frame 68: srcf=10 off=276 br=2000
frame 68: send=0x0 get=0x0 len=3899 coding=1 startqp=0 meanqp=0 picbytes=0 pskip=0 nalus=1 n1:3899
  snapshot f068: 3 venc_ko blocks (pool0 0x73801000 len 0x10000)
src frame 69: srcf=11 off=280 br=2000
frame 69: send=0x0 get=0x0 len=3722 coding=1 startqp=0 meanqp=0 picbytes=0 pskip=0 nalus=1 n1:3722
  snapshot f069: 3 venc_ko blocks (pool0 0x73801000 len 0x10000)
src frame 70: srcf=12 off=284 br=2000
frame 70: send=0x0 get=0x0 len=3884 coding=1 startqp=0 meanqp=0 picbytes=0 pskip=0 nalus=1 n1:3884
  snapshot f070: 3 venc_ko blocks (pool0 0x73801000 len 0x10000)
src frame 71: srcf=13 off=288 br=2000
frame 71: send=0x0 get=0x0 len=4046 coding=1 startqp=0 meanqp=0 picbytes=0 pskip=0 nalus=1 n1:4046
  snapshot f071: 3 venc_ko blocks (pool0 0x73801000 len 0x10000)
src frame 72: srcf=14 off=292 br=2000
frame 72: send=0x0 get=0x0 len=2597 coding=1 startqp=0 meanqp=0 picbytes=0 pskip=0 nalus=1 n1:2597
  snapshot f072: 3 venc_ko blocks (pool0 0x73801000 len 0x10000)
src frame 73: srcf=15 off=296 br=2000
frame 73: send=0x0 get=0x0 len=4007 coding=1 startqp=0 meanqp=0 picbytes=0 pskip=0 nalus=1 n1:4007
  snapshot f073: 3 venc_ko blocks (pool0 0x73801000 len 0x10000)
src frame 74: srcf=16 off=300 br=2000
frame 74: send=0x0 get=0x0 len=3676 coding=1 startqp=0 meanqp=0 picbytes=0 pskip=0 nalus=1 n1:3676
  snapshot f074: 3 venc_ko blocks (pool0 0x73801000 len 0x10000)
src frame 75: srcf=17 off=304 br=2000
frame 75: send=0x0 get=0x0 len=3785 coding=1 startqp=0 meanqp=0 picbytes=0 pskip=0 nalus=1 n1:3785
  snapshot f075: 3 venc_ko blocks (pool0 0x73801000 len 0x10000)
src frame 76: srcf=18 off=308 br=2000
frame 76: send=0x0 get=0x0 len=3870 coding=1 startqp=0 meanqp=0 picbytes=0 pskip=0 nalus=1 n1:3870
  snapshot f076: 3 venc_ko blocks (pool0 0x73801000 len 0x10000)
src frame 77: srcf=19 off=312 br=2000
frame 77: send=0x0 get=0x0 len=3832 coding=1 startqp=0 meanqp=0 picbytes=0 pskip=0 nalus=1 n1:3832
  snapshot f077: 3 venc_ko blocks (pool0 0x73801000 len 0x10000)
src frame 78: srcf=20 off=316 br=2000
frame 78: send=0x0 get=0x0 len=3343 coding=1 startqp=0 meanqp=0 picbytes=0 pskip=0 nalus=1 n1:3343
  snapshot f078: 3 venc_ko blocks (pool0 0x73801000 len 0x10000)
src frame 79: srcf=21 off=320 br=2000
frame 79: send=0x0 get=0x0 len=4212 coding=1 startqp=0 meanqp=0 picbytes=0 pskip=0 nalus=1 n1:4212
  snapshot f079: 3 venc_ko blocks (pool0 0x73801000 len 0x10000)
src frame 80: srcf=22 off=324 br=2000
frame 80: send=0x0 get=0x0 len=4082 coding=1 startqp=0 meanqp=0 picbytes=0 pskip=0 nalus=1 n1:4082
  snapshot f080: 3 venc_ko blocks (pool0 0x73801000 len 0x10000)
src frame 81: srcf=23 off=328 br=2000
frame 81: send=0x0 get=0x0 len=3407 coding=1 startqp=0 meanqp=0 picbytes=0 pskip=0 nalus=1 n1:3407
  snapshot f081: 3 venc_ko blocks (pool0 0x73801000 len 0x10000)
src frame 82: srcf=24 off=332 br=2000
frame 82: send=0x0 get=0x0 len=4544 coding=1 startqp=0 meanqp=0 picbytes=0 pskip=0 nalus=1 n1:4544
  snapshot f082: 3 venc_ko blocks (pool0 0x73801000 len 0x10000)
src frame 83: srcf=25 off=336 br=2000
frame 83: send=0x0 get=0x0 len=2805 coding=1 startqp=0 meanqp=0 picbytes=0 pskip=0 nalus=1 n1:2805
  snapshot f083: 3 venc_ko blocks (pool0 0x73801000 len 0x10000)
src frame 84: srcf=26 off=340 br=2000
frame 84: send=0x0 get=0x0 len=3661 coding=1 startqp=0 meanqp=0 picbytes=0 pskip=0 nalus=1 n1:3661
  snapshot f084: 3 venc_ko blocks (pool0 0x73801000 len 0x10000)
src frame 85: srcf=27 off=344 br=2000
frame 85: send=0x0 get=0x0 len=3867 coding=1 startqp=0 meanqp=0 picbytes=0 pskip=0 nalus=1 n1:3867
  snapshot f085: 3 venc_ko blocks (pool0 0x73801000 len 0x10000)
src frame 86: srcf=28 off=348 br=2000
frame 86: send=0x0 get=0x0 len=3839 coding=1 startqp=0 meanqp=0 picbytes=0 pskip=0 nalus=1 n1:3839
  snapshot f086: 3 venc_ko blocks (pool0 0x73801000 len 0x10000)
src frame 87: srcf=29 off=352 br=2000
frame 87: send=0x0 get=0x0 len=3599 coding=1 startqp=0 meanqp=0 picbytes=0 pskip=0 nalus=1 n1:3599
  snapshot f087: 3 venc_ko blocks (pool0 0x73801000 len 0x10000)
src frame 88: srcf=28 off=356 br=2000
frame 88: send=0x0 get=0x0 len=3981 coding=1 startqp=0 meanqp=0 picbytes=0 pskip=0 nalus=1 n1:3981
  snapshot f088: 3 venc_ko blocks (pool0 0x73801000 len 0x10000)
src frame 89: srcf=27 off=360 br=2000
frame 89: send=0x0 get=0x0 len=4299 coding=1 startqp=0 meanqp=0 picbytes=0 pskip=0 nalus=1 n1:4299
  snapshot f089: 3 venc_ko blocks (pool0 0x73801000 len 0x10000)
src frame 90: srcf=26 off=364 br=2000
frame 90: send=0x0 get=0x0 len=25942 coding=0 startqp=0 meanqp=0 picbytes=0 pskip=0 nalus=3 n7:32 n8:8 n5:25902
  snapshot f090: 3 venc_ko blocks (pool0 0x73801000 len 0x10000)
src frame 91: srcf=25 off=368 br=2000
frame 91: send=0x0 get=0x0 len=4543 coding=1 startqp=0 meanqp=0 picbytes=0 pskip=0 nalus=1 n1:4543
  snapshot f091: 3 venc_ko blocks (pool0 0x73801000 len 0x10000)
src frame 92: srcf=24 off=372 br=2000
frame 92: send=0x0 get=0x0 len=4629 coding=1 startqp=0 meanqp=0 picbytes=0 pskip=0 nalus=1 n1:4629
  snapshot f092: 3 venc_ko blocks (pool0 0x73801000 len 0x10000)
src frame 93: srcf=23 off=376 br=2000
frame 93: send=0x0 get=0x0 len=3661 coding=1 startqp=0 meanqp=0 picbytes=0 pskip=0 nalus=1 n1:3661
  snapshot f093: 3 venc_ko blocks (pool0 0x73801000 len 0x10000)
src frame 94: srcf=22 off=380 br=2000
frame 94: send=0x0 get=0x0 len=4291 coding=1 startqp=0 meanqp=0 picbytes=0 pskip=0 nalus=1 n1:4291
  snapshot f094: 3 venc_ko blocks (pool0 0x73801000 len 0x10000)
src frame 95: srcf=21 off=384 br=2000
frame 95: send=0x0 get=0x0 len=4134 coding=1 startqp=0 meanqp=0 picbytes=0 pskip=0 nalus=1 n1:4134
  snapshot f095: 3 venc_ko blocks (pool0 0x73801000 len 0x10000)
src frame 96: srcf=20 off=388 br=2000
frame 96: send=0x0 get=0x0 len=4257 coding=1 startqp=0 meanqp=0 picbytes=0 pskip=0 nalus=1 n1:4257
  snapshot f096: 3 venc_ko blocks (pool0 0x73801000 len 0x10000)
src frame 97: srcf=19 off=392 br=2000
frame 97: send=0x0 get=0x0 len=4275 coding=1 startqp=0 meanqp=0 picbytes=0 pskip=0 nalus=1 n1:4275
  snapshot f097: 3 venc_ko blocks (pool0 0x73801000 len 0x10000)
src frame 98: srcf=18 off=396 br=2000
frame 98: send=0x0 get=0x0 len=4374 coding=1 startqp=0 meanqp=0 picbytes=0 pskip=0 nalus=1 n1:4374
  snapshot f098: 3 venc_ko blocks (pool0 0x73801000 len 0x10000)
src frame 99: srcf=17 off=400 br=2000
frame 99: send=0x0 get=0x0 len=4487 coding=1 startqp=0 meanqp=0 picbytes=0 pskip=0 nalus=1 n1:4487
  snapshot f099: 3 venc_ko blocks (pool0 0x73801000 len 0x10000)
src frame 100: srcf=16 off=404 br=2000
frame 100: send=0x0 get=0x0 len=3925 coding=1 startqp=0 meanqp=0 picbytes=0 pskip=0 nalus=1 n1:3925
  snapshot f100: 3 venc_ko blocks (pool0 0x73801000 len 0x10000)
src frame 101: srcf=15 off=408 br=2000
frame 101: send=0x0 get=0x0 len=4856 coding=1 startqp=0 meanqp=0 picbytes=0 pskip=0 nalus=1 n1:4856
  snapshot f101: 3 venc_ko blocks (pool0 0x73801000 len 0x10000)
src frame 102: srcf=14 off=412 br=2000
frame 102: send=0x0 get=0x0 len=4554 coding=1 startqp=0 meanqp=0 picbytes=0 pskip=0 nalus=1 n1:4554
  snapshot f102: 3 venc_ko blocks (pool0 0x73801000 len 0x10000)
src frame 103: srcf=13 off=416 br=2000
frame 103: send=0x0 get=0x0 len=3931 coding=1 startqp=0 meanqp=0 picbytes=0 pskip=0 nalus=1 n1:3931
  snapshot f103: 3 venc_ko blocks (pool0 0x73801000 len 0x10000)
src frame 104: srcf=12 off=420 br=2000
frame 104: send=0x0 get=0x0 len=4245 coding=1 startqp=0 meanqp=0 picbytes=0 pskip=0 nalus=1 n1:4245
  snapshot f104: 3 venc_ko blocks (pool0 0x73801000 len 0x10000)
src frame 105: srcf=11 off=424 br=2000
frame 105: send=0x0 get=0x0 len=4342 coding=1 startqp=0 meanqp=0 picbytes=0 pskip=0 nalus=1 n1:4342
  snapshot f105: 3 venc_ko blocks (pool0 0x73801000 len 0x10000)
src frame 106: srcf=10 off=428 br=2000
frame 106: send=0x0 get=0x0 len=4484 coding=1 startqp=0 meanqp=0 picbytes=0 pskip=0 nalus=1 n1:4484
  snapshot f106: 3 venc_ko blocks (pool0 0x73801000 len 0x10000)
src frame 107: srcf=9 off=432 br=2000
frame 107: send=0x0 get=0x0 len=4673 coding=1 startqp=0 meanqp=0 picbytes=0 pskip=0 nalus=1 n1:4673
  snapshot f107: 3 venc_ko blocks (pool0 0x73801000 len 0x10000)
src frame 108: srcf=8 off=436 br=2000
frame 108: send=0x0 get=0x0 len=4566 coding=1 startqp=0 meanqp=0 picbytes=0 pskip=0 nalus=1 n1:4566
  snapshot f108: 3 venc_ko blocks (pool0 0x73801000 len 0x10000)
src frame 109: srcf=7 off=440 br=2000
frame 109: send=0x0 get=0x0 len=4435 coding=1 startqp=0 meanqp=0 picbytes=0 pskip=0 nalus=1 n1:4435
  snapshot f109: 3 venc_ko blocks (pool0 0x73801000 len 0x10000)
src frame 110: srcf=6 off=444 br=2000
frame 110: send=0x0 get=0x0 len=3605 coding=1 startqp=0 meanqp=0 picbytes=0 pskip=0 nalus=1 n1:3605
  snapshot f110: 3 venc_ko blocks (pool0 0x73801000 len 0x10000)
src frame 111: srcf=5 off=448 br=2000
frame 111: send=0x0 get=0x0 len=5313 coding=1 startqp=0 meanqp=0 picbytes=0 pskip=0 nalus=1 n1:5313
  snapshot f111: 3 venc_ko blocks (pool0 0x73801000 len 0x10000)
src frame 112: srcf=4 off=452 br=2000
frame 112: send=0x0 get=0x0 len=2771 coding=1 startqp=0 meanqp=0 picbytes=0 pskip=0 nalus=1 n1:2771
  snapshot f112: 3 venc_ko blocks (pool0 0x73801000 len 0x10000)
src frame 113: srcf=3 off=456 br=2000
frame 113: send=0x0 get=0x0 len=5032 coding=1 startqp=0 meanqp=0 picbytes=0 pskip=0 nalus=1 n1:5032
  snapshot f113: 3 venc_ko blocks (pool0 0x73801000 len 0x10000)
src frame 114: srcf=2 off=460 br=2000
frame 114: send=0x0 get=0x0 len=2677 coding=1 startqp=0 meanqp=0 picbytes=0 pskip=0 nalus=1 n1:2677
  snapshot f114: 3 venc_ko blocks (pool0 0x73801000 len 0x10000)
src frame 115: srcf=1 off=464 br=2000
frame 115: send=0x0 get=0x0 len=4302 coding=1 startqp=0 meanqp=0 picbytes=0 pskip=0 nalus=1 n1:4302
  snapshot f115: 3 venc_ko blocks (pool0 0x73801000 len 0x10000)
src frame 116: srcf=0 off=468 br=2000
frame 116: send=0x0 get=0x0 len=5275 coding=1 startqp=0 meanqp=0 picbytes=0 pskip=0 nalus=1 n1:5275
  snapshot f116: 3 venc_ko blocks (pool0 0x73801000 len 0x10000)
src frame 117: srcf=1 off=472 br=2000
frame 117: send=0x0 get=0x0 len=5975 coding=1 startqp=0 meanqp=0 picbytes=0 pskip=0 nalus=1 n1:5975
  snapshot f117: 3 venc_ko blocks (pool0 0x73801000 len 0x10000)
src frame 118: srcf=2 off=476 br=2000
frame 118: send=0x0 get=0x0 len=3990 coding=1 startqp=0 meanqp=0 picbytes=0 pskip=0 nalus=1 n1:3990
  snapshot f118: 3 venc_ko blocks (pool0 0x73801000 len 0x10000)
src frame 119: srcf=3 off=480 br=2000
frame 119: send=0x0 get=0x0 len=5684 coding=1 startqp=0 meanqp=0 picbytes=0 pskip=0 nalus=1 n1:5684
  snapshot f119: 3 venc_ko blocks (pool0 0x73801000 len 0x10000)
chg frame=120 br 2000 -> 16000 kbps: GetRcParam=0x0 SetRcParam=0x0 readback=16000 mode=1
src frame 120: srcf=4 off=484 br=16000
frame 120: send=0x0 get=0x0 len=30964 coding=0 startqp=0 meanqp=0 picbytes=0 pskip=0 nalus=3 n7:32 n8:8 n5:30924
  snapshot f120: 3 venc_ko blocks (pool0 0x73801000 len 0x10000)
src frame 121: srcf=5 off=488 br=16000
frame 121: send=0x0 get=0x0 len=9660 coding=1 startqp=0 meanqp=0 picbytes=0 pskip=0 nalus=1 n1:9660
  snapshot f121: 3 venc_ko blocks (pool0 0x73801000 len 0x10000)
src frame 122: srcf=6 off=492 br=16000
frame 122: send=0x0 get=0x0 len=10215 coding=1 startqp=0 meanqp=0 picbytes=0 pskip=0 nalus=1 n1:10215
  snapshot f122: 3 venc_ko blocks (pool0 0x73801000 len 0x10000)
src frame 123: srcf=7 off=496 br=16000
frame 123: send=0x0 get=0x0 len=6798 coding=1 startqp=0 meanqp=0 picbytes=0 pskip=0 nalus=1 n1:6798
  snapshot f123: 3 venc_ko blocks (pool0 0x73801000 len 0x10000)
src frame 124: srcf=8 off=500 br=16000
frame 124: send=0x0 get=0x0 len=6931 coding=1 startqp=0 meanqp=0 picbytes=0 pskip=0 nalus=1 n1:6931
  snapshot f124: 3 venc_ko blocks (pool0 0x73801000 len 0x10000)
src frame 125: srcf=9 off=504 br=16000
frame 125: send=0x0 get=0x0 len=7043 coding=1 startqp=0 meanqp=0 picbytes=0 pskip=0 nalus=1 n1:7043
  snapshot f125: 3 venc_ko blocks (pool0 0x73801000 len 0x10000)
src frame 126: srcf=10 off=508 br=16000
frame 126: send=0x0 get=0x0 len=6556 coding=1 startqp=0 meanqp=0 picbytes=0 pskip=0 nalus=1 n1:6556
  snapshot f126: 3 venc_ko blocks (pool0 0x73801000 len 0x10000)
src frame 127: srcf=11 off=512 br=16000
frame 127: send=0x0 get=0x0 len=6921 coding=1 startqp=0 meanqp=0 picbytes=0 pskip=0 nalus=1 n1:6921
  snapshot f127: 3 venc_ko blocks (pool0 0x73801000 len 0x10000)
src frame 128: srcf=12 off=516 br=16000
frame 128: send=0x0 get=0x0 len=7536 coding=1 startqp=0 meanqp=0 picbytes=0 pskip=0 nalus=1 n1:7536
  snapshot f128: 3 venc_ko blocks (pool0 0x73801000 len 0x10000)
src frame 129: srcf=13 off=520 br=16000
frame 129: send=0x0 get=0x0 len=7671 coding=1 startqp=0 meanqp=0 picbytes=0 pskip=0 nalus=1 n1:7671
  snapshot f129: 3 venc_ko blocks (pool0 0x73801000 len 0x10000)
src frame 130: srcf=14 off=524 br=16000
frame 130: send=0x0 get=0x0 len=6982 coding=1 startqp=0 meanqp=0 picbytes=0 pskip=0 nalus=1 n1:6982
  snapshot f130: 3 venc_ko blocks (pool0 0x73801000 len 0x10000)
src frame 131: srcf=15 off=528 br=16000
frame 131: send=0x0 get=0x0 len=7036 coding=1 startqp=0 meanqp=0 picbytes=0 pskip=0 nalus=1 n1:7036
  snapshot f131: 3 venc_ko blocks (pool0 0x73801000 len 0x10000)
src frame 132: srcf=16 off=532 br=16000
frame 132: send=0x0 get=0x0 len=7918 coding=1 startqp=0 meanqp=0 picbytes=0 pskip=0 nalus=1 n1:7918
  snapshot f132: 3 venc_ko blocks (pool0 0x73801000 len 0x10000)
src frame 133: srcf=17 off=536 br=16000
frame 133: send=0x0 get=0x0 len=8174 coding=1 startqp=0 meanqp=0 picbytes=0 pskip=0 nalus=1 n1:8174
  snapshot f133: 3 venc_ko blocks (pool0 0x73801000 len 0x10000)
src frame 134: srcf=18 off=540 br=16000
frame 134: send=0x0 get=0x0 len=9798 coding=1 startqp=0 meanqp=0 picbytes=0 pskip=0 nalus=1 n1:9798
  snapshot f134: 3 venc_ko blocks (pool0 0x73801000 len 0x10000)
src frame 135: srcf=19 off=544 br=16000
frame 135: send=0x0 get=0x0 len=7242 coding=1 startqp=0 meanqp=0 picbytes=0 pskip=0 nalus=1 n1:7242
  snapshot f135: 3 venc_ko blocks (pool0 0x73801000 len 0x10000)
src frame 136: srcf=20 off=548 br=16000
frame 136: send=0x0 get=0x0 len=6015 coding=1 startqp=0 meanqp=0 picbytes=0 pskip=0 nalus=1 n1:6015
  snapshot f136: 3 venc_ko blocks (pool0 0x73801000 len 0x10000)
src frame 137: srcf=21 off=552 br=16000
frame 137: send=0x0 get=0x0 len=4496 coding=1 startqp=0 meanqp=0 picbytes=0 pskip=0 nalus=1 n1:4496
  snapshot f137: 3 venc_ko blocks (pool0 0x73801000 len 0x10000)
src frame 138: srcf=22 off=556 br=16000
frame 138: send=0x0 get=0x0 len=2672 coding=1 startqp=0 meanqp=0 picbytes=0 pskip=0 nalus=1 n1:2672
  snapshot f138: 3 venc_ko blocks (pool0 0x73801000 len 0x10000)
src frame 139: srcf=23 off=560 br=16000
frame 139: send=0x0 get=0x0 len=2279 coding=1 startqp=0 meanqp=0 picbytes=0 pskip=0 nalus=1 n1:2279
  snapshot f139: 3 venc_ko blocks (pool0 0x73801000 len 0x10000)
src frame 140: srcf=24 off=564 br=16000
frame 140: send=0x0 get=0x0 len=1834 coding=1 startqp=0 meanqp=0 picbytes=0 pskip=0 nalus=1 n1:1834
  snapshot f140: 3 venc_ko blocks (pool0 0x73801000 len 0x10000)
src frame 141: srcf=25 off=568 br=16000
frame 141: send=0x0 get=0x0 len=1960 coding=1 startqp=0 meanqp=0 picbytes=0 pskip=0 nalus=1 n1:1960
  snapshot f141: 3 venc_ko blocks (pool0 0x73801000 len 0x10000)
src frame 142: srcf=26 off=572 br=16000
frame 142: send=0x0 get=0x0 len=1827 coding=1 startqp=0 meanqp=0 picbytes=0 pskip=0 nalus=1 n1:1827
  snapshot f142: 3 venc_ko blocks (pool0 0x73801000 len 0x10000)
src frame 143: srcf=27 off=576 br=16000
frame 143: send=0x0 get=0x0 len=2359 coding=1 startqp=0 meanqp=0 picbytes=0 pskip=0 nalus=1 n1:2359
  snapshot f143: 3 venc_ko blocks (pool0 0x73801000 len 0x10000)
src frame 144: srcf=28 off=580 br=16000
frame 144: send=0x0 get=0x0 len=2669 coding=1 startqp=0 meanqp=0 picbytes=0 pskip=0 nalus=1 n1:2669
  snapshot f144: 3 venc_ko blocks (pool0 0x73801000 len 0x10000)
src frame 145: srcf=29 off=584 br=16000
frame 145: send=0x0 get=0x0 len=2785 coding=1 startqp=0 meanqp=0 picbytes=0 pskip=0 nalus=1 n1:2785
  snapshot f145: 3 venc_ko blocks (pool0 0x73801000 len 0x10000)
src frame 146: srcf=28 off=588 br=16000
frame 146: send=0x0 get=0x0 len=2303 coding=1 startqp=0 meanqp=0 picbytes=0 pskip=0 nalus=1 n1:2303
  snapshot f146: 3 venc_ko blocks (pool0 0x73801000 len 0x10000)
src frame 147: srcf=27 off=592 br=16000
frame 147: send=0x0 get=0x0 len=2470 coding=1 startqp=0 meanqp=0 picbytes=0 pskip=0 nalus=1 n1:2470
  snapshot f147: 3 venc_ko blocks (pool0 0x73801000 len 0x10000)
src frame 148: srcf=26 off=596 br=16000
frame 148: send=0x0 get=0x0 len=2074 coding=1 startqp=0 meanqp=0 picbytes=0 pskip=0 nalus=1 n1:2074
  snapshot f148: 3 venc_ko blocks (pool0 0x73801000 len 0x10000)
src frame 149: srcf=25 off=600 br=16000
frame 149: send=0x0 get=0x0 len=1765 coding=1 startqp=0 meanqp=0 picbytes=0 pskip=0 nalus=1 n1:1765
  snapshot f149: 3 venc_ko blocks (pool0 0x73801000 len 0x10000)
src frame 150: srcf=24 off=604 br=16000
frame 150: send=0x0 get=0x0 len=34365 coding=0 startqp=0 meanqp=0 picbytes=0 pskip=0 nalus=3 n7:32 n8:8 n5:34325
  snapshot f150: 3 venc_ko blocks (pool0 0x73801000 len 0x10000)
src frame 151: srcf=23 off=608 br=16000
frame 151: send=0x0 get=0x0 len=10055 coding=1 startqp=0 meanqp=0 picbytes=0 pskip=0 nalus=1 n1:10055
  snapshot f151: 3 venc_ko blocks (pool0 0x73801000 len 0x10000)
src frame 152: srcf=22 off=612 br=16000
frame 152: send=0x0 get=0x0 len=8079 coding=1 startqp=0 meanqp=0 picbytes=0 pskip=0 nalus=1 n1:8079
  snapshot f152: 3 venc_ko blocks (pool0 0x73801000 len 0x10000)
src frame 153: srcf=21 off=616 br=16000
frame 153: send=0x0 get=0x0 len=8653 coding=1 startqp=0 meanqp=0 picbytes=0 pskip=0 nalus=1 n1:8653
  snapshot f153: 3 venc_ko blocks (pool0 0x73801000 len 0x10000)
src frame 154: srcf=20 off=620 br=16000
frame 154: send=0x0 get=0x0 len=7050 coding=1 startqp=0 meanqp=0 picbytes=0 pskip=0 nalus=1 n1:7050
  snapshot f154: 3 venc_ko blocks (pool0 0x73801000 len 0x10000)
src frame 155: srcf=19 off=624 br=16000
frame 155: send=0x0 get=0x0 len=6967 coding=1 startqp=0 meanqp=0 picbytes=0 pskip=0 nalus=1 n1:6967
  snapshot f155: 3 venc_ko blocks (pool0 0x73801000 len 0x10000)
src frame 156: srcf=18 off=628 br=16000
frame 156: send=0x0 get=0x0 len=7331 coding=1 startqp=0 meanqp=0 picbytes=0 pskip=0 nalus=1 n1:7331
  snapshot f156: 3 venc_ko blocks (pool0 0x73801000 len 0x10000)
src frame 157: srcf=17 off=632 br=16000
frame 157: send=0x0 get=0x0 len=8308 coding=1 startqp=0 meanqp=0 picbytes=0 pskip=0 nalus=1 n1:8308
  snapshot f157: 3 venc_ko blocks (pool0 0x73801000 len 0x10000)
src frame 158: srcf=16 off=636 br=16000
frame 158: send=0x0 get=0x0 len=7166 coding=1 startqp=0 meanqp=0 picbytes=0 pskip=0 nalus=1 n1:7166
  snapshot f158: 3 venc_ko blocks (pool0 0x73801000 len 0x10000)
src frame 159: srcf=15 off=640 br=16000
frame 159: send=0x0 get=0x0 len=7773 coding=1 startqp=0 meanqp=0 picbytes=0 pskip=0 nalus=1 n1:7773
  snapshot f159: 3 venc_ko blocks (pool0 0x73801000 len 0x10000)
src frame 160: srcf=14 off=644 br=16000
frame 160: send=0x0 get=0x0 len=7621 coding=1 startqp=0 meanqp=0 picbytes=0 pskip=0 nalus=1 n1:7621
  snapshot f160: 3 venc_ko blocks (pool0 0x73801000 len 0x10000)
src frame 161: srcf=13 off=648 br=16000
frame 161: send=0x0 get=0x0 len=8263 coding=1 startqp=0 meanqp=0 picbytes=0 pskip=0 nalus=1 n1:8263
  snapshot f161: 3 venc_ko blocks (pool0 0x73801000 len 0x10000)
src frame 162: srcf=12 off=652 br=16000
frame 162: send=0x0 get=0x0 len=7468 coding=1 startqp=0 meanqp=0 picbytes=0 pskip=0 nalus=1 n1:7468
  snapshot f162: 3 venc_ko blocks (pool0 0x73801000 len 0x10000)
src frame 163: srcf=11 off=656 br=16000
frame 163: send=0x0 get=0x0 len=8636 coding=1 startqp=0 meanqp=0 picbytes=0 pskip=0 nalus=1 n1:8636
  snapshot f163: 3 venc_ko blocks (pool0 0x73801000 len 0x10000)
src frame 164: srcf=10 off=660 br=16000
frame 164: send=0x0 get=0x0 len=8725 coding=1 startqp=0 meanqp=0 picbytes=0 pskip=0 nalus=1 n1:8725
  snapshot f164: 3 venc_ko blocks (pool0 0x73801000 len 0x10000)
src frame 165: srcf=9 off=664 br=16000
frame 165: send=0x0 get=0x0 len=6232 coding=1 startqp=0 meanqp=0 picbytes=0 pskip=0 nalus=1 n1:6232
  snapshot f165: 3 venc_ko blocks (pool0 0x73801000 len 0x10000)
src frame 166: srcf=8 off=668 br=16000
frame 166: send=0x0 get=0x0 len=5286 coding=1 startqp=0 meanqp=0 picbytes=0 pskip=0 nalus=1 n1:5286
  snapshot f166: 3 venc_ko blocks (pool0 0x73801000 len 0x10000)
src frame 167: srcf=7 off=672 br=16000
frame 167: send=0x0 get=0x0 len=4288 coding=1 startqp=0 meanqp=0 picbytes=0 pskip=0 nalus=1 n1:4288
  snapshot f167: 3 venc_ko blocks (pool0 0x73801000 len 0x10000)
src frame 168: srcf=6 off=676 br=16000
frame 168: send=0x0 get=0x0 len=2671 coding=1 startqp=0 meanqp=0 picbytes=0 pskip=0 nalus=1 n1:2671
  snapshot f168: 3 venc_ko blocks (pool0 0x73801000 len 0x10000)
src frame 169: srcf=5 off=680 br=16000
frame 169: send=0x0 get=0x0 len=2215 coding=1 startqp=0 meanqp=0 picbytes=0 pskip=0 nalus=1 n1:2215
  snapshot f169: 3 venc_ko blocks (pool0 0x73801000 len 0x10000)
src frame 170: srcf=4 off=684 br=16000
frame 170: send=0x0 get=0x0 len=2044 coding=1 startqp=0 meanqp=0 picbytes=0 pskip=0 nalus=1 n1:2044
  snapshot f170: 3 venc_ko blocks (pool0 0x73801000 len 0x10000)
src frame 171: srcf=3 off=688 br=16000
frame 171: send=0x0 get=0x0 len=1872 coding=1 startqp=0 meanqp=0 picbytes=0 pskip=0 nalus=1 n1:1872
  snapshot f171: 3 venc_ko blocks (pool0 0x73801000 len 0x10000)
src frame 172: srcf=2 off=692 br=16000
frame 172: send=0x0 get=0x0 len=1760 coding=1 startqp=0 meanqp=0 picbytes=0 pskip=0 nalus=1 n1:1760
  snapshot f172: 3 venc_ko blocks (pool0 0x73801000 len 0x10000)
src frame 173: srcf=1 off=696 br=16000
frame 173: send=0x0 get=0x0 len=1946 coding=1 startqp=0 meanqp=0 picbytes=0 pskip=0 nalus=1 n1:1946
  snapshot f173: 3 venc_ko blocks (pool0 0x73801000 len 0x10000)
src frame 174: srcf=0 off=700 br=16000
frame 174: send=0x0 get=0x0 len=2175 coding=1 startqp=0 meanqp=0 picbytes=0 pskip=0 nalus=1 n1:2175
  snapshot f174: 3 venc_ko blocks (pool0 0x73801000 len 0x10000)
src frame 175: srcf=1 off=704 br=16000
frame 175: send=0x0 get=0x0 len=2331 coding=1 startqp=0 meanqp=0 picbytes=0 pskip=0 nalus=1 n1:2331
  snapshot f175: 3 venc_ko blocks (pool0 0x73801000 len 0x10000)
src frame 176: srcf=2 off=708 br=16000
frame 176: send=0x0 get=0x0 len=2346 coding=1 startqp=0 meanqp=0 picbytes=0 pskip=0 nalus=1 n1:2346
  snapshot f176: 3 venc_ko blocks (pool0 0x73801000 len 0x10000)
src frame 177: srcf=3 off=712 br=16000
frame 177: send=0x0 get=0x0 len=1942 coding=1 startqp=0 meanqp=0 picbytes=0 pskip=0 nalus=1 n1:1942
  snapshot f177: 3 venc_ko blocks (pool0 0x73801000 len 0x10000)
src frame 178: srcf=4 off=716 br=16000
frame 178: send=0x0 get=0x0 len=1756 coding=1 startqp=0 meanqp=0 picbytes=0 pskip=0 nalus=1 n1:1756
  snapshot f178: 3 venc_ko blocks (pool0 0x73801000 len 0x10000)
src frame 179: srcf=5 off=720 br=16000
frame 179: send=0x0 get=0x0 len=1667 coding=1 startqp=0 meanqp=0 picbytes=0 pskip=0 nalus=1 n1:1667
  snapshot f179: 3 venc_ko blocks (pool0 0x73801000 len 0x10000)
src frame 180: srcf=6 off=724 br=16000
frame 180: send=0x0 get=0x0 len=38369 coding=0 startqp=0 meanqp=0 picbytes=0 pskip=0 nalus=3 n7:32 n8:8 n5:38329
  snapshot f180: 3 venc_ko blocks (pool0 0x73801000 len 0x10000)
src frame 181: srcf=7 off=728 br=16000
frame 181: send=0x0 get=0x0 len=11701 coding=1 startqp=0 meanqp=0 picbytes=0 pskip=0 nalus=1 n1:11701
  snapshot f181: 3 venc_ko blocks (pool0 0x73801000 len 0x10000)
src frame 182: srcf=8 off=732 br=16000
frame 182: send=0x0 get=0x0 len=6824 coding=1 startqp=0 meanqp=0 picbytes=0 pskip=0 nalus=1 n1:6824
  snapshot f182: 3 venc_ko blocks (pool0 0x73801000 len 0x10000)
src frame 183: srcf=9 off=736 br=16000
frame 183: send=0x0 get=0x0 len=7470 coding=1 startqp=0 meanqp=0 picbytes=0 pskip=0 nalus=1 n1:7470
  snapshot f183: 3 venc_ko blocks (pool0 0x73801000 len 0x10000)
src frame 184: srcf=10 off=740 br=16000
frame 184: send=0x0 get=0x0 len=7428 coding=1 startqp=0 meanqp=0 picbytes=0 pskip=0 nalus=1 n1:7428
  snapshot f184: 3 venc_ko blocks (pool0 0x73801000 len 0x10000)
src frame 185: srcf=11 off=744 br=16000
frame 185: send=0x0 get=0x0 len=8193 coding=1 startqp=0 meanqp=0 picbytes=0 pskip=0 nalus=1 n1:8193
  snapshot f185: 3 venc_ko blocks (pool0 0x73801000 len 0x10000)
src frame 186: srcf=12 off=748 br=16000
frame 186: send=0x0 get=0x0 len=7262 coding=1 startqp=0 meanqp=0 picbytes=0 pskip=0 nalus=1 n1:7262
  snapshot f186: 3 venc_ko blocks (pool0 0x73801000 len 0x10000)
src frame 187: srcf=13 off=752 br=16000
frame 187: send=0x0 get=0x0 len=7631 coding=1 startqp=0 meanqp=0 picbytes=0 pskip=0 nalus=1 n1:7631
  snapshot f187: 3 venc_ko blocks (pool0 0x73801000 len 0x10000)
src frame 188: srcf=14 off=756 br=16000
frame 188: send=0x0 get=0x0 len=7693 coding=1 startqp=0 meanqp=0 picbytes=0 pskip=0 nalus=1 n1:7693
  snapshot f188: 3 venc_ko blocks (pool0 0x73801000 len 0x10000)
src frame 189: srcf=15 off=760 br=16000
frame 189: send=0x0 get=0x0 len=8430 coding=1 startqp=0 meanqp=0 picbytes=0 pskip=0 nalus=1 n1:8430
  snapshot f189: 3 venc_ko blocks (pool0 0x73801000 len 0x10000)
src frame 190: srcf=16 off=764 br=16000
frame 190: send=0x0 get=0x0 len=7536 coding=1 startqp=0 meanqp=0 picbytes=0 pskip=0 nalus=1 n1:7536
  snapshot f190: 3 venc_ko blocks (pool0 0x73801000 len 0x10000)
src frame 191: srcf=17 off=768 br=16000
frame 191: send=0x0 get=0x0 len=8913 coding=1 startqp=0 meanqp=0 picbytes=0 pskip=0 nalus=1 n1:8913
  snapshot f191: 3 venc_ko blocks (pool0 0x73801000 len 0x10000)
src frame 192: srcf=18 off=772 br=16000
frame 192: send=0x0 get=0x0 len=8836 coding=1 startqp=0 meanqp=0 picbytes=0 pskip=0 nalus=1 n1:8836
  snapshot f192: 3 venc_ko blocks (pool0 0x73801000 len 0x10000)
src frame 193: srcf=19 off=776 br=16000
frame 193: send=0x0 get=0x0 len=6147 coding=1 startqp=0 meanqp=0 picbytes=0 pskip=0 nalus=1 n1:6147
  snapshot f193: 3 venc_ko blocks (pool0 0x73801000 len 0x10000)
src frame 194: srcf=20 off=780 br=16000
frame 194: send=0x0 get=0x0 len=5210 coding=1 startqp=0 meanqp=0 picbytes=0 pskip=0 nalus=1 n1:5210
  snapshot f194: 3 venc_ko blocks (pool0 0x73801000 len 0x10000)
src frame 195: srcf=21 off=784 br=16000
frame 195: send=0x0 get=0x0 len=4269 coding=1 startqp=0 meanqp=0 picbytes=0 pskip=0 nalus=1 n1:4269
  snapshot f195: 3 venc_ko blocks (pool0 0x73801000 len 0x10000)
src frame 196: srcf=22 off=788 br=16000
frame 196: send=0x0 get=0x0 len=2491 coding=1 startqp=0 meanqp=0 picbytes=0 pskip=0 nalus=1 n1:2491
  snapshot f196: 3 venc_ko blocks (pool0 0x73801000 len 0x10000)
src frame 197: srcf=23 off=792 br=16000
frame 197: send=0x0 get=0x0 len=2348 coding=1 startqp=0 meanqp=0 picbytes=0 pskip=0 nalus=1 n1:2348
  snapshot f197: 3 venc_ko blocks (pool0 0x73801000 len 0x10000)
src frame 198: srcf=24 off=796 br=16000
frame 198: send=0x0 get=0x0 len=2137 coding=1 startqp=0 meanqp=0 picbytes=0 pskip=0 nalus=1 n1:2137
  snapshot f198: 3 venc_ko blocks (pool0 0x73801000 len 0x10000)
src frame 199: srcf=25 off=800 br=16000
frame 199: send=0x0 get=0x0 len=2059 coding=1 startqp=0 meanqp=0 picbytes=0 pskip=0 nalus=1 n1:2059
  snapshot f199: 3 venc_ko blocks (pool0 0x73801000 len 0x10000)
src frame 200: srcf=26 off=804 br=16000
frame 200: send=0x0 get=0x0 len=1786 coding=1 startqp=0 meanqp=0 picbytes=0 pskip=0 nalus=1 n1:1786
  snapshot f200: 3 venc_ko blocks (pool0 0x73801000 len 0x10000)
src frame 201: srcf=27 off=808 br=16000
frame 201: send=0x0 get=0x0 len=1960 coding=1 startqp=0 meanqp=0 picbytes=0 pskip=0 nalus=1 n1:1960
  snapshot f201: 3 venc_ko blocks (pool0 0x73801000 len 0x10000)
src frame 202: srcf=28 off=812 br=16000
frame 202: send=0x0 get=0x0 len=1911 coding=1 startqp=0 meanqp=0 picbytes=0 pskip=0 nalus=1 n1:1911
  snapshot f202: 3 venc_ko blocks (pool0 0x73801000 len 0x10000)
src frame 203: srcf=29 off=816 br=16000
frame 203: send=0x0 get=0x0 len=2394 coding=1 startqp=0 meanqp=0 picbytes=0 pskip=0 nalus=1 n1:2394
  snapshot f203: 3 venc_ko blocks (pool0 0x73801000 len 0x10000)
src frame 204: srcf=28 off=820 br=16000
frame 204: send=0x0 get=0x0 len=2357 coding=1 startqp=0 meanqp=0 picbytes=0 pskip=0 nalus=1 n1:2357
  snapshot f204: 3 venc_ko blocks (pool0 0x73801000 len 0x10000)
src frame 205: srcf=27 off=824 br=16000
frame 205: send=0x0 get=0x0 len=2142 coding=1 startqp=0 meanqp=0 picbytes=0 pskip=0 nalus=1 n1:2142
  snapshot f205: 3 venc_ko blocks (pool0 0x73801000 len 0x10000)
src frame 206: srcf=26 off=828 br=16000
frame 206: send=0x0 get=0x0 len=1724 coding=1 startqp=0 meanqp=0 picbytes=0 pskip=0 nalus=1 n1:1724
  snapshot f206: 3 venc_ko blocks (pool0 0x73801000 len 0x10000)
src frame 207: srcf=25 off=832 br=16000
frame 207: send=0x0 get=0x0 len=1864 coding=1 startqp=0 meanqp=0 picbytes=0 pskip=0 nalus=1 n1:1864
  snapshot f207: 3 venc_ko blocks (pool0 0x73801000 len 0x10000)
src frame 208: srcf=24 off=836 br=16000
frame 208: send=0x0 get=0x0 len=1749 coding=1 startqp=0 meanqp=0 picbytes=0 pskip=0 nalus=1 n1:1749
  snapshot f208: 3 venc_ko blocks (pool0 0x73801000 len 0x10000)
src frame 209: srcf=23 off=840 br=16000
frame 209: send=0x0 get=0x0 len=1890 coding=1 startqp=0 meanqp=0 picbytes=0 pskip=0 nalus=1 n1:1890
  snapshot f209: 3 venc_ko blocks (pool0 0x73801000 len 0x10000)
src frame 210: srcf=22 off=844 br=16000
frame 210: send=0x0 get=0x0 len=42269 coding=0 startqp=0 meanqp=0 picbytes=0 pskip=0 nalus=3 n7:32 n8:8 n5:42229
  snapshot f210: 3 venc_ko blocks (pool0 0x73801000 len 0x10000)
src frame 211: srcf=21 off=848 br=16000
frame 211: send=0x0 get=0x0 len=10370 coding=1 startqp=0 meanqp=0 picbytes=0 pskip=0 nalus=1 n1:10370
  snapshot f211: 3 venc_ko blocks (pool0 0x73801000 len 0x10000)
src frame 212: srcf=20 off=852 br=16000
frame 212: send=0x0 get=0x0 len=7554 coding=1 startqp=0 meanqp=0 picbytes=0 pskip=0 nalus=1 n1:7554
  snapshot f212: 3 venc_ko blocks (pool0 0x73801000 len 0x10000)
src frame 213: srcf=19 off=856 br=16000
frame 213: send=0x0 get=0x0 len=8410 coding=1 startqp=0 meanqp=0 picbytes=0 pskip=0 nalus=1 n1:8410
  snapshot f213: 3 venc_ko blocks (pool0 0x73801000 len 0x10000)
src frame 214: srcf=18 off=860 br=16000
frame 214: send=0x0 get=0x0 len=7730 coding=1 startqp=0 meanqp=0 picbytes=0 pskip=0 nalus=1 n1:7730
  snapshot f214: 3 venc_ko blocks (pool0 0x73801000 len 0x10000)
src frame 215: srcf=17 off=864 br=16000
frame 215: send=0x0 get=0x0 len=7718 coding=1 startqp=0 meanqp=0 picbytes=0 pskip=0 nalus=1 n1:7718
  snapshot f215: 3 venc_ko blocks (pool0 0x73801000 len 0x10000)
src frame 216: srcf=16 off=868 br=16000
frame 216: send=0x0 get=0x0 len=7755 coding=1 startqp=0 meanqp=0 picbytes=0 pskip=0 nalus=1 n1:7755
  snapshot f216: 3 venc_ko blocks (pool0 0x73801000 len 0x10000)
src frame 217: srcf=15 off=872 br=16000
frame 217: send=0x0 get=0x0 len=8125 coding=1 startqp=0 meanqp=0 picbytes=0 pskip=0 nalus=1 n1:8125
  snapshot f217: 3 venc_ko blocks (pool0 0x73801000 len 0x10000)
src frame 218: srcf=14 off=876 br=16000
frame 218: send=0x0 get=0x0 len=7208 coding=1 startqp=0 meanqp=0 picbytes=0 pskip=0 nalus=1 n1:7208
  snapshot f218: 3 venc_ko blocks (pool0 0x73801000 len 0x10000)
src frame 219: srcf=13 off=880 br=16000
frame 219: send=0x0 get=0x0 len=8414 coding=1 startqp=0 meanqp=0 picbytes=0 pskip=0 nalus=1 n1:8414
  snapshot f219: 3 venc_ko blocks (pool0 0x73801000 len 0x10000)
src frame 220: srcf=12 off=884 br=16000
frame 220: send=0x0 get=0x0 len=8689 coding=1 startqp=0 meanqp=0 picbytes=0 pskip=0 nalus=1 n1:8689
  snapshot f220: 3 venc_ko blocks (pool0 0x73801000 len 0x10000)
src frame 221: srcf=11 off=888 br=16000
frame 221: send=0x0 get=0x0 len=5805 coding=1 startqp=0 meanqp=0 picbytes=0 pskip=0 nalus=1 n1:5805
  snapshot f221: 3 venc_ko blocks (pool0 0x73801000 len 0x10000)
src frame 222: srcf=10 off=892 br=16000
frame 222: send=0x0 get=0x0 len=5413 coding=1 startqp=0 meanqp=0 picbytes=0 pskip=0 nalus=1 n1:5413
  snapshot f222: 3 venc_ko blocks (pool0 0x73801000 len 0x10000)
src frame 223: srcf=9 off=896 br=16000
frame 223: send=0x0 get=0x0 len=4421 coding=1 startqp=0 meanqp=0 picbytes=0 pskip=0 nalus=1 n1:4421
  snapshot f223: 3 venc_ko blocks (pool0 0x73801000 len 0x10000)
src frame 224: srcf=8 off=900 br=16000
frame 224: send=0x0 get=0x0 len=3158 coding=1 startqp=0 meanqp=0 picbytes=0 pskip=0 nalus=1 n1:3158
  snapshot f224: 3 venc_ko blocks (pool0 0x73801000 len 0x10000)
src frame 225: srcf=7 off=904 br=16000
frame 225: send=0x0 get=0x0 len=2441 coding=1 startqp=0 meanqp=0 picbytes=0 pskip=0 nalus=1 n1:2441
  snapshot f225: 3 venc_ko blocks (pool0 0x73801000 len 0x10000)
src frame 226: srcf=6 off=908 br=16000
frame 226: send=0x0 get=0x0 len=2121 coding=1 startqp=0 meanqp=0 picbytes=0 pskip=0 nalus=1 n1:2121
  snapshot f226: 3 venc_ko blocks (pool0 0x73801000 len 0x10000)
src frame 227: srcf=5 off=912 br=16000
frame 227: send=0x0 get=0x0 len=1849 coding=1 startqp=0 meanqp=0 picbytes=0 pskip=0 nalus=1 n1:1849
  snapshot f227: 3 venc_ko blocks (pool0 0x73801000 len 0x10000)
src frame 228: srcf=4 off=916 br=16000
frame 228: send=0x0 get=0x0 len=1680 coding=1 startqp=0 meanqp=0 picbytes=0 pskip=0 nalus=1 n1:1680
  snapshot f228: 3 venc_ko blocks (pool0 0x73801000 len 0x10000)
src frame 229: srcf=3 off=920 br=16000
frame 229: send=0x0 get=0x0 len=1702 coding=1 startqp=0 meanqp=0 picbytes=0 pskip=0 nalus=1 n1:1702
  snapshot f229: 3 venc_ko blocks (pool0 0x73801000 len 0x10000)
src frame 230: srcf=2 off=924 br=16000
frame 230: send=0x0 get=0x0 len=1878 coding=1 startqp=0 meanqp=0 picbytes=0 pskip=0 nalus=1 n1:1878
  snapshot f230: 3 venc_ko blocks (pool0 0x73801000 len 0x10000)
src frame 231: srcf=1 off=928 br=16000
frame 231: send=0x0 get=0x0 len=2143 coding=1 startqp=0 meanqp=0 picbytes=0 pskip=0 nalus=1 n1:2143
  snapshot f231: 3 venc_ko blocks (pool0 0x73801000 len 0x10000)
src frame 232: srcf=0 off=932 br=16000
frame 232: send=0x0 get=0x0 len=2303 coding=1 startqp=0 meanqp=0 picbytes=0 pskip=0 nalus=1 n1:2303
  snapshot f232: 3 venc_ko blocks (pool0 0x73801000 len 0x10000)
src frame 233: srcf=1 off=936 br=16000
frame 233: send=0x0 get=0x0 len=2418 coding=1 startqp=0 meanqp=0 picbytes=0 pskip=0 nalus=1 n1:2418
  snapshot f233: 3 venc_ko blocks (pool0 0x73801000 len 0x10000)
src frame 234: srcf=2 off=940 br=16000
frame 234: send=0x0 get=0x0 len=1841 coding=1 startqp=0 meanqp=0 picbytes=0 pskip=0 nalus=1 n1:1841
  snapshot f234: 3 venc_ko blocks (pool0 0x73801000 len 0x10000)
src frame 235: srcf=3 off=944 br=16000
frame 235: send=0x0 get=0x0 len=1677 coding=1 startqp=0 meanqp=0 picbytes=0 pskip=0 nalus=1 n1:1677
  snapshot f235: 3 venc_ko blocks (pool0 0x73801000 len 0x10000)
src frame 236: srcf=4 off=948 br=16000
frame 236: send=0x0 get=0x0 len=1582 coding=1 startqp=0 meanqp=0 picbytes=0 pskip=0 nalus=1 n1:1582
  snapshot f236: 3 venc_ko blocks (pool0 0x73801000 len 0x10000)
src frame 237: srcf=5 off=952 br=16000
frame 237: send=0x0 get=0x0 len=1547 coding=1 startqp=0 meanqp=0 picbytes=0 pskip=0 nalus=1 n1:1547
  snapshot f237: 3 venc_ko blocks (pool0 0x73801000 len 0x10000)
src frame 238: srcf=6 off=956 br=16000
frame 238: send=0x0 get=0x0 len=1656 coding=1 startqp=0 meanqp=0 picbytes=0 pskip=0 nalus=1 n1:1656
  snapshot f238: 3 venc_ko blocks (pool0 0x73801000 len 0x10000)
src frame 239: srcf=7 off=960 br=16000
frame 239: send=0x0 get=0x0 len=1719 coding=1 startqp=0 meanqp=0 picbytes=0 pskip=0 nalus=1 n1:1719
  snapshot f239: 3 venc_ko blocks (pool0 0x73801000 len 0x10000)
src frame 240: srcf=8 off=964 br=16000
frame 240: send=0x0 get=0x0 len=46727 coding=0 startqp=0 meanqp=0 picbytes=0 pskip=0 nalus=3 n7:32 n8:8 n5:46687
  snapshot f240: 3 venc_ko blocks (pool0 0x73801000 len 0x10000)
src frame 241: srcf=9 off=968 br=16000
frame 241: send=0x0 get=0x0 len=12615 coding=1 startqp=0 meanqp=0 picbytes=0 pskip=0 nalus=1 n1:12615
  snapshot f241: 3 venc_ko blocks (pool0 0x73801000 len 0x10000)
src frame 242: srcf=10 off=972 br=16000
frame 242: send=0x0 get=0x0 len=8553 coding=1 startqp=0 meanqp=0 picbytes=0 pskip=0 nalus=1 n1:8553
  snapshot f242: 3 venc_ko blocks (pool0 0x73801000 len 0x10000)
src frame 243: srcf=11 off=976 br=16000
frame 243: send=0x0 get=0x0 len=8331 coding=1 startqp=0 meanqp=0 picbytes=0 pskip=0 nalus=1 n1:8331
  snapshot f243: 3 venc_ko blocks (pool0 0x73801000 len 0x10000)
src frame 244: srcf=12 off=980 br=16000
frame 244: send=0x0 get=0x0 len=7752 coding=1 startqp=0 meanqp=0 picbytes=0 pskip=0 nalus=1 n1:7752
  snapshot f244: 3 venc_ko blocks (pool0 0x73801000 len 0x10000)
src frame 245: srcf=13 off=984 br=16000
frame 245: send=0x0 get=0x0 len=7861 coding=1 startqp=0 meanqp=0 picbytes=0 pskip=0 nalus=1 n1:7861
  snapshot f245: 3 venc_ko blocks (pool0 0x73801000 len 0x10000)
src frame 246: srcf=14 off=988 br=16000
frame 246: send=0x0 get=0x0 len=7177 coding=1 startqp=0 meanqp=0 picbytes=0 pskip=0 nalus=1 n1:7177
  snapshot f246: 3 venc_ko blocks (pool0 0x73801000 len 0x10000)
src frame 247: srcf=15 off=992 br=16000
frame 247: send=0x0 get=0x0 len=8450 coding=1 startqp=0 meanqp=0 picbytes=0 pskip=0 nalus=1 n1:8450
  snapshot f247: 3 venc_ko blocks (pool0 0x73801000 len 0x10000)
src frame 248: srcf=16 off=996 br=16000
frame 248: send=0x0 get=0x0 len=8968 coding=1 startqp=0 meanqp=0 picbytes=0 pskip=0 nalus=1 n1:8968
  snapshot f248: 3 venc_ko blocks (pool0 0x73801000 len 0x10000)
src frame 249: srcf=17 off=1000 br=16000
frame 249: send=0x0 get=0x0 len=5772 coding=1 startqp=0 meanqp=0 picbytes=0 pskip=0 nalus=1 n1:5772
  snapshot f249: 3 venc_ko blocks (pool0 0x73801000 len 0x10000)
src frame 250: srcf=18 off=1004 br=16000
frame 250: send=0x0 get=0x0 len=4491 coding=1 startqp=0 meanqp=0 picbytes=0 pskip=0 nalus=1 n1:4491
  snapshot f250: 3 venc_ko blocks (pool0 0x73801000 len 0x10000)
src frame 251: srcf=19 off=1008 br=16000
frame 251: send=0x0 get=0x0 len=3918 coding=1 startqp=0 meanqp=0 picbytes=0 pskip=0 nalus=1 n1:3918
  snapshot f251: 3 venc_ko blocks (pool0 0x73801000 len 0x10000)
src frame 252: srcf=20 off=1012 br=16000
frame 252: send=0x0 get=0x0 len=2892 coding=1 startqp=0 meanqp=0 picbytes=0 pskip=0 nalus=1 n1:2892
  snapshot f252: 3 venc_ko blocks (pool0 0x73801000 len 0x10000)
src frame 253: srcf=21 off=1016 br=16000
frame 253: send=0x0 get=0x0 len=2089 coding=1 startqp=0 meanqp=0 picbytes=0 pskip=0 nalus=1 n1:2089
  snapshot f253: 3 venc_ko blocks (pool0 0x73801000 len 0x10000)
src frame 254: srcf=22 off=1020 br=16000
frame 254: send=0x0 get=0x0 len=1781 coding=1 startqp=0 meanqp=0 picbytes=0 pskip=0 nalus=1 n1:1781
  snapshot f254: 3 venc_ko blocks (pool0 0x73801000 len 0x10000)
src frame 255: srcf=23 off=1024 br=16000
frame 255: send=0x0 get=0x0 len=1770 coding=1 startqp=0 meanqp=0 picbytes=0 pskip=0 nalus=1 n1:1770
  snapshot f255: 3 venc_ko blocks (pool0 0x73801000 len 0x10000)
src frame 256: srcf=24 off=1028 br=16000
frame 256: send=0x0 get=0x0 len=1573 coding=1 startqp=0 meanqp=0 picbytes=0 pskip=0 nalus=1 n1:1573
  snapshot f256: 3 venc_ko blocks (pool0 0x73801000 len 0x10000)
src frame 257: srcf=25 off=1032 br=16000
frame 257: send=0x0 get=0x0 len=1492 coding=1 startqp=0 meanqp=0 picbytes=0 pskip=0 nalus=1 n1:1492
  snapshot f257: 3 venc_ko blocks (pool0 0x73801000 len 0x10000)
src frame 258: srcf=26 off=1036 br=16000
frame 258: send=0x0 get=0x0 len=1513 coding=1 startqp=0 meanqp=0 picbytes=0 pskip=0 nalus=1 n1:1513
  snapshot f258: 3 venc_ko blocks (pool0 0x73801000 len 0x10000)
src frame 259: srcf=27 off=1040 br=16000
frame 259: send=0x0 get=0x0 len=1461 coding=1 startqp=0 meanqp=0 picbytes=0 pskip=0 nalus=1 n1:1461
  snapshot f259: 3 venc_ko blocks (pool0 0x73801000 len 0x10000)
src frame 260: srcf=28 off=1044 br=16000
frame 260: send=0x0 get=0x0 len=1977 coding=1 startqp=0 meanqp=0 picbytes=0 pskip=0 nalus=1 n1:1977
  snapshot f260: 3 venc_ko blocks (pool0 0x73801000 len 0x10000)
src frame 261: srcf=29 off=1048 br=16000
frame 261: send=0x0 get=0x0 len=2204 coding=1 startqp=0 meanqp=0 picbytes=0 pskip=0 nalus=1 n1:2204
  snapshot f261: 3 venc_ko blocks (pool0 0x73801000 len 0x10000)
src frame 262: srcf=28 off=1052 br=16000
frame 262: send=0x0 get=0x0 len=1945 coding=1 startqp=0 meanqp=0 picbytes=0 pskip=0 nalus=1 n1:1945
  snapshot f262: 3 venc_ko blocks (pool0 0x73801000 len 0x10000)
src frame 263: srcf=27 off=1056 br=16000
frame 263: send=0x0 get=0x0 len=1839 coding=1 startqp=0 meanqp=0 picbytes=0 pskip=0 nalus=1 n1:1839
  snapshot f263: 3 venc_ko blocks (pool0 0x73801000 len 0x10000)
src frame 264: srcf=26 off=1060 br=16000
frame 264: send=0x0 get=0x0 len=2163 coding=1 startqp=0 meanqp=0 picbytes=0 pskip=0 nalus=1 n1:2163
  snapshot f264: 3 venc_ko blocks (pool0 0x73801000 len 0x10000)
src frame 265: srcf=25 off=1064 br=16000
frame 265: send=0x0 get=0x0 len=2057 coding=1 startqp=0 meanqp=0 picbytes=0 pskip=0 nalus=1 n1:2057
  snapshot f265: 3 venc_ko blocks (pool0 0x73801000 len 0x10000)
src frame 266: srcf=24 off=1068 br=16000
frame 266: send=0x0 get=0x0 len=1416 coding=1 startqp=0 meanqp=0 picbytes=0 pskip=0 nalus=1 n1:1416
  snapshot f266: 3 venc_ko blocks (pool0 0x73801000 len 0x10000)
src frame 267: srcf=23 off=1072 br=16000
frame 267: send=0x0 get=0x0 len=1386 coding=1 startqp=0 meanqp=0 picbytes=0 pskip=0 nalus=1 n1:1386
  snapshot f267: 3 venc_ko blocks (pool0 0x73801000 len 0x10000)
src frame 268: srcf=22 off=1076 br=16000
frame 268: send=0x0 get=0x0 len=1740 coding=1 startqp=0 meanqp=0 picbytes=0 pskip=0 nalus=1 n1:1740
  snapshot f268: 3 venc_ko blocks (pool0 0x73801000 len 0x10000)
src frame 269: srcf=21 off=1080 br=16000
frame 269: send=0x0 get=0x0 len=2102 coding=1 startqp=0 meanqp=0 picbytes=0 pskip=0 nalus=1 n1:2102
  snapshot f269: 3 venc_ko blocks (pool0 0x73801000 len 0x10000)
---- /proc/ax_proc/venc ----
-------- VENC VERSION ------------------------
[Axera version]: ax_venc V3.0.0_20250319114413 Mar 19 2025 11:58:34 JK

-------- MODULE PARAM ------------------------
MaxChnNum   MaxRoiNum   MaxProcNum  
16          8           16          

-------- VENC CHN ATTR 1 ------------------------
ID    Type    wSrc    hSrc    Strd0   Strd1   maxW    maxH    PixFmt  link  InFifoDep    OutFifoDep   InDbgFifoLen InDbgFifoDep StrmBufSize(KB)
7     h264    1920    1080    3840    0       1920    1080    YUYV422 N     2            2            0            4            4114      
-------- VENC CHN ATTR 2 ------------------------
ID    [CropEn StartX  StartY  CropW   CropH]  Rotation  EncW    EncH    FrmSize      PTS          SeqNum       CompMode     CompLevel    PhyAddr0     PhyAddr1     PhyAddr2     
7     N       0       0       0       0       0         1920    1080    4147200      4100000      247          NONE         0            742d1000     0            0            
-------- VENC RC ATTR 1 ------------------------
ID    RcMode    SrcFr   DstFr   Br(kbps)  MinQp   MaxQp   MinIQp  MaxIQp  IQpDelta  IpropMax   IpropMin   StartQp    QpDltRng   DeBrQpDlt  SvcEn   ChgPos  StillPercent MaxStillQp 
7     CBR       60.00   60.00   16000     10      51      10      51      0         40         10         -1         2          0          False   -       -            -          
-------- VENC RC ATTR 2  -----------------------
ID    QMapQpType  QMapUnit    QMapBlkType IQp   PQp   MinQpDelta MaxQpDelta MaxBitRate shtStaTime ltStaTime  ltMinBr  ltMaxBr  Br_ST(kbps)    Br_LT(kbps)    
7     N/A         64x64       N/A         -     -     -          -          -          -          -          -        -        -              -              
-------- VENC GOP ATTR  ------------------------
ID    GopMode   Gop   GopVI 
7     NormalP   30    0     
-------- VENC STATUS 1 -------------------------
ID    RJEn         RJThr(bps)   RJMode       RJEncGaps    SupFrmEn     SupPri       SupThrI      SupThrP      SplitEn      SliceNum     Range(In)    Range(out)   
7     N            0            Normal       0            N            0            500000       500000       N            0            Full         Full         
-------- VENC STATUS 2 -------------------------
ID    ChnStat   FrmRecv   FrmRls    FrmEnc    FrmDrop   FrmDup    EncFail   MissMatch StrmGet   StrmRls   OutFps    RealBr    ReEncCnt  DropCnt   BlkFail   GrpID     PID     TID     ThNum   RefInc    RefDec    Fail1   Fail2   Fail3   Fail4   
7     STARTED   248       247       247       0         0         0         0         247       247       50.00     2375.46   0         0         0         -1        130212  130216  1       248       247       0       0       0       0       
-------- VENC HW STATUS  ------------------------
ID    OverFlow     TimeOut      
7     0            0            
-------- VENC ROI INFO  ------------------------
ID    Index        bEnable      bAbsQp       RoiQP        Width        Height       StartX       StartY       
done h264_chg
