# vdrive tag=h265_chg_vbr codec=h265 1920x1080 rc=vbr br=8000 fps=60/60 gop=30 gopmode=normalp ltrint=0 ltrqpo=0 iqp=32 pqp=32 profile=0 level=153 tier=0 qp[10..51] iqp[10..51] iqd=0 firstqp=-1 iprop[10..40] idrrange=2 stattime=1 vq=0 ir=0/0 slice=0 debreath=0 scd=-1 rowqpd=-1 vui=-1 move=0 nframes=270
src=/root/rc65/clips/static.yuyv frames=30 loop=pingpong motion=vscroll mstep=4 window=0..-1
chg plan: frame 60 -> 2000 kbps
chg plan: frame 120 -> 16000 kbps
AX_SYS_Init rc=0x0
AX_VENC_Init rc=0x0
AX_VENC_CreateChn(7) rc=0x0
StartRecvFrame rc=0x0
AX_POOL_CreatePool id=0x0
blk=0x5e000000 phys=0x742cb000 virt=0xffff98f75000
frame: modid=0x11 stride=1920 fmt=0xd
  snapshot pre: 3 venc_ko blocks (pool0 0x73801000 len 0x10000)
src frame 0: srcf=0 off=4 br=8000
frame 0: send=0x0 get=0x0 len=28669 coding=0 startqp=0 meanqp=0 picbytes=0 pskip=0 nalus=4 n32:27 n33:53 n34:12 n19:28577
  cu: inter64=0 inter32=0 inter16=0 inter8=0 intra32=0 intra16=0 intra8=0 intra4=0 reftype=0
  snapshot f000: 3 venc_ko blocks (pool0 0x73801000 len 0x10000)
src frame 1: srcf=1 off=8 br=8000
frame 1: send=0x0 get=0x0 len=1467 coding=1 startqp=0 meanqp=0 picbytes=0 pskip=0 nalus=1 n1:1467
  cu: inter64=0 inter32=0 inter16=0 inter8=0 intra32=0 intra16=0 intra8=0 intra4=0 reftype=0
  snapshot f001: 3 venc_ko blocks (pool0 0x73801000 len 0x10000)
src frame 2: srcf=2 off=12 br=8000
frame 2: send=0x0 get=0x0 len=1323 coding=1 startqp=0 meanqp=0 picbytes=0 pskip=0 nalus=1 n1:1323
  cu: inter64=0 inter32=0 inter16=0 inter8=0 intra32=0 intra16=0 intra8=0 intra4=0 reftype=0
  snapshot f002: 3 venc_ko blocks (pool0 0x73801000 len 0x10000)
src frame 3: srcf=3 off=16 br=8000
frame 3: send=0x0 get=0x0 len=2260 coding=1 startqp=0 meanqp=0 picbytes=0 pskip=0 nalus=1 n1:2260
  cu: inter64=0 inter32=0 inter16=0 inter8=0 intra32=0 intra16=0 intra8=0 intra4=0 reftype=0
  snapshot f003: 3 venc_ko blocks (pool0 0x73801000 len 0x10000)
src frame 4: srcf=4 off=20 br=8000
frame 4: send=0x0 get=0x0 len=3689 coding=1 startqp=0 meanqp=0 picbytes=0 pskip=0 nalus=1 n1:3689
  cu: inter64=0 inter32=0 inter16=0 inter8=0 intra32=0 intra16=0 intra8=0 intra4=0 reftype=0
  snapshot f004: 3 venc_ko blocks (pool0 0x73801000 len 0x10000)
src frame 5: srcf=5 off=24 br=8000
frame 5: send=0x0 get=0x0 len=3687 coding=1 startqp=0 meanqp=0 picbytes=0 pskip=0 nalus=1 n1:3687
  cu: inter64=0 inter32=0 inter16=0 inter8=0 intra32=0 intra16=0 intra8=0 intra4=0 reftype=0
  snapshot f005: 3 venc_ko blocks (pool0 0x73801000 len 0x10000)
src frame 6: srcf=6 off=28 br=8000
frame 6: send=0x0 get=0x0 len=3813 coding=1 startqp=0 meanqp=0 picbytes=0 pskip=0 nalus=1 n1:3813
  cu: inter64=0 inter32=0 inter16=0 inter8=0 intra32=0 intra16=0 intra8=0 intra4=0 reftype=0
  snapshot f006: 3 venc_ko blocks (pool0 0x73801000 len 0x10000)
src frame 7: srcf=7 off=32 br=8000
frame 7: send=0x0 get=0x0 len=4006 coding=1 startqp=0 meanqp=0 picbytes=0 pskip=0 nalus=1 n1:4006
  cu: inter64=0 inter32=0 inter16=0 inter8=0 intra32=0 intra16=0 intra8=0 intra4=0 reftype=0
  snapshot f007: 3 venc_ko blocks (pool0 0x73801000 len 0x10000)
src frame 8: srcf=8 off=36 br=8000
frame 8: send=0x0 get=0x0 len=4015 coding=1 startqp=0 meanqp=0 picbytes=0 pskip=0 nalus=1 n1:4015
  cu: inter64=0 inter32=0 inter16=0 inter8=0 intra32=0 intra16=0 intra8=0 intra4=0 reftype=0
  snapshot f008: 3 venc_ko blocks (pool0 0x73801000 len 0x10000)
src frame 9: srcf=9 off=40 br=8000
frame 9: send=0x0 get=0x0 len=4160 coding=1 startqp=0 meanqp=0 picbytes=0 pskip=0 nalus=1 n1:4160
  cu: inter64=0 inter32=0 inter16=0 inter8=0 intra32=0 intra16=0 intra8=0 intra4=0 reftype=0
  snapshot f009: 3 venc_ko blocks (pool0 0x73801000 len 0x10000)
src frame 10: srcf=10 off=44 br=8000
frame 10: send=0x0 get=0x0 len=4470 coding=1 startqp=0 meanqp=0 picbytes=0 pskip=0 nalus=1 n1:4470
  cu: inter64=0 inter32=0 inter16=0 inter8=0 intra32=0 intra16=0 intra8=0 intra4=0 reftype=0
  snapshot f010: 3 venc_ko blocks (pool0 0x73801000 len 0x10000)
src frame 11: srcf=11 off=48 br=8000
frame 11: send=0x0 get=0x0 len=4911 coding=1 startqp=0 meanqp=0 picbytes=0 pskip=0 nalus=1 n1:4911
  cu: inter64=0 inter32=0 inter16=0 inter8=0 intra32=0 intra16=0 intra8=0 intra4=0 reftype=0
  snapshot f011: 3 venc_ko blocks (pool0 0x73801000 len 0x10000)
src frame 12: srcf=12 off=52 br=8000
frame 12: send=0x0 get=0x0 len=5500 coding=1 startqp=0 meanqp=0 picbytes=0 pskip=0 nalus=1 n1:5500
  cu: inter64=0 inter32=0 inter16=0 inter8=0 intra32=0 intra16=0 intra8=0 intra4=0 reftype=0
  snapshot f012: 3 venc_ko blocks (pool0 0x73801000 len 0x10000)
src frame 13: srcf=13 off=56 br=8000
frame 13: send=0x0 get=0x0 len=5472 coding=1 startqp=0 meanqp=0 picbytes=0 pskip=0 nalus=1 n1:5472
  cu: inter64=0 inter32=0 inter16=0 inter8=0 intra32=0 intra16=0 intra8=0 intra4=0 reftype=0
  snapshot f013: 3 venc_ko blocks (pool0 0x73801000 len 0x10000)
src frame 14: srcf=14 off=60 br=8000
frame 14: send=0x0 get=0x0 len=6238 coding=1 startqp=0 meanqp=0 picbytes=0 pskip=0 nalus=1 n1:6238
  cu: inter64=0 inter32=0 inter16=0 inter8=0 intra32=0 intra16=0 intra8=0 intra4=0 reftype=0
  snapshot f014: 3 venc_ko blocks (pool0 0x73801000 len 0x10000)
src frame 15: srcf=15 off=64 br=8000
frame 15: send=0x0 get=0x0 len=5644 coding=1 startqp=0 meanqp=0 picbytes=0 pskip=0 nalus=1 n1:5644
  cu: inter64=0 inter32=0 inter16=0 inter8=0 intra32=0 intra16=0 intra8=0 intra4=0 reftype=0
  snapshot f015: 3 venc_ko blocks (pool0 0x73801000 len 0x10000)
src frame 16: srcf=16 off=68 br=8000
frame 16: send=0x0 get=0x0 len=5809 coding=1 startqp=0 meanqp=0 picbytes=0 pskip=0 nalus=1 n1:5809
  cu: inter64=0 inter32=0 inter16=0 inter8=0 intra32=0 intra16=0 intra8=0 intra4=0 reftype=0
  snapshot f016: 3 venc_ko blocks (pool0 0x73801000 len 0x10000)
src frame 17: srcf=17 off=72 br=8000
frame 17: send=0x0 get=0x0 len=5579 coding=1 startqp=0 meanqp=0 picbytes=0 pskip=0 nalus=1 n1:5579
  cu: inter64=0 inter32=0 inter16=0 inter8=0 intra32=0 intra16=0 intra8=0 intra4=0 reftype=0
  snapshot f017: 3 venc_ko blocks (pool0 0x73801000 len 0x10000)
src frame 18: srcf=18 off=76 br=8000
frame 18: send=0x0 get=0x0 len=5998 coding=1 startqp=0 meanqp=0 picbytes=0 pskip=0 nalus=1 n1:5998
  cu: inter64=0 inter32=0 inter16=0 inter8=0 intra32=0 intra16=0 intra8=0 intra4=0 reftype=0
  snapshot f018: 3 venc_ko blocks (pool0 0x73801000 len 0x10000)
src frame 19: srcf=19 off=80 br=8000
frame 19: send=0x0 get=0x0 len=6151 coding=1 startqp=0 meanqp=0 picbytes=0 pskip=0 nalus=1 n1:6151
  cu: inter64=0 inter32=0 inter16=0 inter8=0 intra32=0 intra16=0 intra8=0 intra4=0 reftype=0
  snapshot f019: 3 venc_ko blocks (pool0 0x73801000 len 0x10000)
src frame 20: srcf=20 off=84 br=8000
frame 20: send=0x0 get=0x0 len=6684 coding=1 startqp=0 meanqp=0 picbytes=0 pskip=0 nalus=1 n1:6684
  cu: inter64=0 inter32=0 inter16=0 inter8=0 intra32=0 intra16=0 intra8=0 intra4=0 reftype=0
  snapshot f020: 3 venc_ko blocks (pool0 0x73801000 len 0x10000)
src frame 21: srcf=21 off=88 br=8000
frame 21: send=0x0 get=0x0 len=7436 coding=1 startqp=0 meanqp=0 picbytes=0 pskip=0 nalus=1 n1:7436
  cu: inter64=0 inter32=0 inter16=0 inter8=0 intra32=0 intra16=0 intra8=0 intra4=0 reftype=0
  snapshot f021: 3 venc_ko blocks (pool0 0x73801000 len 0x10000)
src frame 22: srcf=22 off=92 br=8000
frame 22: send=0x0 get=0x0 len=5528 coding=1 startqp=0 meanqp=0 picbytes=0 pskip=0 nalus=1 n1:5528
  cu: inter64=0 inter32=0 inter16=0 inter8=0 intra32=0 intra16=0 intra8=0 intra4=0 reftype=0
  snapshot f022: 3 venc_ko blocks (pool0 0x73801000 len 0x10000)
src frame 23: srcf=23 off=96 br=8000
frame 23: send=0x0 get=0x0 len=5970 coding=1 startqp=0 meanqp=0 picbytes=0 pskip=0 nalus=1 n1:5970
  cu: inter64=0 inter32=0 inter16=0 inter8=0 intra32=0 intra16=0 intra8=0 intra4=0 reftype=0
  snapshot f023: 3 venc_ko blocks (pool0 0x73801000 len 0x10000)
src frame 24: srcf=24 off=100 br=8000
frame 24: send=0x0 get=0x0 len=5468 coding=1 startqp=0 meanqp=0 picbytes=0 pskip=0 nalus=1 n1:5468
  cu: inter64=0 inter32=0 inter16=0 inter8=0 intra32=0 intra16=0 intra8=0 intra4=0 reftype=0
  snapshot f024: 3 venc_ko blocks (pool0 0x73801000 len 0x10000)
src frame 25: srcf=25 off=104 br=8000
frame 25: send=0x0 get=0x0 len=3542 coding=1 startqp=0 meanqp=0 picbytes=0 pskip=0 nalus=1 n1:3542
  cu: inter64=0 inter32=0 inter16=0 inter8=0 intra32=0 intra16=0 intra8=0 intra4=0 reftype=0
  snapshot f025: 3 venc_ko blocks (pool0 0x73801000 len 0x10000)
src frame 26: srcf=26 off=108 br=8000
frame 26: send=0x0 get=0x0 len=2608 coding=1 startqp=0 meanqp=0 picbytes=0 pskip=0 nalus=1 n1:2608
  cu: inter64=0 inter32=0 inter16=0 inter8=0 intra32=0 intra16=0 intra8=0 intra4=0 reftype=0
  snapshot f026: 3 venc_ko blocks (pool0 0x73801000 len 0x10000)
src frame 27: srcf=27 off=112 br=8000
frame 27: send=0x0 get=0x0 len=2249 coding=1 startqp=0 meanqp=0 picbytes=0 pskip=0 nalus=1 n1:2249
  cu: inter64=0 inter32=0 inter16=0 inter8=0 intra32=0 intra16=0 intra8=0 intra4=0 reftype=0
  snapshot f027: 3 venc_ko blocks (pool0 0x73801000 len 0x10000)
src frame 28: srcf=28 off=116 br=8000
frame 28: send=0x0 get=0x0 len=1912 coding=1 startqp=0 meanqp=0 picbytes=0 pskip=0 nalus=1 n1:1912
  cu: inter64=0 inter32=0 inter16=0 inter8=0 intra32=0 intra16=0 intra8=0 intra4=0 reftype=0
  snapshot f028: 3 venc_ko blocks (pool0 0x73801000 len 0x10000)
src frame 29: srcf=29 off=120 br=8000
frame 29: send=0x0 get=0x0 len=2523 coding=1 startqp=0 meanqp=0 picbytes=0 pskip=0 nalus=1 n1:2523
  cu: inter64=0 inter32=0 inter16=0 inter8=0 intra32=0 intra16=0 intra8=0 intra4=0 reftype=0
  snapshot f029: 3 venc_ko blocks (pool0 0x73801000 len 0x10000)
src frame 30: srcf=28 off=124 br=8000
frame 30: send=0x0 get=0x0 len=68852 coding=0 startqp=0 meanqp=0 picbytes=0 pskip=0 nalus=4 n32:27 n33:53 n34:12 n19:68760
  cu: inter64=0 inter32=0 inter16=0 inter8=0 intra32=0 intra16=0 intra8=0 intra4=0 reftype=0
  snapshot f030: 3 venc_ko blocks (pool0 0x73801000 len 0x10000)
src frame 31: srcf=27 off=128 br=8000
frame 31: send=0x0 get=0x0 len=1756 coding=1 startqp=0 meanqp=0 picbytes=0 pskip=0 nalus=1 n1:1756
  cu: inter64=0 inter32=0 inter16=0 inter8=0 intra32=0 intra16=0 intra8=0 intra4=0 reftype=0
  snapshot f031: 3 venc_ko blocks (pool0 0x73801000 len 0x10000)
src frame 32: srcf=26 off=132 br=8000
frame 32: send=0x0 get=0x0 len=2533 coding=1 startqp=0 meanqp=0 picbytes=0 pskip=0 nalus=1 n1:2533
  cu: inter64=0 inter32=0 inter16=0 inter8=0 intra32=0 intra16=0 intra8=0 intra4=0 reftype=0
  snapshot f032: 3 venc_ko blocks (pool0 0x73801000 len 0x10000)
src frame 33: srcf=25 off=136 br=8000
frame 33: send=0x0 get=0x0 len=3609 coding=1 startqp=0 meanqp=0 picbytes=0 pskip=0 nalus=1 n1:3609
  cu: inter64=0 inter32=0 inter16=0 inter8=0 intra32=0 intra16=0 intra8=0 intra4=0 reftype=0
  snapshot f033: 3 venc_ko blocks (pool0 0x73801000 len 0x10000)
src frame 34: srcf=24 off=140 br=8000
frame 34: send=0x0 get=0x0 len=4131 coding=1 startqp=0 meanqp=0 picbytes=0 pskip=0 nalus=1 n1:4131
  cu: inter64=0 inter32=0 inter16=0 inter8=0 intra32=0 intra16=0 intra8=0 intra4=0 reftype=0
  snapshot f034: 3 venc_ko blocks (pool0 0x73801000 len 0x10000)
src frame 35: srcf=23 off=144 br=8000
frame 35: send=0x0 get=0x0 len=2931 coding=1 startqp=0 meanqp=0 picbytes=0 pskip=0 nalus=1 n1:2931
  cu: inter64=0 inter32=0 inter16=0 inter8=0 intra32=0 intra16=0 intra8=0 intra4=0 reftype=0
  snapshot f035: 3 venc_ko blocks (pool0 0x73801000 len 0x10000)
src frame 36: srcf=22 off=148 br=8000
frame 36: send=0x0 get=0x0 len=1955 coding=1 startqp=0 meanqp=0 picbytes=0 pskip=0 nalus=1 n1:1955
  cu: inter64=0 inter32=0 inter16=0 inter8=0 intra32=0 intra16=0 intra8=0 intra4=0 reftype=0
  snapshot f036: 3 venc_ko blocks (pool0 0x73801000 len 0x10000)
src frame 37: srcf=21 off=152 br=8000
frame 37: send=0x0 get=0x0 len=1983 coding=1 startqp=0 meanqp=0 picbytes=0 pskip=0 nalus=1 n1:1983
  cu: inter64=0 inter32=0 inter16=0 inter8=0 intra32=0 intra16=0 intra8=0 intra4=0 reftype=0
  snapshot f037: 3 venc_ko blocks (pool0 0x73801000 len 0x10000)
src frame 38: srcf=20 off=156 br=8000
frame 38: send=0x0 get=0x0 len=1963 coding=1 startqp=0 meanqp=0 picbytes=0 pskip=0 nalus=1 n1:1963
  cu: inter64=0 inter32=0 inter16=0 inter8=0 intra32=0 intra16=0 intra8=0 intra4=0 reftype=0
  snapshot f038: 3 venc_ko blocks (pool0 0x73801000 len 0x10000)
src frame 39: srcf=19 off=160 br=8000
frame 39: send=0x0 get=0x0 len=1995 coding=1 startqp=0 meanqp=0 picbytes=0 pskip=0 nalus=1 n1:1995
  cu: inter64=0 inter32=0 inter16=0 inter8=0 intra32=0 intra16=0 intra8=0 intra4=0 reftype=0
  snapshot f039: 3 venc_ko blocks (pool0 0x73801000 len 0x10000)
src frame 40: srcf=18 off=164 br=8000
frame 40: send=0x0 get=0x0 len=1954 coding=1 startqp=0 meanqp=0 picbytes=0 pskip=0 nalus=1 n1:1954
  cu: inter64=0 inter32=0 inter16=0 inter8=0 intra32=0 intra16=0 intra8=0 intra4=0 reftype=0
  snapshot f040: 3 venc_ko blocks (pool0 0x73801000 len 0x10000)
src frame 41: srcf=17 off=168 br=8000
frame 41: send=0x0 get=0x0 len=2581 coding=1 startqp=0 meanqp=0 picbytes=0 pskip=0 nalus=1 n1:2581
  cu: inter64=0 inter32=0 inter16=0 inter8=0 intra32=0 intra16=0 intra8=0 intra4=0 reftype=0
  snapshot f041: 3 venc_ko blocks (pool0 0x73801000 len 0x10000)
src frame 42: srcf=16 off=172 br=8000
frame 42: send=0x0 get=0x0 len=2593 coding=1 startqp=0 meanqp=0 picbytes=0 pskip=0 nalus=1 n1:2593
  cu: inter64=0 inter32=0 inter16=0 inter8=0 intra32=0 intra16=0 intra8=0 intra4=0 reftype=0
  snapshot f042: 3 venc_ko blocks (pool0 0x73801000 len 0x10000)
src frame 43: srcf=15 off=176 br=8000
frame 43: send=0x0 get=0x0 len=2832 coding=1 startqp=0 meanqp=0 picbytes=0 pskip=0 nalus=1 n1:2832
  cu: inter64=0 inter32=0 inter16=0 inter8=0 intra32=0 intra16=0 intra8=0 intra4=0 reftype=0
  snapshot f043: 3 venc_ko blocks (pool0 0x73801000 len 0x10000)
src frame 44: srcf=14 off=180 br=8000
frame 44: send=0x0 get=0x0 len=2149 coding=1 startqp=0 meanqp=0 picbytes=0 pskip=0 nalus=1 n1:2149
  cu: inter64=0 inter32=0 inter16=0 inter8=0 intra32=0 intra16=0 intra8=0 intra4=0 reftype=0
  snapshot f044: 3 venc_ko blocks (pool0 0x73801000 len 0x10000)
src frame 45: srcf=13 off=184 br=8000
frame 45: send=0x0 get=0x0 len=1513 coding=1 startqp=0 meanqp=0 picbytes=0 pskip=0 nalus=1 n1:1513
  cu: inter64=0 inter32=0 inter16=0 inter8=0 intra32=0 intra16=0 intra8=0 intra4=0 reftype=0
  snapshot f045: 3 venc_ko blocks (pool0 0x73801000 len 0x10000)
src frame 46: srcf=12 off=188 br=8000
frame 46: send=0x0 get=0x0 len=1411 coding=1 startqp=0 meanqp=0 picbytes=0 pskip=0 nalus=1 n1:1411
  cu: inter64=0 inter32=0 inter16=0 inter8=0 intra32=0 intra16=0 intra8=0 intra4=0 reftype=0
  snapshot f046: 3 venc_ko blocks (pool0 0x73801000 len 0x10000)
src frame 47: srcf=11 off=192 br=8000
frame 47: send=0x0 get=0x0 len=1547 coding=1 startqp=0 meanqp=0 picbytes=0 pskip=0 nalus=1 n1:1547
  cu: inter64=0 inter32=0 inter16=0 inter8=0 intra32=0 intra16=0 intra8=0 intra4=0 reftype=0
  snapshot f047: 3 venc_ko blocks (pool0 0x73801000 len 0x10000)
src frame 48: srcf=10 off=196 br=8000
frame 48: send=0x0 get=0x0 len=1675 coding=1 startqp=0 meanqp=0 picbytes=0 pskip=0 nalus=1 n1:1675
  cu: inter64=0 inter32=0 inter16=0 inter8=0 intra32=0 intra16=0 intra8=0 intra4=0 reftype=0
  snapshot f048: 3 venc_ko blocks (pool0 0x73801000 len 0x10000)
src frame 49: srcf=9 off=200 br=8000
frame 49: send=0x0 get=0x0 len=1424 coding=1 startqp=0 meanqp=0 picbytes=0 pskip=0 nalus=1 n1:1424
  cu: inter64=0 inter32=0 inter16=0 inter8=0 intra32=0 intra16=0 intra8=0 intra4=0 reftype=0
  snapshot f049: 3 venc_ko blocks (pool0 0x73801000 len 0x10000)
src frame 50: srcf=8 off=204 br=8000
frame 50: send=0x0 get=0x0 len=1632 coding=1 startqp=0 meanqp=0 picbytes=0 pskip=0 nalus=1 n1:1632
  cu: inter64=0 inter32=0 inter16=0 inter8=0 intra32=0 intra16=0 intra8=0 intra4=0 reftype=0
  snapshot f050: 3 venc_ko blocks (pool0 0x73801000 len 0x10000)
src frame 51: srcf=7 off=208 br=8000
frame 51: send=0x0 get=0x0 len=2010 coding=1 startqp=0 meanqp=0 picbytes=0 pskip=0 nalus=1 n1:2010
  cu: inter64=0 inter32=0 inter16=0 inter8=0 intra32=0 intra16=0 intra8=0 intra4=0 reftype=0
  snapshot f051: 3 venc_ko blocks (pool0 0x73801000 len 0x10000)
src frame 52: srcf=6 off=212 br=8000
frame 52: send=0x0 get=0x0 len=2048 coding=1 startqp=0 meanqp=0 picbytes=0 pskip=0 nalus=1 n1:2048
  cu: inter64=0 inter32=0 inter16=0 inter8=0 intra32=0 intra16=0 intra8=0 intra4=0 reftype=0
  snapshot f052: 3 venc_ko blocks (pool0 0x73801000 len 0x10000)
src frame 53: srcf=5 off=216 br=8000
frame 53: send=0x0 get=0x0 len=1927 coding=1 startqp=0 meanqp=0 picbytes=0 pskip=0 nalus=1 n1:1927
  cu: inter64=0 inter32=0 inter16=0 inter8=0 intra32=0 intra16=0 intra8=0 intra4=0 reftype=0
  snapshot f053: 3 venc_ko blocks (pool0 0x73801000 len 0x10000)
src frame 54: srcf=4 off=220 br=8000
frame 54: send=0x0 get=0x0 len=1795 coding=1 startqp=0 meanqp=0 picbytes=0 pskip=0 nalus=1 n1:1795
  cu: inter64=0 inter32=0 inter16=0 inter8=0 intra32=0 intra16=0 intra8=0 intra4=0 reftype=0
  snapshot f054: 3 venc_ko blocks (pool0 0x73801000 len 0x10000)
src frame 55: srcf=3 off=224 br=8000
frame 55: send=0x0 get=0x0 len=1674 coding=1 startqp=0 meanqp=0 picbytes=0 pskip=0 nalus=1 n1:1674
  cu: inter64=0 inter32=0 inter16=0 inter8=0 intra32=0 intra16=0 intra8=0 intra4=0 reftype=0
  snapshot f055: 3 venc_ko blocks (pool0 0x73801000 len 0x10000)
src frame 56: srcf=2 off=228 br=8000
frame 56: send=0x0 get=0x0 len=1385 coding=1 startqp=0 meanqp=0 picbytes=0 pskip=0 nalus=1 n1:1385
  cu: inter64=0 inter32=0 inter16=0 inter8=0 intra32=0 intra16=0 intra8=0 intra4=0 reftype=0
  snapshot f056: 3 venc_ko blocks (pool0 0x73801000 len 0x10000)
src frame 57: srcf=1 off=232 br=8000
frame 57: send=0x0 get=0x0 len=1414 coding=1 startqp=0 meanqp=0 picbytes=0 pskip=0 nalus=1 n1:1414
  cu: inter64=0 inter32=0 inter16=0 inter8=0 intra32=0 intra16=0 intra8=0 intra4=0 reftype=0
  snapshot f057: 3 venc_ko blocks (pool0 0x73801000 len 0x10000)
src frame 58: srcf=0 off=236 br=8000
frame 58: send=0x0 get=0x0 len=1234 coding=1 startqp=0 meanqp=0 picbytes=0 pskip=0 nalus=1 n1:1234
  cu: inter64=0 inter32=0 inter16=0 inter8=0 intra32=0 intra16=0 intra8=0 intra4=0 reftype=0
  snapshot f058: 3 venc_ko blocks (pool0 0x73801000 len 0x10000)
src frame 59: srcf=1 off=240 br=8000
frame 59: send=0x0 get=0x0 len=1254 coding=1 startqp=0 meanqp=0 picbytes=0 pskip=0 nalus=1 n1:1254
  cu: inter64=0 inter32=0 inter16=0 inter8=0 intra32=0 intra16=0 intra8=0 intra4=0 reftype=0
  snapshot f059: 3 venc_ko blocks (pool0 0x73801000 len 0x10000)
chg frame=60 br 8000 -> 2000 kbps: GetRcParam=0x0 SetRcParam=0x0 readback=2000 mode=12
src frame 60: srcf=2 off=244 br=2000
frame 60: send=0x0 get=0x0 len=28883 coding=0 startqp=0 meanqp=0 picbytes=0 pskip=0 nalus=4 n32:27 n33:53 n34:12 n19:28791
  cu: inter64=0 inter32=0 inter16=0 inter8=0 intra32=0 intra16=0 intra8=0 intra4=0 reftype=0
  snapshot f060: 3 venc_ko blocks (pool0 0x73801000 len 0x10000)
src frame 61: srcf=3 off=248 br=2000
frame 61: send=0x0 get=0x0 len=1897 coding=1 startqp=0 meanqp=0 picbytes=0 pskip=0 nalus=1 n1:1897
  cu: inter64=0 inter32=0 inter16=0 inter8=0 intra32=0 intra16=0 intra8=0 intra4=0 reftype=0
  snapshot f061: 3 venc_ko blocks (pool0 0x73801000 len 0x10000)
src frame 62: srcf=4 off=252 br=2000
frame 62: send=0x0 get=0x0 len=1332 coding=1 startqp=0 meanqp=0 picbytes=0 pskip=0 nalus=1 n1:1332
  cu: inter64=0 inter32=0 inter16=0 inter8=0 intra32=0 intra16=0 intra8=0 intra4=0 reftype=0
  snapshot f062: 3 venc_ko blocks (pool0 0x73801000 len 0x10000)
src frame 63: srcf=5 off=256 br=2000
frame 63: send=0x0 get=0x0 len=1374 coding=1 startqp=0 meanqp=0 picbytes=0 pskip=0 nalus=1 n1:1374
  cu: inter64=0 inter32=0 inter16=0 inter8=0 intra32=0 intra16=0 intra8=0 intra4=0 reftype=0
  snapshot f063: 3 venc_ko blocks (pool0 0x73801000 len 0x10000)
src frame 64: srcf=6 off=260 br=2000
frame 64: send=0x0 get=0x0 len=1825 coding=1 startqp=0 meanqp=0 picbytes=0 pskip=0 nalus=1 n1:1825
  cu: inter64=0 inter32=0 inter16=0 inter8=0 intra32=0 intra16=0 intra8=0 intra4=0 reftype=0
  snapshot f064: 3 venc_ko blocks (pool0 0x73801000 len 0x10000)
src frame 65: srcf=7 off=264 br=2000
frame 65: send=0x0 get=0x0 len=1908 coding=1 startqp=0 meanqp=0 picbytes=0 pskip=0 nalus=1 n1:1908
  cu: inter64=0 inter32=0 inter16=0 inter8=0 intra32=0 intra16=0 intra8=0 intra4=0 reftype=0
  snapshot f065: 3 venc_ko blocks (pool0 0x73801000 len 0x10000)
src frame 66: srcf=8 off=268 br=2000
frame 66: send=0x0 get=0x0 len=2315 coding=1 startqp=0 meanqp=0 picbytes=0 pskip=0 nalus=1 n1:2315
  cu: inter64=0 inter32=0 inter16=0 inter8=0 intra32=0 intra16=0 intra8=0 intra4=0 reftype=0
  snapshot f066: 3 venc_ko blocks (pool0 0x73801000 len 0x10000)
src frame 67: srcf=9 off=272 br=2000
frame 67: send=0x0 get=0x0 len=3005 coding=1 startqp=0 meanqp=0 picbytes=0 pskip=0 nalus=1 n1:3005
  cu: inter64=0 inter32=0 inter16=0 inter8=0 intra32=0 intra16=0 intra8=0 intra4=0 reftype=0
  snapshot f067: 3 venc_ko blocks (pool0 0x73801000 len 0x10000)
src frame 68: srcf=10 off=276 br=2000
frame 68: send=0x0 get=0x0 len=1426 coding=1 startqp=0 meanqp=0 picbytes=0 pskip=0 nalus=1 n1:1426
  cu: inter64=0 inter32=0 inter16=0 inter8=0 intra32=0 intra16=0 intra8=0 intra4=0 reftype=0
  snapshot f068: 3 venc_ko blocks (pool0 0x73801000 len 0x10000)
src frame 69: srcf=11 off=280 br=2000
frame 69: send=0x0 get=0x0 len=2918 coding=1 startqp=0 meanqp=0 picbytes=0 pskip=0 nalus=1 n1:2918
  cu: inter64=0 inter32=0 inter16=0 inter8=0 intra32=0 intra16=0 intra8=0 intra4=0 reftype=0
  snapshot f069: 3 venc_ko blocks (pool0 0x73801000 len 0x10000)
src frame 70: srcf=12 off=284 br=2000
frame 70: send=0x0 get=0x0 len=3850 coding=1 startqp=0 meanqp=0 picbytes=0 pskip=0 nalus=1 n1:3850
  cu: inter64=0 inter32=0 inter16=0 inter8=0 intra32=0 intra16=0 intra8=0 intra4=0 reftype=0
  snapshot f070: 3 venc_ko blocks (pool0 0x73801000 len 0x10000)
src frame 71: srcf=13 off=288 br=2000
frame 71: send=0x0 get=0x0 len=826 coding=1 startqp=0 meanqp=0 picbytes=0 pskip=0 nalus=1 n1:826
  cu: inter64=0 inter32=0 inter16=0 inter8=0 intra32=0 intra16=0 intra8=0 intra4=0 reftype=0
  snapshot f071: 3 venc_ko blocks (pool0 0x73801000 len 0x10000)
src frame 72: srcf=14 off=292 br=2000
frame 72: send=0x0 get=0x0 len=1126 coding=1 startqp=0 meanqp=0 picbytes=0 pskip=0 nalus=1 n1:1126
  cu: inter64=0 inter32=0 inter16=0 inter8=0 intra32=0 intra16=0 intra8=0 intra4=0 reftype=0
  snapshot f072: 3 venc_ko blocks (pool0 0x73801000 len 0x10000)
src frame 73: srcf=15 off=296 br=2000
frame 73: send=0x0 get=0x0 len=2090 coding=1 startqp=0 meanqp=0 picbytes=0 pskip=0 nalus=1 n1:2090
  cu: inter64=0 inter32=0 inter16=0 inter8=0 intra32=0 intra16=0 intra8=0 intra4=0 reftype=0
  snapshot f073: 3 venc_ko blocks (pool0 0x73801000 len 0x10000)
src frame 74: srcf=16 off=300 br=2000
frame 74: send=0x0 get=0x0 len=3014 coding=1 startqp=0 meanqp=0 picbytes=0 pskip=0 nalus=1 n1:3014
  cu: inter64=0 inter32=0 inter16=0 inter8=0 intra32=0 intra16=0 intra8=0 intra4=0 reftype=0
  snapshot f074: 3 venc_ko blocks (pool0 0x73801000 len 0x10000)
src frame 75: srcf=17 off=304 br=2000
frame 75: send=0x0 get=0x0 len=3530 coding=1 startqp=0 meanqp=0 picbytes=0 pskip=0 nalus=1 n1:3530
  cu: inter64=0 inter32=0 inter16=0 inter8=0 intra32=0 intra16=0 intra8=0 intra4=0 reftype=0
  snapshot f075: 3 venc_ko blocks (pool0 0x73801000 len 0x10000)
src frame 76: srcf=18 off=308 br=2000
frame 76: send=0x0 get=0x0 len=1493 coding=1 startqp=0 meanqp=0 picbytes=0 pskip=0 nalus=1 n1:1493
  cu: inter64=0 inter32=0 inter16=0 inter8=0 intra32=0 intra16=0 intra8=0 intra4=0 reftype=0
  snapshot f076: 3 venc_ko blocks (pool0 0x73801000 len 0x10000)
src frame 77: srcf=19 off=312 br=2000
frame 77: send=0x0 get=0x0 len=3065 coding=1 startqp=0 meanqp=0 picbytes=0 pskip=0 nalus=1 n1:3065
  cu: inter64=0 inter32=0 inter16=0 inter8=0 intra32=0 intra16=0 intra8=0 intra4=0 reftype=0
  snapshot f077: 3 venc_ko blocks (pool0 0x73801000 len 0x10000)
src frame 78: srcf=20 off=316 br=2000
frame 78: send=0x0 get=0x0 len=4529 coding=1 startqp=0 meanqp=0 picbytes=0 pskip=0 nalus=1 n1:4529
  cu: inter64=0 inter32=0 inter16=0 inter8=0 intra32=0 intra16=0 intra8=0 intra4=0 reftype=0
  snapshot f078: 3 venc_ko blocks (pool0 0x73801000 len 0x10000)
src frame 79: srcf=21 off=320 br=2000
frame 79: send=0x0 get=0x0 len=785 coding=1 startqp=0 meanqp=0 picbytes=0 pskip=0 nalus=1 n1:785
  cu: inter64=0 inter32=0 inter16=0 inter8=0 intra32=0 intra16=0 intra8=0 intra4=0 reftype=0
  snapshot f079: 3 venc_ko blocks (pool0 0x73801000 len 0x10000)
src frame 80: srcf=22 off=324 br=2000
frame 80: send=0x0 get=0x0 len=1506 coding=1 startqp=0 meanqp=0 picbytes=0 pskip=0 nalus=1 n1:1506
  cu: inter64=0 inter32=0 inter16=0 inter8=0 intra32=0 intra16=0 intra8=0 intra4=0 reftype=0
  snapshot f080: 3 venc_ko blocks (pool0 0x73801000 len 0x10000)
src frame 81: srcf=23 off=328 br=2000
frame 81: send=0x0 get=0x0 len=2762 coding=1 startqp=0 meanqp=0 picbytes=0 pskip=0 nalus=1 n1:2762
  cu: inter64=0 inter32=0 inter16=0 inter8=0 intra32=0 intra16=0 intra8=0 intra4=0 reftype=0
  snapshot f081: 3 venc_ko blocks (pool0 0x73801000 len 0x10000)
src frame 82: srcf=24 off=332 br=2000
frame 82: send=0x0 get=0x0 len=3970 coding=1 startqp=0 meanqp=0 picbytes=0 pskip=0 nalus=1 n1:3970
  cu: inter64=0 inter32=0 inter16=0 inter8=0 intra32=0 intra16=0 intra8=0 intra4=0 reftype=0
  snapshot f082: 3 venc_ko blocks (pool0 0x73801000 len 0x10000)
src frame 83: srcf=25 off=336 br=2000
frame 83: send=0x0 get=0x0 len=2425 coding=1 startqp=0 meanqp=0 picbytes=0 pskip=0 nalus=1 n1:2425
  cu: inter64=0 inter32=0 inter16=0 inter8=0 intra32=0 intra16=0 intra8=0 intra4=0 reftype=0
  snapshot f083: 3 venc_ko blocks (pool0 0x73801000 len 0x10000)
src frame 84: srcf=26 off=340 br=2000
frame 84: send=0x0 get=0x0 len=4006 coding=1 startqp=0 meanqp=0 picbytes=0 pskip=0 nalus=1 n1:4006
  cu: inter64=0 inter32=0 inter16=0 inter8=0 intra32=0 intra16=0 intra8=0 intra4=0 reftype=0
  snapshot f084: 3 venc_ko blocks (pool0 0x73801000 len 0x10000)
src frame 85: srcf=27 off=344 br=2000
frame 85: send=0x0 get=0x0 len=2218 coding=1 startqp=0 meanqp=0 picbytes=0 pskip=0 nalus=1 n1:2218
  cu: inter64=0 inter32=0 inter16=0 inter8=0 intra32=0 intra16=0 intra8=0 intra4=0 reftype=0
  snapshot f085: 3 venc_ko blocks (pool0 0x73801000 len 0x10000)
src frame 86: srcf=28 off=348 br=2000
frame 86: send=0x0 get=0x0 len=4157 coding=1 startqp=0 meanqp=0 picbytes=0 pskip=0 nalus=1 n1:4157
  cu: inter64=0 inter32=0 inter16=0 inter8=0 intra32=0 intra16=0 intra8=0 intra4=0 reftype=0
  snapshot f086: 3 venc_ko blocks (pool0 0x73801000 len 0x10000)
src frame 87: srcf=29 off=352 br=2000
frame 87: send=0x0 get=0x0 len=1065 coding=1 startqp=0 meanqp=0 picbytes=0 pskip=0 nalus=1 n1:1065
  cu: inter64=0 inter32=0 inter16=0 inter8=0 intra32=0 intra16=0 intra8=0 intra4=0 reftype=0
  snapshot f087: 3 venc_ko blocks (pool0 0x73801000 len 0x10000)
src frame 88: srcf=28 off=356 br=2000
frame 88: send=0x0 get=0x0 len=1309 coding=1 startqp=0 meanqp=0 picbytes=0 pskip=0 nalus=1 n1:1309
  cu: inter64=0 inter32=0 inter16=0 inter8=0 intra32=0 intra16=0 intra8=0 intra4=0 reftype=0
  snapshot f088: 3 venc_ko blocks (pool0 0x73801000 len 0x10000)
src frame 89: srcf=27 off=360 br=2000
frame 89: send=0x0 get=0x0 len=2690 coding=1 startqp=0 meanqp=0 picbytes=0 pskip=0 nalus=1 n1:2690
  cu: inter64=0 inter32=0 inter16=0 inter8=0 intra32=0 intra16=0 intra8=0 intra4=0 reftype=0
  snapshot f089: 3 venc_ko blocks (pool0 0x73801000 len 0x10000)
src frame 90: srcf=26 off=364 br=2000
frame 90: send=0x0 get=0x0 len=52266 coding=0 startqp=0 meanqp=0 picbytes=0 pskip=0 nalus=4 n32:27 n33:53 n34:12 n19:52174
  cu: inter64=0 inter32=0 inter16=0 inter8=0 intra32=0 intra16=0 intra8=0 intra4=0 reftype=0
  snapshot f090: 3 venc_ko blocks (pool0 0x73801000 len 0x10000)
src frame 91: srcf=25 off=368 br=2000
frame 91: send=0x0 get=0x0 len=1388 coding=1 startqp=0 meanqp=0 picbytes=0 pskip=0 nalus=1 n1:1388
  cu: inter64=0 inter32=0 inter16=0 inter8=0 intra32=0 intra16=0 intra8=0 intra4=0 reftype=0
  snapshot f091: 3 venc_ko blocks (pool0 0x73801000 len 0x10000)
src frame 92: srcf=24 off=372 br=2000
frame 92: send=0x0 get=0x0 len=1283 coding=1 startqp=0 meanqp=0 picbytes=0 pskip=0 nalus=1 n1:1283
  cu: inter64=0 inter32=0 inter16=0 inter8=0 intra32=0 intra16=0 intra8=0 intra4=0 reftype=0
  snapshot f092: 3 venc_ko blocks (pool0 0x73801000 len 0x10000)
src frame 93: srcf=23 off=376 br=2000
frame 93: send=0x0 get=0x0 len=1307 coding=1 startqp=0 meanqp=0 picbytes=0 pskip=0 nalus=1 n1:1307
  cu: inter64=0 inter32=0 inter16=0 inter8=0 intra32=0 intra16=0 intra8=0 intra4=0 reftype=0
  snapshot f093: 3 venc_ko blocks (pool0 0x73801000 len 0x10000)
src frame 94: srcf=22 off=380 br=2000
frame 94: send=0x0 get=0x0 len=1632 coding=1 startqp=0 meanqp=0 picbytes=0 pskip=0 nalus=1 n1:1632
  cu: inter64=0 inter32=0 inter16=0 inter8=0 intra32=0 intra16=0 intra8=0 intra4=0 reftype=0
  snapshot f094: 3 venc_ko blocks (pool0 0x73801000 len 0x10000)
src frame 95: srcf=21 off=384 br=2000
frame 95: send=0x0 get=0x0 len=2188 coding=1 startqp=0 meanqp=0 picbytes=0 pskip=0 nalus=1 n1:2188
  cu: inter64=0 inter32=0 inter16=0 inter8=0 intra32=0 intra16=0 intra8=0 intra4=0 reftype=0
  snapshot f095: 3 venc_ko blocks (pool0 0x73801000 len 0x10000)
src frame 96: srcf=20 off=388 br=2000
frame 96: send=0x0 get=0x0 len=3506 coding=1 startqp=0 meanqp=0 picbytes=0 pskip=0 nalus=1 n1:3506
  cu: inter64=0 inter32=0 inter16=0 inter8=0 intra32=0 intra16=0 intra8=0 intra4=0 reftype=0
  snapshot f096: 3 venc_ko blocks (pool0 0x73801000 len 0x10000)
src frame 97: srcf=19 off=392 br=2000
frame 97: send=0x0 get=0x0 len=1057 coding=1 startqp=0 meanqp=0 picbytes=0 pskip=0 nalus=1 n1:1057
  cu: inter64=0 inter32=0 inter16=0 inter8=0 intra32=0 intra16=0 intra8=0 intra4=0 reftype=0
  snapshot f097: 3 venc_ko blocks (pool0 0x73801000 len 0x10000)
src frame 98: srcf=18 off=396 br=2000
frame 98: send=0x0 get=0x0 len=1573 coding=1 startqp=0 meanqp=0 picbytes=0 pskip=0 nalus=1 n1:1573
  cu: inter64=0 inter32=0 inter16=0 inter8=0 intra32=0 intra16=0 intra8=0 intra4=0 reftype=0
  snapshot f098: 3 venc_ko blocks (pool0 0x73801000 len 0x10000)
src frame 99: srcf=17 off=400 br=2000
frame 99: send=0x0 get=0x0 len=2677 coding=1 startqp=0 meanqp=0 picbytes=0 pskip=0 nalus=1 n1:2677
  cu: inter64=0 inter32=0 inter16=0 inter8=0 intra32=0 intra16=0 intra8=0 intra4=0 reftype=0
  snapshot f099: 3 venc_ko blocks (pool0 0x73801000 len 0x10000)
src frame 100: srcf=16 off=404 br=2000
frame 100: send=0x0 get=0x0 len=4007 coding=1 startqp=0 meanqp=0 picbytes=0 pskip=0 nalus=1 n1:4007
  cu: inter64=0 inter32=0 inter16=0 inter8=0 intra32=0 intra16=0 intra8=0 intra4=0 reftype=0
  snapshot f100: 3 venc_ko blocks (pool0 0x73801000 len 0x10000)
src frame 101: srcf=15 off=408 br=2000
frame 101: send=0x0 get=0x0 len=1391 coding=1 startqp=0 meanqp=0 picbytes=0 pskip=0 nalus=1 n1:1391
  cu: inter64=0 inter32=0 inter16=0 inter8=0 intra32=0 intra16=0 intra8=0 intra4=0 reftype=0
  snapshot f101: 3 venc_ko blocks (pool0 0x73801000 len 0x10000)
src frame 102: srcf=14 off=412 br=2000
frame 102: send=0x0 get=0x0 len=1912 coding=1 startqp=0 meanqp=0 picbytes=0 pskip=0 nalus=1 n1:1912
  cu: inter64=0 inter32=0 inter16=0 inter8=0 intra32=0 intra16=0 intra8=0 intra4=0 reftype=0
  snapshot f102: 3 venc_ko blocks (pool0 0x73801000 len 0x10000)
src frame 103: srcf=13 off=416 br=2000
frame 103: send=0x0 get=0x0 len=3203 coding=1 startqp=0 meanqp=0 picbytes=0 pskip=0 nalus=1 n1:3203
  cu: inter64=0 inter32=0 inter16=0 inter8=0 intra32=0 intra16=0 intra8=0 intra4=0 reftype=0
  snapshot f103: 3 venc_ko blocks (pool0 0x73801000 len 0x10000)
src frame 104: srcf=12 off=420 br=2000
frame 104: send=0x0 get=0x0 len=1762 coding=1 startqp=0 meanqp=0 picbytes=0 pskip=0 nalus=1 n1:1762
  cu: inter64=0 inter32=0 inter16=0 inter8=0 intra32=0 intra16=0 intra8=0 intra4=0 reftype=0
  snapshot f104: 3 venc_ko blocks (pool0 0x73801000 len 0x10000)
src frame 105: srcf=11 off=424 br=2000
frame 105: send=0x0 get=0x0 len=3341 coding=1 startqp=0 meanqp=0 picbytes=0 pskip=0 nalus=1 n1:3341
  cu: inter64=0 inter32=0 inter16=0 inter8=0 intra32=0 intra16=0 intra8=0 intra4=0 reftype=0
  snapshot f105: 3 venc_ko blocks (pool0 0x73801000 len 0x10000)
src frame 106: srcf=10 off=428 br=2000
frame 106: send=0x0 get=0x0 len=2176 coding=1 startqp=0 meanqp=0 picbytes=0 pskip=0 nalus=1 n1:2176
  cu: inter64=0 inter32=0 inter16=0 inter8=0 intra32=0 intra16=0 intra8=0 intra4=0 reftype=0
  snapshot f106: 3 venc_ko blocks (pool0 0x73801000 len 0x10000)
src frame 107: srcf=9 off=432 br=2000
frame 107: send=0x0 get=0x0 len=4525 coding=1 startqp=0 meanqp=0 picbytes=0 pskip=0 nalus=1 n1:4525
  cu: inter64=0 inter32=0 inter16=0 inter8=0 intra32=0 intra16=0 intra8=0 intra4=0 reftype=0
  snapshot f107: 3 venc_ko blocks (pool0 0x73801000 len 0x10000)
src frame 108: srcf=8 off=436 br=2000
frame 108: send=0x0 get=0x0 len=1076 coding=1 startqp=0 meanqp=0 picbytes=0 pskip=0 nalus=1 n1:1076
  cu: inter64=0 inter32=0 inter16=0 inter8=0 intra32=0 intra16=0 intra8=0 intra4=0 reftype=0
  snapshot f108: 3 venc_ko blocks (pool0 0x73801000 len 0x10000)
src frame 109: srcf=7 off=440 br=2000
frame 109: send=0x0 get=0x0 len=1587 coding=1 startqp=0 meanqp=0 picbytes=0 pskip=0 nalus=1 n1:1587
  cu: inter64=0 inter32=0 inter16=0 inter8=0 intra32=0 intra16=0 intra8=0 intra4=0 reftype=0
  snapshot f109: 3 venc_ko blocks (pool0 0x73801000 len 0x10000)
src frame 110: srcf=6 off=444 br=2000
frame 110: send=0x0 get=0x0 len=3189 coding=1 startqp=0 meanqp=0 picbytes=0 pskip=0 nalus=1 n1:3189
  cu: inter64=0 inter32=0 inter16=0 inter8=0 intra32=0 intra16=0 intra8=0 intra4=0 reftype=0
  snapshot f110: 3 venc_ko blocks (pool0 0x73801000 len 0x10000)
src frame 111: srcf=5 off=448 br=2000
frame 111: send=0x0 get=0x0 len=2975 coding=1 startqp=0 meanqp=0 picbytes=0 pskip=0 nalus=1 n1:2975
  cu: inter64=0 inter32=0 inter16=0 inter8=0 intra32=0 intra16=0 intra8=0 intra4=0 reftype=0
  snapshot f111: 3 venc_ko blocks (pool0 0x73801000 len 0x10000)
src frame 112: srcf=4 off=452 br=2000
frame 112: send=0x0 get=0x0 len=2796 coding=1 startqp=0 meanqp=0 picbytes=0 pskip=0 nalus=1 n1:2796
  cu: inter64=0 inter32=0 inter16=0 inter8=0 intra32=0 intra16=0 intra8=0 intra4=0 reftype=0
  snapshot f112: 3 venc_ko blocks (pool0 0x73801000 len 0x10000)
src frame 113: srcf=3 off=456 br=2000
frame 113: send=0x0 get=0x0 len=5317 coding=1 startqp=0 meanqp=0 picbytes=0 pskip=0 nalus=1 n1:5317
  cu: inter64=0 inter32=0 inter16=0 inter8=0 intra32=0 intra16=0 intra8=0 intra4=0 reftype=0
  snapshot f113: 3 venc_ko blocks (pool0 0x73801000 len 0x10000)
src frame 114: srcf=2 off=460 br=2000
frame 114: send=0x0 get=0x0 len=1100 coding=1 startqp=0 meanqp=0 picbytes=0 pskip=0 nalus=1 n1:1100
  cu: inter64=0 inter32=0 inter16=0 inter8=0 intra32=0 intra16=0 intra8=0 intra4=0 reftype=0
  snapshot f114: 3 venc_ko blocks (pool0 0x73801000 len 0x10000)
src frame 115: srcf=1 off=464 br=2000
frame 115: send=0x0 get=0x0 len=1383 coding=1 startqp=0 meanqp=0 picbytes=0 pskip=0 nalus=1 n1:1383
  cu: inter64=0 inter32=0 inter16=0 inter8=0 intra32=0 intra16=0 intra8=0 intra4=0 reftype=0
  snapshot f115: 3 venc_ko blocks (pool0 0x73801000 len 0x10000)
src frame 116: srcf=0 off=468 br=2000
frame 116: send=0x0 get=0x0 len=2907 coding=1 startqp=0 meanqp=0 picbytes=0 pskip=0 nalus=1 n1:2907
  cu: inter64=0 inter32=0 inter16=0 inter8=0 intra32=0 intra16=0 intra8=0 intra4=0 reftype=0
  snapshot f116: 3 venc_ko blocks (pool0 0x73801000 len 0x10000)
src frame 117: srcf=1 off=472 br=2000
frame 117: send=0x0 get=0x0 len=4894 coding=1 startqp=0 meanqp=0 picbytes=0 pskip=0 nalus=1 n1:4894
  cu: inter64=0 inter32=0 inter16=0 inter8=0 intra32=0 intra16=0 intra8=0 intra4=0 reftype=0
  snapshot f117: 3 venc_ko blocks (pool0 0x73801000 len 0x10000)
src frame 118: srcf=2 off=476 br=2000
frame 118: send=0x0 get=0x0 len=1698 coding=1 startqp=0 meanqp=0 picbytes=0 pskip=0 nalus=1 n1:1698
  cu: inter64=0 inter32=0 inter16=0 inter8=0 intra32=0 intra16=0 intra8=0 intra4=0 reftype=0
  snapshot f118: 3 venc_ko blocks (pool0 0x73801000 len 0x10000)
src frame 119: srcf=3 off=480 br=2000
frame 119: send=0x0 get=0x0 len=2372 coding=1 startqp=0 meanqp=0 picbytes=0 pskip=0 nalus=1 n1:2372
  cu: inter64=0 inter32=0 inter16=0 inter8=0 intra32=0 intra16=0 intra8=0 intra4=0 reftype=0
  snapshot f119: 3 venc_ko blocks (pool0 0x73801000 len 0x10000)
chg frame=120 br 2000 -> 16000 kbps: GetRcParam=0x0 SetRcParam=0x0 readback=16000 mode=12
src frame 120: srcf=4 off=484 br=16000
frame 120: send=0x0 get=0x0 len=28844 coding=0 startqp=0 meanqp=0 picbytes=0 pskip=0 nalus=4 n32:27 n33:53 n34:12 n19:28752
  cu: inter64=0 inter32=0 inter16=0 inter8=0 intra32=0 intra16=0 intra8=0 intra4=0 reftype=0
  snapshot f120: 3 venc_ko blocks (pool0 0x73801000 len 0x10000)
src frame 121: srcf=5 off=488 br=16000
frame 121: send=0x0 get=0x0 len=2010 coding=1 startqp=0 meanqp=0 picbytes=0 pskip=0 nalus=1 n1:2010
  cu: inter64=0 inter32=0 inter16=0 inter8=0 intra32=0 intra16=0 intra8=0 intra4=0 reftype=0
  snapshot f121: 3 venc_ko blocks (pool0 0x73801000 len 0x10000)
src frame 122: srcf=6 off=492 br=16000
frame 122: send=0x0 get=0x0 len=1473 coding=1 startqp=0 meanqp=0 picbytes=0 pskip=0 nalus=1 n1:1473
  cu: inter64=0 inter32=0 inter16=0 inter8=0 intra32=0 intra16=0 intra8=0 intra4=0 reftype=0
  snapshot f122: 3 venc_ko blocks (pool0 0x73801000 len 0x10000)
src frame 123: srcf=7 off=496 br=16000
frame 123: send=0x0 get=0x0 len=2268 coding=1 startqp=0 meanqp=0 picbytes=0 pskip=0 nalus=1 n1:2268
  cu: inter64=0 inter32=0 inter16=0 inter8=0 intra32=0 intra16=0 intra8=0 intra4=0 reftype=0
  snapshot f123: 3 venc_ko blocks (pool0 0x73801000 len 0x10000)
src frame 124: srcf=8 off=500 br=16000
frame 124: send=0x0 get=0x0 len=4443 coding=1 startqp=0 meanqp=0 picbytes=0 pskip=0 nalus=1 n1:4443
  cu: inter64=0 inter32=0 inter16=0 inter8=0 intra32=0 intra16=0 intra8=0 intra4=0 reftype=0
  snapshot f124: 3 venc_ko blocks (pool0 0x73801000 len 0x10000)
src frame 125: srcf=9 off=504 br=16000
frame 125: send=0x0 get=0x0 len=6281 coding=1 startqp=0 meanqp=0 picbytes=0 pskip=0 nalus=1 n1:6281
  cu: inter64=0 inter32=0 inter16=0 inter8=0 intra32=0 intra16=0 intra8=0 intra4=0 reftype=0
  snapshot f125: 3 venc_ko blocks (pool0 0x73801000 len 0x10000)
src frame 126: srcf=10 off=508 br=16000
frame 126: send=0x0 get=0x0 len=7176 coding=1 startqp=0 meanqp=0 picbytes=0 pskip=0 nalus=1 n1:7176
  cu: inter64=0 inter32=0 inter16=0 inter8=0 intra32=0 intra16=0 intra8=0 intra4=0 reftype=0
  snapshot f126: 3 venc_ko blocks (pool0 0x73801000 len 0x10000)
src frame 127: srcf=11 off=512 br=16000
frame 127: send=0x0 get=0x0 len=7883 coding=1 startqp=0 meanqp=0 picbytes=0 pskip=0 nalus=1 n1:7883
  cu: inter64=0 inter32=0 inter16=0 inter8=0 intra32=0 intra16=0 intra8=0 intra4=0 reftype=0
  snapshot f127: 3 venc_ko blocks (pool0 0x73801000 len 0x10000)
src frame 128: srcf=12 off=516 br=16000
frame 128: send=0x0 get=0x0 len=5600 coding=1 startqp=0 meanqp=0 picbytes=0 pskip=0 nalus=1 n1:5600
  cu: inter64=0 inter32=0 inter16=0 inter8=0 intra32=0 intra16=0 intra8=0 intra4=0 reftype=0
  snapshot f128: 3 venc_ko blocks (pool0 0x73801000 len 0x10000)
src frame 129: srcf=13 off=520 br=16000
frame 129: send=0x0 get=0x0 len=5212 coding=1 startqp=0 meanqp=0 picbytes=0 pskip=0 nalus=1 n1:5212
  cu: inter64=0 inter32=0 inter16=0 inter8=0 intra32=0 intra16=0 intra8=0 intra4=0 reftype=0
  snapshot f129: 3 venc_ko blocks (pool0 0x73801000 len 0x10000)
src frame 130: srcf=14 off=524 br=16000
frame 130: send=0x0 get=0x0 len=5554 coding=1 startqp=0 meanqp=0 picbytes=0 pskip=0 nalus=1 n1:5554
  cu: inter64=0 inter32=0 inter16=0 inter8=0 intra32=0 intra16=0 intra8=0 intra4=0 reftype=0
  snapshot f130: 3 venc_ko blocks (pool0 0x73801000 len 0x10000)
src frame 131: srcf=15 off=528 br=16000
frame 131: send=0x0 get=0x0 len=5378 coding=1 startqp=0 meanqp=0 picbytes=0 pskip=0 nalus=1 n1:5378
  cu: inter64=0 inter32=0 inter16=0 inter8=0 intra32=0 intra16=0 intra8=0 intra4=0 reftype=0
  snapshot f131: 3 venc_ko blocks (pool0 0x73801000 len 0x10000)
src frame 132: srcf=16 off=532 br=16000
frame 132: send=0x0 get=0x0 len=6051 coding=1 startqp=0 meanqp=0 picbytes=0 pskip=0 nalus=1 n1:6051
  cu: inter64=0 inter32=0 inter16=0 inter8=0 intra32=0 intra16=0 intra8=0 intra4=0 reftype=0
  snapshot f132: 3 venc_ko blocks (pool0 0x73801000 len 0x10000)
src frame 133: srcf=17 off=536 br=16000
frame 133: send=0x0 get=0x0 len=6251 coding=1 startqp=0 meanqp=0 picbytes=0 pskip=0 nalus=1 n1:6251
  cu: inter64=0 inter32=0 inter16=0 inter8=0 intra32=0 intra16=0 intra8=0 intra4=0 reftype=0
  snapshot f133: 3 venc_ko blocks (pool0 0x73801000 len 0x10000)
src frame 134: srcf=18 off=540 br=16000
frame 134: send=0x0 get=0x0 len=7261 coding=1 startqp=0 meanqp=0 picbytes=0 pskip=0 nalus=1 n1:7261
  cu: inter64=0 inter32=0 inter16=0 inter8=0 intra32=0 intra16=0 intra8=0 intra4=0 reftype=0
  snapshot f134: 3 venc_ko blocks (pool0 0x73801000 len 0x10000)
src frame 135: srcf=19 off=544 br=16000
frame 135: send=0x0 get=0x0 len=7330 coding=1 startqp=0 meanqp=0 picbytes=0 pskip=0 nalus=1 n1:7330
  cu: inter64=0 inter32=0 inter16=0 inter8=0 intra32=0 intra16=0 intra8=0 intra4=0 reftype=0
  snapshot f135: 3 venc_ko blocks (pool0 0x73801000 len 0x10000)
src frame 136: srcf=20 off=548 br=16000
frame 136: send=0x0 get=0x0 len=7572 coding=1 startqp=0 meanqp=0 picbytes=0 pskip=0 nalus=1 n1:7572
  cu: inter64=0 inter32=0 inter16=0 inter8=0 intra32=0 intra16=0 intra8=0 intra4=0 reftype=0
  snapshot f136: 3 venc_ko blocks (pool0 0x73801000 len 0x10000)
src frame 137: srcf=21 off=552 br=16000
frame 137: send=0x0 get=0x0 len=7175 coding=1 startqp=0 meanqp=0 picbytes=0 pskip=0 nalus=1 n1:7175
  cu: inter64=0 inter32=0 inter16=0 inter8=0 intra32=0 intra16=0 intra8=0 intra4=0 reftype=0
  snapshot f137: 3 venc_ko blocks (pool0 0x73801000 len 0x10000)
src frame 138: srcf=22 off=556 br=16000
frame 138: send=0x0 get=0x0 len=4154 coding=1 startqp=0 meanqp=0 picbytes=0 pskip=0 nalus=1 n1:4154
  cu: inter64=0 inter32=0 inter16=0 inter8=0 intra32=0 intra16=0 intra8=0 intra4=0 reftype=0
  snapshot f138: 3 venc_ko blocks (pool0 0x73801000 len 0x10000)
src frame 139: srcf=23 off=560 br=16000
frame 139: send=0x0 get=0x0 len=3269 coding=1 startqp=0 meanqp=0 picbytes=0 pskip=0 nalus=1 n1:3269
  cu: inter64=0 inter32=0 inter16=0 inter8=0 intra32=0 intra16=0 intra8=0 intra4=0 reftype=0
  snapshot f139: 3 venc_ko blocks (pool0 0x73801000 len 0x10000)
src frame 140: srcf=24 off=564 br=16000
frame 140: send=0x0 get=0x0 len=2650 coding=1 startqp=0 meanqp=0 picbytes=0 pskip=0 nalus=1 n1:2650
  cu: inter64=0 inter32=0 inter16=0 inter8=0 intra32=0 intra16=0 intra8=0 intra4=0 reftype=0
  snapshot f140: 3 venc_ko blocks (pool0 0x73801000 len 0x10000)
src frame 141: srcf=25 off=568 br=16000
frame 141: send=0x0 get=0x0 len=2283 coding=1 startqp=0 meanqp=0 picbytes=0 pskip=0 nalus=1 n1:2283
  cu: inter64=0 inter32=0 inter16=0 inter8=0 intra32=0 intra16=0 intra8=0 intra4=0 reftype=0
  snapshot f141: 3 venc_ko blocks (pool0 0x73801000 len 0x10000)
src frame 142: srcf=26 off=572 br=16000
frame 142: send=0x0 get=0x0 len=2400 coding=1 startqp=0 meanqp=0 picbytes=0 pskip=0 nalus=1 n1:2400
  cu: inter64=0 inter32=0 inter16=0 inter8=0 intra32=0 intra16=0 intra8=0 intra4=0 reftype=0
  snapshot f142: 3 venc_ko blocks (pool0 0x73801000 len 0x10000)
src frame 143: srcf=27 off=576 br=16000
frame 143: send=0x0 get=0x0 len=2731 coding=1 startqp=0 meanqp=0 picbytes=0 pskip=0 nalus=1 n1:2731
  cu: inter64=0 inter32=0 inter16=0 inter8=0 intra32=0 intra16=0 intra8=0 intra4=0 reftype=0
  snapshot f143: 3 venc_ko blocks (pool0 0x73801000 len 0x10000)
src frame 144: srcf=28 off=580 br=16000
frame 144: send=0x0 get=0x0 len=2740 coding=1 startqp=0 meanqp=0 picbytes=0 pskip=0 nalus=1 n1:2740
  cu: inter64=0 inter32=0 inter16=0 inter8=0 intra32=0 intra16=0 intra8=0 intra4=0 reftype=0
  snapshot f144: 3 venc_ko blocks (pool0 0x73801000 len 0x10000)
src frame 145: srcf=29 off=584 br=16000
frame 145: send=0x0 get=0x0 len=2500 coding=1 startqp=0 meanqp=0 picbytes=0 pskip=0 nalus=1 n1:2500
  cu: inter64=0 inter32=0 inter16=0 inter8=0 intra32=0 intra16=0 intra8=0 intra4=0 reftype=0
  snapshot f145: 3 venc_ko blocks (pool0 0x73801000 len 0x10000)
src frame 146: srcf=28 off=588 br=16000
frame 146: send=0x0 get=0x0 len=2251 coding=1 startqp=0 meanqp=0 picbytes=0 pskip=0 nalus=1 n1:2251
  cu: inter64=0 inter32=0 inter16=0 inter8=0 intra32=0 intra16=0 intra8=0 intra4=0 reftype=0
  snapshot f146: 3 venc_ko blocks (pool0 0x73801000 len 0x10000)
src frame 147: srcf=27 off=592 br=16000
frame 147: send=0x0 get=0x0 len=2351 coding=1 startqp=0 meanqp=0 picbytes=0 pskip=0 nalus=1 n1:2351
  cu: inter64=0 inter32=0 inter16=0 inter8=0 intra32=0 intra16=0 intra8=0 intra4=0 reftype=0
  snapshot f147: 3 venc_ko blocks (pool0 0x73801000 len 0x10000)
src frame 148: srcf=26 off=596 br=16000
frame 148: send=0x0 get=0x0 len=2276 coding=1 startqp=0 meanqp=0 picbytes=0 pskip=0 nalus=1 n1:2276
  cu: inter64=0 inter32=0 inter16=0 inter8=0 intra32=0 intra16=0 intra8=0 intra4=0 reftype=0
  snapshot f148: 3 venc_ko blocks (pool0 0x73801000 len 0x10000)
src frame 149: srcf=25 off=600 br=16000
frame 149: send=0x0 get=0x0 len=1807 coding=1 startqp=0 meanqp=0 picbytes=0 pskip=0 nalus=1 n1:1807
  cu: inter64=0 inter32=0 inter16=0 inter8=0 intra32=0 intra16=0 intra8=0 intra4=0 reftype=0
  snapshot f149: 3 venc_ko blocks (pool0 0x73801000 len 0x10000)
src frame 150: srcf=24 off=604 br=16000
frame 150: send=0x0 get=0x0 len=71611 coding=0 startqp=0 meanqp=0 picbytes=0 pskip=0 nalus=4 n32:27 n33:53 n34:12 n19:71519
  cu: inter64=0 inter32=0 inter16=0 inter8=0 intra32=0 intra16=0 intra8=0 intra4=0 reftype=0
  snapshot f150: 3 venc_ko blocks (pool0 0x73801000 len 0x10000)
src frame 151: srcf=23 off=608 br=16000
frame 151: send=0x0 get=0x0 len=2069 coding=1 startqp=0 meanqp=0 picbytes=0 pskip=0 nalus=1 n1:2069
  cu: inter64=0 inter32=0 inter16=0 inter8=0 intra32=0 intra16=0 intra8=0 intra4=0 reftype=0
  snapshot f151: 3 venc_ko blocks (pool0 0x73801000 len 0x10000)
src frame 152: srcf=22 off=612 br=16000
frame 152: send=0x0 get=0x0 len=2928 coding=1 startqp=0 meanqp=0 picbytes=0 pskip=0 nalus=1 n1:2928
  cu: inter64=0 inter32=0 inter16=0 inter8=0 intra32=0 intra16=0 intra8=0 intra4=0 reftype=0
  snapshot f152: 3 venc_ko blocks (pool0 0x73801000 len 0x10000)
src frame 153: srcf=21 off=616 br=16000
frame 153: send=0x0 get=0x0 len=3150 coding=1 startqp=0 meanqp=0 picbytes=0 pskip=0 nalus=1 n1:3150
  cu: inter64=0 inter32=0 inter16=0 inter8=0 intra32=0 intra16=0 intra8=0 intra4=0 reftype=0
  snapshot f153: 3 venc_ko blocks (pool0 0x73801000 len 0x10000)
src frame 154: srcf=20 off=620 br=16000
frame 154: send=0x0 get=0x0 len=2590 coding=1 startqp=0 meanqp=0 picbytes=0 pskip=0 nalus=1 n1:2590
  cu: inter64=0 inter32=0 inter16=0 inter8=0 intra32=0 intra16=0 intra8=0 intra4=0 reftype=0
  snapshot f154: 3 venc_ko blocks (pool0 0x73801000 len 0x10000)
src frame 155: srcf=19 off=624 br=16000
frame 155: send=0x0 get=0x0 len=1964 coding=1 startqp=0 meanqp=0 picbytes=0 pskip=0 nalus=1 n1:1964
  cu: inter64=0 inter32=0 inter16=0 inter8=0 intra32=0 intra16=0 intra8=0 intra4=0 reftype=0
  snapshot f155: 3 venc_ko blocks (pool0 0x73801000 len 0x10000)
src frame 156: srcf=18 off=628 br=16000
frame 156: send=0x0 get=0x0 len=1870 coding=1 startqp=0 meanqp=0 picbytes=0 pskip=0 nalus=1 n1:1870
  cu: inter64=0 inter32=0 inter16=0 inter8=0 intra32=0 intra16=0 intra8=0 intra4=0 reftype=0
  snapshot f156: 3 venc_ko blocks (pool0 0x73801000 len 0x10000)
src frame 157: srcf=17 off=632 br=16000
frame 157: send=0x0 get=0x0 len=1727 coding=1 startqp=0 meanqp=0 picbytes=0 pskip=0 nalus=1 n1:1727
  cu: inter64=0 inter32=0 inter16=0 inter8=0 intra32=0 intra16=0 intra8=0 intra4=0 reftype=0
  snapshot f157: 3 venc_ko blocks (pool0 0x73801000 len 0x10000)
src frame 158: srcf=16 off=636 br=16000
frame 158: send=0x0 get=0x0 len=1534 coding=1 startqp=0 meanqp=0 picbytes=0 pskip=0 nalus=1 n1:1534
  cu: inter64=0 inter32=0 inter16=0 inter8=0 intra32=0 intra16=0 intra8=0 intra4=0 reftype=0
  snapshot f158: 3 venc_ko blocks (pool0 0x73801000 len 0x10000)
src frame 159: srcf=15 off=640 br=16000
frame 159: send=0x0 get=0x0 len=1530 coding=1 startqp=0 meanqp=0 picbytes=0 pskip=0 nalus=1 n1:1530
  cu: inter64=0 inter32=0 inter16=0 inter8=0 intra32=0 intra16=0 intra8=0 intra4=0 reftype=0
  snapshot f159: 3 venc_ko blocks (pool0 0x73801000 len 0x10000)
src frame 160: srcf=14 off=644 br=16000
frame 160: send=0x0 get=0x0 len=1546 coding=1 startqp=0 meanqp=0 picbytes=0 pskip=0 nalus=1 n1:1546
  cu: inter64=0 inter32=0 inter16=0 inter8=0 intra32=0 intra16=0 intra8=0 intra4=0 reftype=0
  snapshot f160: 3 venc_ko blocks (pool0 0x73801000 len 0x10000)
src frame 161: srcf=13 off=648 br=16000
frame 161: send=0x0 get=0x0 len=1329 coding=1 startqp=0 meanqp=0 picbytes=0 pskip=0 nalus=1 n1:1329
  cu: inter64=0 inter32=0 inter16=0 inter8=0 intra32=0 intra16=0 intra8=0 intra4=0 reftype=0
  snapshot f161: 3 venc_ko blocks (pool0 0x73801000 len 0x10000)
src frame 162: srcf=12 off=652 br=16000
frame 162: send=0x0 get=0x0 len=1362 coding=1 startqp=0 meanqp=0 picbytes=0 pskip=0 nalus=1 n1:1362
  cu: inter64=0 inter32=0 inter16=0 inter8=0 intra32=0 intra16=0 intra8=0 intra4=0 reftype=0
  snapshot f162: 3 venc_ko blocks (pool0 0x73801000 len 0x10000)
src frame 163: srcf=11 off=656 br=16000
frame 163: send=0x0 get=0x0 len=1427 coding=1 startqp=0 meanqp=0 picbytes=0 pskip=0 nalus=1 n1:1427
  cu: inter64=0 inter32=0 inter16=0 inter8=0 intra32=0 intra16=0 intra8=0 intra4=0 reftype=0
  snapshot f163: 3 venc_ko blocks (pool0 0x73801000 len 0x10000)
src frame 164: srcf=10 off=660 br=16000
frame 164: send=0x0 get=0x0 len=1438 coding=1 startqp=0 meanqp=0 picbytes=0 pskip=0 nalus=1 n1:1438
  cu: inter64=0 inter32=0 inter16=0 inter8=0 intra32=0 intra16=0 intra8=0 intra4=0 reftype=0
  snapshot f164: 3 venc_ko blocks (pool0 0x73801000 len 0x10000)
src frame 165: srcf=9 off=664 br=16000
frame 165: send=0x0 get=0x0 len=1820 coding=1 startqp=0 meanqp=0 picbytes=0 pskip=0 nalus=1 n1:1820
  cu: inter64=0 inter32=0 inter16=0 inter8=0 intra32=0 intra16=0 intra8=0 intra4=0 reftype=0
  snapshot f165: 3 venc_ko blocks (pool0 0x73801000 len 0x10000)
src frame 166: srcf=8 off=668 br=16000
frame 166: send=0x0 get=0x0 len=1965 coding=1 startqp=0 meanqp=0 picbytes=0 pskip=0 nalus=1 n1:1965
  cu: inter64=0 inter32=0 inter16=0 inter8=0 intra32=0 intra16=0 intra8=0 intra4=0 reftype=0
  snapshot f166: 3 venc_ko blocks (pool0 0x73801000 len 0x10000)
src frame 167: srcf=7 off=672 br=16000
frame 167: send=0x0 get=0x0 len=2023 coding=1 startqp=0 meanqp=0 picbytes=0 pskip=0 nalus=1 n1:2023
  cu: inter64=0 inter32=0 inter16=0 inter8=0 intra32=0 intra16=0 intra8=0 intra4=0 reftype=0
  snapshot f167: 3 venc_ko blocks (pool0 0x73801000 len 0x10000)
src frame 168: srcf=6 off=676 br=16000
frame 168: send=0x0 get=0x0 len=1409 coding=1 startqp=0 meanqp=0 picbytes=0 pskip=0 nalus=1 n1:1409
  cu: inter64=0 inter32=0 inter16=0 inter8=0 intra32=0 intra16=0 intra8=0 intra4=0 reftype=0
  snapshot f168: 3 venc_ko blocks (pool0 0x73801000 len 0x10000)
src frame 169: srcf=5 off=680 br=16000
frame 169: send=0x0 get=0x0 len=1242 coding=1 startqp=0 meanqp=0 picbytes=0 pskip=0 nalus=1 n1:1242
  cu: inter64=0 inter32=0 inter16=0 inter8=0 intra32=0 intra16=0 intra8=0 intra4=0 reftype=0
  snapshot f169: 3 venc_ko blocks (pool0 0x73801000 len 0x10000)
src frame 170: srcf=4 off=684 br=16000
frame 170: send=0x0 get=0x0 len=1231 coding=1 startqp=0 meanqp=0 picbytes=0 pskip=0 nalus=1 n1:1231
  cu: inter64=0 inter32=0 inter16=0 inter8=0 intra32=0 intra16=0 intra8=0 intra4=0 reftype=0
  snapshot f170: 3 venc_ko blocks (pool0 0x73801000 len 0x10000)
src frame 171: srcf=3 off=688 br=16000
frame 171: send=0x0 get=0x0 len=1117 coding=1 startqp=0 meanqp=0 picbytes=0 pskip=0 nalus=1 n1:1117
  cu: inter64=0 inter32=0 inter16=0 inter8=0 intra32=0 intra16=0 intra8=0 intra4=0 reftype=0
  snapshot f171: 3 venc_ko blocks (pool0 0x73801000 len 0x10000)
src frame 172: srcf=2 off=692 br=16000
frame 172: send=0x0 get=0x0 len=1100 coding=1 startqp=0 meanqp=0 picbytes=0 pskip=0 nalus=1 n1:1100
  cu: inter64=0 inter32=0 inter16=0 inter8=0 intra32=0 intra16=0 intra8=0 intra4=0 reftype=0
  snapshot f172: 3 venc_ko blocks (pool0 0x73801000 len 0x10000)
src frame 173: srcf=1 off=696 br=16000
frame 173: send=0x0 get=0x0 len=1209 coding=1 startqp=0 meanqp=0 picbytes=0 pskip=0 nalus=1 n1:1209
  cu: inter64=0 inter32=0 inter16=0 inter8=0 intra32=0 intra16=0 intra8=0 intra4=0 reftype=0
  snapshot f173: 3 venc_ko blocks (pool0 0x73801000 len 0x10000)
src frame 174: srcf=0 off=700 br=16000
frame 174: send=0x0 get=0x0 len=1471 coding=1 startqp=0 meanqp=0 picbytes=0 pskip=0 nalus=1 n1:1471
  cu: inter64=0 inter32=0 inter16=0 inter8=0 intra32=0 intra16=0 intra8=0 intra4=0 reftype=0
  snapshot f174: 3 venc_ko blocks (pool0 0x73801000 len 0x10000)
src frame 175: srcf=1 off=704 br=16000
frame 175: send=0x0 get=0x0 len=1568 coding=1 startqp=0 meanqp=0 picbytes=0 pskip=0 nalus=1 n1:1568
  cu: inter64=0 inter32=0 inter16=0 inter8=0 intra32=0 intra16=0 intra8=0 intra4=0 reftype=0
  snapshot f175: 3 venc_ko blocks (pool0 0x73801000 len 0x10000)
src frame 176: srcf=2 off=708 br=16000
frame 176: send=0x0 get=0x0 len=1537 coding=1 startqp=0 meanqp=0 picbytes=0 pskip=0 nalus=1 n1:1537
  cu: inter64=0 inter32=0 inter16=0 inter8=0 intra32=0 intra16=0 intra8=0 intra4=0 reftype=0
  snapshot f176: 3 venc_ko blocks (pool0 0x73801000 len 0x10000)
src frame 177: srcf=3 off=712 br=16000
frame 177: send=0x0 get=0x0 len=1335 coding=1 startqp=0 meanqp=0 picbytes=0 pskip=0 nalus=1 n1:1335
  cu: inter64=0 inter32=0 inter16=0 inter8=0 intra32=0 intra16=0 intra8=0 intra4=0 reftype=0
  snapshot f177: 3 venc_ko blocks (pool0 0x73801000 len 0x10000)
src frame 178: srcf=4 off=716 br=16000
frame 178: send=0x0 get=0x0 len=1274 coding=1 startqp=0 meanqp=0 picbytes=0 pskip=0 nalus=1 n1:1274
  cu: inter64=0 inter32=0 inter16=0 inter8=0 intra32=0 intra16=0 intra8=0 intra4=0 reftype=0
  snapshot f178: 3 venc_ko blocks (pool0 0x73801000 len 0x10000)
src frame 179: srcf=5 off=720 br=16000
frame 179: send=0x0 get=0x0 len=1306 coding=1 startqp=0 meanqp=0 picbytes=0 pskip=0 nalus=1 n1:1306
  cu: inter64=0 inter32=0 inter16=0 inter8=0 intra32=0 intra16=0 intra8=0 intra4=0 reftype=0
  snapshot f179: 3 venc_ko blocks (pool0 0x73801000 len 0x10000)
src frame 180: srcf=6 off=724 br=16000
frame 180: send=0x0 get=0x0 len=77851 coding=0 startqp=0 meanqp=0 picbytes=0 pskip=0 nalus=4 n32:27 n33:53 n34:12 n19:77759
  cu: inter64=0 inter32=0 inter16=0 inter8=0 intra32=0 intra16=0 intra8=0 intra4=0 reftype=0
  snapshot f180: 3 venc_ko blocks (pool0 0x73801000 len 0x10000)
src frame 181: srcf=7 off=728 br=16000
frame 181: send=0x0 get=0x0 len=1806 coding=1 startqp=0 meanqp=0 picbytes=0 pskip=0 nalus=1 n1:1806
  cu: inter64=0 inter32=0 inter16=0 inter8=0 intra32=0 intra16=0 intra8=0 intra4=0 reftype=0
  snapshot f181: 3 venc_ko blocks (pool0 0x73801000 len 0x10000)
src frame 182: srcf=8 off=732 br=16000
frame 182: send=0x0 get=0x0 len=1568 coding=1 startqp=0 meanqp=0 picbytes=0 pskip=0 nalus=1 n1:1568
  cu: inter64=0 inter32=0 inter16=0 inter8=0 intra32=0 intra16=0 intra8=0 intra4=0 reftype=0
  snapshot f182: 3 venc_ko blocks (pool0 0x73801000 len 0x10000)
src frame 183: srcf=9 off=736 br=16000
frame 183: send=0x0 get=0x0 len=1761 coding=1 startqp=0 meanqp=0 picbytes=0 pskip=0 nalus=1 n1:1761
  cu: inter64=0 inter32=0 inter16=0 inter8=0 intra32=0 intra16=0 intra8=0 intra4=0 reftype=0
  snapshot f183: 3 venc_ko blocks (pool0 0x73801000 len 0x10000)
src frame 184: srcf=10 off=740 br=16000
frame 184: send=0x0 get=0x0 len=1793 coding=1 startqp=0 meanqp=0 picbytes=0 pskip=0 nalus=1 n1:1793
  cu: inter64=0 inter32=0 inter16=0 inter8=0 intra32=0 intra16=0 intra8=0 intra4=0 reftype=0
  snapshot f184: 3 venc_ko blocks (pool0 0x73801000 len 0x10000)
src frame 185: srcf=11 off=744 br=16000
frame 185: send=0x0 get=0x0 len=1835 coding=1 startqp=0 meanqp=0 picbytes=0 pskip=0 nalus=1 n1:1835
  cu: inter64=0 inter32=0 inter16=0 inter8=0 intra32=0 intra16=0 intra8=0 intra4=0 reftype=0
  snapshot f185: 3 venc_ko blocks (pool0 0x73801000 len 0x10000)
src frame 186: srcf=12 off=748 br=16000
frame 186: send=0x0 get=0x0 len=1644 coding=1 startqp=0 meanqp=0 picbytes=0 pskip=0 nalus=1 n1:1644
  cu: inter64=0 inter32=0 inter16=0 inter8=0 intra32=0 intra16=0 intra8=0 intra4=0 reftype=0
  snapshot f186: 3 venc_ko blocks (pool0 0x73801000 len 0x10000)
src frame 187: srcf=13 off=752 br=16000
frame 187: send=0x0 get=0x0 len=1298 coding=1 startqp=0 meanqp=0 picbytes=0 pskip=0 nalus=1 n1:1298
  cu: inter64=0 inter32=0 inter16=0 inter8=0 intra32=0 intra16=0 intra8=0 intra4=0 reftype=0
  snapshot f187: 3 venc_ko blocks (pool0 0x73801000 len 0x10000)
src frame 188: srcf=14 off=756 br=16000
frame 188: send=0x0 get=0x0 len=1124 coding=1 startqp=0 meanqp=0 picbytes=0 pskip=0 nalus=1 n1:1124
  cu: inter64=0 inter32=0 inter16=0 inter8=0 intra32=0 intra16=0 intra8=0 intra4=0 reftype=0
  snapshot f188: 3 venc_ko blocks (pool0 0x73801000 len 0x10000)
src frame 189: srcf=15 off=760 br=16000
frame 189: send=0x0 get=0x0 len=1105 coding=1 startqp=0 meanqp=0 picbytes=0 pskip=0 nalus=1 n1:1105
  cu: inter64=0 inter32=0 inter16=0 inter8=0 intra32=0 intra16=0 intra8=0 intra4=0 reftype=0
  snapshot f189: 3 venc_ko blocks (pool0 0x73801000 len 0x10000)
src frame 190: srcf=16 off=764 br=16000
frame 190: send=0x0 get=0x0 len=1190 coding=1 startqp=0 meanqp=0 picbytes=0 pskip=0 nalus=1 n1:1190
  cu: inter64=0 inter32=0 inter16=0 inter8=0 intra32=0 intra16=0 intra8=0 intra4=0 reftype=0
  snapshot f190: 3 venc_ko blocks (pool0 0x73801000 len 0x10000)
src frame 191: srcf=17 off=768 br=16000
frame 191: send=0x0 get=0x0 len=1299 coding=1 startqp=0 meanqp=0 picbytes=0 pskip=0 nalus=1 n1:1299
  cu: inter64=0 inter32=0 inter16=0 inter8=0 intra32=0 intra16=0 intra8=0 intra4=0 reftype=0
  snapshot f191: 3 venc_ko blocks (pool0 0x73801000 len 0x10000)
src frame 192: srcf=18 off=772 br=16000
frame 192: send=0x0 get=0x0 len=1253 coding=1 startqp=0 meanqp=0 picbytes=0 pskip=0 nalus=1 n1:1253
  cu: inter64=0 inter32=0 inter16=0 inter8=0 intra32=0 intra16=0 intra8=0 intra4=0 reftype=0
  snapshot f192: 3 venc_ko blocks (pool0 0x73801000 len 0x10000)
src frame 193: srcf=19 off=776 br=16000
frame 193: send=0x0 get=0x0 len=1509 coding=1 startqp=0 meanqp=0 picbytes=0 pskip=0 nalus=1 n1:1509
  cu: inter64=0 inter32=0 inter16=0 inter8=0 intra32=0 intra16=0 intra8=0 intra4=0 reftype=0
  snapshot f193: 3 venc_ko blocks (pool0 0x73801000 len 0x10000)
src frame 194: srcf=20 off=780 br=16000
frame 194: send=0x0 get=0x0 len=1658 coding=1 startqp=0 meanqp=0 picbytes=0 pskip=0 nalus=1 n1:1658
  cu: inter64=0 inter32=0 inter16=0 inter8=0 intra32=0 intra16=0 intra8=0 intra4=0 reftype=0
  snapshot f194: 3 venc_ko blocks (pool0 0x73801000 len 0x10000)
src frame 195: srcf=21 off=784 br=16000
frame 195: send=0x0 get=0x0 len=1723 coding=1 startqp=0 meanqp=0 picbytes=0 pskip=0 nalus=1 n1:1723
  cu: inter64=0 inter32=0 inter16=0 inter8=0 intra32=0 intra16=0 intra8=0 intra4=0 reftype=0
  snapshot f195: 3 venc_ko blocks (pool0 0x73801000 len 0x10000)
src frame 196: srcf=22 off=788 br=16000
frame 196: send=0x0 get=0x0 len=1255 coding=1 startqp=0 meanqp=0 picbytes=0 pskip=0 nalus=1 n1:1255
  cu: inter64=0 inter32=0 inter16=0 inter8=0 intra32=0 intra16=0 intra8=0 intra4=0 reftype=0
  snapshot f196: 3 venc_ko blocks (pool0 0x73801000 len 0x10000)
src frame 197: srcf=23 off=792 br=16000
frame 197: send=0x0 get=0x0 len=1211 coding=1 startqp=0 meanqp=0 picbytes=0 pskip=0 nalus=1 n1:1211
  cu: inter64=0 inter32=0 inter16=0 inter8=0 intra32=0 intra16=0 intra8=0 intra4=0 reftype=0
  snapshot f197: 3 venc_ko blocks (pool0 0x73801000 len 0x10000)
src frame 198: srcf=24 off=796 br=16000
frame 198: send=0x0 get=0x0 len=1132 coding=1 startqp=0 meanqp=0 picbytes=0 pskip=0 nalus=1 n1:1132
  cu: inter64=0 inter32=0 inter16=0 inter8=0 intra32=0 intra16=0 intra8=0 intra4=0 reftype=0
  snapshot f198: 3 venc_ko blocks (pool0 0x73801000 len 0x10000)
src frame 199: srcf=25 off=800 br=16000
frame 199: send=0x0 get=0x0 len=1295 coding=1 startqp=0 meanqp=0 picbytes=0 pskip=0 nalus=1 n1:1295
  cu: inter64=0 inter32=0 inter16=0 inter8=0 intra32=0 intra16=0 intra8=0 intra4=0 reftype=0
  snapshot f199: 3 venc_ko blocks (pool0 0x73801000 len 0x10000)
src frame 200: srcf=26 off=804 br=16000
frame 200: send=0x0 get=0x0 len=1018 coding=1 startqp=0 meanqp=0 picbytes=0 pskip=0 nalus=1 n1:1018
  cu: inter64=0 inter32=0 inter16=0 inter8=0 intra32=0 intra16=0 intra8=0 intra4=0 reftype=0
  snapshot f200: 3 venc_ko blocks (pool0 0x73801000 len 0x10000)
src frame 201: srcf=27 off=808 br=16000
frame 201: send=0x0 get=0x0 len=1195 coding=1 startqp=0 meanqp=0 picbytes=0 pskip=0 nalus=1 n1:1195
  cu: inter64=0 inter32=0 inter16=0 inter8=0 intra32=0 intra16=0 intra8=0 intra4=0 reftype=0
  snapshot f201: 3 venc_ko blocks (pool0 0x73801000 len 0x10000)
src frame 202: srcf=28 off=812 br=16000
frame 202: send=0x0 get=0x0 len=1161 coding=1 startqp=0 meanqp=0 picbytes=0 pskip=0 nalus=1 n1:1161
  cu: inter64=0 inter32=0 inter16=0 inter8=0 intra32=0 intra16=0 intra8=0 intra4=0 reftype=0
  snapshot f202: 3 venc_ko blocks (pool0 0x73801000 len 0x10000)
src frame 203: srcf=29 off=816 br=16000
frame 203: send=0x0 get=0x0 len=1468 coding=1 startqp=0 meanqp=0 picbytes=0 pskip=0 nalus=1 n1:1468
  cu: inter64=0 inter32=0 inter16=0 inter8=0 intra32=0 intra16=0 intra8=0 intra4=0 reftype=0
  snapshot f203: 3 venc_ko blocks (pool0 0x73801000 len 0x10000)
src frame 204: srcf=28 off=820 br=16000
frame 204: send=0x0 get=0x0 len=1448 coding=1 startqp=0 meanqp=0 picbytes=0 pskip=0 nalus=1 n1:1448
  cu: inter64=0 inter32=0 inter16=0 inter8=0 intra32=0 intra16=0 intra8=0 intra4=0 reftype=0
  snapshot f204: 3 venc_ko blocks (pool0 0x73801000 len 0x10000)
src frame 205: srcf=27 off=824 br=16000
frame 205: send=0x0 get=0x0 len=1280 coding=1 startqp=0 meanqp=0 picbytes=0 pskip=0 nalus=1 n1:1280
  cu: inter64=0 inter32=0 inter16=0 inter8=0 intra32=0 intra16=0 intra8=0 intra4=0 reftype=0
  snapshot f205: 3 venc_ko blocks (pool0 0x73801000 len 0x10000)
src frame 206: srcf=26 off=828 br=16000
frame 206: send=0x0 get=0x0 len=1132 coding=1 startqp=0 meanqp=0 picbytes=0 pskip=0 nalus=1 n1:1132
  cu: inter64=0 inter32=0 inter16=0 inter8=0 intra32=0 intra16=0 intra8=0 intra4=0 reftype=0
  snapshot f206: 3 venc_ko blocks (pool0 0x73801000 len 0x10000)
src frame 207: srcf=25 off=832 br=16000
frame 207: send=0x0 get=0x0 len=1264 coding=1 startqp=0 meanqp=0 picbytes=0 pskip=0 nalus=1 n1:1264
  cu: inter64=0 inter32=0 inter16=0 inter8=0 intra32=0 intra16=0 intra8=0 intra4=0 reftype=0
  snapshot f207: 3 venc_ko blocks (pool0 0x73801000 len 0x10000)
src frame 208: srcf=24 off=836 br=16000
frame 208: send=0x0 get=0x0 len=1103 coding=1 startqp=0 meanqp=0 picbytes=0 pskip=0 nalus=1 n1:1103
  cu: inter64=0 inter32=0 inter16=0 inter8=0 intra32=0 intra16=0 intra8=0 intra4=0 reftype=0
  snapshot f208: 3 venc_ko blocks (pool0 0x73801000 len 0x10000)
src frame 209: srcf=23 off=840 br=16000
frame 209: send=0x0 get=0x0 len=1135 coding=1 startqp=0 meanqp=0 picbytes=0 pskip=0 nalus=1 n1:1135
  cu: inter64=0 inter32=0 inter16=0 inter8=0 intra32=0 intra16=0 intra8=0 intra4=0 reftype=0
  snapshot f209: 3 venc_ko blocks (pool0 0x73801000 len 0x10000)
src frame 210: srcf=22 off=844 br=16000
frame 210: send=0x0 get=0x0 len=77572 coding=0 startqp=0 meanqp=0 picbytes=0 pskip=0 nalus=4 n32:27 n33:53 n34:12 n19:77480
  cu: inter64=0 inter32=0 inter16=0 inter8=0 intra32=0 intra16=0 intra8=0 intra4=0 reftype=0
  snapshot f210: 3 venc_ko blocks (pool0 0x73801000 len 0x10000)
src frame 211: srcf=21 off=848 br=16000
frame 211: send=0x0 get=0x0 len=1808 coding=1 startqp=0 meanqp=0 picbytes=0 pskip=0 nalus=1 n1:1808
  cu: inter64=0 inter32=0 inter16=0 inter8=0 intra32=0 intra16=0 intra8=0 intra4=0 reftype=0
  snapshot f211: 3 venc_ko blocks (pool0 0x73801000 len 0x10000)
src frame 212: srcf=20 off=852 br=16000
frame 212: send=0x0 get=0x0 len=1669 coding=1 startqp=0 meanqp=0 picbytes=0 pskip=0 nalus=1 n1:1669
  cu: inter64=0 inter32=0 inter16=0 inter8=0 intra32=0 intra16=0 intra8=0 intra4=0 reftype=0
  snapshot f212: 3 venc_ko blocks (pool0 0x73801000 len 0x10000)
src frame 213: srcf=19 off=856 br=16000
frame 213: send=0x0 get=0x0 len=1930 coding=1 startqp=0 meanqp=0 picbytes=0 pskip=0 nalus=1 n1:1930
  cu: inter64=0 inter32=0 inter16=0 inter8=0 intra32=0 intra16=0 intra8=0 intra4=0 reftype=0
  snapshot f213: 3 venc_ko blocks (pool0 0x73801000 len 0x10000)
src frame 214: srcf=18 off=860 br=16000
frame 214: send=0x0 get=0x0 len=1861 coding=1 startqp=0 meanqp=0 picbytes=0 pskip=0 nalus=1 n1:1861
  cu: inter64=0 inter32=0 inter16=0 inter8=0 intra32=0 intra16=0 intra8=0 intra4=0 reftype=0
  snapshot f214: 3 venc_ko blocks (pool0 0x73801000 len 0x10000)
src frame 215: srcf=17 off=864 br=16000
frame 215: send=0x0 get=0x0 len=1820 coding=1 startqp=0 meanqp=0 picbytes=0 pskip=0 nalus=1 n1:1820
  cu: inter64=0 inter32=0 inter16=0 inter8=0 intra32=0 intra16=0 intra8=0 intra4=0 reftype=0
  snapshot f215: 3 venc_ko blocks (pool0 0x73801000 len 0x10000)
src frame 216: srcf=16 off=868 br=16000
frame 216: send=0x0 get=0x0 len=1403 coding=1 startqp=0 meanqp=0 picbytes=0 pskip=0 nalus=1 n1:1403
  cu: inter64=0 inter32=0 inter16=0 inter8=0 intra32=0 intra16=0 intra8=0 intra4=0 reftype=0
  snapshot f216: 3 venc_ko blocks (pool0 0x73801000 len 0x10000)
src frame 217: srcf=15 off=872 br=16000
frame 217: send=0x0 get=0x0 len=1326 coding=1 startqp=0 meanqp=0 picbytes=0 pskip=0 nalus=1 n1:1326
  cu: inter64=0 inter32=0 inter16=0 inter8=0 intra32=0 intra16=0 intra8=0 intra4=0 reftype=0
  snapshot f217: 3 venc_ko blocks (pool0 0x73801000 len 0x10000)
src frame 218: srcf=14 off=876 br=16000
frame 218: send=0x0 get=0x0 len=1134 coding=1 startqp=0 meanqp=0 picbytes=0 pskip=0 nalus=1 n1:1134
  cu: inter64=0 inter32=0 inter16=0 inter8=0 intra32=0 intra16=0 intra8=0 intra4=0 reftype=0
  snapshot f218: 3 venc_ko blocks (pool0 0x73801000 len 0x10000)
src frame 219: srcf=13 off=880 br=16000
frame 219: send=0x0 get=0x0 len=1159 coding=1 startqp=0 meanqp=0 picbytes=0 pskip=0 nalus=1 n1:1159
  cu: inter64=0 inter32=0 inter16=0 inter8=0 intra32=0 intra16=0 intra8=0 intra4=0 reftype=0
  snapshot f219: 3 venc_ko blocks (pool0 0x73801000 len 0x10000)
src frame 220: srcf=12 off=884 br=16000
frame 220: send=0x0 get=0x0 len=1168 coding=1 startqp=0 meanqp=0 picbytes=0 pskip=0 nalus=1 n1:1168
  cu: inter64=0 inter32=0 inter16=0 inter8=0 intra32=0 intra16=0 intra8=0 intra4=0 reftype=0
  snapshot f220: 3 venc_ko blocks (pool0 0x73801000 len 0x10000)
src frame 221: srcf=11 off=888 br=16000
frame 221: send=0x0 get=0x0 len=1424 coding=1 startqp=0 meanqp=0 picbytes=0 pskip=0 nalus=1 n1:1424
  cu: inter64=0 inter32=0 inter16=0 inter8=0 intra32=0 intra16=0 intra8=0 intra4=0 reftype=0
  snapshot f221: 3 venc_ko blocks (pool0 0x73801000 len 0x10000)
src frame 222: srcf=10 off=892 br=16000
frame 222: send=0x0 get=0x0 len=1772 coding=1 startqp=0 meanqp=0 picbytes=0 pskip=0 nalus=1 n1:1772
  cu: inter64=0 inter32=0 inter16=0 inter8=0 intra32=0 intra16=0 intra8=0 intra4=0 reftype=0
  snapshot f222: 3 venc_ko blocks (pool0 0x73801000 len 0x10000)
src frame 223: srcf=9 off=896 br=16000
frame 223: send=0x0 get=0x0 len=1818 coding=1 startqp=0 meanqp=0 picbytes=0 pskip=0 nalus=1 n1:1818
  cu: inter64=0 inter32=0 inter16=0 inter8=0 intra32=0 intra16=0 intra8=0 intra4=0 reftype=0
  snapshot f223: 3 venc_ko blocks (pool0 0x73801000 len 0x10000)
src frame 224: srcf=8 off=900 br=16000
frame 224: send=0x0 get=0x0 len=1617 coding=1 startqp=0 meanqp=0 picbytes=0 pskip=0 nalus=1 n1:1617
  cu: inter64=0 inter32=0 inter16=0 inter8=0 intra32=0 intra16=0 intra8=0 intra4=0 reftype=0
  snapshot f224: 3 venc_ko blocks (pool0 0x73801000 len 0x10000)
src frame 225: srcf=7 off=904 br=16000
frame 225: send=0x0 get=0x0 len=1238 coding=1 startqp=0 meanqp=0 picbytes=0 pskip=0 nalus=1 n1:1238
  cu: inter64=0 inter32=0 inter16=0 inter8=0 intra32=0 intra16=0 intra8=0 intra4=0 reftype=0
  snapshot f225: 3 venc_ko blocks (pool0 0x73801000 len 0x10000)
src frame 226: srcf=6 off=908 br=16000
frame 226: send=0x0 get=0x0 len=1281 coding=1 startqp=0 meanqp=0 picbytes=0 pskip=0 nalus=1 n1:1281
  cu: inter64=0 inter32=0 inter16=0 inter8=0 intra32=0 intra16=0 intra8=0 intra4=0 reftype=0
  snapshot f226: 3 venc_ko blocks (pool0 0x73801000 len 0x10000)
src frame 227: srcf=5 off=912 br=16000
frame 227: send=0x0 get=0x0 len=1335 coding=1 startqp=0 meanqp=0 picbytes=0 pskip=0 nalus=1 n1:1335
  cu: inter64=0 inter32=0 inter16=0 inter8=0 intra32=0 intra16=0 intra8=0 intra4=0 reftype=0
  snapshot f227: 3 venc_ko blocks (pool0 0x73801000 len 0x10000)
src frame 228: srcf=4 off=916 br=16000
frame 228: send=0x0 get=0x0 len=1219 coding=1 startqp=0 meanqp=0 picbytes=0 pskip=0 nalus=1 n1:1219
  cu: inter64=0 inter32=0 inter16=0 inter8=0 intra32=0 intra16=0 intra8=0 intra4=0 reftype=0
  snapshot f228: 3 venc_ko blocks (pool0 0x73801000 len 0x10000)
src frame 229: srcf=3 off=920 br=16000
frame 229: send=0x0 get=0x0 len=1228 coding=1 startqp=0 meanqp=0 picbytes=0 pskip=0 nalus=1 n1:1228
  cu: inter64=0 inter32=0 inter16=0 inter8=0 intra32=0 intra16=0 intra8=0 intra4=0 reftype=0
  snapshot f229: 3 venc_ko blocks (pool0 0x73801000 len 0x10000)
src frame 230: srcf=2 off=924 br=16000
frame 230: send=0x0 get=0x0 len=1191 coding=1 startqp=0 meanqp=0 picbytes=0 pskip=0 nalus=1 n1:1191
  cu: inter64=0 inter32=0 inter16=0 inter8=0 intra32=0 intra16=0 intra8=0 intra4=0 reftype=0
  snapshot f230: 3 venc_ko blocks (pool0 0x73801000 len 0x10000)
src frame 231: srcf=1 off=928 br=16000
frame 231: send=0x0 get=0x0 len=1706 coding=1 startqp=0 meanqp=0 picbytes=0 pskip=0 nalus=1 n1:1706
  cu: inter64=0 inter32=0 inter16=0 inter8=0 intra32=0 intra16=0 intra8=0 intra4=0 reftype=0
  snapshot f231: 3 venc_ko blocks (pool0 0x73801000 len 0x10000)
src frame 232: srcf=0 off=932 br=16000
frame 232: send=0x0 get=0x0 len=1466 coding=1 startqp=0 meanqp=0 picbytes=0 pskip=0 nalus=1 n1:1466
  cu: inter64=0 inter32=0 inter16=0 inter8=0 intra32=0 intra16=0 intra8=0 intra4=0 reftype=0
  snapshot f232: 3 venc_ko blocks (pool0 0x73801000 len 0x10000)
src frame 233: srcf=1 off=936 br=16000
frame 233: send=0x0 get=0x0 len=1513 coding=1 startqp=0 meanqp=0 picbytes=0 pskip=0 nalus=1 n1:1513
  cu: inter64=0 inter32=0 inter16=0 inter8=0 intra32=0 intra16=0 intra8=0 intra4=0 reftype=0
  snapshot f233: 3 venc_ko blocks (pool0 0x73801000 len 0x10000)
src frame 234: srcf=2 off=940 br=16000
frame 234: send=0x0 get=0x0 len=1134 coding=1 startqp=0 meanqp=0 picbytes=0 pskip=0 nalus=1 n1:1134
  cu: inter64=0 inter32=0 inter16=0 inter8=0 intra32=0 intra16=0 intra8=0 intra4=0 reftype=0
  snapshot f234: 3 venc_ko blocks (pool0 0x73801000 len 0x10000)
src frame 235: srcf=3 off=944 br=16000
frame 235: send=0x0 get=0x0 len=1046 coding=1 startqp=0 meanqp=0 picbytes=0 pskip=0 nalus=1 n1:1046
  cu: inter64=0 inter32=0 inter16=0 inter8=0 intra32=0 intra16=0 intra8=0 intra4=0 reftype=0
  snapshot f235: 3 venc_ko blocks (pool0 0x73801000 len 0x10000)
src frame 236: srcf=4 off=948 br=16000
frame 236: send=0x0 get=0x0 len=1088 coding=1 startqp=0 meanqp=0 picbytes=0 pskip=0 nalus=1 n1:1088
  cu: inter64=0 inter32=0 inter16=0 inter8=0 intra32=0 intra16=0 intra8=0 intra4=0 reftype=0
  snapshot f236: 3 venc_ko blocks (pool0 0x73801000 len 0x10000)
src frame 237: srcf=5 off=952 br=16000
frame 237: send=0x0 get=0x0 len=1058 coding=1 startqp=0 meanqp=0 picbytes=0 pskip=0 nalus=1 n1:1058
  cu: inter64=0 inter32=0 inter16=0 inter8=0 intra32=0 intra16=0 intra8=0 intra4=0 reftype=0
  snapshot f237: 3 venc_ko blocks (pool0 0x73801000 len 0x10000)
src frame 238: srcf=6 off=956 br=16000
frame 238: send=0x0 get=0x0 len=1003 coding=1 startqp=0 meanqp=0 picbytes=0 pskip=0 nalus=1 n1:1003
  cu: inter64=0 inter32=0 inter16=0 inter8=0 intra32=0 intra16=0 intra8=0 intra4=0 reftype=0
  snapshot f238: 3 venc_ko blocks (pool0 0x73801000 len 0x10000)
src frame 239: srcf=7 off=960 br=16000
frame 239: send=0x0 get=0x0 len=1205 coding=1 startqp=0 meanqp=0 picbytes=0 pskip=0 nalus=1 n1:1205
  cu: inter64=0 inter32=0 inter16=0 inter8=0 intra32=0 intra16=0 intra8=0 intra4=0 reftype=0
  snapshot f239: 3 venc_ko blocks (pool0 0x73801000 len 0x10000)
src frame 240: srcf=8 off=964 br=16000
frame 240: send=0x0 get=0x0 len=77532 coding=0 startqp=0 meanqp=0 picbytes=0 pskip=0 nalus=4 n32:27 n33:53 n34:12 n19:77440
  cu: inter64=0 inter32=0 inter16=0 inter8=0 intra32=0 intra16=0 intra8=0 intra4=0 reftype=0
  snapshot f240: 3 venc_ko blocks (pool0 0x73801000 len 0x10000)
src frame 241: srcf=9 off=968 br=16000
frame 241: send=0x0 get=0x0 len=2315 coding=1 startqp=0 meanqp=0 picbytes=0 pskip=0 nalus=1 n1:2315
  cu: inter64=0 inter32=0 inter16=0 inter8=0 intra32=0 intra16=0 intra8=0 intra4=0 reftype=0
  snapshot f241: 3 venc_ko blocks (pool0 0x73801000 len 0x10000)
src frame 242: srcf=10 off=972 br=16000
frame 242: send=0x0 get=0x0 len=2027 coding=1 startqp=0 meanqp=0 picbytes=0 pskip=0 nalus=1 n1:2027
  cu: inter64=0 inter32=0 inter16=0 inter8=0 intra32=0 intra16=0 intra8=0 intra4=0 reftype=0
  snapshot f242: 3 venc_ko blocks (pool0 0x73801000 len 0x10000)
src frame 243: srcf=11 off=976 br=16000
frame 243: send=0x0 get=0x0 len=1897 coding=1 startqp=0 meanqp=0 picbytes=0 pskip=0 nalus=1 n1:1897
  cu: inter64=0 inter32=0 inter16=0 inter8=0 intra32=0 intra16=0 intra8=0 intra4=0 reftype=0
  snapshot f243: 3 venc_ko blocks (pool0 0x73801000 len 0x10000)
src frame 244: srcf=12 off=980 br=16000
frame 244: send=0x0 get=0x0 len=1433 coding=1 startqp=0 meanqp=0 picbytes=0 pskip=0 nalus=1 n1:1433
  cu: inter64=0 inter32=0 inter16=0 inter8=0 intra32=0 intra16=0 intra8=0 intra4=0 reftype=0
  snapshot f244: 3 venc_ko blocks (pool0 0x73801000 len 0x10000)
src frame 245: srcf=13 off=984 br=16000
frame 245: send=0x0 get=0x0 len=1407 coding=1 startqp=0 meanqp=0 picbytes=0 pskip=0 nalus=1 n1:1407
  cu: inter64=0 inter32=0 inter16=0 inter8=0 intra32=0 intra16=0 intra8=0 intra4=0 reftype=0
  snapshot f245: 3 venc_ko blocks (pool0 0x73801000 len 0x10000)
src frame 246: srcf=14 off=988 br=16000
frame 246: send=0x0 get=0x0 len=1332 coding=1 startqp=0 meanqp=0 picbytes=0 pskip=0 nalus=1 n1:1332
  cu: inter64=0 inter32=0 inter16=0 inter8=0 intra32=0 intra16=0 intra8=0 intra4=0 reftype=0
  snapshot f246: 3 venc_ko blocks (pool0 0x73801000 len 0x10000)
src frame 247: srcf=15 off=992 br=16000
frame 247: send=0x0 get=0x0 len=1383 coding=1 startqp=0 meanqp=0 picbytes=0 pskip=0 nalus=1 n1:1383
  cu: inter64=0 inter32=0 inter16=0 inter8=0 intra32=0 intra16=0 intra8=0 intra4=0 reftype=0
  snapshot f247: 3 venc_ko blocks (pool0 0x73801000 len 0x10000)
src frame 248: srcf=16 off=996 br=16000
frame 248: send=0x0 get=0x0 len=1137 coding=1 startqp=0 meanqp=0 picbytes=0 pskip=0 nalus=1 n1:1137
  cu: inter64=0 inter32=0 inter16=0 inter8=0 intra32=0 intra16=0 intra8=0 intra4=0 reftype=0
  snapshot f248: 3 venc_ko blocks (pool0 0x73801000 len 0x10000)
src frame 249: srcf=17 off=1000 br=16000
frame 249: send=0x0 get=0x0 len=1466 coding=1 startqp=0 meanqp=0 picbytes=0 pskip=0 nalus=1 n1:1466
  cu: inter64=0 inter32=0 inter16=0 inter8=0 intra32=0 intra16=0 intra8=0 intra4=0 reftype=0
  snapshot f249: 3 venc_ko blocks (pool0 0x73801000 len 0x10000)
src frame 250: srcf=18 off=1004 br=16000
frame 250: send=0x0 get=0x0 len=1318 coding=1 startqp=0 meanqp=0 picbytes=0 pskip=0 nalus=1 n1:1318
  cu: inter64=0 inter32=0 inter16=0 inter8=0 intra32=0 intra16=0 intra8=0 intra4=0 reftype=0
  snapshot f250: 3 venc_ko blocks (pool0 0x73801000 len 0x10000)
src frame 251: srcf=19 off=1008 br=16000
frame 251: send=0x0 get=0x0 len=1533 coding=1 startqp=0 meanqp=0 picbytes=0 pskip=0 nalus=1 n1:1533
  cu: inter64=0 inter32=0 inter16=0 inter8=0 intra32=0 intra16=0 intra8=0 intra4=0 reftype=0
  snapshot f251: 3 venc_ko blocks (pool0 0x73801000 len 0x10000)
src frame 252: srcf=20 off=1012 br=16000
frame 252: send=0x0 get=0x0 len=1355 coding=1 startqp=0 meanqp=0 picbytes=0 pskip=0 nalus=1 n1:1355
  cu: inter64=0 inter32=0 inter16=0 inter8=0 intra32=0 intra16=0 intra8=0 intra4=0 reftype=0
  snapshot f252: 3 venc_ko blocks (pool0 0x73801000 len 0x10000)
src frame 253: srcf=21 off=1016 br=16000
frame 253: send=0x0 get=0x0 len=1190 coding=1 startqp=0 meanqp=0 picbytes=0 pskip=0 nalus=1 n1:1190
  cu: inter64=0 inter32=0 inter16=0 inter8=0 intra32=0 intra16=0 intra8=0 intra4=0 reftype=0
  snapshot f253: 3 venc_ko blocks (pool0 0x73801000 len 0x10000)
src frame 254: srcf=22 off=1020 br=16000
frame 254: send=0x0 get=0x0 len=1058 coding=1 startqp=0 meanqp=0 picbytes=0 pskip=0 nalus=1 n1:1058
  cu: inter64=0 inter32=0 inter16=0 inter8=0 intra32=0 intra16=0 intra8=0 intra4=0 reftype=0
  snapshot f254: 3 venc_ko blocks (pool0 0x73801000 len 0x10000)
src frame 255: srcf=23 off=1024 br=16000
frame 255: send=0x0 get=0x0 len=1211 coding=1 startqp=0 meanqp=0 picbytes=0 pskip=0 nalus=1 n1:1211
  cu: inter64=0 inter32=0 inter16=0 inter8=0 intra32=0 intra16=0 intra8=0 intra4=0 reftype=0
  snapshot f255: 3 venc_ko blocks (pool0 0x73801000 len 0x10000)
src frame 256: srcf=24 off=1028 br=16000
frame 256: send=0x0 get=0x0 len=1180 coding=1 startqp=0 meanqp=0 picbytes=0 pskip=0 nalus=1 n1:1180
  cu: inter64=0 inter32=0 inter16=0 inter8=0 intra32=0 intra16=0 intra8=0 intra4=0 reftype=0
  snapshot f256: 3 venc_ko blocks (pool0 0x73801000 len 0x10000)
src frame 257: srcf=25 off=1032 br=16000
frame 257: send=0x0 get=0x0 len=1111 coding=1 startqp=0 meanqp=0 picbytes=0 pskip=0 nalus=1 n1:1111
  cu: inter64=0 inter32=0 inter16=0 inter8=0 intra32=0 intra16=0 intra8=0 intra4=0 reftype=0
  snapshot f257: 3 venc_ko blocks (pool0 0x73801000 len 0x10000)
src frame 258: srcf=26 off=1036 br=16000
frame 258: send=0x0 get=0x0 len=1256 coding=1 startqp=0 meanqp=0 picbytes=0 pskip=0 nalus=1 n1:1256
  cu: inter64=0 inter32=0 inter16=0 inter8=0 intra32=0 intra16=0 intra8=0 intra4=0 reftype=0
  snapshot f258: 3 venc_ko blocks (pool0 0x73801000 len 0x10000)
src frame 259: srcf=27 off=1040 br=16000
frame 259: send=0x0 get=0x0 len=1296 coding=1 startqp=0 meanqp=0 picbytes=0 pskip=0 nalus=1 n1:1296
  cu: inter64=0 inter32=0 inter16=0 inter8=0 intra32=0 intra16=0 intra8=0 intra4=0 reftype=0
  snapshot f259: 3 venc_ko blocks (pool0 0x73801000 len 0x10000)
src frame 260: srcf=28 off=1044 br=16000
frame 260: send=0x0 get=0x0 len=1398 coding=1 startqp=0 meanqp=0 picbytes=0 pskip=0 nalus=1 n1:1398
  cu: inter64=0 inter32=0 inter16=0 inter8=0 intra32=0 intra16=0 intra8=0 intra4=0 reftype=0
  snapshot f260: 3 venc_ko blocks (pool0 0x73801000 len 0x10000)
src frame 261: srcf=29 off=1048 br=16000
frame 261: send=0x0 get=0x0 len=1634 coding=1 startqp=0 meanqp=0 picbytes=0 pskip=0 nalus=1 n1:1634
  cu: inter64=0 inter32=0 inter16=0 inter8=0 intra32=0 intra16=0 intra8=0 intra4=0 reftype=0
  snapshot f261: 3 venc_ko blocks (pool0 0x73801000 len 0x10000)
src frame 262: srcf=28 off=1052 br=16000
frame 262: send=0x0 get=0x0 len=1477 coding=1 startqp=0 meanqp=0 picbytes=0 pskip=0 nalus=1 n1:1477
  cu: inter64=0 inter32=0 inter16=0 inter8=0 intra32=0 intra16=0 intra8=0 intra4=0 reftype=0
  snapshot f262: 3 venc_ko blocks (pool0 0x73801000 len 0x10000)
src frame 263: srcf=27 off=1056 br=16000
frame 263: send=0x0 get=0x0 len=1656 coding=1 startqp=0 meanqp=0 picbytes=0 pskip=0 nalus=1 n1:1656
  cu: inter64=0 inter32=0 inter16=0 inter8=0 intra32=0 intra16=0 intra8=0 intra4=0 reftype=0
  snapshot f263: 3 venc_ko blocks (pool0 0x73801000 len 0x10000)
src frame 264: srcf=26 off=1060 br=16000
frame 264: send=0x0 get=0x0 len=1375 coding=1 startqp=0 meanqp=0 picbytes=0 pskip=0 nalus=1 n1:1375
  cu: inter64=0 inter32=0 inter16=0 inter8=0 intra32=0 intra16=0 intra8=0 intra4=0 reftype=0
  snapshot f264: 3 venc_ko blocks (pool0 0x73801000 len 0x10000)
src frame 265: srcf=25 off=1064 br=16000
frame 265: send=0x0 get=0x0 len=1518 coding=1 startqp=0 meanqp=0 picbytes=0 pskip=0 nalus=1 n1:1518
  cu: inter64=0 inter32=0 inter16=0 inter8=0 intra32=0 intra16=0 intra8=0 intra4=0 reftype=0
  snapshot f265: 3 venc_ko blocks (pool0 0x73801000 len 0x10000)
src frame 266: srcf=24 off=1068 br=16000
frame 266: send=0x0 get=0x0 len=1106 coding=1 startqp=0 meanqp=0 picbytes=0 pskip=0 nalus=1 n1:1106
  cu: inter64=0 inter32=0 inter16=0 inter8=0 intra32=0 intra16=0 intra8=0 intra4=0 reftype=0
  snapshot f266: 3 venc_ko blocks (pool0 0x73801000 len 0x10000)
src frame 267: srcf=23 off=1072 br=16000
frame 267: send=0x0 get=0x0 len=1180 coding=1 startqp=0 meanqp=0 picbytes=0 pskip=0 nalus=1 n1:1180
  cu: inter64=0 inter32=0 inter16=0 inter8=0 intra32=0 intra16=0 intra8=0 intra4=0 reftype=0
  snapshot f267: 3 venc_ko blocks (pool0 0x73801000 len 0x10000)
src frame 268: srcf=22 off=1076 br=16000
frame 268: send=0x0 get=0x0 len=1113 coding=1 startqp=0 meanqp=0 picbytes=0 pskip=0 nalus=1 n1:1113
  cu: inter64=0 inter32=0 inter16=0 inter8=0 intra32=0 intra16=0 intra8=0 intra4=0 reftype=0
  snapshot f268: 3 venc_ko blocks (pool0 0x73801000 len 0x10000)
src frame 269: srcf=21 off=1080 br=16000
frame 269: send=0x0 get=0x0 len=1508 coding=1 startqp=0 meanqp=0 picbytes=0 pskip=0 nalus=1 n1:1508
  cu: inter64=0 inter32=0 inter16=0 inter8=0 intra32=0 intra16=0 intra8=0 intra4=0 reftype=0
  snapshot f269: 3 venc_ko blocks (pool0 0x73801000 len 0x10000)
---- /proc/ax_proc/venc ----
-------- VENC VERSION ------------------------
[Axera version]: ax_venc V3.0.0_20250319114413 Mar 19 2025 11:58:34 JK

-------- MODULE PARAM ------------------------
MaxChnNum   MaxRoiNum   MaxProcNum  
16          8           16          

-------- VENC CHN ATTR 1 ------------------------
ID    Type    wSrc    hSrc    Strd0   Strd1   maxW    maxH    PixFmt  link  InFifoDep    OutFifoDep   InDbgFifoLen InDbgFifoDep StrmBufSize(KB)
7     h265    1920    1080    3840    0       1920    1080    YUYV422 N     2            2            0            4            4114      
-------- VENC CHN ATTR 2 ------------------------
ID    [CropEn StartX  StartY  CropW   CropH]  Rotation  EncW    EncH    FrmSize      PTS          SeqNum       CompMode     CompLevel    PhyAddr0     PhyAddr1     PhyAddr2     
7     N       0       0       0       0       0         1920    1080    4147200      4100000      247          NONE         0            742cb000     0            0            
-------- VENC RC ATTR 1 ------------------------
ID    RcMode    SrcFr   DstFr   Br(kbps)  MinQp   MaxQp   MinIQp  MaxIQp  IQpDelta  IpropMax   IpropMin   StartQp    QpDltRng   DeBrQpDlt  SvcEn   ChgPos  StillPercent MaxStillQp 
7     VBR       60.00   60.00   16000     10      51      10      51      0         -          -          -1         2          0          False   90      -            -          
-------- VENC RC ATTR 2  -----------------------
ID    QMapQpType  QMapUnit    QMapBlkType IQp   PQp   MinQpDelta MaxQpDelta MaxBitRate shtStaTime ltStaTime  ltMinBr  ltMaxBr  Br_ST(kbps)    Br_LT(kbps)    
7     N/A         64x64       N/A         -     -     -          -          -          -          -          -        -        -              -              
-------- VENC GOP ATTR  ------------------------
ID    GopMode   Gop   GopVI 
7     NormalP   30    0     
-------- VENC STATUS 1 -------------------------
ID    RJEn         RJThr(bps)   RJMode       RJEncGaps    SupFrmEn     SupPri       SupThrI      SupThrP      SplitEn      SliceNum     Range(In)    Range(out)   
7     N            0            Normal       0            N            0            500000       500000       N            0            Full         Full         
-------- VENC STATUS 2 -------------------------
ID    ChnStat   FrmRecv   FrmRls    FrmEnc    FrmDrop   FrmDup    EncFail   MissMatch StrmGet   StrmRls   OutFps    RealBr    ReEncCnt  DropCnt   BlkFail   GrpID     PID     TID     ThNum   RefInc    RefDec    Fail1   Fail2   Fail3   Fail4   
7     STARTED   247       247       247       0         0         0         0         247       247       50.00     1775.82   0         0         0         -1        130283  130287  1       247       247       0       0       0       0       
-------- VENC HW STATUS  ------------------------
ID    OverFlow     TimeOut      
7     0            0            
-------- VENC ROI INFO  ------------------------
ID    Index        bEnable      bAbsQp       RoiQP        Width        Height       StartX       StartY       
done h265_chg_vbr
