# vdrive tag=h265_chgmid codec=h265 1920x1080 rc=cbr br=8000 fps=60/60 gop=30 gopmode=normalp ltrint=0 ltrqpo=0 iqp=32 pqp=32 profile=0 level=153 tier=0 qp[10..51] iqp[10..51] iqd=0 firstqp=-1 iprop[10..40] idrrange=2 stattime=1 vq=0 ir=0/0 slice=0 debreath=0 scd=-1 rowqpd=-1 vui=-1 move=0 nframes=270
src=/root/rc65/clips/static.yuyv frames=30 loop=pingpong motion=vscroll mstep=4 window=0..-1
chg plan: frame 75 -> 2000 kbps
chg plan: frame 165 -> 16000 kbps
AX_SYS_Init rc=0x0
AX_VENC_Init rc=0x0
AX_VENC_CreateChn(7) rc=0x0
StartRecvFrame rc=0x0
AX_POOL_CreatePool id=0x0
blk=0x5e000000 phys=0x742cb000 virt=0xffff87a85000
frame: modid=0x11 stride=1920 fmt=0xd
  snapshot pre: 3 venc_ko blocks (pool0 0x73801000 len 0x10000)
src frame 0: srcf=0 off=4 br=8000
frame 0: send=0x0 get=0x0 len=29084 coding=0 startqp=0 meanqp=0 picbytes=0 pskip=0 nalus=4 n32:27 n33:53 n34:12 n19:28992
  cu: inter64=0 inter32=0 inter16=0 inter8=0 intra32=0 intra16=0 intra8=0 intra4=0 reftype=0
  snapshot f000: 3 venc_ko blocks (pool0 0x73801000 len 0x10000)
src frame 1: srcf=1 off=8 br=8000
frame 1: send=0x0 get=0x0 len=4720 coding=1 startqp=0 meanqp=0 picbytes=0 pskip=0 nalus=1 n1:4720
  cu: inter64=0 inter32=0 inter16=0 inter8=0 intra32=0 intra16=0 intra8=0 intra4=0 reftype=0
  snapshot f001: 3 venc_ko blocks (pool0 0x73801000 len 0x10000)
src frame 2: srcf=2 off=12 br=8000
frame 2: send=0x0 get=0x0 len=5946 coding=1 startqp=0 meanqp=0 picbytes=0 pskip=0 nalus=1 n1:5946
  cu: inter64=0 inter32=0 inter16=0 inter8=0 intra32=0 intra16=0 intra8=0 intra4=0 reftype=0
  snapshot f002: 3 venc_ko blocks (pool0 0x73801000 len 0x10000)
src frame 3: srcf=3 off=16 br=8000
frame 3: send=0x0 get=0x0 len=3673 coding=1 startqp=0 meanqp=0 picbytes=0 pskip=0 nalus=1 n1:3673
  cu: inter64=0 inter32=0 inter16=0 inter8=0 intra32=0 intra16=0 intra8=0 intra4=0 reftype=0
  snapshot f003: 3 venc_ko blocks (pool0 0x73801000 len 0x10000)
src frame 4: srcf=4 off=20 br=8000
frame 4: send=0x0 get=0x0 len=3751 coding=1 startqp=0 meanqp=0 picbytes=0 pskip=0 nalus=1 n1:3751
  cu: inter64=0 inter32=0 inter16=0 inter8=0 intra32=0 intra16=0 intra8=0 intra4=0 reftype=0
  snapshot f004: 3 venc_ko blocks (pool0 0x73801000 len 0x10000)
src frame 5: srcf=5 off=24 br=8000
frame 5: send=0x0 get=0x0 len=4211 coding=1 startqp=0 meanqp=0 picbytes=0 pskip=0 nalus=1 n1:4211
  cu: inter64=0 inter32=0 inter16=0 inter8=0 intra32=0 intra16=0 intra8=0 intra4=0 reftype=0
  snapshot f005: 3 venc_ko blocks (pool0 0x73801000 len 0x10000)
src frame 6: srcf=6 off=28 br=8000
frame 6: send=0x0 get=0x0 len=4223 coding=1 startqp=0 meanqp=0 picbytes=0 pskip=0 nalus=1 n1:4223
  cu: inter64=0 inter32=0 inter16=0 inter8=0 intra32=0 intra16=0 intra8=0 intra4=0 reftype=0
  snapshot f006: 3 venc_ko blocks (pool0 0x73801000 len 0x10000)
src frame 7: srcf=7 off=32 br=8000
frame 7: send=0x0 get=0x0 len=3949 coding=1 startqp=0 meanqp=0 picbytes=0 pskip=0 nalus=1 n1:3949
  cu: inter64=0 inter32=0 inter16=0 inter8=0 intra32=0 intra16=0 intra8=0 intra4=0 reftype=0
  snapshot f007: 3 venc_ko blocks (pool0 0x73801000 len 0x10000)
src frame 8: srcf=8 off=36 br=8000
frame 8: send=0x0 get=0x0 len=4082 coding=1 startqp=0 meanqp=0 picbytes=0 pskip=0 nalus=1 n1:4082
  cu: inter64=0 inter32=0 inter16=0 inter8=0 intra32=0 intra16=0 intra8=0 intra4=0 reftype=0
  snapshot f008: 3 venc_ko blocks (pool0 0x73801000 len 0x10000)
src frame 9: srcf=9 off=40 br=8000
frame 9: send=0x0 get=0x0 len=4123 coding=1 startqp=0 meanqp=0 picbytes=0 pskip=0 nalus=1 n1:4123
  cu: inter64=0 inter32=0 inter16=0 inter8=0 intra32=0 intra16=0 intra8=0 intra4=0 reftype=0
  snapshot f009: 3 venc_ko blocks (pool0 0x73801000 len 0x10000)
src frame 10: srcf=10 off=44 br=8000
frame 10: send=0x0 get=0x0 len=3968 coding=1 startqp=0 meanqp=0 picbytes=0 pskip=0 nalus=1 n1:3968
  cu: inter64=0 inter32=0 inter16=0 inter8=0 intra32=0 intra16=0 intra8=0 intra4=0 reftype=0
  snapshot f010: 3 venc_ko blocks (pool0 0x73801000 len 0x10000)
src frame 11: srcf=11 off=48 br=8000
frame 11: send=0x0 get=0x0 len=4997 coding=1 startqp=0 meanqp=0 picbytes=0 pskip=0 nalus=1 n1:4997
  cu: inter64=0 inter32=0 inter16=0 inter8=0 intra32=0 intra16=0 intra8=0 intra4=0 reftype=0
  snapshot f011: 3 venc_ko blocks (pool0 0x73801000 len 0x10000)
src frame 12: srcf=12 off=52 br=8000
frame 12: send=0x0 get=0x0 len=5287 coding=1 startqp=0 meanqp=0 picbytes=0 pskip=0 nalus=1 n1:5287
  cu: inter64=0 inter32=0 inter16=0 inter8=0 intra32=0 intra16=0 intra8=0 intra4=0 reftype=0
  snapshot f012: 3 venc_ko blocks (pool0 0x73801000 len 0x10000)
src frame 13: srcf=13 off=56 br=8000
frame 13: send=0x0 get=0x0 len=5587 coding=1 startqp=0 meanqp=0 picbytes=0 pskip=0 nalus=1 n1:5587
  cu: inter64=0 inter32=0 inter16=0 inter8=0 intra32=0 intra16=0 intra8=0 intra4=0 reftype=0
  snapshot f013: 3 venc_ko blocks (pool0 0x73801000 len 0x10000)
src frame 14: srcf=14 off=60 br=8000
frame 14: send=0x0 get=0x0 len=6911 coding=1 startqp=0 meanqp=0 picbytes=0 pskip=0 nalus=1 n1:6911
  cu: inter64=0 inter32=0 inter16=0 inter8=0 intra32=0 intra16=0 intra8=0 intra4=0 reftype=0
  snapshot f014: 3 venc_ko blocks (pool0 0x73801000 len 0x10000)
src frame 15: srcf=15 off=64 br=8000
frame 15: send=0x0 get=0x0 len=2638 coding=1 startqp=0 meanqp=0 picbytes=0 pskip=0 nalus=1 n1:2638
  cu: inter64=0 inter32=0 inter16=0 inter8=0 intra32=0 intra16=0 intra8=0 intra4=0 reftype=0
  snapshot f015: 3 venc_ko blocks (pool0 0x73801000 len 0x10000)
src frame 16: srcf=16 off=68 br=8000
frame 16: send=0x0 get=0x0 len=2027 coding=1 startqp=0 meanqp=0 picbytes=0 pskip=0 nalus=1 n1:2027
  cu: inter64=0 inter32=0 inter16=0 inter8=0 intra32=0 intra16=0 intra8=0 intra4=0 reftype=0
  snapshot f016: 3 venc_ko blocks (pool0 0x73801000 len 0x10000)
src frame 17: srcf=17 off=72 br=8000
frame 17: send=0x0 get=0x0 len=1674 coding=1 startqp=0 meanqp=0 picbytes=0 pskip=0 nalus=1 n1:1674
  cu: inter64=0 inter32=0 inter16=0 inter8=0 intra32=0 intra16=0 intra8=0 intra4=0 reftype=0
  snapshot f017: 3 venc_ko blocks (pool0 0x73801000 len 0x10000)
src frame 18: srcf=18 off=76 br=8000
frame 18: send=0x0 get=0x0 len=1711 coding=1 startqp=0 meanqp=0 picbytes=0 pskip=0 nalus=1 n1:1711
  cu: inter64=0 inter32=0 inter16=0 inter8=0 intra32=0 intra16=0 intra8=0 intra4=0 reftype=0
  snapshot f018: 3 venc_ko blocks (pool0 0x73801000 len 0x10000)
src frame 19: srcf=19 off=80 br=8000
frame 19: send=0x0 get=0x0 len=1668 coding=1 startqp=0 meanqp=0 picbytes=0 pskip=0 nalus=1 n1:1668
  cu: inter64=0 inter32=0 inter16=0 inter8=0 intra32=0 intra16=0 intra8=0 intra4=0 reftype=0
  snapshot f019: 3 venc_ko blocks (pool0 0x73801000 len 0x10000)
src frame 20: srcf=20 off=84 br=8000
frame 20: send=0x0 get=0x0 len=1265 coding=1 startqp=0 meanqp=0 picbytes=0 pskip=0 nalus=1 n1:1265
  cu: inter64=0 inter32=0 inter16=0 inter8=0 intra32=0 intra16=0 intra8=0 intra4=0 reftype=0
  snapshot f020: 3 venc_ko blocks (pool0 0x73801000 len 0x10000)
src frame 21: srcf=21 off=88 br=8000
frame 21: send=0x0 get=0x0 len=1519 coding=1 startqp=0 meanqp=0 picbytes=0 pskip=0 nalus=1 n1:1519
  cu: inter64=0 inter32=0 inter16=0 inter8=0 intra32=0 intra16=0 intra8=0 intra4=0 reftype=0
  snapshot f021: 3 venc_ko blocks (pool0 0x73801000 len 0x10000)
src frame 22: srcf=22 off=92 br=8000
frame 22: send=0x0 get=0x0 len=2751 coding=1 startqp=0 meanqp=0 picbytes=0 pskip=0 nalus=1 n1:2751
  cu: inter64=0 inter32=0 inter16=0 inter8=0 intra32=0 intra16=0 intra8=0 intra4=0 reftype=0
  snapshot f022: 3 venc_ko blocks (pool0 0x73801000 len 0x10000)
src frame 23: srcf=23 off=96 br=8000
frame 23: send=0x0 get=0x0 len=3709 coding=1 startqp=0 meanqp=0 picbytes=0 pskip=0 nalus=1 n1:3709
  cu: inter64=0 inter32=0 inter16=0 inter8=0 intra32=0 intra16=0 intra8=0 intra4=0 reftype=0
  snapshot f023: 3 venc_ko blocks (pool0 0x73801000 len 0x10000)
src frame 24: srcf=24 off=100 br=8000
frame 24: send=0x0 get=0x0 len=3878 coding=1 startqp=0 meanqp=0 picbytes=0 pskip=0 nalus=1 n1:3878
  cu: inter64=0 inter32=0 inter16=0 inter8=0 intra32=0 intra16=0 intra8=0 intra4=0 reftype=0
  snapshot f024: 3 venc_ko blocks (pool0 0x73801000 len 0x10000)
src frame 25: srcf=25 off=104 br=8000
frame 25: send=0x0 get=0x0 len=1963 coding=1 startqp=0 meanqp=0 picbytes=0 pskip=0 nalus=1 n1:1963
  cu: inter64=0 inter32=0 inter16=0 inter8=0 intra32=0 intra16=0 intra8=0 intra4=0 reftype=0
  snapshot f025: 3 venc_ko blocks (pool0 0x73801000 len 0x10000)
src frame 26: srcf=26 off=108 br=8000
frame 26: send=0x0 get=0x0 len=1347 coding=1 startqp=0 meanqp=0 picbytes=0 pskip=0 nalus=1 n1:1347
  cu: inter64=0 inter32=0 inter16=0 inter8=0 intra32=0 intra16=0 intra8=0 intra4=0 reftype=0
  snapshot f026: 3 venc_ko blocks (pool0 0x73801000 len 0x10000)
src frame 27: srcf=27 off=112 br=8000
frame 27: send=0x0 get=0x0 len=1232 coding=1 startqp=0 meanqp=0 picbytes=0 pskip=0 nalus=1 n1:1232
  cu: inter64=0 inter32=0 inter16=0 inter8=0 intra32=0 intra16=0 intra8=0 intra4=0 reftype=0
  snapshot f027: 3 venc_ko blocks (pool0 0x73801000 len 0x10000)
src frame 28: srcf=28 off=116 br=8000
frame 28: send=0x0 get=0x0 len=1021 coding=1 startqp=0 meanqp=0 picbytes=0 pskip=0 nalus=1 n1:1021
  cu: inter64=0 inter32=0 inter16=0 inter8=0 intra32=0 intra16=0 intra8=0 intra4=0 reftype=0
  snapshot f028: 3 venc_ko blocks (pool0 0x73801000 len 0x10000)
src frame 29: srcf=29 off=120 br=8000
frame 29: send=0x0 get=0x0 len=1691 coding=1 startqp=0 meanqp=0 picbytes=0 pskip=0 nalus=1 n1:1691
  cu: inter64=0 inter32=0 inter16=0 inter8=0 intra32=0 intra16=0 intra8=0 intra4=0 reftype=0
  snapshot f029: 3 venc_ko blocks (pool0 0x73801000 len 0x10000)
src frame 30: srcf=28 off=124 br=8000
frame 30: send=0x0 get=0x0 len=32530 coding=0 startqp=0 meanqp=0 picbytes=0 pskip=0 nalus=4 n32:27 n33:53 n34:12 n19:32438
  cu: inter64=0 inter32=0 inter16=0 inter8=0 intra32=0 intra16=0 intra8=0 intra4=0 reftype=0
  snapshot f030: 3 venc_ko blocks (pool0 0x73801000 len 0x10000)
src frame 31: srcf=27 off=128 br=8000
frame 31: send=0x0 get=0x0 len=5926 coding=1 startqp=0 meanqp=0 picbytes=0 pskip=0 nalus=1 n1:5926
  cu: inter64=0 inter32=0 inter16=0 inter8=0 intra32=0 intra16=0 intra8=0 intra4=0 reftype=0
  snapshot f031: 3 venc_ko blocks (pool0 0x73801000 len 0x10000)
src frame 32: srcf=26 off=132 br=8000
frame 32: send=0x0 get=0x0 len=3584 coding=1 startqp=0 meanqp=0 picbytes=0 pskip=0 nalus=1 n1:3584
  cu: inter64=0 inter32=0 inter16=0 inter8=0 intra32=0 intra16=0 intra8=0 intra4=0 reftype=0
  snapshot f032: 3 venc_ko blocks (pool0 0x73801000 len 0x10000)
src frame 33: srcf=25 off=136 br=8000
frame 33: send=0x0 get=0x0 len=3299 coding=1 startqp=0 meanqp=0 picbytes=0 pskip=0 nalus=1 n1:3299
  cu: inter64=0 inter32=0 inter16=0 inter8=0 intra32=0 intra16=0 intra8=0 intra4=0 reftype=0
  snapshot f033: 3 venc_ko blocks (pool0 0x73801000 len 0x10000)
src frame 34: srcf=24 off=140 br=8000
frame 34: send=0x0 get=0x0 len=4067 coding=1 startqp=0 meanqp=0 picbytes=0 pskip=0 nalus=1 n1:4067
  cu: inter64=0 inter32=0 inter16=0 inter8=0 intra32=0 intra16=0 intra8=0 intra4=0 reftype=0
  snapshot f034: 3 venc_ko blocks (pool0 0x73801000 len 0x10000)
src frame 35: srcf=23 off=144 br=8000
frame 35: send=0x0 get=0x0 len=4303 coding=1 startqp=0 meanqp=0 picbytes=0 pskip=0 nalus=1 n1:4303
  cu: inter64=0 inter32=0 inter16=0 inter8=0 intra32=0 intra16=0 intra8=0 intra4=0 reftype=0
  snapshot f035: 3 venc_ko blocks (pool0 0x73801000 len 0x10000)
src frame 36: srcf=22 off=148 br=8000
frame 36: send=0x0 get=0x0 len=3806 coding=1 startqp=0 meanqp=0 picbytes=0 pskip=0 nalus=1 n1:3806
  cu: inter64=0 inter32=0 inter16=0 inter8=0 intra32=0 intra16=0 intra8=0 intra4=0 reftype=0
  snapshot f036: 3 venc_ko blocks (pool0 0x73801000 len 0x10000)
src frame 37: srcf=21 off=152 br=8000
frame 37: send=0x0 get=0x0 len=3899 coding=1 startqp=0 meanqp=0 picbytes=0 pskip=0 nalus=1 n1:3899
  cu: inter64=0 inter32=0 inter16=0 inter8=0 intra32=0 intra16=0 intra8=0 intra4=0 reftype=0
  snapshot f037: 3 venc_ko blocks (pool0 0x73801000 len 0x10000)
src frame 38: srcf=20 off=156 br=8000
frame 38: send=0x0 get=0x0 len=4509 coding=1 startqp=0 meanqp=0 picbytes=0 pskip=0 nalus=1 n1:4509
  cu: inter64=0 inter32=0 inter16=0 inter8=0 intra32=0 intra16=0 intra8=0 intra4=0 reftype=0
  snapshot f038: 3 venc_ko blocks (pool0 0x73801000 len 0x10000)
src frame 39: srcf=19 off=160 br=8000
frame 39: send=0x0 get=0x0 len=4378 coding=1 startqp=0 meanqp=0 picbytes=0 pskip=0 nalus=1 n1:4378
  cu: inter64=0 inter32=0 inter16=0 inter8=0 intra32=0 intra16=0 intra8=0 intra4=0 reftype=0
  snapshot f039: 3 venc_ko blocks (pool0 0x73801000 len 0x10000)
src frame 40: srcf=18 off=164 br=8000
frame 40: send=0x0 get=0x0 len=4828 coding=1 startqp=0 meanqp=0 picbytes=0 pskip=0 nalus=1 n1:4828
  cu: inter64=0 inter32=0 inter16=0 inter8=0 intra32=0 intra16=0 intra8=0 intra4=0 reftype=0
  snapshot f040: 3 venc_ko blocks (pool0 0x73801000 len 0x10000)
src frame 41: srcf=17 off=168 br=8000
frame 41: send=0x0 get=0x0 len=5416 coding=1 startqp=0 meanqp=0 picbytes=0 pskip=0 nalus=1 n1:5416
  cu: inter64=0 inter32=0 inter16=0 inter8=0 intra32=0 intra16=0 intra8=0 intra4=0 reftype=0
  snapshot f041: 3 venc_ko blocks (pool0 0x73801000 len 0x10000)
src frame 42: srcf=16 off=172 br=8000
frame 42: send=0x0 get=0x0 len=6324 coding=1 startqp=0 meanqp=0 picbytes=0 pskip=0 nalus=1 n1:6324
  cu: inter64=0 inter32=0 inter16=0 inter8=0 intra32=0 intra16=0 intra8=0 intra4=0 reftype=0
  snapshot f042: 3 venc_ko blocks (pool0 0x73801000 len 0x10000)
src frame 43: srcf=15 off=176 br=8000
frame 43: send=0x0 get=0x0 len=7176 coding=1 startqp=0 meanqp=0 picbytes=0 pskip=0 nalus=1 n1:7176
  cu: inter64=0 inter32=0 inter16=0 inter8=0 intra32=0 intra16=0 intra8=0 intra4=0 reftype=0
  snapshot f043: 3 venc_ko blocks (pool0 0x73801000 len 0x10000)
src frame 44: srcf=14 off=180 br=8000
frame 44: send=0x0 get=0x0 len=7122 coding=1 startqp=0 meanqp=0 picbytes=0 pskip=0 nalus=1 n1:7122
  cu: inter64=0 inter32=0 inter16=0 inter8=0 intra32=0 intra16=0 intra8=0 intra4=0 reftype=0
  snapshot f044: 3 venc_ko blocks (pool0 0x73801000 len 0x10000)
src frame 45: srcf=13 off=184 br=8000
frame 45: send=0x0 get=0x0 len=3502 coding=1 startqp=0 meanqp=0 picbytes=0 pskip=0 nalus=1 n1:3502
  cu: inter64=0 inter32=0 inter16=0 inter8=0 intra32=0 intra16=0 intra8=0 intra4=0 reftype=0
  snapshot f045: 3 venc_ko blocks (pool0 0x73801000 len 0x10000)
src frame 46: srcf=12 off=188 br=8000
frame 46: send=0x0 get=0x0 len=2306 coding=1 startqp=0 meanqp=0 picbytes=0 pskip=0 nalus=1 n1:2306
  cu: inter64=0 inter32=0 inter16=0 inter8=0 intra32=0 intra16=0 intra8=0 intra4=0 reftype=0
  snapshot f046: 3 venc_ko blocks (pool0 0x73801000 len 0x10000)
src frame 47: srcf=11 off=192 br=8000
frame 47: send=0x0 get=0x0 len=1989 coding=1 startqp=0 meanqp=0 picbytes=0 pskip=0 nalus=1 n1:1989
  cu: inter64=0 inter32=0 inter16=0 inter8=0 intra32=0 intra16=0 intra8=0 intra4=0 reftype=0
  snapshot f047: 3 venc_ko blocks (pool0 0x73801000 len 0x10000)
src frame 48: srcf=10 off=196 br=8000
frame 48: send=0x0 get=0x0 len=2323 coding=1 startqp=0 meanqp=0 picbytes=0 pskip=0 nalus=1 n1:2323
  cu: inter64=0 inter32=0 inter16=0 inter8=0 intra32=0 intra16=0 intra8=0 intra4=0 reftype=0
  snapshot f048: 3 venc_ko blocks (pool0 0x73801000 len 0x10000)
src frame 49: srcf=9 off=200 br=8000
frame 49: send=0x0 get=0x0 len=1729 coding=1 startqp=0 meanqp=0 picbytes=0 pskip=0 nalus=1 n1:1729
  cu: inter64=0 inter32=0 inter16=0 inter8=0 intra32=0 intra16=0 intra8=0 intra4=0 reftype=0
  snapshot f049: 3 venc_ko blocks (pool0 0x73801000 len 0x10000)
src frame 50: srcf=8 off=204 br=8000
frame 50: send=0x0 get=0x0 len=2037 coding=1 startqp=0 meanqp=0 picbytes=0 pskip=0 nalus=1 n1:2037
  cu: inter64=0 inter32=0 inter16=0 inter8=0 intra32=0 intra16=0 intra8=0 intra4=0 reftype=0
  snapshot f050: 3 venc_ko blocks (pool0 0x73801000 len 0x10000)
src frame 51: srcf=7 off=208 br=8000
frame 51: send=0x0 get=0x0 len=2173 coding=1 startqp=0 meanqp=0 picbytes=0 pskip=0 nalus=1 n1:2173
  cu: inter64=0 inter32=0 inter16=0 inter8=0 intra32=0 intra16=0 intra8=0 intra4=0 reftype=0
  snapshot f051: 3 venc_ko blocks (pool0 0x73801000 len 0x10000)
src frame 52: srcf=6 off=212 br=8000
frame 52: send=0x0 get=0x0 len=2300 coding=1 startqp=0 meanqp=0 picbytes=0 pskip=0 nalus=1 n1:2300
  cu: inter64=0 inter32=0 inter16=0 inter8=0 intra32=0 intra16=0 intra8=0 intra4=0 reftype=0
  snapshot f052: 3 venc_ko blocks (pool0 0x73801000 len 0x10000)
src frame 53: srcf=5 off=216 br=8000
frame 53: send=0x0 get=0x0 len=2001 coding=1 startqp=0 meanqp=0 picbytes=0 pskip=0 nalus=1 n1:2001
  cu: inter64=0 inter32=0 inter16=0 inter8=0 intra32=0 intra16=0 intra8=0 intra4=0 reftype=0
  snapshot f053: 3 venc_ko blocks (pool0 0x73801000 len 0x10000)
src frame 54: srcf=4 off=220 br=8000
frame 54: send=0x0 get=0x0 len=1826 coding=1 startqp=0 meanqp=0 picbytes=0 pskip=0 nalus=1 n1:1826
  cu: inter64=0 inter32=0 inter16=0 inter8=0 intra32=0 intra16=0 intra8=0 intra4=0 reftype=0
  snapshot f054: 3 venc_ko blocks (pool0 0x73801000 len 0x10000)
src frame 55: srcf=3 off=224 br=8000
frame 55: send=0x0 get=0x0 len=1733 coding=1 startqp=0 meanqp=0 picbytes=0 pskip=0 nalus=1 n1:1733
  cu: inter64=0 inter32=0 inter16=0 inter8=0 intra32=0 intra16=0 intra8=0 intra4=0 reftype=0
  snapshot f055: 3 venc_ko blocks (pool0 0x73801000 len 0x10000)
src frame 56: srcf=2 off=228 br=8000
frame 56: send=0x0 get=0x0 len=1374 coding=1 startqp=0 meanqp=0 picbytes=0 pskip=0 nalus=1 n1:1374
  cu: inter64=0 inter32=0 inter16=0 inter8=0 intra32=0 intra16=0 intra8=0 intra4=0 reftype=0
  snapshot f056: 3 venc_ko blocks (pool0 0x73801000 len 0x10000)
src frame 57: srcf=1 off=232 br=8000
frame 57: send=0x0 get=0x0 len=1383 coding=1 startqp=0 meanqp=0 picbytes=0 pskip=0 nalus=1 n1:1383
  cu: inter64=0 inter32=0 inter16=0 inter8=0 intra32=0 intra16=0 intra8=0 intra4=0 reftype=0
  snapshot f057: 3 venc_ko blocks (pool0 0x73801000 len 0x10000)
src frame 58: srcf=0 off=236 br=8000
frame 58: send=0x0 get=0x0 len=1143 coding=1 startqp=0 meanqp=0 picbytes=0 pskip=0 nalus=1 n1:1143
  cu: inter64=0 inter32=0 inter16=0 inter8=0 intra32=0 intra16=0 intra8=0 intra4=0 reftype=0
  snapshot f058: 3 venc_ko blocks (pool0 0x73801000 len 0x10000)
src frame 59: srcf=1 off=240 br=8000
frame 59: send=0x0 get=0x0 len=1161 coding=1 startqp=0 meanqp=0 picbytes=0 pskip=0 nalus=1 n1:1161
  cu: inter64=0 inter32=0 inter16=0 inter8=0 intra32=0 intra16=0 intra8=0 intra4=0 reftype=0
  snapshot f059: 3 venc_ko blocks (pool0 0x73801000 len 0x10000)
src frame 60: srcf=2 off=244 br=8000
frame 60: send=0x0 get=0x0 len=36442 coding=0 startqp=0 meanqp=0 picbytes=0 pskip=0 nalus=4 n32:27 n33:53 n34:12 n19:36350
  cu: inter64=0 inter32=0 inter16=0 inter8=0 intra32=0 intra16=0 intra8=0 intra4=0 reftype=0
  snapshot f060: 3 venc_ko blocks (pool0 0x73801000 len 0x10000)
src frame 61: srcf=3 off=248 br=8000
frame 61: send=0x0 get=0x0 len=6092 coding=1 startqp=0 meanqp=0 picbytes=0 pskip=0 nalus=1 n1:6092
  cu: inter64=0 inter32=0 inter16=0 inter8=0 intra32=0 intra16=0 intra8=0 intra4=0 reftype=0
  snapshot f061: 3 venc_ko blocks (pool0 0x73801000 len 0x10000)
src frame 62: srcf=4 off=252 br=8000
frame 62: send=0x0 get=0x0 len=3864 coding=1 startqp=0 meanqp=0 picbytes=0 pskip=0 nalus=1 n1:3864
  cu: inter64=0 inter32=0 inter16=0 inter8=0 intra32=0 intra16=0 intra8=0 intra4=0 reftype=0
  snapshot f062: 3 venc_ko blocks (pool0 0x73801000 len 0x10000)
src frame 63: srcf=5 off=256 br=8000
frame 63: send=0x0 get=0x0 len=3739 coding=1 startqp=0 meanqp=0 picbytes=0 pskip=0 nalus=1 n1:3739
  cu: inter64=0 inter32=0 inter16=0 inter8=0 intra32=0 intra16=0 intra8=0 intra4=0 reftype=0
  snapshot f063: 3 venc_ko blocks (pool0 0x73801000 len 0x10000)
src frame 64: srcf=6 off=260 br=8000
frame 64: send=0x0 get=0x0 len=4121 coding=1 startqp=0 meanqp=0 picbytes=0 pskip=0 nalus=1 n1:4121
  cu: inter64=0 inter32=0 inter16=0 inter8=0 intra32=0 intra16=0 intra8=0 intra4=0 reftype=0
  snapshot f064: 3 venc_ko blocks (pool0 0x73801000 len 0x10000)
src frame 65: srcf=7 off=264 br=8000
frame 65: send=0x0 get=0x0 len=3945 coding=1 startqp=0 meanqp=0 picbytes=0 pskip=0 nalus=1 n1:3945
  cu: inter64=0 inter32=0 inter16=0 inter8=0 intra32=0 intra16=0 intra8=0 intra4=0 reftype=0
  snapshot f065: 3 venc_ko blocks (pool0 0x73801000 len 0x10000)
src frame 66: srcf=8 off=268 br=8000
frame 66: send=0x0 get=0x0 len=4303 coding=1 startqp=0 meanqp=0 picbytes=0 pskip=0 nalus=1 n1:4303
  cu: inter64=0 inter32=0 inter16=0 inter8=0 intra32=0 intra16=0 intra8=0 intra4=0 reftype=0
  snapshot f066: 3 venc_ko blocks (pool0 0x73801000 len 0x10000)
src frame 67: srcf=9 off=272 br=8000
frame 67: send=0x0 get=0x0 len=4048 coding=1 startqp=0 meanqp=0 picbytes=0 pskip=0 nalus=1 n1:4048
  cu: inter64=0 inter32=0 inter16=0 inter8=0 intra32=0 intra16=0 intra8=0 intra4=0 reftype=0
  snapshot f067: 3 venc_ko blocks (pool0 0x73801000 len 0x10000)
src frame 68: srcf=10 off=276 br=8000
frame 68: send=0x0 get=0x0 len=4805 coding=1 startqp=0 meanqp=0 picbytes=0 pskip=0 nalus=1 n1:4805
  cu: inter64=0 inter32=0 inter16=0 inter8=0 intra32=0 intra16=0 intra8=0 intra4=0 reftype=0
  snapshot f068: 3 venc_ko blocks (pool0 0x73801000 len 0x10000)
src frame 69: srcf=11 off=280 br=8000
frame 69: send=0x0 get=0x0 len=4893 coding=1 startqp=0 meanqp=0 picbytes=0 pskip=0 nalus=1 n1:4893
  cu: inter64=0 inter32=0 inter16=0 inter8=0 intra32=0 intra16=0 intra8=0 intra4=0 reftype=0
  snapshot f069: 3 venc_ko blocks (pool0 0x73801000 len 0x10000)
src frame 70: srcf=12 off=284 br=8000
frame 70: send=0x0 get=0x0 len=5349 coding=1 startqp=0 meanqp=0 picbytes=0 pskip=0 nalus=1 n1:5349
  cu: inter64=0 inter32=0 inter16=0 inter8=0 intra32=0 intra16=0 intra8=0 intra4=0 reftype=0
  snapshot f070: 3 venc_ko blocks (pool0 0x73801000 len 0x10000)
src frame 71: srcf=13 off=288 br=8000
frame 71: send=0x0 get=0x0 len=5875 coding=1 startqp=0 meanqp=0 picbytes=0 pskip=0 nalus=1 n1:5875
  cu: inter64=0 inter32=0 inter16=0 inter8=0 intra32=0 intra16=0 intra8=0 intra4=0 reftype=0
  snapshot f071: 3 venc_ko blocks (pool0 0x73801000 len 0x10000)
src frame 72: srcf=14 off=292 br=8000
frame 72: send=0x0 get=0x0 len=6793 coding=1 startqp=0 meanqp=0 picbytes=0 pskip=0 nalus=1 n1:6793
  cu: inter64=0 inter32=0 inter16=0 inter8=0 intra32=0 intra16=0 intra8=0 intra4=0 reftype=0
  snapshot f072: 3 venc_ko blocks (pool0 0x73801000 len 0x10000)
src frame 73: srcf=15 off=296 br=8000
frame 73: send=0x0 get=0x0 len=3769 coding=1 startqp=0 meanqp=0 picbytes=0 pskip=0 nalus=1 n1:3769
  cu: inter64=0 inter32=0 inter16=0 inter8=0 intra32=0 intra16=0 intra8=0 intra4=0 reftype=0
  snapshot f073: 3 venc_ko blocks (pool0 0x73801000 len 0x10000)
src frame 74: srcf=16 off=300 br=8000
frame 74: send=0x0 get=0x0 len=2738 coding=1 startqp=0 meanqp=0 picbytes=0 pskip=0 nalus=1 n1:2738
  cu: inter64=0 inter32=0 inter16=0 inter8=0 intra32=0 intra16=0 intra8=0 intra4=0 reftype=0
  snapshot f074: 3 venc_ko blocks (pool0 0x73801000 len 0x10000)
chg frame=75 br 8000 -> 2000 kbps: GetRcParam=0x0 SetRcParam=0x0 readback=2000 mode=11
src frame 75: srcf=17 off=304 br=2000
frame 75: send=0x0 get=0x0 len=579 coding=1 startqp=0 meanqp=0 picbytes=0 pskip=0 nalus=1 n1:579
  cu: inter64=0 inter32=0 inter16=0 inter8=0 intra32=0 intra16=0 intra8=0 intra4=0 reftype=0
  snapshot f075: 3 venc_ko blocks (pool0 0x73801000 len 0x10000)
src frame 76: srcf=18 off=308 br=2000
frame 76: send=0x0 get=0x0 len=431 coding=1 startqp=0 meanqp=0 picbytes=0 pskip=0 nalus=1 n1:431
  cu: inter64=0 inter32=0 inter16=0 inter8=0 intra32=0 intra16=0 intra8=0 intra4=0 reftype=0
  snapshot f076: 3 venc_ko blocks (pool0 0x73801000 len 0x10000)
src frame 77: srcf=19 off=312 br=2000
frame 77: send=0x0 get=0x0 len=438 coding=1 startqp=0 meanqp=0 picbytes=0 pskip=0 nalus=1 n1:438
  cu: inter64=0 inter32=0 inter16=0 inter8=0 intra32=0 intra16=0 intra8=0 intra4=0 reftype=0
  snapshot f077: 3 venc_ko blocks (pool0 0x73801000 len 0x10000)
src frame 78: srcf=20 off=316 br=2000
frame 78: send=0x0 get=0x0 len=379 coding=1 startqp=0 meanqp=0 picbytes=0 pskip=0 nalus=1 n1:379
  cu: inter64=0 inter32=0 inter16=0 inter8=0 intra32=0 intra16=0 intra8=0 intra4=0 reftype=0
  snapshot f078: 3 venc_ko blocks (pool0 0x73801000 len 0x10000)
src frame 79: srcf=21 off=320 br=2000
frame 79: send=0x0 get=0x0 len=519 coding=1 startqp=0 meanqp=0 picbytes=0 pskip=0 nalus=1 n1:519
  cu: inter64=0 inter32=0 inter16=0 inter8=0 intra32=0 intra16=0 intra8=0 intra4=0 reftype=0
  snapshot f079: 3 venc_ko blocks (pool0 0x73801000 len 0x10000)
src frame 80: srcf=22 off=324 br=2000
frame 80: send=0x0 get=0x0 len=570 coding=1 startqp=0 meanqp=0 picbytes=0 pskip=0 nalus=1 n1:570
  cu: inter64=0 inter32=0 inter16=0 inter8=0 intra32=0 intra16=0 intra8=0 intra4=0 reftype=0
  snapshot f080: 3 venc_ko blocks (pool0 0x73801000 len 0x10000)
src frame 81: srcf=23 off=328 br=2000
frame 81: send=0x0 get=0x0 len=827 coding=1 startqp=0 meanqp=0 picbytes=0 pskip=0 nalus=1 n1:827
  cu: inter64=0 inter32=0 inter16=0 inter8=0 intra32=0 intra16=0 intra8=0 intra4=0 reftype=0
  snapshot f081: 3 venc_ko blocks (pool0 0x73801000 len 0x10000)
src frame 82: srcf=24 off=332 br=2000
frame 82: send=0x0 get=0x0 len=634 coding=1 startqp=0 meanqp=0 picbytes=0 pskip=0 nalus=1 n1:634
  cu: inter64=0 inter32=0 inter16=0 inter8=0 intra32=0 intra16=0 intra8=0 intra4=0 reftype=0
  snapshot f082: 3 venc_ko blocks (pool0 0x73801000 len 0x10000)
src frame 83: srcf=25 off=336 br=2000
frame 83: send=0x0 get=0x0 len=296 coding=1 startqp=0 meanqp=0 picbytes=0 pskip=0 nalus=1 n1:296
  cu: inter64=0 inter32=0 inter16=0 inter8=0 intra32=0 intra16=0 intra8=0 intra4=0 reftype=0
  snapshot f083: 3 venc_ko blocks (pool0 0x73801000 len 0x10000)
src frame 84: srcf=26 off=340 br=2000
frame 84: send=0x0 get=0x0 len=177 coding=1 startqp=0 meanqp=0 picbytes=0 pskip=0 nalus=1 n1:177
  cu: inter64=0 inter32=0 inter16=0 inter8=0 intra32=0 intra16=0 intra8=0 intra4=0 reftype=0
  snapshot f084: 3 venc_ko blocks (pool0 0x73801000 len 0x10000)
src frame 85: srcf=27 off=344 br=2000
frame 85: send=0x0 get=0x0 len=132 coding=1 startqp=0 meanqp=0 picbytes=0 pskip=0 nalus=1 n1:132
  cu: inter64=0 inter32=0 inter16=0 inter8=0 intra32=0 intra16=0 intra8=0 intra4=0 reftype=0
  snapshot f085: 3 venc_ko blocks (pool0 0x73801000 len 0x10000)
src frame 86: srcf=28 off=348 br=2000
frame 86: send=0x0 get=0x0 len=146 coding=1 startqp=0 meanqp=0 picbytes=0 pskip=0 nalus=1 n1:146
  cu: inter64=0 inter32=0 inter16=0 inter8=0 intra32=0 intra16=0 intra8=0 intra4=0 reftype=0
  snapshot f086: 3 venc_ko blocks (pool0 0x73801000 len 0x10000)
src frame 87: srcf=29 off=352 br=2000
frame 87: send=0x0 get=0x0 len=137 coding=1 startqp=0 meanqp=0 picbytes=0 pskip=0 nalus=1 n1:137
  cu: inter64=0 inter32=0 inter16=0 inter8=0 intra32=0 intra16=0 intra8=0 intra4=0 reftype=0
  snapshot f087: 3 venc_ko blocks (pool0 0x73801000 len 0x10000)
src frame 88: srcf=28 off=356 br=2000
frame 88: send=0x0 get=0x0 len=192 coding=1 startqp=0 meanqp=0 picbytes=0 pskip=0 nalus=1 n1:192
  cu: inter64=0 inter32=0 inter16=0 inter8=0 intra32=0 intra16=0 intra8=0 intra4=0 reftype=0
  snapshot f088: 3 venc_ko blocks (pool0 0x73801000 len 0x10000)
src frame 89: srcf=27 off=360 br=2000
frame 89: send=0x0 get=0x0 len=307 coding=1 startqp=0 meanqp=0 picbytes=0 pskip=0 nalus=1 n1:307
  cu: inter64=0 inter32=0 inter16=0 inter8=0 intra32=0 intra16=0 intra8=0 intra4=0 reftype=0
  snapshot f089: 3 venc_ko blocks (pool0 0x73801000 len 0x10000)
src frame 90: srcf=26 off=364 br=2000
frame 90: send=0x0 get=0x0 len=23900 coding=0 startqp=0 meanqp=0 picbytes=0 pskip=0 nalus=4 n32:27 n33:53 n34:12 n19:23808
  cu: inter64=0 inter32=0 inter16=0 inter8=0 intra32=0 intra16=0 intra8=0 intra4=0 reftype=0
  snapshot f090: 3 venc_ko blocks (pool0 0x73801000 len 0x10000)
src frame 91: srcf=25 off=368 br=2000
frame 91: send=0x0 get=0x0 len=635 coding=1 startqp=0 meanqp=0 picbytes=0 pskip=0 nalus=1 n1:635
  cu: inter64=0 inter32=0 inter16=0 inter8=0 intra32=0 intra16=0 intra8=0 intra4=0 reftype=0
  snapshot f091: 3 venc_ko blocks (pool0 0x73801000 len 0x10000)
src frame 92: srcf=24 off=372 br=2000
frame 92: send=0x0 get=0x0 len=331 coding=1 startqp=0 meanqp=0 picbytes=0 pskip=0 nalus=1 n1:331
  cu: inter64=0 inter32=0 inter16=0 inter8=0 intra32=0 intra16=0 intra8=0 intra4=0 reftype=0
  snapshot f092: 3 venc_ko blocks (pool0 0x73801000 len 0x10000)
src frame 93: srcf=23 off=376 br=2000
frame 93: send=0x0 get=0x0 len=201 coding=1 startqp=0 meanqp=0 picbytes=0 pskip=0 nalus=1 n1:201
  cu: inter64=0 inter32=0 inter16=0 inter8=0 intra32=0 intra16=0 intra8=0 intra4=0 reftype=0
  snapshot f093: 3 venc_ko blocks (pool0 0x73801000 len 0x10000)
src frame 94: srcf=22 off=380 br=2000
frame 94: send=0x0 get=0x0 len=146 coding=1 startqp=0 meanqp=0 picbytes=0 pskip=0 nalus=1 n1:146
  cu: inter64=0 inter32=0 inter16=0 inter8=0 intra32=0 intra16=0 intra8=0 intra4=0 reftype=0
  snapshot f094: 3 venc_ko blocks (pool0 0x73801000 len 0x10000)
src frame 95: srcf=21 off=384 br=2000
frame 95: send=0x0 get=0x0 len=137 coding=1 startqp=0 meanqp=0 picbytes=0 pskip=0 nalus=1 n1:137
  cu: inter64=0 inter32=0 inter16=0 inter8=0 intra32=0 intra16=0 intra8=0 intra4=0 reftype=0
  snapshot f095: 3 venc_ko blocks (pool0 0x73801000 len 0x10000)
src frame 96: srcf=20 off=388 br=2000
frame 96: send=0x0 get=0x0 len=121 coding=1 startqp=0 meanqp=0 picbytes=0 pskip=0 nalus=1 n1:121
  cu: inter64=0 inter32=0 inter16=0 inter8=0 intra32=0 intra16=0 intra8=0 intra4=0 reftype=0
  snapshot f096: 3 venc_ko blocks (pool0 0x73801000 len 0x10000)
src frame 97: srcf=19 off=392 br=2000
frame 97: send=0x0 get=0x0 len=97 coding=1 startqp=0 meanqp=0 picbytes=0 pskip=0 nalus=1 n1:97
  cu: inter64=0 inter32=0 inter16=0 inter8=0 intra32=0 intra16=0 intra8=0 intra4=0 reftype=0
  snapshot f097: 3 venc_ko blocks (pool0 0x73801000 len 0x10000)
src frame 98: srcf=18 off=396 br=2000
frame 98: send=0x0 get=0x0 len=106 coding=1 startqp=0 meanqp=0 picbytes=0 pskip=0 nalus=1 n1:106
  cu: inter64=0 inter32=0 inter16=0 inter8=0 intra32=0 intra16=0 intra8=0 intra4=0 reftype=0
  snapshot f098: 3 venc_ko blocks (pool0 0x73801000 len 0x10000)
src frame 99: srcf=17 off=400 br=2000
frame 99: send=0x0 get=0x0 len=138 coding=1 startqp=0 meanqp=0 picbytes=0 pskip=0 nalus=1 n1:138
  cu: inter64=0 inter32=0 inter16=0 inter8=0 intra32=0 intra16=0 intra8=0 intra4=0 reftype=0
  snapshot f099: 3 venc_ko blocks (pool0 0x73801000 len 0x10000)
src frame 100: srcf=16 off=404 br=2000
frame 100: send=0x0 get=0x0 len=106 coding=1 startqp=0 meanqp=0 picbytes=0 pskip=0 nalus=1 n1:106
  cu: inter64=0 inter32=0 inter16=0 inter8=0 intra32=0 intra16=0 intra8=0 intra4=0 reftype=0
  snapshot f100: 3 venc_ko blocks (pool0 0x73801000 len 0x10000)
src frame 101: srcf=15 off=408 br=2000
frame 101: send=0x0 get=0x0 len=120 coding=1 startqp=0 meanqp=0 picbytes=0 pskip=0 nalus=1 n1:120
  cu: inter64=0 inter32=0 inter16=0 inter8=0 intra32=0 intra16=0 intra8=0 intra4=0 reftype=0
  snapshot f101: 3 venc_ko blocks (pool0 0x73801000 len 0x10000)
src frame 102: srcf=14 off=412 br=2000
frame 102: send=0x0 get=0x0 len=120 coding=1 startqp=0 meanqp=0 picbytes=0 pskip=0 nalus=1 n1:120
  cu: inter64=0 inter32=0 inter16=0 inter8=0 intra32=0 intra16=0 intra8=0 intra4=0 reftype=0
  snapshot f102: 3 venc_ko blocks (pool0 0x73801000 len 0x10000)
src frame 103: srcf=13 off=416 br=2000
frame 103: send=0x0 get=0x0 len=84 coding=1 startqp=0 meanqp=0 picbytes=0 pskip=0 nalus=1 n1:84
  cu: inter64=0 inter32=0 inter16=0 inter8=0 intra32=0 intra16=0 intra8=0 intra4=0 reftype=0
  snapshot f103: 3 venc_ko blocks (pool0 0x73801000 len 0x10000)
src frame 104: srcf=12 off=420 br=2000
frame 104: send=0x0 get=0x0 len=102 coding=1 startqp=0 meanqp=0 picbytes=0 pskip=0 nalus=1 n1:102
  cu: inter64=0 inter32=0 inter16=0 inter8=0 intra32=0 intra16=0 intra8=0 intra4=0 reftype=0
  snapshot f104: 3 venc_ko blocks (pool0 0x73801000 len 0x10000)
src frame 105: srcf=11 off=424 br=2000
frame 105: send=0x0 get=0x0 len=86 coding=1 startqp=0 meanqp=0 picbytes=0 pskip=0 nalus=1 n1:86
  cu: inter64=0 inter32=0 inter16=0 inter8=0 intra32=0 intra16=0 intra8=0 intra4=0 reftype=0
  snapshot f105: 3 venc_ko blocks (pool0 0x73801000 len 0x10000)
src frame 106: srcf=10 off=428 br=2000
frame 106: send=0x0 get=0x0 len=85 coding=1 startqp=0 meanqp=0 picbytes=0 pskip=0 nalus=1 n1:85
  cu: inter64=0 inter32=0 inter16=0 inter8=0 intra32=0 intra16=0 intra8=0 intra4=0 reftype=0
  snapshot f106: 3 venc_ko blocks (pool0 0x73801000 len 0x10000)
src frame 107: srcf=9 off=432 br=2000
frame 107: send=0x0 get=0x0 len=87 coding=1 startqp=0 meanqp=0 picbytes=0 pskip=0 nalus=1 n1:87
  cu: inter64=0 inter32=0 inter16=0 inter8=0 intra32=0 intra16=0 intra8=0 intra4=0 reftype=0
  snapshot f107: 3 venc_ko blocks (pool0 0x73801000 len 0x10000)
src frame 108: srcf=8 off=436 br=2000
frame 108: send=0x0 get=0x0 len=96 coding=1 startqp=0 meanqp=0 picbytes=0 pskip=0 nalus=1 n1:96
  cu: inter64=0 inter32=0 inter16=0 inter8=0 intra32=0 intra16=0 intra8=0 intra4=0 reftype=0
  snapshot f108: 3 venc_ko blocks (pool0 0x73801000 len 0x10000)
src frame 109: srcf=7 off=440 br=2000
frame 109: send=0x0 get=0x0 len=88 coding=1 startqp=0 meanqp=0 picbytes=0 pskip=0 nalus=1 n1:88
  cu: inter64=0 inter32=0 inter16=0 inter8=0 intra32=0 intra16=0 intra8=0 intra4=0 reftype=0
  snapshot f109: 3 venc_ko blocks (pool0 0x73801000 len 0x10000)
src frame 110: srcf=6 off=444 br=2000
frame 110: send=0x0 get=0x0 len=86 coding=1 startqp=0 meanqp=0 picbytes=0 pskip=0 nalus=1 n1:86
  cu: inter64=0 inter32=0 inter16=0 inter8=0 intra32=0 intra16=0 intra8=0 intra4=0 reftype=0
  snapshot f110: 3 venc_ko blocks (pool0 0x73801000 len 0x10000)
src frame 111: srcf=5 off=448 br=2000
frame 111: send=0x0 get=0x0 len=113 coding=1 startqp=0 meanqp=0 picbytes=0 pskip=0 nalus=1 n1:113
  cu: inter64=0 inter32=0 inter16=0 inter8=0 intra32=0 intra16=0 intra8=0 intra4=0 reftype=0
  snapshot f111: 3 venc_ko blocks (pool0 0x73801000 len 0x10000)
src frame 112: srcf=4 off=452 br=2000
frame 112: send=0x0 get=0x0 len=145 coding=1 startqp=0 meanqp=0 picbytes=0 pskip=0 nalus=1 n1:145
  cu: inter64=0 inter32=0 inter16=0 inter8=0 intra32=0 intra16=0 intra8=0 intra4=0 reftype=0
  snapshot f112: 3 venc_ko blocks (pool0 0x73801000 len 0x10000)
src frame 113: srcf=3 off=456 br=2000
frame 113: send=0x0 get=0x0 len=99 coding=1 startqp=0 meanqp=0 picbytes=0 pskip=0 nalus=1 n1:99
  cu: inter64=0 inter32=0 inter16=0 inter8=0 intra32=0 intra16=0 intra8=0 intra4=0 reftype=0
  snapshot f113: 3 venc_ko blocks (pool0 0x73801000 len 0x10000)
src frame 114: srcf=2 off=460 br=2000
frame 114: send=0x0 get=0x0 len=125 coding=1 startqp=0 meanqp=0 picbytes=0 pskip=0 nalus=1 n1:125
  cu: inter64=0 inter32=0 inter16=0 inter8=0 intra32=0 intra16=0 intra8=0 intra4=0 reftype=0
  snapshot f114: 3 venc_ko blocks (pool0 0x73801000 len 0x10000)
src frame 115: srcf=1 off=464 br=2000
frame 115: send=0x0 get=0x0 len=103 coding=1 startqp=0 meanqp=0 picbytes=0 pskip=0 nalus=1 n1:103
  cu: inter64=0 inter32=0 inter16=0 inter8=0 intra32=0 intra16=0 intra8=0 intra4=0 reftype=0
  snapshot f115: 3 venc_ko blocks (pool0 0x73801000 len 0x10000)
src frame 116: srcf=0 off=468 br=2000
frame 116: send=0x0 get=0x0 len=93 coding=1 startqp=0 meanqp=0 picbytes=0 pskip=0 nalus=1 n1:93
  cu: inter64=0 inter32=0 inter16=0 inter8=0 intra32=0 intra16=0 intra8=0 intra4=0 reftype=0
  snapshot f116: 3 venc_ko blocks (pool0 0x73801000 len 0x10000)
src frame 117: srcf=1 off=472 br=2000
frame 117: send=0x0 get=0x0 len=95 coding=1 startqp=0 meanqp=0 picbytes=0 pskip=0 nalus=1 n1:95
  cu: inter64=0 inter32=0 inter16=0 inter8=0 intra32=0 intra16=0 intra8=0 intra4=0 reftype=0
  snapshot f117: 3 venc_ko blocks (pool0 0x73801000 len 0x10000)
src frame 118: srcf=2 off=476 br=2000
frame 118: send=0x0 get=0x0 len=107 coding=1 startqp=0 meanqp=0 picbytes=0 pskip=0 nalus=1 n1:107
  cu: inter64=0 inter32=0 inter16=0 inter8=0 intra32=0 intra16=0 intra8=0 intra4=0 reftype=0
  snapshot f118: 3 venc_ko blocks (pool0 0x73801000 len 0x10000)
src frame 119: srcf=3 off=480 br=2000
frame 119: send=0x0 get=0x0 len=95 coding=1 startqp=0 meanqp=0 picbytes=0 pskip=0 nalus=1 n1:95
  cu: inter64=0 inter32=0 inter16=0 inter8=0 intra32=0 intra16=0 intra8=0 intra4=0 reftype=0
  snapshot f119: 3 venc_ko blocks (pool0 0x73801000 len 0x10000)
src frame 120: srcf=4 off=484 br=2000
frame 120: send=0x0 get=0x0 len=22210 coding=0 startqp=0 meanqp=0 picbytes=0 pskip=0 nalus=4 n32:27 n33:53 n34:12 n19:22118
  cu: inter64=0 inter32=0 inter16=0 inter8=0 intra32=0 intra16=0 intra8=0 intra4=0 reftype=0
  snapshot f120: 3 venc_ko blocks (pool0 0x73801000 len 0x10000)
src frame 121: srcf=5 off=488 br=2000
frame 121: send=0x0 get=0x0 len=992 coding=1 startqp=0 meanqp=0 picbytes=0 pskip=0 nalus=1 n1:992
  cu: inter64=0 inter32=0 inter16=0 inter8=0 intra32=0 intra16=0 intra8=0 intra4=0 reftype=0
  snapshot f121: 3 venc_ko blocks (pool0 0x73801000 len 0x10000)
src frame 122: srcf=6 off=492 br=2000
frame 122: send=0x0 get=0x0 len=375 coding=1 startqp=0 meanqp=0 picbytes=0 pskip=0 nalus=1 n1:375
  cu: inter64=0 inter32=0 inter16=0 inter8=0 intra32=0 intra16=0 intra8=0 intra4=0 reftype=0
  snapshot f122: 3 venc_ko blocks (pool0 0x73801000 len 0x10000)
src frame 123: srcf=7 off=496 br=2000
frame 123: send=0x0 get=0x0 len=162 coding=1 startqp=0 meanqp=0 picbytes=0 pskip=0 nalus=1 n1:162
  cu: inter64=0 inter32=0 inter16=0 inter8=0 intra32=0 intra16=0 intra8=0 intra4=0 reftype=0
  snapshot f123: 3 venc_ko blocks (pool0 0x73801000 len 0x10000)
src frame 124: srcf=8 off=500 br=2000
frame 124: send=0x0 get=0x0 len=136 coding=1 startqp=0 meanqp=0 picbytes=0 pskip=0 nalus=1 n1:136
  cu: inter64=0 inter32=0 inter16=0 inter8=0 intra32=0 intra16=0 intra8=0 intra4=0 reftype=0
  snapshot f124: 3 venc_ko blocks (pool0 0x73801000 len 0x10000)
src frame 125: srcf=9 off=504 br=2000
frame 125: send=0x0 get=0x0 len=120 coding=1 startqp=0 meanqp=0 picbytes=0 pskip=0 nalus=1 n1:120
  cu: inter64=0 inter32=0 inter16=0 inter8=0 intra32=0 intra16=0 intra8=0 intra4=0 reftype=0
  snapshot f125: 3 venc_ko blocks (pool0 0x73801000 len 0x10000)
src frame 126: srcf=10 off=508 br=2000
frame 126: send=0x0 get=0x0 len=100 coding=1 startqp=0 meanqp=0 picbytes=0 pskip=0 nalus=1 n1:100
  cu: inter64=0 inter32=0 inter16=0 inter8=0 intra32=0 intra16=0 intra8=0 intra4=0 reftype=0
  snapshot f126: 3 venc_ko blocks (pool0 0x73801000 len 0x10000)
src frame 127: srcf=11 off=512 br=2000
frame 127: send=0x0 get=0x0 len=121 coding=1 startqp=0 meanqp=0 picbytes=0 pskip=0 nalus=1 n1:121
  cu: inter64=0 inter32=0 inter16=0 inter8=0 intra32=0 intra16=0 intra8=0 intra4=0 reftype=0
  snapshot f127: 3 venc_ko blocks (pool0 0x73801000 len 0x10000)
src frame 128: srcf=12 off=516 br=2000
frame 128: send=0x0 get=0x0 len=97 coding=1 startqp=0 meanqp=0 picbytes=0 pskip=0 nalus=1 n1:97
  cu: inter64=0 inter32=0 inter16=0 inter8=0 intra32=0 intra16=0 intra8=0 intra4=0 reftype=0
  snapshot f128: 3 venc_ko blocks (pool0 0x73801000 len 0x10000)
src frame 129: srcf=13 off=520 br=2000
frame 129: send=0x0 get=0x0 len=118 coding=1 startqp=0 meanqp=0 picbytes=0 pskip=0 nalus=1 n1:118
  cu: inter64=0 inter32=0 inter16=0 inter8=0 intra32=0 intra16=0 intra8=0 intra4=0 reftype=0
  snapshot f129: 3 venc_ko blocks (pool0 0x73801000 len 0x10000)
src frame 130: srcf=14 off=524 br=2000
frame 130: send=0x0 get=0x0 len=103 coding=1 startqp=0 meanqp=0 picbytes=0 pskip=0 nalus=1 n1:103
  cu: inter64=0 inter32=0 inter16=0 inter8=0 intra32=0 intra16=0 intra8=0 intra4=0 reftype=0
  snapshot f130: 3 venc_ko blocks (pool0 0x73801000 len 0x10000)
src frame 131: srcf=15 off=528 br=2000
frame 131: send=0x0 get=0x0 len=101 coding=1 startqp=0 meanqp=0 picbytes=0 pskip=0 nalus=1 n1:101
  cu: inter64=0 inter32=0 inter16=0 inter8=0 intra32=0 intra16=0 intra8=0 intra4=0 reftype=0
  snapshot f131: 3 venc_ko blocks (pool0 0x73801000 len 0x10000)
src frame 132: srcf=16 off=532 br=2000
frame 132: send=0x0 get=0x0 len=94 coding=1 startqp=0 meanqp=0 picbytes=0 pskip=0 nalus=1 n1:94
  cu: inter64=0 inter32=0 inter16=0 inter8=0 intra32=0 intra16=0 intra8=0 intra4=0 reftype=0
  snapshot f132: 3 venc_ko blocks (pool0 0x73801000 len 0x10000)
src frame 133: srcf=17 off=536 br=2000
frame 133: send=0x0 get=0x0 len=112 coding=1 startqp=0 meanqp=0 picbytes=0 pskip=0 nalus=1 n1:112
  cu: inter64=0 inter32=0 inter16=0 inter8=0 intra32=0 intra16=0 intra8=0 intra4=0 reftype=0
  snapshot f133: 3 venc_ko blocks (pool0 0x73801000 len 0x10000)
src frame 134: srcf=18 off=540 br=2000
frame 134: send=0x0 get=0x0 len=145 coding=1 startqp=0 meanqp=0 picbytes=0 pskip=0 nalus=1 n1:145
  cu: inter64=0 inter32=0 inter16=0 inter8=0 intra32=0 intra16=0 intra8=0 intra4=0 reftype=0
  snapshot f134: 3 venc_ko blocks (pool0 0x73801000 len 0x10000)
src frame 135: srcf=19 off=544 br=2000
frame 135: send=0x0 get=0x0 len=160 coding=1 startqp=0 meanqp=0 picbytes=0 pskip=0 nalus=1 n1:160
  cu: inter64=0 inter32=0 inter16=0 inter8=0 intra32=0 intra16=0 intra8=0 intra4=0 reftype=0
  snapshot f135: 3 venc_ko blocks (pool0 0x73801000 len 0x10000)
src frame 136: srcf=20 off=548 br=2000
frame 136: send=0x0 get=0x0 len=158 coding=1 startqp=0 meanqp=0 picbytes=0 pskip=0 nalus=1 n1:158
  cu: inter64=0 inter32=0 inter16=0 inter8=0 intra32=0 intra16=0 intra8=0 intra4=0 reftype=0
  snapshot f136: 3 venc_ko blocks (pool0 0x73801000 len 0x10000)
src frame 137: srcf=21 off=552 br=2000
frame 137: send=0x0 get=0x0 len=152 coding=1 startqp=0 meanqp=0 picbytes=0 pskip=0 nalus=1 n1:152
  cu: inter64=0 inter32=0 inter16=0 inter8=0 intra32=0 intra16=0 intra8=0 intra4=0 reftype=0
  snapshot f137: 3 venc_ko blocks (pool0 0x73801000 len 0x10000)
src frame 138: srcf=22 off=556 br=2000
frame 138: send=0x0 get=0x0 len=108 coding=1 startqp=0 meanqp=0 picbytes=0 pskip=0 nalus=1 n1:108
  cu: inter64=0 inter32=0 inter16=0 inter8=0 intra32=0 intra16=0 intra8=0 intra4=0 reftype=0
  snapshot f138: 3 venc_ko blocks (pool0 0x73801000 len 0x10000)
src frame 139: srcf=23 off=560 br=2000
frame 139: send=0x0 get=0x0 len=107 coding=1 startqp=0 meanqp=0 picbytes=0 pskip=0 nalus=1 n1:107
  cu: inter64=0 inter32=0 inter16=0 inter8=0 intra32=0 intra16=0 intra8=0 intra4=0 reftype=0
  snapshot f139: 3 venc_ko blocks (pool0 0x73801000 len 0x10000)
src frame 140: srcf=24 off=564 br=2000
frame 140: send=0x0 get=0x0 len=97 coding=1 startqp=0 meanqp=0 picbytes=0 pskip=0 nalus=1 n1:97
  cu: inter64=0 inter32=0 inter16=0 inter8=0 intra32=0 intra16=0 intra8=0 intra4=0 reftype=0
  snapshot f140: 3 venc_ko blocks (pool0 0x73801000 len 0x10000)
src frame 141: srcf=25 off=568 br=2000
frame 141: send=0x0 get=0x0 len=104 coding=1 startqp=0 meanqp=0 picbytes=0 pskip=0 nalus=1 n1:104
  cu: inter64=0 inter32=0 inter16=0 inter8=0 intra32=0 intra16=0 intra8=0 intra4=0 reftype=0
  snapshot f141: 3 venc_ko blocks (pool0 0x73801000 len 0x10000)
src frame 142: srcf=26 off=572 br=2000
frame 142: send=0x0 get=0x0 len=108 coding=1 startqp=0 meanqp=0 picbytes=0 pskip=0 nalus=1 n1:108
  cu: inter64=0 inter32=0 inter16=0 inter8=0 intra32=0 intra16=0 intra8=0 intra4=0 reftype=0
  snapshot f142: 3 venc_ko blocks (pool0 0x73801000 len 0x10000)
src frame 143: srcf=27 off=576 br=2000
frame 143: send=0x0 get=0x0 len=125 coding=1 startqp=0 meanqp=0 picbytes=0 pskip=0 nalus=1 n1:125
  cu: inter64=0 inter32=0 inter16=0 inter8=0 intra32=0 intra16=0 intra8=0 intra4=0 reftype=0
  snapshot f143: 3 venc_ko blocks (pool0 0x73801000 len 0x10000)
src frame 144: srcf=28 off=580 br=2000
frame 144: send=0x0 get=0x0 len=149 coding=1 startqp=0 meanqp=0 picbytes=0 pskip=0 nalus=1 n1:149
  cu: inter64=0 inter32=0 inter16=0 inter8=0 intra32=0 intra16=0 intra8=0 intra4=0 reftype=0
  snapshot f144: 3 venc_ko blocks (pool0 0x73801000 len 0x10000)
src frame 145: srcf=29 off=584 br=2000
frame 145: send=0x0 get=0x0 len=146 coding=1 startqp=0 meanqp=0 picbytes=0 pskip=0 nalus=1 n1:146
  cu: inter64=0 inter32=0 inter16=0 inter8=0 intra32=0 intra16=0 intra8=0 intra4=0 reftype=0
  snapshot f145: 3 venc_ko blocks (pool0 0x73801000 len 0x10000)
src frame 146: srcf=28 off=588 br=2000
frame 146: send=0x0 get=0x0 len=149 coding=1 startqp=0 meanqp=0 picbytes=0 pskip=0 nalus=1 n1:149
  cu: inter64=0 inter32=0 inter16=0 inter8=0 intra32=0 intra16=0 intra8=0 intra4=0 reftype=0
  snapshot f146: 3 venc_ko blocks (pool0 0x73801000 len 0x10000)
src frame 147: srcf=27 off=592 br=2000
frame 147: send=0x0 get=0x0 len=118 coding=1 startqp=0 meanqp=0 picbytes=0 pskip=0 nalus=1 n1:118
  cu: inter64=0 inter32=0 inter16=0 inter8=0 intra32=0 intra16=0 intra8=0 intra4=0 reftype=0
  snapshot f147: 3 venc_ko blocks (pool0 0x73801000 len 0x10000)
src frame 148: srcf=26 off=596 br=2000
frame 148: send=0x0 get=0x0 len=122 coding=1 startqp=0 meanqp=0 picbytes=0 pskip=0 nalus=1 n1:122
  cu: inter64=0 inter32=0 inter16=0 inter8=0 intra32=0 intra16=0 intra8=0 intra4=0 reftype=0
  snapshot f148: 3 venc_ko blocks (pool0 0x73801000 len 0x10000)
src frame 149: srcf=25 off=600 br=2000
frame 149: send=0x0 get=0x0 len=152 coding=1 startqp=0 meanqp=0 picbytes=0 pskip=0 nalus=1 n1:152
  cu: inter64=0 inter32=0 inter16=0 inter8=0 intra32=0 intra16=0 intra8=0 intra4=0 reftype=0
  snapshot f149: 3 venc_ko blocks (pool0 0x73801000 len 0x10000)
src frame 150: srcf=24 off=604 br=2000
frame 150: send=0x0 get=0x0 len=22064 coding=0 startqp=0 meanqp=0 picbytes=0 pskip=0 nalus=4 n32:27 n33:53 n34:12 n19:21972
  cu: inter64=0 inter32=0 inter16=0 inter8=0 intra32=0 intra16=0 intra8=0 intra4=0 reftype=0
  snapshot f150: 3 venc_ko blocks (pool0 0x73801000 len 0x10000)
src frame 151: srcf=23 off=608 br=2000
frame 151: send=0x0 get=0x0 len=1043 coding=1 startqp=0 meanqp=0 picbytes=0 pskip=0 nalus=1 n1:1043
  cu: inter64=0 inter32=0 inter16=0 inter8=0 intra32=0 intra16=0 intra8=0 intra4=0 reftype=0
  snapshot f151: 3 venc_ko blocks (pool0 0x73801000 len 0x10000)
src frame 152: srcf=22 off=612 br=2000
frame 152: send=0x0 get=0x0 len=521 coding=1 startqp=0 meanqp=0 picbytes=0 pskip=0 nalus=1 n1:521
  cu: inter64=0 inter32=0 inter16=0 inter8=0 intra32=0 intra16=0 intra8=0 intra4=0 reftype=0
  snapshot f152: 3 venc_ko blocks (pool0 0x73801000 len 0x10000)
src frame 153: srcf=21 off=616 br=2000
frame 153: send=0x0 get=0x0 len=322 coding=1 startqp=0 meanqp=0 picbytes=0 pskip=0 nalus=1 n1:322
  cu: inter64=0 inter32=0 inter16=0 inter8=0 intra32=0 intra16=0 intra8=0 intra4=0 reftype=0
  snapshot f153: 3 venc_ko blocks (pool0 0x73801000 len 0x10000)
src frame 154: srcf=20 off=620 br=2000
frame 154: send=0x0 get=0x0 len=343 coding=1 startqp=0 meanqp=0 picbytes=0 pskip=0 nalus=1 n1:343
  cu: inter64=0 inter32=0 inter16=0 inter8=0 intra32=0 intra16=0 intra8=0 intra4=0 reftype=0
  snapshot f154: 3 venc_ko blocks (pool0 0x73801000 len 0x10000)
src frame 155: srcf=19 off=624 br=2000
frame 155: send=0x0 get=0x0 len=186 coding=1 startqp=0 meanqp=0 picbytes=0 pskip=0 nalus=1 n1:186
  cu: inter64=0 inter32=0 inter16=0 inter8=0 intra32=0 intra16=0 intra8=0 intra4=0 reftype=0
  snapshot f155: 3 venc_ko blocks (pool0 0x73801000 len 0x10000)
src frame 156: srcf=18 off=628 br=2000
frame 156: send=0x0 get=0x0 len=136 coding=1 startqp=0 meanqp=0 picbytes=0 pskip=0 nalus=1 n1:136
  cu: inter64=0 inter32=0 inter16=0 inter8=0 intra32=0 intra16=0 intra8=0 intra4=0 reftype=0
  snapshot f156: 3 venc_ko blocks (pool0 0x73801000 len 0x10000)
src frame 157: srcf=17 off=632 br=2000
frame 157: send=0x0 get=0x0 len=100 coding=1 startqp=0 meanqp=0 picbytes=0 pskip=0 nalus=1 n1:100
  cu: inter64=0 inter32=0 inter16=0 inter8=0 intra32=0 intra16=0 intra8=0 intra4=0 reftype=0
  snapshot f157: 3 venc_ko blocks (pool0 0x73801000 len 0x10000)
src frame 158: srcf=16 off=636 br=2000
frame 158: send=0x0 get=0x0 len=93 coding=1 startqp=0 meanqp=0 picbytes=0 pskip=0 nalus=1 n1:93
  cu: inter64=0 inter32=0 inter16=0 inter8=0 intra32=0 intra16=0 intra8=0 intra4=0 reftype=0
  snapshot f158: 3 venc_ko blocks (pool0 0x73801000 len 0x10000)
src frame 159: srcf=15 off=640 br=2000
frame 159: send=0x0 get=0x0 len=112 coding=1 startqp=0 meanqp=0 picbytes=0 pskip=0 nalus=1 n1:112
  cu: inter64=0 inter32=0 inter16=0 inter8=0 intra32=0 intra16=0 intra8=0 intra4=0 reftype=0
  snapshot f159: 3 venc_ko blocks (pool0 0x73801000 len 0x10000)
src frame 160: srcf=14 off=644 br=2000
frame 160: send=0x0 get=0x0 len=99 coding=1 startqp=0 meanqp=0 picbytes=0 pskip=0 nalus=1 n1:99
  cu: inter64=0 inter32=0 inter16=0 inter8=0 intra32=0 intra16=0 intra8=0 intra4=0 reftype=0
  snapshot f160: 3 venc_ko blocks (pool0 0x73801000 len 0x10000)
src frame 161: srcf=13 off=648 br=2000
frame 161: send=0x0 get=0x0 len=104 coding=1 startqp=0 meanqp=0 picbytes=0 pskip=0 nalus=1 n1:104
  cu: inter64=0 inter32=0 inter16=0 inter8=0 intra32=0 intra16=0 intra8=0 intra4=0 reftype=0
  snapshot f161: 3 venc_ko blocks (pool0 0x73801000 len 0x10000)
src frame 162: srcf=12 off=652 br=2000
frame 162: send=0x0 get=0x0 len=95 coding=1 startqp=0 meanqp=0 picbytes=0 pskip=0 nalus=1 n1:95
  cu: inter64=0 inter32=0 inter16=0 inter8=0 intra32=0 intra16=0 intra8=0 intra4=0 reftype=0
  snapshot f162: 3 venc_ko blocks (pool0 0x73801000 len 0x10000)
src frame 163: srcf=11 off=656 br=2000
frame 163: send=0x0 get=0x0 len=93 coding=1 startqp=0 meanqp=0 picbytes=0 pskip=0 nalus=1 n1:93
  cu: inter64=0 inter32=0 inter16=0 inter8=0 intra32=0 intra16=0 intra8=0 intra4=0 reftype=0
  snapshot f163: 3 venc_ko blocks (pool0 0x73801000 len 0x10000)
src frame 164: srcf=10 off=660 br=2000
frame 164: send=0x0 get=0x0 len=92 coding=1 startqp=0 meanqp=0 picbytes=0 pskip=0 nalus=1 n1:92
  cu: inter64=0 inter32=0 inter16=0 inter8=0 intra32=0 intra16=0 intra8=0 intra4=0 reftype=0
  snapshot f164: 3 venc_ko blocks (pool0 0x73801000 len 0x10000)
chg frame=165 br 2000 -> 16000 kbps: GetRcParam=0x0 SetRcParam=0x0 readback=16000 mode=11
src frame 165: srcf=9 off=664 br=16000
frame 165: send=0x0 get=0x0 len=1061 coding=1 startqp=0 meanqp=0 picbytes=0 pskip=0 nalus=1 n1:1061
  cu: inter64=0 inter32=0 inter16=0 inter8=0 intra32=0 intra16=0 intra8=0 intra4=0 reftype=0
  snapshot f165: 3 venc_ko blocks (pool0 0x73801000 len 0x10000)
src frame 166: srcf=8 off=668 br=16000
frame 166: send=0x0 get=0x0 len=780 coding=1 startqp=0 meanqp=0 picbytes=0 pskip=0 nalus=1 n1:780
  cu: inter64=0 inter32=0 inter16=0 inter8=0 intra32=0 intra16=0 intra8=0 intra4=0 reftype=0
  snapshot f166: 3 venc_ko blocks (pool0 0x73801000 len 0x10000)
src frame 167: srcf=7 off=672 br=16000
frame 167: send=0x0 get=0x0 len=926 coding=1 startqp=0 meanqp=0 picbytes=0 pskip=0 nalus=1 n1:926
  cu: inter64=0 inter32=0 inter16=0 inter8=0 intra32=0 intra16=0 intra8=0 intra4=0 reftype=0
  snapshot f167: 3 venc_ko blocks (pool0 0x73801000 len 0x10000)
src frame 168: srcf=6 off=676 br=16000
frame 168: send=0x0 get=0x0 len=896 coding=1 startqp=0 meanqp=0 picbytes=0 pskip=0 nalus=1 n1:896
  cu: inter64=0 inter32=0 inter16=0 inter8=0 intra32=0 intra16=0 intra8=0 intra4=0 reftype=0
  snapshot f168: 3 venc_ko blocks (pool0 0x73801000 len 0x10000)
src frame 169: srcf=5 off=680 br=16000
frame 169: send=0x0 get=0x0 len=1411 coding=1 startqp=0 meanqp=0 picbytes=0 pskip=0 nalus=1 n1:1411
  cu: inter64=0 inter32=0 inter16=0 inter8=0 intra32=0 intra16=0 intra8=0 intra4=0 reftype=0
  snapshot f169: 3 venc_ko blocks (pool0 0x73801000 len 0x10000)
src frame 170: srcf=4 off=684 br=16000
frame 170: send=0x0 get=0x0 len=1426 coding=1 startqp=0 meanqp=0 picbytes=0 pskip=0 nalus=1 n1:1426
  cu: inter64=0 inter32=0 inter16=0 inter8=0 intra32=0 intra16=0 intra8=0 intra4=0 reftype=0
  snapshot f170: 3 venc_ko blocks (pool0 0x73801000 len 0x10000)
src frame 171: srcf=3 off=688 br=16000
frame 171: send=0x0 get=0x0 len=2293 coding=1 startqp=0 meanqp=0 picbytes=0 pskip=0 nalus=1 n1:2293
  cu: inter64=0 inter32=0 inter16=0 inter8=0 intra32=0 intra16=0 intra8=0 intra4=0 reftype=0
  snapshot f171: 3 venc_ko blocks (pool0 0x73801000 len 0x10000)
src frame 172: srcf=2 off=692 br=16000
frame 172: send=0x0 get=0x0 len=2655 coding=1 startqp=0 meanqp=0 picbytes=0 pskip=0 nalus=1 n1:2655
  cu: inter64=0 inter32=0 inter16=0 inter8=0 intra32=0 intra16=0 intra8=0 intra4=0 reftype=0
  snapshot f172: 3 venc_ko blocks (pool0 0x73801000 len 0x10000)
src frame 173: srcf=1 off=696 br=16000
frame 173: send=0x0 get=0x0 len=3046 coding=1 startqp=0 meanqp=0 picbytes=0 pskip=0 nalus=1 n1:3046
  cu: inter64=0 inter32=0 inter16=0 inter8=0 intra32=0 intra16=0 intra8=0 intra4=0 reftype=0
  snapshot f173: 3 venc_ko blocks (pool0 0x73801000 len 0x10000)
src frame 174: srcf=0 off=700 br=16000
frame 174: send=0x0 get=0x0 len=1416 coding=1 startqp=0 meanqp=0 picbytes=0 pskip=0 nalus=1 n1:1416
  cu: inter64=0 inter32=0 inter16=0 inter8=0 intra32=0 intra16=0 intra8=0 intra4=0 reftype=0
  snapshot f174: 3 venc_ko blocks (pool0 0x73801000 len 0x10000)
src frame 175: srcf=1 off=704 br=16000
frame 175: send=0x0 get=0x0 len=2734 coding=1 startqp=0 meanqp=0 picbytes=0 pskip=0 nalus=1 n1:2734
  cu: inter64=0 inter32=0 inter16=0 inter8=0 intra32=0 intra16=0 intra8=0 intra4=0 reftype=0
  snapshot f175: 3 venc_ko blocks (pool0 0x73801000 len 0x10000)
src frame 176: srcf=2 off=708 br=16000
frame 176: send=0x0 get=0x0 len=3504 coding=1 startqp=0 meanqp=0 picbytes=0 pskip=0 nalus=1 n1:3504
  cu: inter64=0 inter32=0 inter16=0 inter8=0 intra32=0 intra16=0 intra8=0 intra4=0 reftype=0
  snapshot f176: 3 venc_ko blocks (pool0 0x73801000 len 0x10000)
src frame 177: srcf=3 off=712 br=16000
frame 177: send=0x0 get=0x0 len=1339 coding=1 startqp=0 meanqp=0 picbytes=0 pskip=0 nalus=1 n1:1339
  cu: inter64=0 inter32=0 inter16=0 inter8=0 intra32=0 intra16=0 intra8=0 intra4=0 reftype=0
  snapshot f177: 3 venc_ko blocks (pool0 0x73801000 len 0x10000)
src frame 178: srcf=4 off=716 br=16000
frame 178: send=0x0 get=0x0 len=2757 coding=1 startqp=0 meanqp=0 picbytes=0 pskip=0 nalus=1 n1:2757
  cu: inter64=0 inter32=0 inter16=0 inter8=0 intra32=0 intra16=0 intra8=0 intra4=0 reftype=0
  snapshot f178: 3 venc_ko blocks (pool0 0x73801000 len 0x10000)
src frame 179: srcf=5 off=720 br=16000
frame 179: send=0x0 get=0x0 len=3846 coding=1 startqp=0 meanqp=0 picbytes=0 pskip=0 nalus=1 n1:3846
  cu: inter64=0 inter32=0 inter16=0 inter8=0 intra32=0 intra16=0 intra8=0 intra4=0 reftype=0
  snapshot f179: 3 venc_ko blocks (pool0 0x73801000 len 0x10000)
src frame 180: srcf=6 off=724 br=16000
frame 180: send=0x0 get=0x0 len=22477 coding=0 startqp=0 meanqp=0 picbytes=0 pskip=0 nalus=4 n32:27 n33:53 n34:12 n19:22385
  cu: inter64=0 inter32=0 inter16=0 inter8=0 intra32=0 intra16=0 intra8=0 intra4=0 reftype=0
  snapshot f180: 3 venc_ko blocks (pool0 0x73801000 len 0x10000)
src frame 181: srcf=7 off=728 br=16000
frame 181: send=0x0 get=0x0 len=15192 coding=1 startqp=0 meanqp=0 picbytes=0 pskip=0 nalus=1 n1:15192
  cu: inter64=0 inter32=0 inter16=0 inter8=0 intra32=0 intra16=0 intra8=0 intra4=0 reftype=0
  snapshot f181: 3 venc_ko blocks (pool0 0x73801000 len 0x10000)
src frame 182: srcf=8 off=732 br=16000
frame 182: send=0x0 get=0x0 len=5439 coding=1 startqp=0 meanqp=0 picbytes=0 pskip=0 nalus=1 n1:5439
  cu: inter64=0 inter32=0 inter16=0 inter8=0 intra32=0 intra16=0 intra8=0 intra4=0 reftype=0
  snapshot f182: 3 venc_ko blocks (pool0 0x73801000 len 0x10000)
src frame 183: srcf=9 off=736 br=16000
frame 183: send=0x0 get=0x0 len=3531 coding=1 startqp=0 meanqp=0 picbytes=0 pskip=0 nalus=1 n1:3531
  cu: inter64=0 inter32=0 inter16=0 inter8=0 intra32=0 intra16=0 intra8=0 intra4=0 reftype=0
  snapshot f183: 3 venc_ko blocks (pool0 0x73801000 len 0x10000)
src frame 184: srcf=10 off=740 br=16000
frame 184: send=0x0 get=0x0 len=3899 coding=1 startqp=0 meanqp=0 picbytes=0 pskip=0 nalus=1 n1:3899
  cu: inter64=0 inter32=0 inter16=0 inter8=0 intra32=0 intra16=0 intra8=0 intra4=0 reftype=0
  snapshot f184: 3 venc_ko blocks (pool0 0x73801000 len 0x10000)
src frame 185: srcf=11 off=744 br=16000
frame 185: send=0x0 get=0x0 len=3966 coding=1 startqp=0 meanqp=0 picbytes=0 pskip=0 nalus=1 n1:3966
  cu: inter64=0 inter32=0 inter16=0 inter8=0 intra32=0 intra16=0 intra8=0 intra4=0 reftype=0
  snapshot f185: 3 venc_ko blocks (pool0 0x73801000 len 0x10000)
src frame 186: srcf=12 off=748 br=16000
frame 186: send=0x0 get=0x0 len=4656 coding=1 startqp=0 meanqp=0 picbytes=0 pskip=0 nalus=1 n1:4656
  cu: inter64=0 inter32=0 inter16=0 inter8=0 intra32=0 intra16=0 intra8=0 intra4=0 reftype=0
  snapshot f186: 3 venc_ko blocks (pool0 0x73801000 len 0x10000)
src frame 187: srcf=13 off=752 br=16000
frame 187: send=0x0 get=0x0 len=4075 coding=1 startqp=0 meanqp=0 picbytes=0 pskip=0 nalus=1 n1:4075
  cu: inter64=0 inter32=0 inter16=0 inter8=0 intra32=0 intra16=0 intra8=0 intra4=0 reftype=0
  snapshot f187: 3 venc_ko blocks (pool0 0x73801000 len 0x10000)
src frame 188: srcf=14 off=756 br=16000
frame 188: send=0x0 get=0x0 len=4203 coding=1 startqp=0 meanqp=0 picbytes=0 pskip=0 nalus=1 n1:4203
  cu: inter64=0 inter32=0 inter16=0 inter8=0 intra32=0 intra16=0 intra8=0 intra4=0 reftype=0
  snapshot f188: 3 venc_ko blocks (pool0 0x73801000 len 0x10000)
src frame 189: srcf=15 off=760 br=16000
frame 189: send=0x0 get=0x0 len=4408 coding=1 startqp=0 meanqp=0 picbytes=0 pskip=0 nalus=1 n1:4408
  cu: inter64=0 inter32=0 inter16=0 inter8=0 intra32=0 intra16=0 intra8=0 intra4=0 reftype=0
  snapshot f189: 3 venc_ko blocks (pool0 0x73801000 len 0x10000)
src frame 190: srcf=16 off=764 br=16000
frame 190: send=0x0 get=0x0 len=4976 coding=1 startqp=0 meanqp=0 picbytes=0 pskip=0 nalus=1 n1:4976
  cu: inter64=0 inter32=0 inter16=0 inter8=0 intra32=0 intra16=0 intra8=0 intra4=0 reftype=0
  snapshot f190: 3 venc_ko blocks (pool0 0x73801000 len 0x10000)
src frame 191: srcf=17 off=768 br=16000
frame 191: send=0x0 get=0x0 len=4637 coding=1 startqp=0 meanqp=0 picbytes=0 pskip=0 nalus=1 n1:4637
  cu: inter64=0 inter32=0 inter16=0 inter8=0 intra32=0 intra16=0 intra8=0 intra4=0 reftype=0
  snapshot f191: 3 venc_ko blocks (pool0 0x73801000 len 0x10000)
src frame 192: srcf=18 off=772 br=16000
frame 192: send=0x0 get=0x0 len=1972 coding=1 startqp=0 meanqp=0 picbytes=0 pskip=0 nalus=1 n1:1972
  cu: inter64=0 inter32=0 inter16=0 inter8=0 intra32=0 intra16=0 intra8=0 intra4=0 reftype=0
  snapshot f192: 3 venc_ko blocks (pool0 0x73801000 len 0x10000)
src frame 193: srcf=19 off=776 br=16000
frame 193: send=0x0 get=0x0 len=1669 coding=1 startqp=0 meanqp=0 picbytes=0 pskip=0 nalus=1 n1:1669
  cu: inter64=0 inter32=0 inter16=0 inter8=0 intra32=0 intra16=0 intra8=0 intra4=0 reftype=0
  snapshot f193: 3 venc_ko blocks (pool0 0x73801000 len 0x10000)
src frame 194: srcf=20 off=780 br=16000
frame 194: send=0x0 get=0x0 len=1608 coding=1 startqp=0 meanqp=0 picbytes=0 pskip=0 nalus=1 n1:1608
  cu: inter64=0 inter32=0 inter16=0 inter8=0 intra32=0 intra16=0 intra8=0 intra4=0 reftype=0
  snapshot f194: 3 venc_ko blocks (pool0 0x73801000 len 0x10000)
src frame 195: srcf=21 off=784 br=16000
frame 195: send=0x0 get=0x0 len=1461 coding=1 startqp=0 meanqp=0 picbytes=0 pskip=0 nalus=1 n1:1461
  cu: inter64=0 inter32=0 inter16=0 inter8=0 intra32=0 intra16=0 intra8=0 intra4=0 reftype=0
  snapshot f195: 3 venc_ko blocks (pool0 0x73801000 len 0x10000)
src frame 196: srcf=22 off=788 br=16000
frame 196: send=0x0 get=0x0 len=1296 coding=1 startqp=0 meanqp=0 picbytes=0 pskip=0 nalus=1 n1:1296
  cu: inter64=0 inter32=0 inter16=0 inter8=0 intra32=0 intra16=0 intra8=0 intra4=0 reftype=0
  snapshot f196: 3 venc_ko blocks (pool0 0x73801000 len 0x10000)
src frame 197: srcf=23 off=792 br=16000
frame 197: send=0x0 get=0x0 len=953 coding=1 startqp=0 meanqp=0 picbytes=0 pskip=0 nalus=1 n1:953
  cu: inter64=0 inter32=0 inter16=0 inter8=0 intra32=0 intra16=0 intra8=0 intra4=0 reftype=0
  snapshot f197: 3 venc_ko blocks (pool0 0x73801000 len 0x10000)
src frame 198: srcf=24 off=796 br=16000
frame 198: send=0x0 get=0x0 len=753 coding=1 startqp=0 meanqp=0 picbytes=0 pskip=0 nalus=1 n1:753
  cu: inter64=0 inter32=0 inter16=0 inter8=0 intra32=0 intra16=0 intra8=0 intra4=0 reftype=0
  snapshot f198: 3 venc_ko blocks (pool0 0x73801000 len 0x10000)
src frame 199: srcf=25 off=800 br=16000
frame 199: send=0x0 get=0x0 len=757 coding=1 startqp=0 meanqp=0 picbytes=0 pskip=0 nalus=1 n1:757
  cu: inter64=0 inter32=0 inter16=0 inter8=0 intra32=0 intra16=0 intra8=0 intra4=0 reftype=0
  snapshot f199: 3 venc_ko blocks (pool0 0x73801000 len 0x10000)
src frame 200: srcf=26 off=804 br=16000
frame 200: send=0x0 get=0x0 len=637 coding=1 startqp=0 meanqp=0 picbytes=0 pskip=0 nalus=1 n1:637
  cu: inter64=0 inter32=0 inter16=0 inter8=0 intra32=0 intra16=0 intra8=0 intra4=0 reftype=0
  snapshot f200: 3 venc_ko blocks (pool0 0x73801000 len 0x10000)
src frame 201: srcf=27 off=808 br=16000
frame 201: send=0x0 get=0x0 len=698 coding=1 startqp=0 meanqp=0 picbytes=0 pskip=0 nalus=1 n1:698
  cu: inter64=0 inter32=0 inter16=0 inter8=0 intra32=0 intra16=0 intra8=0 intra4=0 reftype=0
  snapshot f201: 3 venc_ko blocks (pool0 0x73801000 len 0x10000)
src frame 202: srcf=28 off=812 br=16000
frame 202: send=0x0 get=0x0 len=717 coding=1 startqp=0 meanqp=0 picbytes=0 pskip=0 nalus=1 n1:717
  cu: inter64=0 inter32=0 inter16=0 inter8=0 intra32=0 intra16=0 intra8=0 intra4=0 reftype=0
  snapshot f202: 3 venc_ko blocks (pool0 0x73801000 len 0x10000)
src frame 203: srcf=29 off=816 br=16000
frame 203: send=0x0 get=0x0 len=877 coding=1 startqp=0 meanqp=0 picbytes=0 pskip=0 nalus=1 n1:877
  cu: inter64=0 inter32=0 inter16=0 inter8=0 intra32=0 intra16=0 intra8=0 intra4=0 reftype=0
  snapshot f203: 3 venc_ko blocks (pool0 0x73801000 len 0x10000)
src frame 204: srcf=28 off=820 br=16000
frame 204: send=0x0 get=0x0 len=763 coding=1 startqp=0 meanqp=0 picbytes=0 pskip=0 nalus=1 n1:763
  cu: inter64=0 inter32=0 inter16=0 inter8=0 intra32=0 intra16=0 intra8=0 intra4=0 reftype=0
  snapshot f204: 3 venc_ko blocks (pool0 0x73801000 len 0x10000)
src frame 205: srcf=27 off=824 br=16000
frame 205: send=0x0 get=0x0 len=648 coding=1 startqp=0 meanqp=0 picbytes=0 pskip=0 nalus=1 n1:648
  cu: inter64=0 inter32=0 inter16=0 inter8=0 intra32=0 intra16=0 intra8=0 intra4=0 reftype=0
  snapshot f205: 3 venc_ko blocks (pool0 0x73801000 len 0x10000)
src frame 206: srcf=26 off=828 br=16000
frame 206: send=0x0 get=0x0 len=529 coding=1 startqp=0 meanqp=0 picbytes=0 pskip=0 nalus=1 n1:529
  cu: inter64=0 inter32=0 inter16=0 inter8=0 intra32=0 intra16=0 intra8=0 intra4=0 reftype=0
  snapshot f206: 3 venc_ko blocks (pool0 0x73801000 len 0x10000)
src frame 207: srcf=25 off=832 br=16000
frame 207: send=0x0 get=0x0 len=461 coding=1 startqp=0 meanqp=0 picbytes=0 pskip=0 nalus=1 n1:461
  cu: inter64=0 inter32=0 inter16=0 inter8=0 intra32=0 intra16=0 intra8=0 intra4=0 reftype=0
  snapshot f207: 3 venc_ko blocks (pool0 0x73801000 len 0x10000)
src frame 208: srcf=24 off=836 br=16000
frame 208: send=0x0 get=0x0 len=458 coding=1 startqp=0 meanqp=0 picbytes=0 pskip=0 nalus=1 n1:458
  cu: inter64=0 inter32=0 inter16=0 inter8=0 intra32=0 intra16=0 intra8=0 intra4=0 reftype=0
  snapshot f208: 3 venc_ko blocks (pool0 0x73801000 len 0x10000)
src frame 209: srcf=23 off=840 br=16000
frame 209: send=0x0 get=0x0 len=454 coding=1 startqp=0 meanqp=0 picbytes=0 pskip=0 nalus=1 n1:454
  cu: inter64=0 inter32=0 inter16=0 inter8=0 intra32=0 intra16=0 intra8=0 intra4=0 reftype=0
  snapshot f209: 3 venc_ko blocks (pool0 0x73801000 len 0x10000)
src frame 210: srcf=22 off=844 br=16000
frame 210: send=0x0 get=0x0 len=30948 coding=0 startqp=0 meanqp=0 picbytes=0 pskip=0 nalus=4 n32:27 n33:53 n34:12 n19:30856
  cu: inter64=0 inter32=0 inter16=0 inter8=0 intra32=0 intra16=0 intra8=0 intra4=0 reftype=0
  snapshot f210: 3 venc_ko blocks (pool0 0x73801000 len 0x10000)
src frame 211: srcf=21 off=848 br=16000
frame 211: send=0x0 get=0x0 len=6748 coding=1 startqp=0 meanqp=0 picbytes=0 pskip=0 nalus=1 n1:6748
  cu: inter64=0 inter32=0 inter16=0 inter8=0 intra32=0 intra16=0 intra8=0 intra4=0 reftype=0
  snapshot f211: 3 venc_ko blocks (pool0 0x73801000 len 0x10000)
src frame 212: srcf=20 off=852 br=16000
frame 212: send=0x0 get=0x0 len=3766 coding=1 startqp=0 meanqp=0 picbytes=0 pskip=0 nalus=1 n1:3766
  cu: inter64=0 inter32=0 inter16=0 inter8=0 intra32=0 intra16=0 intra8=0 intra4=0 reftype=0
  snapshot f212: 3 venc_ko blocks (pool0 0x73801000 len 0x10000)
src frame 213: srcf=19 off=856 br=16000
frame 213: send=0x0 get=0x0 len=3545 coding=1 startqp=0 meanqp=0 picbytes=0 pskip=0 nalus=1 n1:3545
  cu: inter64=0 inter32=0 inter16=0 inter8=0 intra32=0 intra16=0 intra8=0 intra4=0 reftype=0
  snapshot f213: 3 venc_ko blocks (pool0 0x73801000 len 0x10000)
src frame 214: srcf=18 off=860 br=16000
frame 214: send=0x0 get=0x0 len=3874 coding=1 startqp=0 meanqp=0 picbytes=0 pskip=0 nalus=1 n1:3874
  cu: inter64=0 inter32=0 inter16=0 inter8=0 intra32=0 intra16=0 intra8=0 intra4=0 reftype=0
  snapshot f214: 3 venc_ko blocks (pool0 0x73801000 len 0x10000)
src frame 215: srcf=17 off=864 br=16000
frame 215: send=0x0 get=0x0 len=3874 coding=1 startqp=0 meanqp=0 picbytes=0 pskip=0 nalus=1 n1:3874
  cu: inter64=0 inter32=0 inter16=0 inter8=0 intra32=0 intra16=0 intra8=0 intra4=0 reftype=0
  snapshot f215: 3 venc_ko blocks (pool0 0x73801000 len 0x10000)
src frame 216: srcf=16 off=868 br=16000
frame 216: send=0x0 get=0x0 len=3674 coding=1 startqp=0 meanqp=0 picbytes=0 pskip=0 nalus=1 n1:3674
  cu: inter64=0 inter32=0 inter16=0 inter8=0 intra32=0 intra16=0 intra8=0 intra4=0 reftype=0
  snapshot f216: 3 venc_ko blocks (pool0 0x73801000 len 0x10000)
src frame 217: srcf=15 off=872 br=16000
frame 217: send=0x0 get=0x0 len=4009 coding=1 startqp=0 meanqp=0 picbytes=0 pskip=0 nalus=1 n1:4009
  cu: inter64=0 inter32=0 inter16=0 inter8=0 intra32=0 intra16=0 intra8=0 intra4=0 reftype=0
  snapshot f217: 3 venc_ko blocks (pool0 0x73801000 len 0x10000)
src frame 218: srcf=14 off=876 br=16000
frame 218: send=0x0 get=0x0 len=4439 coding=1 startqp=0 meanqp=0 picbytes=0 pskip=0 nalus=1 n1:4439
  cu: inter64=0 inter32=0 inter16=0 inter8=0 intra32=0 intra16=0 intra8=0 intra4=0 reftype=0
  snapshot f218: 3 venc_ko blocks (pool0 0x73801000 len 0x10000)
src frame 219: srcf=13 off=880 br=16000
frame 219: send=0x0 get=0x0 len=4570 coding=1 startqp=0 meanqp=0 picbytes=0 pskip=0 nalus=1 n1:4570
  cu: inter64=0 inter32=0 inter16=0 inter8=0 intra32=0 intra16=0 intra8=0 intra4=0 reftype=0
  snapshot f219: 3 venc_ko blocks (pool0 0x73801000 len 0x10000)
src frame 220: srcf=12 off=884 br=16000
frame 220: send=0x0 get=0x0 len=4649 coding=1 startqp=0 meanqp=0 picbytes=0 pskip=0 nalus=1 n1:4649
  cu: inter64=0 inter32=0 inter16=0 inter8=0 intra32=0 intra16=0 intra8=0 intra4=0 reftype=0
  snapshot f220: 3 venc_ko blocks (pool0 0x73801000 len 0x10000)
src frame 221: srcf=11 off=888 br=16000
frame 221: send=0x0 get=0x0 len=5271 coding=1 startqp=0 meanqp=0 picbytes=0 pskip=0 nalus=1 n1:5271
  cu: inter64=0 inter32=0 inter16=0 inter8=0 intra32=0 intra16=0 intra8=0 intra4=0 reftype=0
  snapshot f221: 3 venc_ko blocks (pool0 0x73801000 len 0x10000)
src frame 222: srcf=10 off=892 br=16000
frame 222: send=0x0 get=0x0 len=5850 coding=1 startqp=0 meanqp=0 picbytes=0 pskip=0 nalus=1 n1:5850
  cu: inter64=0 inter32=0 inter16=0 inter8=0 intra32=0 intra16=0 intra8=0 intra4=0 reftype=0
  snapshot f222: 3 venc_ko blocks (pool0 0x73801000 len 0x10000)
src frame 223: srcf=9 off=896 br=16000
frame 223: send=0x0 get=0x0 len=5751 coding=1 startqp=0 meanqp=0 picbytes=0 pskip=0 nalus=1 n1:5751
  cu: inter64=0 inter32=0 inter16=0 inter8=0 intra32=0 intra16=0 intra8=0 intra4=0 reftype=0
  snapshot f223: 3 venc_ko blocks (pool0 0x73801000 len 0x10000)
src frame 224: srcf=8 off=900 br=16000
frame 224: send=0x0 get=0x0 len=6830 coding=1 startqp=0 meanqp=0 picbytes=0 pskip=0 nalus=1 n1:6830
  cu: inter64=0 inter32=0 inter16=0 inter8=0 intra32=0 intra16=0 intra8=0 intra4=0 reftype=0
  snapshot f224: 3 venc_ko blocks (pool0 0x73801000 len 0x10000)
src frame 225: srcf=7 off=904 br=16000
frame 225: send=0x0 get=0x0 len=6418 coding=1 startqp=0 meanqp=0 picbytes=0 pskip=0 nalus=1 n1:6418
  cu: inter64=0 inter32=0 inter16=0 inter8=0 intra32=0 intra16=0 intra8=0 intra4=0 reftype=0
  snapshot f225: 3 venc_ko blocks (pool0 0x73801000 len 0x10000)
src frame 226: srcf=6 off=908 br=16000
frame 226: send=0x0 get=0x0 len=2874 coding=1 startqp=0 meanqp=0 picbytes=0 pskip=0 nalus=1 n1:2874
  cu: inter64=0 inter32=0 inter16=0 inter8=0 intra32=0 intra16=0 intra8=0 intra4=0 reftype=0
  snapshot f226: 3 venc_ko blocks (pool0 0x73801000 len 0x10000)
src frame 227: srcf=5 off=912 br=16000
frame 227: send=0x0 get=0x0 len=2390 coding=1 startqp=0 meanqp=0 picbytes=0 pskip=0 nalus=1 n1:2390
  cu: inter64=0 inter32=0 inter16=0 inter8=0 intra32=0 intra16=0 intra8=0 intra4=0 reftype=0
  snapshot f227: 3 venc_ko blocks (pool0 0x73801000 len 0x10000)
src frame 228: srcf=4 off=916 br=16000
frame 228: send=0x0 get=0x0 len=2382 coding=1 startqp=0 meanqp=0 picbytes=0 pskip=0 nalus=1 n1:2382
  cu: inter64=0 inter32=0 inter16=0 inter8=0 intra32=0 intra16=0 intra8=0 intra4=0 reftype=0
  snapshot f228: 3 venc_ko blocks (pool0 0x73801000 len 0x10000)
src frame 229: srcf=3 off=920 br=16000
frame 229: send=0x0 get=0x0 len=2021 coding=1 startqp=0 meanqp=0 picbytes=0 pskip=0 nalus=1 n1:2021
  cu: inter64=0 inter32=0 inter16=0 inter8=0 intra32=0 intra16=0 intra8=0 intra4=0 reftype=0
  snapshot f229: 3 venc_ko blocks (pool0 0x73801000 len 0x10000)
src frame 230: srcf=2 off=924 br=16000
frame 230: send=0x0 get=0x0 len=1912 coding=1 startqp=0 meanqp=0 picbytes=0 pskip=0 nalus=1 n1:1912
  cu: inter64=0 inter32=0 inter16=0 inter8=0 intra32=0 intra16=0 intra8=0 intra4=0 reftype=0
  snapshot f230: 3 venc_ko blocks (pool0 0x73801000 len 0x10000)
src frame 231: srcf=1 off=928 br=16000
frame 231: send=0x0 get=0x0 len=2211 coding=1 startqp=0 meanqp=0 picbytes=0 pskip=0 nalus=1 n1:2211
  cu: inter64=0 inter32=0 inter16=0 inter8=0 intra32=0 intra16=0 intra8=0 intra4=0 reftype=0
  snapshot f231: 3 venc_ko blocks (pool0 0x73801000 len 0x10000)
src frame 232: srcf=0 off=932 br=16000
frame 232: send=0x0 get=0x0 len=1735 coding=1 startqp=0 meanqp=0 picbytes=0 pskip=0 nalus=1 n1:1735
  cu: inter64=0 inter32=0 inter16=0 inter8=0 intra32=0 intra16=0 intra8=0 intra4=0 reftype=0
  snapshot f232: 3 venc_ko blocks (pool0 0x73801000 len 0x10000)
src frame 233: srcf=1 off=936 br=16000
frame 233: send=0x0 get=0x0 len=1906 coding=1 startqp=0 meanqp=0 picbytes=0 pskip=0 nalus=1 n1:1906
  cu: inter64=0 inter32=0 inter16=0 inter8=0 intra32=0 intra16=0 intra8=0 intra4=0 reftype=0
  snapshot f233: 3 venc_ko blocks (pool0 0x73801000 len 0x10000)
src frame 234: srcf=2 off=940 br=16000
frame 234: send=0x0 get=0x0 len=1339 coding=1 startqp=0 meanqp=0 picbytes=0 pskip=0 nalus=1 n1:1339
  cu: inter64=0 inter32=0 inter16=0 inter8=0 intra32=0 intra16=0 intra8=0 intra4=0 reftype=0
  snapshot f234: 3 venc_ko blocks (pool0 0x73801000 len 0x10000)
src frame 235: srcf=3 off=944 br=16000
frame 235: send=0x0 get=0x0 len=1287 coding=1 startqp=0 meanqp=0 picbytes=0 pskip=0 nalus=1 n1:1287
  cu: inter64=0 inter32=0 inter16=0 inter8=0 intra32=0 intra16=0 intra8=0 intra4=0 reftype=0
  snapshot f235: 3 venc_ko blocks (pool0 0x73801000 len 0x10000)
src frame 236: srcf=4 off=948 br=16000
frame 236: send=0x0 get=0x0 len=1178 coding=1 startqp=0 meanqp=0 picbytes=0 pskip=0 nalus=1 n1:1178
  cu: inter64=0 inter32=0 inter16=0 inter8=0 intra32=0 intra16=0 intra8=0 intra4=0 reftype=0
  snapshot f236: 3 venc_ko blocks (pool0 0x73801000 len 0x10000)
src frame 237: srcf=5 off=952 br=16000
frame 237: send=0x0 get=0x0 len=1168 coding=1 startqp=0 meanqp=0 picbytes=0 pskip=0 nalus=1 n1:1168
  cu: inter64=0 inter32=0 inter16=0 inter8=0 intra32=0 intra16=0 intra8=0 intra4=0 reftype=0
  snapshot f237: 3 venc_ko blocks (pool0 0x73801000 len 0x10000)
src frame 238: srcf=6 off=956 br=16000
frame 238: send=0x0 get=0x0 len=1274 coding=1 startqp=0 meanqp=0 picbytes=0 pskip=0 nalus=1 n1:1274
  cu: inter64=0 inter32=0 inter16=0 inter8=0 intra32=0 intra16=0 intra8=0 intra4=0 reftype=0
  snapshot f238: 3 venc_ko blocks (pool0 0x73801000 len 0x10000)
src frame 239: srcf=7 off=960 br=16000
frame 239: send=0x0 get=0x0 len=1167 coding=1 startqp=0 meanqp=0 picbytes=0 pskip=0 nalus=1 n1:1167
  cu: inter64=0 inter32=0 inter16=0 inter8=0 intra32=0 intra16=0 intra8=0 intra4=0 reftype=0
  snapshot f239: 3 venc_ko blocks (pool0 0x73801000 len 0x10000)
src frame 240: srcf=8 off=964 br=16000
frame 240: send=0x0 get=0x0 len=34552 coding=0 startqp=0 meanqp=0 picbytes=0 pskip=0 nalus=4 n32:27 n33:53 n34:12 n19:34460
  cu: inter64=0 inter32=0 inter16=0 inter8=0 intra32=0 intra16=0 intra8=0 intra4=0 reftype=0
  snapshot f240: 3 venc_ko blocks (pool0 0x73801000 len 0x10000)
src frame 241: srcf=9 off=968 br=16000
frame 241: send=0x0 get=0x0 len=5621 coding=1 startqp=0 meanqp=0 picbytes=0 pskip=0 nalus=1 n1:5621
  cu: inter64=0 inter32=0 inter16=0 inter8=0 intra32=0 intra16=0 intra8=0 intra4=0 reftype=0
  snapshot f241: 3 venc_ko blocks (pool0 0x73801000 len 0x10000)
src frame 242: srcf=10 off=972 br=16000
frame 242: send=0x0 get=0x0 len=3804 coding=1 startqp=0 meanqp=0 picbytes=0 pskip=0 nalus=1 n1:3804
  cu: inter64=0 inter32=0 inter16=0 inter8=0 intra32=0 intra16=0 intra8=0 intra4=0 reftype=0
  snapshot f242: 3 venc_ko blocks (pool0 0x73801000 len 0x10000)
src frame 243: srcf=11 off=976 br=16000
frame 243: send=0x0 get=0x0 len=3971 coding=1 startqp=0 meanqp=0 picbytes=0 pskip=0 nalus=1 n1:3971
  cu: inter64=0 inter32=0 inter16=0 inter8=0 intra32=0 intra16=0 intra8=0 intra4=0 reftype=0
  snapshot f243: 3 venc_ko blocks (pool0 0x73801000 len 0x10000)
src frame 244: srcf=12 off=980 br=16000
frame 244: send=0x0 get=0x0 len=3691 coding=1 startqp=0 meanqp=0 picbytes=0 pskip=0 nalus=1 n1:3691
  cu: inter64=0 inter32=0 inter16=0 inter8=0 intra32=0 intra16=0 intra8=0 intra4=0 reftype=0
  snapshot f244: 3 venc_ko blocks (pool0 0x73801000 len 0x10000)
src frame 245: srcf=13 off=984 br=16000
frame 245: send=0x0 get=0x0 len=3955 coding=1 startqp=0 meanqp=0 picbytes=0 pskip=0 nalus=1 n1:3955
  cu: inter64=0 inter32=0 inter16=0 inter8=0 intra32=0 intra16=0 intra8=0 intra4=0 reftype=0
  snapshot f245: 3 venc_ko blocks (pool0 0x73801000 len 0x10000)
src frame 246: srcf=14 off=988 br=16000
frame 246: send=0x0 get=0x0 len=3769 coding=1 startqp=0 meanqp=0 picbytes=0 pskip=0 nalus=1 n1:3769
  cu: inter64=0 inter32=0 inter16=0 inter8=0 intra32=0 intra16=0 intra8=0 intra4=0 reftype=0
  snapshot f246: 3 venc_ko blocks (pool0 0x73801000 len 0x10000)
src frame 247: srcf=15 off=992 br=16000
frame 247: send=0x0 get=0x0 len=4033 coding=1 startqp=0 meanqp=0 picbytes=0 pskip=0 nalus=1 n1:4033
  cu: inter64=0 inter32=0 inter16=0 inter8=0 intra32=0 intra16=0 intra8=0 intra4=0 reftype=0
  snapshot f247: 3 venc_ko blocks (pool0 0x73801000 len 0x10000)
src frame 248: srcf=16 off=996 br=16000
frame 248: send=0x0 get=0x0 len=3987 coding=1 startqp=0 meanqp=0 picbytes=0 pskip=0 nalus=1 n1:3987
  cu: inter64=0 inter32=0 inter16=0 inter8=0 intra32=0 intra16=0 intra8=0 intra4=0 reftype=0
  snapshot f248: 3 venc_ko blocks (pool0 0x73801000 len 0x10000)
src frame 249: srcf=17 off=1000 br=16000
frame 249: send=0x0 get=0x0 len=4595 coding=1 startqp=0 meanqp=0 picbytes=0 pskip=0 nalus=1 n1:4595
  cu: inter64=0 inter32=0 inter16=0 inter8=0 intra32=0 intra16=0 intra8=0 intra4=0 reftype=0
  snapshot f249: 3 venc_ko blocks (pool0 0x73801000 len 0x10000)
src frame 250: srcf=18 off=1004 br=16000
frame 250: send=0x0 get=0x0 len=5064 coding=1 startqp=0 meanqp=0 picbytes=0 pskip=0 nalus=1 n1:5064
  cu: inter64=0 inter32=0 inter16=0 inter8=0 intra32=0 intra16=0 intra8=0 intra4=0 reftype=0
  snapshot f250: 3 venc_ko blocks (pool0 0x73801000 len 0x10000)
src frame 251: srcf=19 off=1008 br=16000
frame 251: send=0x0 get=0x0 len=5278 coding=1 startqp=0 meanqp=0 picbytes=0 pskip=0 nalus=1 n1:5278
  cu: inter64=0 inter32=0 inter16=0 inter8=0 intra32=0 intra16=0 intra8=0 intra4=0 reftype=0
  snapshot f251: 3 venc_ko blocks (pool0 0x73801000 len 0x10000)
src frame 252: srcf=20 off=1012 br=16000
frame 252: send=0x0 get=0x0 len=5885 coding=1 startqp=0 meanqp=0 picbytes=0 pskip=0 nalus=1 n1:5885
  cu: inter64=0 inter32=0 inter16=0 inter8=0 intra32=0 intra16=0 intra8=0 intra4=0 reftype=0
  snapshot f252: 3 venc_ko blocks (pool0 0x73801000 len 0x10000)
src frame 253: srcf=21 off=1016 br=16000
frame 253: send=0x0 get=0x0 len=6363 coding=1 startqp=0 meanqp=0 picbytes=0 pskip=0 nalus=1 n1:6363
  cu: inter64=0 inter32=0 inter16=0 inter8=0 intra32=0 intra16=0 intra8=0 intra4=0 reftype=0
  snapshot f253: 3 venc_ko blocks (pool0 0x73801000 len 0x10000)
src frame 254: srcf=22 off=1020 br=16000
frame 254: send=0x0 get=0x0 len=3908 coding=1 startqp=0 meanqp=0 picbytes=0 pskip=0 nalus=1 n1:3908
  cu: inter64=0 inter32=0 inter16=0 inter8=0 intra32=0 intra16=0 intra8=0 intra4=0 reftype=0
  snapshot f254: 3 venc_ko blocks (pool0 0x73801000 len 0x10000)
src frame 255: srcf=23 off=1024 br=16000
frame 255: send=0x0 get=0x0 len=2942 coding=1 startqp=0 meanqp=0 picbytes=0 pskip=0 nalus=1 n1:2942
  cu: inter64=0 inter32=0 inter16=0 inter8=0 intra32=0 intra16=0 intra8=0 intra4=0 reftype=0
  snapshot f255: 3 venc_ko blocks (pool0 0x73801000 len 0x10000)
src frame 256: srcf=24 off=1028 br=16000
frame 256: send=0x0 get=0x0 len=2153 coding=1 startqp=0 meanqp=0 picbytes=0 pskip=0 nalus=1 n1:2153
  cu: inter64=0 inter32=0 inter16=0 inter8=0 intra32=0 intra16=0 intra8=0 intra4=0 reftype=0
  snapshot f256: 3 venc_ko blocks (pool0 0x73801000 len 0x10000)
src frame 257: srcf=25 off=1032 br=16000
frame 257: send=0x0 get=0x0 len=1568 coding=1 startqp=0 meanqp=0 picbytes=0 pskip=0 nalus=1 n1:1568
  cu: inter64=0 inter32=0 inter16=0 inter8=0 intra32=0 intra16=0 intra8=0 intra4=0 reftype=0
  snapshot f257: 3 venc_ko blocks (pool0 0x73801000 len 0x10000)
src frame 258: srcf=26 off=1036 br=16000
frame 258: send=0x0 get=0x0 len=1804 coding=1 startqp=0 meanqp=0 picbytes=0 pskip=0 nalus=1 n1:1804
  cu: inter64=0 inter32=0 inter16=0 inter8=0 intra32=0 intra16=0 intra8=0 intra4=0 reftype=0
  snapshot f258: 3 venc_ko blocks (pool0 0x73801000 len 0x10000)
src frame 259: srcf=27 off=1040 br=16000
frame 259: send=0x0 get=0x0 len=1705 coding=1 startqp=0 meanqp=0 picbytes=0 pskip=0 nalus=1 n1:1705
  cu: inter64=0 inter32=0 inter16=0 inter8=0 intra32=0 intra16=0 intra8=0 intra4=0 reftype=0
  snapshot f259: 3 venc_ko blocks (pool0 0x73801000 len 0x10000)
src frame 260: srcf=28 off=1044 br=16000
frame 260: send=0x0 get=0x0 len=1921 coding=1 startqp=0 meanqp=0 picbytes=0 pskip=0 nalus=1 n1:1921
  cu: inter64=0 inter32=0 inter16=0 inter8=0 intra32=0 intra16=0 intra8=0 intra4=0 reftype=0
  snapshot f260: 3 venc_ko blocks (pool0 0x73801000 len 0x10000)
src frame 261: srcf=29 off=1048 br=16000
frame 261: send=0x0 get=0x0 len=1713 coding=1 startqp=0 meanqp=0 picbytes=0 pskip=0 nalus=1 n1:1713
  cu: inter64=0 inter32=0 inter16=0 inter8=0 intra32=0 intra16=0 intra8=0 intra4=0 reftype=0
  snapshot f261: 3 venc_ko blocks (pool0 0x73801000 len 0x10000)
src frame 262: srcf=28 off=1052 br=16000
frame 262: send=0x0 get=0x0 len=1651 coding=1 startqp=0 meanqp=0 picbytes=0 pskip=0 nalus=1 n1:1651
  cu: inter64=0 inter32=0 inter16=0 inter8=0 intra32=0 intra16=0 intra8=0 intra4=0 reftype=0
  snapshot f262: 3 venc_ko blocks (pool0 0x73801000 len 0x10000)
src frame 263: srcf=27 off=1056 br=16000
frame 263: send=0x0 get=0x0 len=1566 coding=1 startqp=0 meanqp=0 picbytes=0 pskip=0 nalus=1 n1:1566
  cu: inter64=0 inter32=0 inter16=0 inter8=0 intra32=0 intra16=0 intra8=0 intra4=0 reftype=0
  snapshot f263: 3 venc_ko blocks (pool0 0x73801000 len 0x10000)
src frame 264: srcf=26 off=1060 br=16000
frame 264: send=0x0 get=0x0 len=1350 coding=1 startqp=0 meanqp=0 picbytes=0 pskip=0 nalus=1 n1:1350
  cu: inter64=0 inter32=0 inter16=0 inter8=0 intra32=0 intra16=0 intra8=0 intra4=0 reftype=0
  snapshot f264: 3 venc_ko blocks (pool0 0x73801000 len 0x10000)
src frame 265: srcf=25 off=1064 br=16000
frame 265: send=0x0 get=0x0 len=1356 coding=1 startqp=0 meanqp=0 picbytes=0 pskip=0 nalus=1 n1:1356
  cu: inter64=0 inter32=0 inter16=0 inter8=0 intra32=0 intra16=0 intra8=0 intra4=0 reftype=0
  snapshot f265: 3 venc_ko blocks (pool0 0x73801000 len 0x10000)
src frame 266: srcf=24 off=1068 br=16000
frame 266: send=0x0 get=0x0 len=922 coding=1 startqp=0 meanqp=0 picbytes=0 pskip=0 nalus=1 n1:922
  cu: inter64=0 inter32=0 inter16=0 inter8=0 intra32=0 intra16=0 intra8=0 intra4=0 reftype=0
  snapshot f266: 3 venc_ko blocks (pool0 0x73801000 len 0x10000)
src frame 267: srcf=23 off=1072 br=16000
frame 267: send=0x0 get=0x0 len=871 coding=1 startqp=0 meanqp=0 picbytes=0 pskip=0 nalus=1 n1:871
  cu: inter64=0 inter32=0 inter16=0 inter8=0 intra32=0 intra16=0 intra8=0 intra4=0 reftype=0
  snapshot f267: 3 venc_ko blocks (pool0 0x73801000 len 0x10000)
src frame 268: srcf=22 off=1076 br=16000
frame 268: send=0x0 get=0x0 len=832 coding=1 startqp=0 meanqp=0 picbytes=0 pskip=0 nalus=1 n1:832
  cu: inter64=0 inter32=0 inter16=0 inter8=0 intra32=0 intra16=0 intra8=0 intra4=0 reftype=0
  snapshot f268: 3 venc_ko blocks (pool0 0x73801000 len 0x10000)
src frame 269: srcf=21 off=1080 br=16000
frame 269: send=0x0 get=0x0 len=1230 coding=1 startqp=0 meanqp=0 picbytes=0 pskip=0 nalus=1 n1:1230
  cu: inter64=0 inter32=0 inter16=0 inter8=0 intra32=0 intra16=0 intra8=0 intra4=0 reftype=0
  snapshot f269: 3 venc_ko blocks (pool0 0x73801000 len 0x10000)
---- /proc/ax_proc/venc ----
-------- VENC VERSION ------------------------
[Axera version]: ax_venc V3.0.0_20250319114413 Mar 19 2025 11:58:34 JK

-------- MODULE PARAM ------------------------
MaxChnNum   MaxRoiNum   MaxProcNum  
16          8           16          

-------- VENC CHN ATTR 1 ------------------------
ID    Type    wSrc    hSrc    Strd0   Strd1   maxW    maxH    PixFmt  link  InFifoDep    OutFifoDep   InDbgFifoLen InDbgFifoDep StrmBufSize(KB)
7     h265    1920    1080    3840    0       1920    1080    YUYV422 N     2            2            0            4            4114      
-------- VENC CHN ATTR 2 ------------------------
ID    [CropEn StartX  StartY  CropW   CropH]  Rotation  EncW    EncH    FrmSize      PTS          SeqNum       CompMode     CompLevel    PhyAddr0     PhyAddr1     PhyAddr2     
7     N       0       0       0       0       0         1920    1080    4147200      4100000      247          NONE         0            742cb000     0            0            
-------- VENC RC ATTR 1 ------------------------
ID    RcMode    SrcFr   DstFr   Br(kbps)  MinQp   MaxQp   MinIQp  MaxIQp  IQpDelta  IpropMax   IpropMin   StartQp    QpDltRng   DeBrQpDlt  SvcEn   ChgPos  StillPercent MaxStillQp 
7     CBR       60.00   60.00   16000     10      51      10      51      0         40         10         -1         2          0          False   -       -            -          
-------- VENC RC ATTR 2  -----------------------
ID    QMapQpType  QMapUnit    QMapBlkType IQp   PQp   MinQpDelta MaxQpDelta MaxBitRate shtStaTime ltStaTime  ltMinBr  ltMaxBr  Br_ST(kbps)    Br_LT(kbps)    
7     N/A         64x64       N/A         -     -     -          -          -          -          -          -        -        -              -              
-------- VENC GOP ATTR  ------------------------
ID    GopMode   Gop   GopVI 
7     NormalP   30    0     
-------- VENC STATUS 1 -------------------------
ID    RJEn         RJThr(bps)   RJMode       RJEncGaps    SupFrmEn     SupPri       SupThrI      SupThrP      SplitEn      SliceNum     Range(In)    Range(out)   
7     N            0            Normal       0            N            0            500000       500000       N            0            Full         Full         
-------- VENC STATUS 2 -------------------------
ID    ChnStat   FrmRecv   FrmRls    FrmEnc    FrmDrop   FrmDup    EncFail   MissMatch StrmGet   StrmRls   OutFps    RealBr    ReEncCnt  DropCnt   BlkFail   GrpID     PID     TID     ThNum   RefInc    RefDec    Fail1   Fail2   Fail3   Fail4   
7     STARTED   247       247       247       0         0         0         0         247       246       50.00     1577.02   0         0         0         -1        130293  130297  1       247       247       0       0       0       0       
-------- VENC HW STATUS  ------------------------
ID    OverFlow     TimeOut      
7     0            0            
-------- VENC ROI INFO  ------------------------
ID    Index        bEnable      bAbsQp       RoiQP        Width        Height       StartX       StartY       
done h265_chgmid
