# vdrive tag=fixqp28 1920x1080 rc=fixqp br=8000 fps=60/60 gop=30 iqp=28 pqp=28 profile=10 level=51 qp[10..51] iqp[10..51] iqd=0 firstqp=-1 iprop[10..40] idrrange=2 stattime=1 vq=0 ir=0/0 slice=0 debreath=0 scd=-1 rowqpd=-1 move=0 nframes=6
AX_SYS_Init rc=0x0
AX_VENC_Init rc=0x0
AX_VENC_CreateChn(7) rc=0x0
StartRecvFrame rc=0x0
AX_POOL_CreatePool id=0x0
blk=0x5e000000 phys=0x742f4000 virt=0xffffb8d2c000
  snapshot pre: 3 venc_ko blocks (pool0 0x7382c000 len 0x10000)
frame 0: send=0x0 get=0x0 len=2182 coding=0 startqp=0 meanqp=0 picbytes=0 pskip=0 nalus=3 n7:32 n8:8 n5:2142
  snapshot f000: 3 venc_ko blocks (pool0 0x7382c000 len 0x10000)
frame 1: send=0x0 get=0x0 len=626 coding=1 startqp=0 meanqp=0 picbytes=0 pskip=0 nalus=1 n1:626
  snapshot f001: 3 venc_ko blocks (pool0 0x7382c000 len 0x10000)
frame 2: send=0x0 get=0x0 len=609 coding=1 startqp=0 meanqp=0 picbytes=0 pskip=0 nalus=1 n1:609
  snapshot f002: 3 venc_ko blocks (pool0 0x7382c000 len 0x10000)
frame 3: send=0x0 get=0x0 len=609 coding=1 startqp=0 meanqp=0 picbytes=0 pskip=0 nalus=1 n1:609
  snapshot f003: 3 venc_ko blocks (pool0 0x7382c000 len 0x10000)
frame 4: send=0x0 get=0x0 len=609 coding=1 startqp=0 meanqp=0 picbytes=0 pskip=0 nalus=1 n1:609
  snapshot f004: 3 venc_ko blocks (pool0 0x7382c000 len 0x10000)
frame 5: send=0x0 get=0x0 len=609 coding=1 startqp=0 meanqp=0 picbytes=0 pskip=0 nalus=1 n1:609
  snapshot f005: 3 venc_ko blocks (pool0 0x7382c000 len 0x10000)
---- /proc/ax_proc/venc ----
-------- VENC VERSION ------------------------
[Axera version]: ax_venc V3.0.0_20250319114413 Mar 19 2025 11:58:34 JK

-------- MODULE PARAM ------------------------
MaxChnNum   MaxRoiNum   MaxProcNum  
16          8           16          

done fixqp28
