[openvenc][rc] f=104 P qp=16 bytes=620 avg=1193 kbps
[openvenc][rc] f=105 P qp=16 bytes=501 avg=1184 kbps
[openvenc][rc] f=106 P qp=16 bytes=430 avg=1175 kbps
[openvenc][rc] f=107 P qp=16 bytes=415 avg=1166 kbps
[openvenc][rc] f=108 P qp=16 bytes=409 avg=1157 kbps
[openvenc][rc] f=109 P qp=16 bytes=409 avg=1148 kbps
[openvenc][rc] f=110 P qp=16 bytes=414 avg=1139 kbps
[openvenc][rc] f=111 P qp=16 bytes=412 avg=1131 kbps
[openvenc][rc] f=112 P qp=16 bytes=407 avg=1123 kbps
[openvenc][rc] f=113 P qp=16 bytes=409 avg=1115 kbps
[openvenc][rc] f=114 P qp=16 bytes=413 avg=1107 kbps
[openvenc][rc] f=115 P qp=16 bytes=413 avg=1099 kbps
[openvenc][rc] f=116 P qp=16 bytes=414 avg=1091 kbps
[openvenc][rc] f=117 P qp=16 bytes=409 avg=1083 kbps
[openvenc][rc] f=118 P qp=16 bytes=412 avg=1076 kbps
[openvenc][rc] f=119 P qp=16 bytes=414 avg=1069 kbps
[openvenc][rc] f=120 P qp=16 bytes=409 avg=1061 kbps
[openvenc][rc] f=121 P qp=16 bytes=409 avg=1054 kbps
[openvenc][rc] f=122 P qp=16 bytes=412 avg=1047 kbps
[openvenc][rc] f=123 P qp=16 bytes=412 avg=1040 kbps
[openvenc][rc] f=124 P qp=16 bytes=409 avg=1034 kbps
[openvenc][rc] f=125 P qp=16 bytes=409 avg=1027 kbps
[openvenc][rc] f=126 P qp=16 bytes=413 avg=1020 kbps
[openvenc][rc] f=127 P qp=16 bytes=414 avg=1014 kbps
[openvenc][rc] f=128 P qp=16 bytes=409 avg=1008 kbps
[openvenc][rc] f=129 P qp=16 bytes=408 avg=1001 kbps
[openvenc][rc] f=130 P qp=16 bytes=413 avg=995 kbps
[openvenc][rc] f=131 P qp=16 bytes=414 avg=989 kbps
[openvenc][rc] f=132 P qp=16 bytes=409 avg=983 kbps
[openvenc][rc] f=133 P qp=16 bytes=408 avg=977 kbps
[openvenc][rc] f=134 P qp=16 bytes=412 avg=971 kbps
[openvenc][rc] f=135 P qp=16 bytes=413 avg=966 kbps
[openvenc][rc] f=136 P qp=16 bytes=409 avg=960 kbps
[openvenc][rc] f=137 P qp=16 bytes=408 avg=954 kbps
[openvenc][rc] f=138 P qp=16 bytes=414 avg=949 kbps
[openvenc][rc] f=139 P qp=16 bytes=414 avg=944 kbps
[openvenc][rc] f=140 P qp=16 bytes=408 avg=938 kbps
[openvenc][rc] f=141 P qp=16 bytes=409 avg=933 kbps
[openvenc][rc] f=142 P qp=16 bytes=413 avg=928 kbps
[openvenc][rc] f=143 P qp=16 bytes=414 avg=923 kbps
[openvenc][rc] f=144 P qp=16 bytes=408 avg=918 kbps
[openvenc][rc] f=145 P qp=16 bytes=408 avg=913 kbps
[openvenc][rc] f=146 P qp=16 bytes=413 avg=908 kbps
[openvenc][rc] f=147 P qp=16 bytes=414 avg=903 kbps
[openvenc][rc] f=148 P qp=16 bytes=408 avg=898 kbps
[openvenc][rc] f=149 P qp=16 bytes=414 avg=894 kbps
[openvenc][rc] f=150 IDR qp=17 bytes=63547 avg=1086 kbps
[openvenc][rc] f=151 P qp=17 bytes=764 avg=1082 kbps
[openvenc][rc] f=152 P qp=16 bytes=1016 avg=1078 kbps
[openvenc][rc] f=153 P qp=16 bytes=708 avg=1073 kbps
[openvenc][rc] f=154 P qp=16 bytes=620 avg=1068 kbps
[openvenc][rc] f=155 P qp=16 bytes=501 avg=1062 kbps
[openvenc][rc] f=156 P qp=16 bytes=430 avg=1057 kbps
[openvenc][rc] f=157 P qp=16 bytes=415 avg=1052 kbps
[openvenc][rc] f=158 P qp=16 bytes=409 avg=1046 kbps
[openvenc][rc] f=159 P qp=16 bytes=409 avg=1041 kbps
[openvenc][rc] f=160 P qp=16 bytes=414 avg=1036 kbps
[openvenc][rc] f=161 P qp=16 bytes=412 avg=1030 kbps
[openvenc][rc] f=162 P qp=16 bytes=407 avg=1025 kbps
[openvenc][rc] f=163 P qp=16 bytes=409 avg=1020 kbps
[openvenc][rc] f=164 P qp=16 bytes=413 avg=1015 kbps
[openvenc][rc] f=165 P qp=16 bytes=413 avg=1010 kbps
[openvenc][rc] f=166 P qp=16 bytes=414 avg=1005 kbps
[openvenc][rc] f=167 P qp=16 bytes=409 avg=1000 kbps
[openvenc][rc] f=168 P qp=16 bytes=412 avg=996 kbps
[openvenc][rc] f=169 P qp=16 bytes=414 avg=991 kbps
[openvenc][rc] f=170 P qp=16 bytes=409 avg=986 kbps
[openvenc][rc] f=171 P qp=16 bytes=409 avg=982 kbps
[openvenc][rc] f=172 P qp=16 bytes=412 avg=977 kbps
[openvenc][rc] f=173 P qp=16 bytes=412 avg=973 kbps
[openvenc][rc] f=174 P qp=16 bytes=409 avg=968 kbps
[openvenc][rc] f=175 P qp=16 bytes=409 avg=964 kbps
[openvenc][rc] f=176 P qp=16 bytes=413 avg=959 kbps
[openvenc][rc] f=177 P qp=16 bytes=414 avg=955 kbps
[openvenc][rc] f=178 P qp=16 bytes=409 avg=951 kbps
[openvenc][rc] f=179 P qp=16 bytes=408 avg=947 kbps
[openvenc][rc] f=180 P qp=16 bytes=413 avg=943 kbps
[openvenc][rc] f=181 P qp=16 bytes=414 avg=938 kbps
[openvenc][rc] f=182 P qp=16 bytes=409 avg=934 kbps
[openvenc][rc] f=183 P qp=16 bytes=408 avg=930 kbps
[openvenc][rc] f=184 P qp=16 bytes=412 avg=926 kbps
[openvenc][rc] f=185 P qp=16 bytes=413 avg=922 kbps
[openvenc][rc] f=186 P qp=16 bytes=409 avg=919 kbps
[openvenc][rc] f=187 P qp=16 bytes=408 avg=915 kbps
[openvenc][rc] f=188 P qp=16 bytes=414 avg=911 kbps
[openvenc][rc] f=189 P qp=16 bytes=414 avg=907 kbps
[openvenc][rc] f=190 P qp=16 bytes=408 avg=903 kbps
[openvenc][rc] f=191 P qp=16 bytes=409 avg=900 kbps
[openvenc][rc] f=192 P qp=16 bytes=413 avg=896 kbps
[openvenc][rc] f=193 P qp=16 bytes=414 avg=892 kbps
[openvenc][rc] f=194 P qp=16 bytes=408 avg=889 kbps
[openvenc][rc] f=195 P qp=16 bytes=408 avg=885 kbps
[openvenc][rc] f=196 P qp=16 bytes=413 avg=882 kbps
[openvenc][rc] f=197 P qp=16 bytes=414 avg=878 kbps
[openvenc][rc] f=198 P qp=16 bytes=408 avg=875 kbps
[openvenc][rc] f=199 P qp=16 bytes=414 avg=871 kbps
[openvenc][rc] f=200 IDR qp=17 bytes=63547 avg=1016 kbps
[openvenc][rc] f=201 P qp=17 bytes=764 avg=1013 kbps
[openvenc][rc] f=202 P qp=16 bytes=1016 avg=1010 kbps
[openvenc][rc] f=203 P qp=16 bytes=708 avg=1007 kbps
[openvenc][rc] f=204 P qp=16 bytes=620 avg=1004 kbps
[openvenc][rc] f=205 P qp=16 bytes=501 avg=1000 kbps
[openvenc][rc] f=206 P qp=16 bytes=430 avg=996 kbps
[openvenc][rc] f=207 P qp=16 bytes=415 avg=992 kbps
[openvenc][rc] f=208 P qp=16 bytes=409 avg=988 kbps
[openvenc][rc] f=209 P qp=16 bytes=409 avg=985 kbps
[openvenc][rc] f=210 P qp=16 bytes=414 avg=981 kbps
[openvenc][rc] f=211 P qp=16 bytes=412 avg=977 kbps
[openvenc][rc] f=212 P qp=16 bytes=407 avg=973 kbps
[openvenc][rc] f=213 P qp=16 bytes=409 avg=970 kbps
[openvenc][rc] f=214 P qp=16 bytes=413 avg=966 kbps
[openvenc][rc] f=215 P qp=16 bytes=413 avg=963 kbps
[openvenc][rc] f=216 P qp=16 bytes=414 avg=959 kbps
[openvenc][rc] f=217 P qp=16 bytes=409 avg=956 kbps
[openvenc][rc] f=218 P qp=16 bytes=412 avg=952 kbps
[openvenc][rc] f=219 P qp=16 bytes=414 avg=949 kbps
[openvenc][rc] f=220 P qp=16 bytes=409 avg=945 kbps
[openvenc][rc] f=221 P qp=16 bytes=409 avg=942 kbps
[openvenc][rc] f=222 P qp=16 bytes=412 avg=939 kbps
[openvenc][rc] f=223 P qp=16 bytes=412 avg=935 kbps
[openvenc][rc] f=224 P qp=16 bytes=409 avg=932 kbps
[openvenc][rc] f=225 P qp=16 bytes=409 avg=929 kbps
[openvenc][rc] f=226 P qp=16 bytes=413 avg=925 kbps
[openvenc][rc] f=227 P qp=16 bytes=414 avg=922 kbps
[openvenc][rc] f=228 P qp=16 bytes=409 avg=919 kbps
[openvenc][rc] f=229 P qp=16 bytes=408 avg=916 kbps
[openvenc][rc] f=230 P qp=16 bytes=413 avg=913 kbps
[openvenc][rc] f=231 P qp=16 bytes=414 avg=910 kbps
[openvenc][rc] f=232 P qp=16 bytes=409 avg=907 kbps
[openvenc][rc] f=233 P qp=16 bytes=408 avg=904 kbps
[openvenc][rc] f=234 P qp=16 bytes=412 avg=901 kbps
[openvenc][rc] f=235 P qp=16 bytes=413 avg=898 kbps
[openvenc][rc] f=236 P qp=16 bytes=409 avg=895 kbps
[openvenc][rc] f=237 P qp=16 bytes=408 avg=892 kbps
[openvenc][rc] f=238 P qp=16 bytes=414 avg=889 kbps
[openvenc][rc] f=239 P qp=16 bytes=414 avg=886 kbps
[openvenc][rc] f=240 P qp=16 bytes=408 avg=883 kbps
[openvenc][rc] f=241 P qp=16 bytes=409 avg=880 kbps
[openvenc][rc] f=242 P qp=16 bytes=413 avg=877 kbps
[openvenc][rc] f=243 P qp=16 bytes=414 avg=874 kbps
[openvenc][rc] f=244 P qp=16 bytes=408 avg=872 kbps
[openvenc][rc] f=245 P qp=16 bytes=408 avg=869 kbps
[openvenc][rc] f=246 P qp=16 bytes=413 avg=866 kbps
[openvenc][rc] f=247 P qp=16 bytes=414 avg=863 kbps
[openvenc][rc] f=248 P qp=16 bytes=408 avg=861 kbps
[openvenc][rc] f=249 P qp=16 bytes=414 avg=858 kbps
[openvenc][rc] f=250 IDR qp=17 bytes=63547 avg=974 kbps
[openvenc][rc] f=251 P qp=17 bytes=764 avg=972 kbps
[openvenc][rc] f=252 P qp=16 bytes=1016 avg=970 kbps
[openvenc][rc] f=253 P qp=16 bytes=708 avg=967 kbps
[openvenc][rc] f=254 P qp=16 bytes=620 avg=965 kbps
[openvenc][rc] f=255 P qp=16 bytes=501 avg=962 kbps
[openvenc][rc] f=256 P qp=16 bytes=430 avg=959 kbps
[openvenc][rc] f=257 P qp=16 bytes=415 avg=956 kbps
[openvenc][rc] f=258 P qp=16 bytes=409 avg=953 kbps
[openvenc][rc] f=259 P qp=16 bytes=409 avg=950 kbps
[openvenc][rc] f=260 P qp=16 bytes=414 avg=947 kbps
[openvenc][rc] f=261 P qp=16 bytes=412 avg=944 kbps
[openvenc][rc] f=262 P qp=16 bytes=407 avg=941 kbps
[openvenc][rc] f=263 P qp=16 bytes=409 avg=939 kbps
[openvenc][rc] f=264 P qp=16 bytes=413 avg=936 kbps
[openvenc][rc] f=265 P qp=16 bytes=413 avg=933 kbps
[openvenc][rc] f=266 P qp=16 bytes=414 avg=930 kbps
[openvenc][rc] f=267 P qp=16 bytes=409 avg=927 kbps
[openvenc][rc] f=268 P qp=16 bytes=412 avg=925 kbps
[openvenc][rc] f=269 P qp=16 bytes=414 avg=922 kbps
[openvenc][rc] f=270 P qp=16 bytes=409 avg=919 kbps
[openvenc][rc] f=271 P qp=16 bytes=409 avg=917 kbps
[openvenc][rc] f=272 P qp=16 bytes=412 avg=914 kbps
[openvenc][rc] f=273 P qp=16 bytes=412 avg=911 kbps
[openvenc][rc] f=274 P qp=16 bytes=409 avg=909 kbps
[openvenc][rc] f=275 P qp=16 bytes=409 avg=906 kbps
[openvenc][rc] f=276 P qp=16 bytes=413 avg=904 kbps
[openvenc][rc] f=277 P qp=16 bytes=829 avg=902 kbps
[openvenc][rc] f=278 P qp=16 bytes=429 avg=899 kbps
[openvenc][rc] f=279 P qp=16 bytes=927 avg=898 kbps
[openvenc][rc] f=280 P qp=16 bytes=687 avg=896 kbps
[openvenc][rc] f=281 P qp=16 bytes=614 avg=893 kbps
[openvenc][rc] f=282 P qp=16 bytes=937 avg=892 kbps
[openvenc][rc] f=283 P qp=16 bytes=874 avg=890 kbps
[openvenc][rc] f=284 P qp=16 bytes=1267 avg=889 kbps
[openvenc][rc] f=285 P qp=16 bytes=1084 avg=888 kbps
[openvenc][rc] f=286 P qp=16 bytes=904 avg=886 kbps
[openvenc][rc] f=287 P qp=16 bytes=704 avg=884 kbps
[openvenc][rc] f=288 P qp=16 bytes=729 avg=882 kbps
[openvenc][rc] f=289 P qp=16 bytes=1008 avg=881 kbps
[openvenc][rc] f=290 P qp=16 bytes=960 avg=880 kbps
[openvenc][rc] f=291 P qp=16 bytes=1000 avg=878 kbps
[openvenc][rc] f=292 P qp=16 bytes=924 avg=877 kbps
[openvenc][rc] f=293 P qp=16 bytes=985 avg=875 kbps
[openvenc][rc] f=294 P qp=16 bytes=1046 avg=874 kbps
[openvenc][rc] f=295 P qp=16 bytes=522 avg=872 kbps
[openvenc][rc] f=296 P qp=16 bytes=549 avg=870 kbps
[openvenc][rc] f=297 P qp=16 bytes=509 avg=868 kbps
[openvenc][rc] f=298 P qp=16 bytes=454 avg=865 kbps
[openvenc][rc] f=299 P qp=16 bytes=420 avg=863 kbps
[openvenc][rc] f=300 IDR qp=17 bytes=63771 avg=960 kbps
[openvenc][rc] f=301 P qp=17 bytes=743 avg=958 kbps
[openvenc][rc] f=302 P qp=16 bytes=952 avg=957 kbps
[openvenc][rc] f=303 P qp=16 bytes=658 avg=955 kbps
[openvenc][rc] f=304 P qp=16 bytes=566 avg=952 kbps
[openvenc][rc] f=305 P qp=16 bytes=473 avg=950 kbps
[openvenc][rc] f=306 P qp=16 bytes=490 avg=948 kbps
[openvenc][rc] f=307 P qp=16 bytes=374 avg=945 kbps
[openvenc][rc] f=308 P qp=16 bytes=367 avg=943 kbps
[openvenc][rc] f=309 P qp=16 bytes=364 avg=940 kbps
[openvenc][rc] f=310 P qp=16 bytes=362 avg=938 kbps
[openvenc][rc] f=311 P qp=16 bytes=362 avg=935 kbps
[openvenc][rc] f=312 P qp=16 bytes=362 avg=933 kbps
[openvenc][rc] f=313 P qp=16 bytes=362 avg=930 kbps
[openvenc][rc] f=314 P qp=16 bytes=362 avg=928 kbps
[openvenc][rc] f=315 P qp=16 bytes=362 avg=926 kbps
[openvenc][rc] f=316 P qp=16 bytes=362 avg=923 kbps
[openvenc][rc] f=317 P qp=16 bytes=362 avg=921 kbps
[openvenc][rc] f=318 P qp=16 bytes=362 avg=918 kbps
[openvenc][rc] f=319 P qp=16 bytes=362 avg=916 kbps
[openvenc][rc] f=320 P qp=16 bytes=362 avg=914 kbps
[openvenc][rc] f=321 P qp=16 bytes=362 avg=911 kbps
[openvenc][rc] f=322 P qp=16 bytes=362 avg=909 kbps
[openvenc][rc] f=323 P qp=16 bytes=362 avg=907 kbps
[openvenc][rc] f=324 P qp=16 bytes=362 avg=905 kbps
[openvenc][rc] f=325 P qp=16 bytes=362 avg=902 kbps
[openvenc][rc] f=326 P qp=16 bytes=362 avg=900 kbps
[openvenc][rc] f=327 P qp=16 bytes=362 avg=898 kbps
[openvenc][rc] f=328 P qp=16 bytes=362 avg=896 kbps
[openvenc][rc] f=329 P qp=16 bytes=362 avg=893 kbps
[openvenc][rc] f=330 P qp=16 bytes=362 avg=891 kbps
[openvenc][rc] f=331 P qp=16 bytes=362 avg=889 kbps
[openvenc][rc] f=332 P qp=16 bytes=362 avg=887 kbps
[openvenc][rc] f=333 P qp=16 bytes=362 avg=885 kbps
[openvenc][rc] f=334 P qp=16 bytes=362 avg=883 kbps
[openvenc][rc] f=335 P qp=16 bytes=362 avg=881 kbps
[openvenc][rc] f=336 P qp=16 bytes=362 avg=878 kbps
[openvenc][rc] f=337 P qp=16 bytes=362 avg=876 kbps
[openvenc][rc] f=338 P qp=16 bytes=362 avg=874 kbps
[openvenc][rc] f=339 P qp=16 bytes=362 avg=872 kbps
[openvenc][rc] f=340 P qp=16 bytes=362 avg=870 kbps
[openvenc][rc] f=341 P qp=16 bytes=362 avg=868 kbps
[openvenc][rc] f=342 P qp=16 bytes=362 avg=866 kbps
[openvenc][rc] f=343 P qp=16 bytes=362 avg=864 kbps
[openvenc][rc] f=344 P qp=16 bytes=362 avg=862 kbps
[openvenc][rc] f=345 P qp=16 bytes=440 avg=860 kbps
[openvenc][rc] f=346 P qp=16 bytes=389 avg=858 kbps
[openvenc][rc] f=347 P qp=16 bytes=443 avg=856 kbps
[openvenc][rc] f=348 P qp=16 bytes=766 avg=855 kbps
[openvenc][rc] f=349 P qp=16 bytes=1048 avg=854 kbps
[openvenc][rc] f=350 IDR qp=17 bytes=63550 avg=937 kbps
[openvenc][rc] f=351 P qp=17 bytes=1479 avg=936 kbps
[openvenc][rc] f=352 P qp=16 bytes=1662 avg=936 kbps
[openvenc][rc] f=353 P qp=16 bytes=1236 avg=935 kbps
[openvenc][rc] f=354 P qp=16 bytes=1046 avg=934 kbps
[openvenc][rc] f=355 P qp=16 bytes=949 avg=932 kbps
[openvenc][rc] f=356 P qp=16 bytes=681 avg=931 kbps
[openvenc][rc] f=357 P qp=16 bytes=662 avg=929 kbps
[openvenc][rc] f=358 P qp=16 bytes=602 avg=927 kbps
[openvenc][rc] f=359 P qp=16 bytes=521 avg=925 kbps
[openvenc][rc] f=360 P qp=16 bytes=432 avg=923 kbps
[openvenc][rc] f=361 P qp=16 bytes=411 avg=921 kbps
[openvenc][rc] f=362 P qp=16 bytes=388 avg=919 kbps
[openvenc][rc] f=363 P qp=16 bytes=389 avg=917 kbps
[openvenc][rc] f=364 P qp=16 bytes=386 avg=915 kbps
[openvenc][rc] f=365 P qp=16 bytes=386 avg=913 kbps
[openvenc][rc] f=366 P qp=16 bytes=386 avg=911 kbps
[openvenc][rc] f=367 P qp=16 bytes=386 avg=909 kbps
[openvenc][rc] f=368 P qp=16 bytes=386 avg=907 kbps
[openvenc][rc] f=369 P qp=16 bytes=386 avg=905 kbps
[openvenc][rc] f=370 P qp=16 bytes=386 avg=903 kbps
[openvenc][rc] f=371 P qp=16 bytes=386 avg=901 kbps
[openvenc][rc] f=372 P qp=16 bytes=386 avg=899 kbps
[openvenc][rc] f=373 P qp=16 bytes=386 avg=897 kbps
[openvenc][rc] f=374 P qp=16 bytes=386 avg=895 kbps
[openvenc][rc] f=375 P qp=16 bytes=386 avg=894 kbps
[openvenc][rc] f=376 P qp=16 bytes=386 avg=892 kbps
[openvenc][rc] f=377 P qp=16 bytes=988 avg=891 kbps
[openvenc][rc] f=378 P qp=16 bytes=1185 avg=890 kbps
[openvenc][rc] f=379 P qp=16 bytes=995 avg=889 kbps
[openvenc][rc] f=380 P qp=16 bytes=1124 avg=888 kbps
[openvenc][rc] f=381 P qp=16 bytes=2138 avg=888 kbps
[openvenc][rc] f=382 P qp=16 bytes=2101 avg=888 kbps
[openvenc][rc] f=383 P qp=16 bytes=2431 avg=889 kbps
[openvenc][rc] f=384 P qp=16 bytes=2649 avg=890 kbps
[openvenc][rc] f=385 P qp=16 bytes=2787 avg=891 kbps
[openvenc][rc] f=386 P qp=16 bytes=582 avg=889 kbps
[openvenc][rc] f=387 P qp=16 bytes=477 avg=888 kbps
[openvenc][rc] f=388 P qp=16 bytes=444 avg=886 kbps
[openvenc][rc] f=389 P qp=16 bytes=436 avg=884 kbps
[openvenc][rc] f=390 P qp=16 bytes=430 avg=882 kbps
[openvenc][rc] f=391 P qp=16 bytes=432 avg=881 kbps
[openvenc][rc] f=392 P qp=16 bytes=409 avg=879 kbps
[openvenc][rc] f=393 P qp=16 bytes=400 avg=877 kbps
[openvenc][rc] f=394 P qp=16 bytes=398 avg=875 kbps
[openvenc][rc] f=395 P qp=16 bytes=398 avg=874 kbps
[openvenc][rc] f=396 P qp=16 bytes=396 avg=872 kbps
[openvenc][rc] f=397 P qp=16 bytes=396 avg=870 kbps
[openvenc][rc] f=398 P qp=16 bytes=396 avg=869 kbps
[openvenc][rc] f=399 P qp=16 bytes=396 avg=867 kbps
[openvenc][rc] f=400 IDR qp=17 bytes=64047 avg=940 kbps
[openvenc][rc] f=401 P qp=17 bytes=810 avg=939 kbps
[openvenc][rc] f=402 P qp=16 bytes=1047 avg=938 kbps
[openvenc][rc] f=403 P qp=16 bytes=734 avg=936 kbps
[openvenc][rc] f=404 P qp=16 bytes=586 avg=934 kbps
[openvenc][rc] f=405 P qp=16 bytes=500 avg=933 kbps
[openvenc][rc] f=406 P qp=16 bytes=446 avg=931 kbps
[openvenc][rc] f=407 P qp=16 bytes=426 avg=929 kbps
[openvenc][rc] f=408 P qp=16 bytes=414 avg=927 kbps
[openvenc][rc] f=409 P qp=16 bytes=410 avg=926 kbps
[openvenc][rc] f=410 P qp=16 bytes=415 avg=924 kbps
[openvenc][rc] f=411 P qp=16 bytes=414 avg=922 kbps
[openvenc][rc] f=412 P qp=16 bytes=409 avg=920 kbps
[openvenc][rc] f=413 P qp=16 bytes=410 avg=919 kbps
[openvenc][rc] f=414 P qp=16 bytes=415 avg=917 kbps
[openvenc][rc] f=415 P qp=16 bytes=414 avg=915 kbps
[openvenc][rc] f=416 P qp=16 bytes=415 avg=913 kbps
[openvenc][rc] f=417 P qp=16 bytes=411 avg=912 kbps
[openvenc][rc] f=418 P qp=16 bytes=414 avg=910 kbps
[openvenc][rc] f=419 P qp=16 bytes=415 avg=908 kbps
[openvenc][rc] f=420 P qp=16 bytes=410 avg=907 kbps
[openvenc][rc] f=421 P qp=16 bytes=411 avg=905 kbps
[openvenc][rc] f=422 P qp=16 bytes=414 avg=903 kbps
[openvenc][rc] f=423 P qp=16 bytes=414 avg=901 kbps
[openvenc][rc] f=424 P qp=16 bytes=410 avg=900 kbps
[openvenc][rc] f=425 P qp=16 bytes=411 avg=898 kbps
[openvenc][rc] f=426 P qp=16 bytes=414 avg=897 kbps
[openvenc][rc] f=427 P qp=16 bytes=416 avg=895 kbps
[openvenc][rc] f=428 P qp=16 bytes=410 avg=893 kbps
[openvenc][rc] f=429 P qp=16 bytes=409 avg=892 kbps
[openvenc][rc] f=430 P qp=16 bytes=415 avg=890 kbps
[openvenc][rc] f=431 P qp=16 bytes=415 avg=888 kbps
[openvenc][rc] f=432 P qp=16 bytes=411 avg=887 kbps
[openvenc][rc] f=433 P qp=16 bytes=409 avg=885 kbps
[openvenc][rc] f=434 P qp=16 bytes=413 avg=884 kbps
[openvenc][rc] f=435 P qp=16 bytes=415 avg=882 kbps
[openvenc][rc] f=436 P qp=16 bytes=410 avg=880 kbps
[openvenc][rc] f=437 P qp=16 bytes=410 avg=879 kbps
[openvenc][rc] f=438 P qp=16 bytes=415 avg=877 kbps
[openvenc][rc] f=439 P qp=16 bytes=415 avg=876 kbps
[openvenc][rc] f=440 P qp=16 bytes=409 avg=874 kbps
[openvenc][rc] f=441 P qp=16 bytes=411 avg=873 kbps
[openvenc][rc] f=442 P qp=16 bytes=415 avg=871 kbps
[openvenc][rc] f=443 P qp=16 bytes=415 avg=870 kbps
[openvenc][rc] f=444 P qp=16 bytes=409 avg=868 kbps
[openvenc][rc] f=445 P qp=16 bytes=409 avg=867 kbps
[openvenc][rc] f=446 P qp=16 bytes=415 avg=865 kbps
[openvenc][rc] f=447 P qp=16 bytes=415 avg=864 kbps
[openvenc][rc] f=448 P qp=16 bytes=409 avg=862 kbps
[openvenc][rc] f=449 P qp=16 bytes=416 avg=861 kbps
[openvenc][rc] f=450 IDR qp=17 bytes=64047 avg=926 kbps
[openvenc][rc] f=451 P qp=17 bytes=810 avg=925 kbps
[openvenc][rc] f=452 P qp=16 bytes=1047 avg=924 kbps
[openvenc][rc] f=453 P qp=16 bytes=734 avg=922 kbps
[openvenc][rc] f=454 P qp=16 bytes=586 avg=921 kbps
[openvenc][rc] f=455 P qp=16 bytes=500 avg=919 kbps
[openvenc][rc] f=456 P qp=16 bytes=446 avg=918 kbps
[openvenc][rc] f=457 P qp=16 bytes=426 avg=916 kbps
[openvenc][rc] f=458 P qp=16 bytes=414 avg=915 kbps
[openvenc][rc] f=459 P qp=16 bytes=410 avg=913 kbps
[openvenc][rc] f=460 P qp=16 bytes=415 avg=912 kbps
[openvenc][rc] f=461 P qp=16 bytes=414 avg=910 kbps
[openvenc][rc] f=462 P qp=16 bytes=409 avg=909 kbps
[openvenc][rc] f=463 P qp=16 bytes=410 avg=907 kbps
[openvenc][rc] f=464 P qp=16 bytes=415 avg=905 kbps
[openvenc][rc] f=465 P qp=16 bytes=414 avg=904 kbps
[openvenc][rc] f=466 P qp=16 bytes=415 avg=902 kbps
[openvenc][rc] f=467 P qp=16 bytes=411 avg=901 kbps
[openvenc][rc] f=468 P qp=16 bytes=414 avg=899 kbps
[openvenc][rc] f=469 P qp=16 bytes=415 avg=898 kbps
[openvenc][rc] f=470 P qp=16 bytes=410 avg=896 kbps
[openvenc][rc] f=471 P qp=16 bytes=411 avg=895 kbps
[openvenc][rc] f=472 P qp=16 bytes=414 avg=893 kbps
[openvenc][rc] f=473 P qp=16 bytes=414 avg=892 kbps
[openvenc][rc] f=474 P qp=16 bytes=410 avg=890 kbps
[openvenc][rc] f=475 P qp=16 bytes=411 avg=889 kbps
[openvenc][rc] f=476 P qp=16 bytes=414 avg=888 kbps
[openvenc][rc] f=477 P qp=16 bytes=416 avg=886 kbps
[openvenc][rc] f=478 P qp=16 bytes=410 avg=885 kbps
[openvenc][rc] f=479 P qp=16 bytes=409 avg=883 kbps
[openvenc][rc] f=480 P qp=16 bytes=415 avg=882 kbps
[openvenc][rc] f=481 P qp=16 bytes=415 avg=880 kbps
[openvenc][rc] f=482 P qp=16 bytes=411 avg=879 kbps
[openvenc][rc] f=483 P qp=16 bytes=409 avg=878 kbps
[openvenc][rc] f=484 P qp=16 bytes=413 avg=876 kbps
[openvenc][rc] f=485 P qp=16 bytes=415 avg=875 kbps
[openvenc][rc] f=486 P qp=16 bytes=410 avg=873 kbps
[openvenc][rc] f=487 P qp=16 bytes=410 avg=872 kbps
[openvenc][rc] f=488 P qp=16 bytes=415 avg=871 kbps
[openvenc][rc] f=489 P qp=16 bytes=415 avg=869 kbps
[openvenc][rc] f=490 P qp=16 bytes=409 avg=868 kbps
[openvenc][rc] f=491 P qp=16 bytes=411 avg=866 kbps
[openvenc][rc] f=492 P qp=16 bytes=415 avg=865 kbps
[openvenc][rc] f=493 P qp=16 bytes=415 avg=864 kbps
[openvenc][rc] f=494 P qp=16 bytes=409 avg=862 kbps
[openvenc][rc] f=495 P qp=16 bytes=409 avg=861 kbps
[openvenc][rc] f=496 P qp=16 bytes=415 avg=860 kbps
[openvenc][rc] f=497 P qp=16 bytes=415 avg=858 kbps
[openvenc][rc] f=498 P qp=16 bytes=409 avg=857 kbps
[openvenc][rc] f=499 P qp=16 bytes=416 avg=856 kbps
[openvenc][rc] f=500 IDR qp=17 bytes=64047 avg=914 kbps
[openvenc][rc] f=501 P qp=17 bytes=810 avg=913 kbps
[openvenc][rc] f=502 P qp=16 bytes=1047 avg=912 kbps
[openvenc][rc] f=503 P qp=16 bytes=734 avg=911 kbps
[openvenc][rc] f=504 P qp=16 bytes=586 avg=910 kbps
[openvenc][rc] f=505 P qp=16 bytes=500 avg=909 kbps
[openvenc][rc] f=506 P qp=16 bytes=446 avg=907 kbps
[openvenc][rc] f=507 P qp=16 bytes=426 avg=906 kbps
[openvenc][rc] f=508 P qp=16 bytes=414 avg=905 kbps
[openvenc][rc] f=509 P qp=16 bytes=410 avg=903 kbps
[openvenc][rc] f=510 P qp=16 bytes=415 avg=902 kbps
[openvenc][rc] f=511 P qp=16 bytes=414 avg=900 kbps
[openvenc][rc] f=512 P qp=16 bytes=409 avg=899 kbps
[openvenc][rc] f=513 P qp=16 bytes=410 avg=898 kbps
[openvenc][rc] f=514 P qp=16 bytes=415 avg=896 kbps
[openvenc][rc] f=515 P qp=16 bytes=414 avg=895 kbps
[openvenc][rc] f=516 P qp=16 bytes=415 avg=894 kbps
[openvenc][rc] f=517 P qp=16 bytes=411 avg=892 kbps
[openvenc][rc] f=518 P qp=16 bytes=414 avg=891 kbps
[openvenc][rc] f=519 P qp=16 bytes=415 avg=890 kbps
[openvenc][rc] f=520 P qp=16 bytes=410 avg=888 kbps
[openvenc][rc] f=521 P qp=16 bytes=411 avg=887 kbps
[openvenc][rc] f=522 P qp=16 bytes=414 avg=886 kbps
[openvenc][rc] f=523 P qp=16 bytes=414 avg=884 kbps
[openvenc][rc] f=524 P qp=16 bytes=410 avg=883 kbps
[openvenc][rc] f=525 P qp=16 bytes=411 avg=882 kbps
[openvenc][rc] f=526 P qp=16 bytes=414 avg=880 kbps
[openvenc][rc] f=527 P qp=16 bytes=416 avg=879 kbps
[openvenc][rc] f=528 P qp=16 bytes=410 avg=878 kbps
[openvenc][rc] f=529 P qp=16 bytes=409 avg=876 kbps
[openvenc][rc] f=530 P qp=16 bytes=415 avg=875 kbps
[openvenc][rc] f=531 P qp=16 bytes=415 avg=874 kbps
[openvenc][rc] f=532 P qp=16 bytes=411 avg=873 kbps
[openvenc][rc] f=533 P qp=16 bytes=409 avg=871 kbps
[openvenc][rc] f=534 P qp=16 bytes=413 avg=870 kbps
[openvenc][rc] f=535 P qp=16 bytes=415 avg=869 kbps
[openvenc][rc] f=536 P qp=16 bytes=410 avg=868 kbps
[openvenc][rc] f=537 P qp=16 bytes=410 avg=866 kbps
[openvenc][rc] f=538 P qp=16 bytes=415 avg=865 kbps
[openvenc][rc] f=539 P qp=16 bytes=415 avg=864 kbps
[openvenc][rc] f=540 P qp=16 bytes=409 avg=863 kbps
[openvenc][rc] f=541 P qp=16 bytes=411 avg=861 kbps
[openvenc][rc] f=542 P qp=16 bytes=415 avg=860 kbps
[openvenc][rc] f=543 P qp=16 bytes=415 avg=859 kbps
[openvenc][rc] f=544 P qp=16 bytes=409 avg=858 kbps
[openvenc][rc] f=545 P qp=16 bytes=409 avg=856 kbps
[openvenc][rc] f=546 P qp=16 bytes=415 avg=855 kbps
[openvenc][rc] f=547 P qp=16 bytes=415 avg=854 kbps
[openvenc][rc] f=548 P qp=16 bytes=409 avg=853 kbps
[openvenc][rc] f=549 P qp=16 bytes=416 avg=852 kbps
[openvenc][rc] f=550 IDR qp=17 bytes=64047 avg=905 kbps
[openvenc][rc] f=551 P qp=17 bytes=810 avg=904 kbps
[openvenc][rc] f=552 P qp=16 bytes=1047 avg=903 kbps
[openvenc][rc] f=553 P qp=16 bytes=734 avg=902 kbps
[openvenc][rc] f=554 P qp=16 bytes=586 avg=901 kbps
[openvenc][rc] f=555 P qp=16 bytes=500 avg=900 kbps
[openvenc][rc] f=556 P qp=16 bytes=446 avg=899 kbps
[openvenc][rc] f=557 P qp=16 bytes=426 avg=897 kbps
[openvenc][rc] f=558 P qp=16 bytes=414 avg=896 kbps
[openvenc][rc] f=559 P qp=16 bytes=410 avg=895 kbps
[openvenc][rc] f=560 P qp=16 bytes=415 avg=894 kbps
[openvenc][rc] f=561 P qp=16 bytes=414 avg=892 kbps
[openvenc][rc] f=562 P qp=16 bytes=409 avg=891 kbps
[openvenc][rc] f=563 P qp=16 bytes=410 avg=890 kbps
[openvenc][rc] f=564 P qp=16 bytes=415 avg=889 kbps
[openvenc][rc] f=565 P qp=16 bytes=414 avg=888 kbps
[openvenc][rc] f=566 P qp=16 bytes=415 avg=886 kbps
[openvenc][rc] f=567 P qp=16 bytes=411 avg=885 kbps
[openvenc][rc] f=568 P qp=16 bytes=414 avg=884 kbps
[openvenc][rc] f=569 P qp=16 bytes=415 avg=883 kbps
[openvenc][rc] f=570 P qp=16 bytes=410 avg=881 kbps
[openvenc][rc] f=571 P qp=16 bytes=411 avg=880 kbps
[openvenc][rc] f=572 P qp=16 bytes=414 avg=879 kbps
[openvenc][rc] f=573 P qp=16 bytes=414 avg=878 kbps
[openvenc][rc] f=574 P qp=16 bytes=410 avg=877 kbps
[openvenc][rc] f=575 P qp=16 bytes=411 avg=875 kbps
[openvenc][rc] f=576 P qp=16 bytes=414 avg=874 kbps
[openvenc][rc] f=577 P qp=16 bytes=416 avg=873 kbps
[openvenc][rc] f=578 P qp=16 bytes=410 avg=872 kbps
[openvenc][rc] f=579 P qp=16 bytes=409 avg=871 kbps
[openvenc][rc] f=580 P qp=16 bytes=415 avg=870 kbps
[openvenc][rc] f=581 P qp=16 bytes=415 avg=868 kbps
[openvenc][rc] f=582 P qp=16 bytes=411 avg=867 kbps
[openvenc][rc] f=583 P qp=16 bytes=409 avg=866 kbps
[openvenc][rc] f=584 P qp=16 bytes=413 avg=865 kbps
[openvenc][rc] f=585 P qp=16 bytes=415 avg=864 kbps
[openvenc][rc] f=586 P qp=16 bytes=410 avg=863 kbps
[openvenc][rc] f=587 P qp=16 bytes=410 avg=862 kbps
[openvenc][rc] f=588 P qp=16 bytes=415 avg=860 kbps
[openvenc][rc] f=589 P qp=16 bytes=415 avg=859 kbps
[openvenc][rc] f=590 P qp=16 bytes=409 avg=858 kbps
[openvenc][rc] f=591 P qp=16 bytes=411 avg=857 kbps
[openvenc][rc] f=592 P qp=16 bytes=415 avg=856 kbps
[openvenc][rc] f=593 P qp=16 bytes=415 avg=855 kbps
[openvenc][rc] f=594 P qp=16 bytes=409 avg=854 kbps
[openvenc][rc] f=595 P qp=16 bytes=409 avg=853 kbps
[openvenc][rc] f=596 P qp=16 bytes=415 avg=852 kbps
[openvenc][rc] f=597 P qp=16 bytes=415 avg=850 kbps
[openvenc][rc] f=598 P qp=16 bytes=409 avg=849 kbps
[openvenc][rc] f=599 P qp=16 bytes=416 avg=848 kbps
[openvenc][rc] f=600 IDR qp=17 bytes=64047 avg=897 kbps
[openvenc] up: hwid=0x43421500 H.265 1920x1080 framebuf 0x73800000+0xef8000 rc=cbr program=fixqp QP32 gop=50
[openvenc] rc: 8000 kbps @ 59 fps, seed QP 32 (bpp 0.0654)
[openvenc][rc] f=0 IDR qp=32 bytes=32136 avg=15168 kbps
[openvenc][rc] f=1 P qp=35 bytes=252 avg=7644 kbps
[openvenc][rc] f=2 P qp=33 bytes=393 avg=5158 kbps
[openvenc][rc] f=3 P qp=32 bytes=901 avg=3974 kbps
[openvenc][rc] f=4 P qp=31 bytes=668 avg=3243 kbps
[openvenc][rc] f=5 P qp=30 bytes=741 avg=2760 kbps
[openvenc][rc] f=6 P qp=29 bytes=1094 avg=2440 kbps
[openvenc][rc] f=7 P qp=28 bytes=2025 avg=2254 kbps
[openvenc][rc] f=8 P qp=27 bytes=2939 avg=2158 kbps
[openvenc][rc] f=9 P qp=26 bytes=2941 avg=2081 kbps
[openvenc][rc] f=10 P qp=25 bytes=3795 avg=2055 kbps
[openvenc][rc] f=11 P qp=24 bytes=3672 avg=2028 kbps
[openvenc][rc] f=12 P qp=23 bytes=3906 avg=2014 kbps
[openvenc][rc] f=13 P qp=22 bytes=4324 avg=2016 kbps
[openvenc][rc] f=14 P qp=21 bytes=4540 avg=2024 kbps
[openvenc][rc] f=15 P qp=21 bytes=1134 avg=1931 kbps
[openvenc][rc] f=16 P qp=21 bytes=695 avg=1837 kbps
[openvenc][rc] f=17 P qp=21 bytes=598 avg=1750 kbps
[openvenc][rc] f=18 P qp=21 bytes=442 avg=1669 kbps
[openvenc][rc] f=19 P qp=21 bytes=403 avg=1595 kbps
[openvenc][rc] f=20 P qp=21 bytes=348 avg=1527 kbps
[openvenc][rc] f=21 P qp=21 bytes=304 avg=1464 kbps
[openvenc][rc] f=22 P qp=21 bytes=262 avg=1406 kbps
[openvenc][rc] f=23 P qp=21 bytes=259 avg=1353 kbps
[openvenc][rc] f=24 P qp=21 bytes=251 avg=1303 kbps
[openvenc][rc] f=25 P qp=21 bytes=247 avg=1258 kbps
[openvenc][rc] f=26 P qp=21 bytes=253 avg=1215 kbps
[openvenc][rc] f=27 P qp=21 bytes=243 avg=1176 kbps
[openvenc][rc] f=28 P qp=21 bytes=246 avg=1140 kbps
[openvenc][rc] f=29 P qp=21 bytes=243 avg=1105 kbps
[openvenc][rc] f=30 P qp=21 bytes=243 avg=1073 kbps
[openvenc][rc] f=31 P qp=21 bytes=253 avg=1044 kbps
[openvenc][rc] f=32 P qp=21 bytes=245 avg=1015 kbps
[openvenc][rc] f=33 P qp=21 bytes=240 avg=989 kbps
[openvenc][rc] f=34 P qp=21 bytes=249 avg=964 kbps
[openvenc][rc] f=35 P qp=21 bytes=246 avg=940 kbps
[openvenc][rc] f=36 P qp=21 bytes=242 avg=918 kbps
[openvenc][rc] f=37 P qp=21 bytes=241 avg=897 kbps
[openvenc][rc] f=38 P qp=21 bytes=244 avg=877 kbps
[openvenc][rc] f=39 P qp=21 bytes=242 avg=858 kbps
[openvenc][rc] f=40 P qp=21 bytes=237 avg=840 kbps
[openvenc][rc] f=41 P qp=21 bytes=240 avg=822 kbps
[openvenc][rc] f=42 P qp=21 bytes=241 avg=806 kbps
[openvenc][rc] f=43 P qp=21 bytes=239 avg=790 kbps
[openvenc][rc] f=44 P qp=21 bytes=241 avg=775 kbps
[openvenc][rc] f=45 P qp=21 bytes=240 avg=761 kbps
[openvenc][rc] f=46 P qp=21 bytes=240 avg=747 kbps
[openvenc][rc] f=47 P qp=21 bytes=235 avg=734 kbps
[openvenc][rc] f=48 P qp=21 bytes=242 avg=721 kbps
[openvenc][rc] f=49 P qp=21 bytes=239 avg=709 kbps
[openvenc][rc] f=50 IDR qp=30 bytes=35840 avg=1027 kbps
[openvenc][rc] f=51 P qp=33 bytes=215 avg=1009 kbps
[openvenc][rc] f=52 P qp=32 bytes=232 avg=992 kbps
[openvenc][rc] f=53 P qp=31 bytes=279 avg=976 kbps
[openvenc][rc] f=54 P qp=30 bytes=389 avg=962 kbps
[openvenc][rc] f=55 P qp=29 bytes=392 avg=948 kbps
[openvenc][rc] f=56 P qp=28 bytes=644 avg=936 kbps
[openvenc][rc] f=57 P qp=27 bytes=977 avg=928 kbps
[openvenc][rc] f=58 P qp=26 bytes=1847 avg=927 kbps
[openvenc][rc] f=59 P qp=25 bytes=2915 avg=935 kbps
[openvenc][rc] f=60 P qp=24 bytes=3343 avg=945 kbps
[openvenc][rc] f=61 P qp=23 bytes=3523 avg=957 kbps
[openvenc][rc] f=62 P qp=22 bytes=4209 avg=973 kbps
[openvenc][rc] f=63 P qp=21 bytes=4091 avg=988 kbps
[openvenc][rc] f=64 P qp=20 bytes=4288 avg=1004 kbps
[openvenc][rc] f=65 P qp=19 bytes=4978 avg=1024 kbps
[openvenc][rc] f=66 P qp=19 bytes=969 avg=1016 kbps
[openvenc][rc] f=67 P qp=19 bytes=775 avg=1006 kbps
[openvenc][rc] f=68 P qp=19 bytes=545 avg=996 kbps
[openvenc][rc] f=69 P qp=19 bytes=478 avg=985 kbps
[openvenc][rc] f=70 P qp=19 bytes=367 avg=973 kbps
[openvenc][rc] f=71 P qp=19 bytes=350 avg=962 kbps
[openvenc][rc] f=72 P qp=19 bytes=306 avg=951 kbps
[openvenc][rc] f=73 P qp=19 bytes=310 avg=940 kbps
[openvenc][rc] f=74 P qp=19 bytes=288 avg=929 kbps
[openvenc][rc] f=75 P qp=19 bytes=300 avg=919 kbps
[openvenc][rc] f=76 P qp=19 bytes=294 avg=909 kbps
[openvenc][rc] f=77 P qp=19 bytes=299 avg=899 kbps
[openvenc][rc] f=78 P qp=19 bytes=296 avg=889 kbps
[openvenc][rc] f=79 P qp=19 bytes=300 avg=880 kbps
[openvenc][rc] f=80 P qp=19 bytes=293 avg=871 kbps
[openvenc][rc] f=81 P qp=19 bytes=293 avg=862 kbps
[openvenc][rc] f=82 P qp=19 bytes=294 avg=853 kbps
[openvenc][rc] f=83 P qp=19 bytes=300 avg=845 kbps
[openvenc][rc] f=84 P qp=19 bytes=293 avg=836 kbps
[openvenc][rc] f=85 P qp=19 bytes=293 avg=828 kbps
[openvenc][rc] f=86 P qp=19 bytes=295 avg=820 kbps
[openvenc][rc] f=87 P qp=19 bytes=295 avg=813 kbps
[openvenc][rc] f=88 P qp=19 bytes=298 avg=805 kbps
[openvenc][rc] f=89 P qp=19 bytes=283 avg=798 kbps
[openvenc][rc] f=90 P qp=19 bytes=295 avg=790 kbps
[openvenc][rc] f=91 P qp=19 bytes=299 avg=783 kbps
[openvenc][rc] f=92 P qp=19 bytes=295 avg=776 kbps
[openvenc][rc] f=93 P qp=19 bytes=297 avg=770 kbps
[openvenc][rc] f=94 P qp=19 bytes=289 avg=763 kbps
[openvenc][rc] f=95 P qp=19 bytes=302 avg=756 kbps
[openvenc][rc] f=96 P qp=19 bytes=297 avg=750 kbps
[openvenc][rc] f=97 P qp=19 bytes=291 avg=744 kbps
[openvenc][rc] f=98 P qp=19 bytes=293 avg=738 kbps
[openvenc][rc] f=99 P qp=19 bytes=302 avg=732 kbps
[openvenc][rc] f=100 IDR qp=28 bytes=39409 avg=909 kbps
[openvenc][rc] f=101 P qp=31 bytes=207 avg=901 kbps
[openvenc][rc] f=102 P qp=30 bytes=252 avg=893 kbps
[openvenc][rc] f=103 P qp=29 bytes=271 avg=886 kbps
[openvenc][rc] f=104 P qp=28 bytes=349 avg=879 kbps
[openvenc][rc] f=105 P qp=27 bytes=496 avg=873 kbps
[openvenc][rc] f=106 P qp=26 bytes=671 avg=868 kbps
[openvenc][rc] f=107 P qp=25 bytes=1027 avg=864 kbps
[openvenc][rc] f=108 P qp=24 bytes=1861 avg=864 kbps
[openvenc][rc] f=109 P qp=23 bytes=3386 avg=871 kbps
[openvenc][rc] f=110 P qp=22 bytes=3211 avg=877 kbps
[openvenc][rc] f=111 P qp=21 bytes=4469 avg=888 kbps
[openvenc][rc] f=112 P qp=20 bytes=4068 avg=897 kbps
[openvenc][rc] f=113 P qp=19 bytes=4827 avg=909 kbps
[openvenc][rc] f=114 P qp=18 bytes=4953 avg=921 kbps
[openvenc][rc] f=115 P qp=17 bytes=5127 avg=934 kbps
[openvenc][rc] f=116 P qp=17 bytes=1196 avg=931 kbps
[openvenc][rc] f=117 P qp=17 bytes=798 avg=926 kbps
[openvenc][rc] f=118 P qp=17 bytes=598 avg=921 kbps
[openvenc][rc] f=119 P qp=17 bytes=593 avg=916 kbps
[openvenc][rc] f=120 P qp=17 bytes=488 avg=910 kbps
[openvenc][rc] f=121 P qp=17 bytes=475 avg=904 kbps
[openvenc][rc] f=122 P qp=17 bytes=465 avg=899 kbps
[openvenc][rc] f=123 P qp=17 bytes=438 avg=893 kbps
[openvenc][rc] f=124 P qp=17 bytes=438 avg=888 kbps
[openvenc][rc] f=125 P qp=17 bytes=439 avg=882 kbps
[openvenc][rc] f=126 P qp=17 bytes=446 avg=877 kbps
[openvenc][rc] f=127 P qp=17 bytes=440 avg=872 kbps
[openvenc][rc] f=128 P qp=17 bytes=448 avg=867 kbps
[openvenc][rc] f=129 P qp=17 bytes=450 avg=862 kbps
[openvenc][rc] f=130 P qp=17 bytes=449 avg=857 kbps
[openvenc][rc] f=131 P qp=17 bytes=443 avg=852 kbps
[openvenc][rc] f=132 P qp=17 bytes=438 avg=847 kbps
[openvenc][rc] f=133 P qp=17 bytes=450 avg=842 kbps
[openvenc][rc] f=134 P qp=17 bytes=444 avg=838 kbps
[openvenc][rc] f=135 P qp=17 bytes=450 avg=833 kbps
[openvenc][rc] f=136 P qp=17 bytes=435 avg=828 kbps
[openvenc][rc] f=137 P qp=17 bytes=443 avg=824 kbps
[openvenc][rc] f=138 P qp=17 bytes=440 avg=819 kbps
[openvenc][rc] f=139 P qp=17 bytes=446 avg=815 kbps
[openvenc][rc] f=140 P qp=17 bytes=438 avg=811 kbps
[openvenc][rc] f=141 P qp=17 bytes=453 avg=807 kbps
[openvenc][rc] f=142 P qp=17 bytes=445 avg=802 kbps
[openvenc][rc] f=143 P qp=17 bytes=440 avg=798 kbps
[openvenc][rc] f=144 P qp=17 bytes=435 avg=794 kbps
[openvenc][rc] f=145 P qp=17 bytes=444 avg=790 kbps
[openvenc][rc] f=146 P qp=17 bytes=442 avg=786 kbps
[openvenc][rc] f=147 P qp=17 bytes=440 avg=782 kbps
[openvenc][rc] f=148 P qp=17 bytes=436 avg=778 kbps
[openvenc][rc] f=149 P qp=17 bytes=436 avg=775 kbps
[openvenc][rc] f=150 IDR qp=26 bytes=43231 avg=905 kbps
[openvenc][rc] f=151 P qp=29 bytes=251 avg=899 kbps
[openvenc][rc] f=152 P qp=28 bytes=238 avg=894 kbps
[openvenc][rc] f=153 P qp=27 bytes=332 avg=890 kbps
[openvenc][rc] f=154 P qp=26 bytes=446 avg=885 kbps
[openvenc][rc] f=155 P qp=25 bytes=690 avg=882 kbps
[openvenc][rc] f=156 P qp=24 bytes=890 avg=879 kbps
[openvenc][rc] f=157 P qp=23 bytes=1427 avg=877 kbps
[openvenc][rc] f=158 P qp=22 bytes=2602 avg=880 kbps
[openvenc][rc] f=159 P qp=21 bytes=3720 avg=885 kbps
[openvenc][rc] f=160 P qp=20 bytes=3499 avg=890 kbps
[openvenc][rc] f=161 P qp=19 bytes=4642 avg=898 kbps
[openvenc][rc] f=162 P qp=18 bytes=4943 avg=907 kbps
[openvenc][rc] f=163 P qp=17 bytes=4777 avg=915 kbps
[openvenc][rc] f=164 P qp=16 bytes=5298 avg=924 kbps
[openvenc][rc] f=165 P qp=16 bytes=1353 avg=923 kbps
[openvenc][rc] f=166 P qp=16 bytes=886 avg=920 kbps
[openvenc][rc] f=167 P qp=16 bytes=681 avg=916 kbps
[openvenc][rc] f=168 P qp=16 bytes=622 avg=912 kbps
[openvenc][rc] f=169 P qp=16 bytes=568 avg=909 kbps
[openvenc][rc] f=170 P qp=16 bytes=532 avg=905 kbps
[openvenc][rc] f=171 P qp=16 bytes=531 avg=901 kbps
[openvenc][rc] f=172 P qp=16 bytes=527 avg=897 kbps
[openvenc][rc] f=173 P qp=16 bytes=529 avg=894 kbps
[openvenc][rc] f=174 P qp=16 bytes=528 avg=890 kbps
[openvenc][rc] f=175 P qp=16 bytes=527 avg=886 kbps
[openvenc][rc] f=176 P qp=16 bytes=523 avg=883 kbps
[openvenc][rc] f=177 P qp=16 bytes=524 avg=879 kbps
[openvenc][rc] f=178 P qp=16 bytes=531 avg=875 kbps
[openvenc][rc] f=179 P qp=16 bytes=524 avg=872 kbps
[openvenc][rc] f=180 P qp=16 bytes=530 avg=869 kbps
[openvenc][rc] f=181 P qp=16 bytes=531 avg=865 kbps
[openvenc][rc] f=182 P qp=16 bytes=527 avg=862 kbps
[openvenc][rc] f=183 P qp=16 bytes=521 avg=858 kbps
[openvenc][rc] f=184 P qp=16 bytes=531 avg=855 kbps
[openvenc][rc] f=185 P qp=16 bytes=527 avg=852 kbps
[openvenc][rc] f=186 P qp=16 bytes=527 avg=849 kbps
[openvenc][rc] f=187 P qp=16 bytes=531 avg=846 kbps
[openvenc][rc] f=188 P qp=16 bytes=534 avg=842 kbps
[openvenc][rc] f=189 P qp=16 bytes=538 avg=839 kbps
[openvenc][rc] f=190 P qp=16 bytes=528 avg=836 kbps
[openvenc][rc] f=191 P qp=16 bytes=528 avg=833 kbps
[openvenc][rc] f=192 P qp=16 bytes=544 avg=830 kbps
[openvenc][rc] f=193 P qp=16 bytes=533 avg=827 kbps
[openvenc][rc] f=194 P qp=16 bytes=540 avg=824 kbps
[openvenc][rc] f=195 P qp=16 bytes=533 avg=821 kbps
[openvenc][rc] f=196 P qp=16 bytes=532 avg=818 kbps
[openvenc][rc] f=197 P qp=16 bytes=525 avg=816 kbps
[openvenc][rc] f=198 P qp=16 bytes=533 avg=813 kbps
[openvenc][rc] f=199 P qp=16 bytes=525 avg=810 kbps
[openvenc][rc] f=200 IDR qp=24 bytes=47785 avg=918 kbps
[openvenc][rc] f=201 P qp=27 bytes=276 avg=914 kbps
[openvenc][rc] f=202 P qp=26 bytes=270 avg=910 kbps
[openvenc][rc] f=203 P qp=25 bytes=328 avg=907 kbps
[openvenc][rc] f=204 P qp=24 bytes=447 avg=903 kbps
[openvenc][rc] f=205 P qp=23 bytes=532 avg=900 kbps
[openvenc][rc] f=206 P qp=22 bytes=678 avg=897 kbps
[openvenc][rc] f=207 P qp=21 bytes=1318 avg=896 kbps
[openvenc][rc] f=208 P qp=20 bytes=2315 avg=897 kbps
[openvenc][rc] f=209 P qp=19 bytes=3546 avg=901 kbps
[openvenc][rc] f=210 P qp=18 bytes=4295 avg=906 kbps
[openvenc][rc] f=211 P qp=17 bytes=4612 avg=912 kbps
[openvenc][rc] f=212 P qp=16 bytes=4626 avg=918 kbps
[openvenc][rc] f=213 P qp=16 bytes=1182 avg=916 kbps
[openvenc][rc] f=214 P qp=16 bytes=777 avg=914 kbps
[openvenc][rc] f=215 P qp=16 bytes=598 avg=911 kbps
[openvenc][rc] f=216 P qp=16 bytes=520 avg=908 kbps
[openvenc][rc] f=217 P qp=16 bytes=478 avg=904 kbps
[openvenc][rc] f=218 P qp=16 bytes=455 avg=901 kbps
[openvenc][rc] f=219 P qp=16 bytes=447 avg=898 kbps
[openvenc][rc] f=220 P qp=16 bytes=448 avg=895 kbps
[openvenc][rc] f=221 P qp=16 bytes=442 avg=892 kbps
[openvenc][rc] f=222 P qp=16 bytes=448 avg=889 kbps
[openvenc][rc] f=223 P qp=16 bytes=442 avg=886 kbps
[openvenc][rc] f=224 P qp=16 bytes=448 avg=883 kbps
[openvenc][rc] f=225 P qp=16 bytes=442 avg=880 kbps
[openvenc][rc] f=226 P qp=16 bytes=448 avg=877 kbps
[openvenc][rc] f=227 P qp=16 bytes=442 avg=874 kbps
[openvenc][rc] f=228 P qp=16 bytes=448 avg=871 kbps
[openvenc][rc] f=229 P qp=16 bytes=442 avg=868 kbps
[openvenc][rc] f=230 P qp=16 bytes=448 avg=865 kbps
[openvenc][rc] f=231 P qp=16 bytes=442 avg=863 kbps
[openvenc][rc] f=232 P qp=16 bytes=448 avg=860 kbps
[openvenc][rc] f=233 P qp=16 bytes=442 avg=857 kbps
[openvenc][rc] f=234 P qp=16 bytes=448 avg=854 kbps
[openvenc][rc] f=235 P qp=16 bytes=442 avg=852 kbps
[openvenc][rc] f=236 P qp=16 bytes=448 avg=849 kbps
[openvenc][rc] f=237 P qp=16 bytes=442 avg=846 kbps
[openvenc][rc] f=238 P qp=16 bytes=448 avg=843 kbps
[openvenc][rc] f=239 P qp=16 bytes=442 avg=841 kbps
[openvenc][rc] f=240 P qp=16 bytes=448 avg=838 kbps
[openvenc][rc] f=241 P qp=16 bytes=442 avg=836 kbps
[openvenc][rc] f=242 P qp=16 bytes=448 avg=833 kbps
[openvenc][rc] f=243 P qp=16 bytes=442 avg=831 kbps
[openvenc][rc] f=244 P qp=16 bytes=448 avg=828 kbps
[openvenc][rc] f=245 P qp=16 bytes=442 avg=825 kbps
[openvenc][rc] f=246 P qp=16 bytes=448 avg=823 kbps
[openvenc][rc] f=247 P qp=16 bytes=442 avg=820 kbps
[openvenc][rc] f=248 P qp=16 bytes=448 avg=818 kbps
[openvenc][rc] f=249 P qp=16 bytes=442 avg=816 kbps
[openvenc][rc] f=250 IDR qp=22 bytes=51816 avg=910 kbps
[openvenc][rc] f=251 P qp=25 bytes=319 avg=907 kbps
[openvenc][rc] f=252 P qp=24 bytes=281 avg=904 kbps
[openvenc][rc] f=253 P qp=23 bytes=327 avg=901 kbps
[openvenc][rc] f=254 P qp=22 bytes=473 avg=898 kbps
[openvenc][rc] f=255 P qp=21 bytes=664 avg=896 kbps
[openvenc][rc] f=256 P qp=20 bytes=895 avg=894 kbps
[openvenc][rc] f=257 P qp=19 bytes=1480 avg=893 kbps
[openvenc][rc] f=258 P qp=18 bytes=3325 avg=896 kbps
[openvenc][rc] f=259 P qp=17 bytes=3996 avg=900 kbps
[openvenc][rc] f=260 P qp=16 bytes=4333 avg=904 kbps
[openvenc][rc] f=261 P qp=16 bytes=996 avg=902 kbps
[openvenc][rc] f=262 P qp=16 bytes=710 avg=900 kbps
[openvenc][rc] f=263 P qp=16 bytes=521 avg=898 kbps
[openvenc][rc] f=264 P qp=16 bytes=483 avg=895 kbps
[openvenc][rc] f=265 P qp=16 bytes=468 avg=893 kbps
[openvenc][rc] f=266 P qp=16 bytes=445 avg=890 kbps
[openvenc][rc] f=267 P qp=16 bytes=443 avg=888 kbps
[openvenc][rc] f=268 P qp=16 bytes=443 avg=885 kbps
[openvenc][rc] f=269 P qp=16 bytes=443 avg=883 kbps
[openvenc][rc] f=270 P qp=16 bytes=443 avg=880 kbps
[openvenc][rc] f=271 P qp=16 bytes=443 avg=878 kbps
[openvenc][rc] f=272 P qp=16 bytes=443 avg=875 kbps
[openvenc][rc] f=273 P qp=16 bytes=443 avg=873 kbps
[openvenc][rc] f=274 P qp=16 bytes=443 avg=870 kbps
[openvenc][rc] f=275 P qp=16 bytes=443 avg=868 kbps
[openvenc][rc] f=276 P qp=16 bytes=443 avg=866 kbps
[openvenc][rc] f=277 P qp=16 bytes=443 avg=863 kbps
[openvenc][rc] f=278 P qp=16 bytes=443 avg=861 kbps
[openvenc][rc] f=279 P qp=16 bytes=443 avg=859 kbps
[openvenc][rc] f=280 P qp=16 bytes=443 avg=856 kbps
[openvenc][rc] f=281 P qp=16 bytes=443 avg=854 kbps
[openvenc][rc] f=282 P qp=16 bytes=443 avg=852 kbps
[openvenc][rc] f=283 P qp=16 bytes=443 avg=849 kbps
[openvenc][rc] f=284 P qp=16 bytes=443 avg=847 kbps
[openvenc][rc] f=285 P qp=16 bytes=443 avg=845 kbps
[openvenc][rc] f=286 P qp=16 bytes=443 avg=843 kbps
[openvenc][rc] f=287 P qp=16 bytes=443 avg=840 kbps
[openvenc][rc] f=288 P qp=16 bytes=443 avg=838 kbps
[openvenc][rc] f=289 P qp=16 bytes=443 avg=836 kbps
[openvenc][rc] f=290 P qp=16 bytes=443 avg=834 kbps
[openvenc][rc] f=291 P qp=16 bytes=443 avg=832 kbps
[openvenc][rc] f=292 P qp=16 bytes=443 avg=830 kbps
[openvenc][rc] f=293 P qp=16 bytes=443 avg=828 kbps
[openvenc][rc] f=294 P qp=16 bytes=443 avg=825 kbps
[openvenc][rc] f=295 P qp=16 bytes=443 avg=823 kbps
[openvenc][rc] f=296 P qp=16 bytes=443 avg=821 kbps
[openvenc][rc] f=297 P qp=16 bytes=443 avg=819 kbps
[openvenc][rc] f=298 P qp=16 bytes=443 avg=817 kbps
[openvenc][rc] f=299 P qp=16 bytes=443 avg=815 kbps
[openvenc][rc] f=300 IDR qp=20 bytes=56363 avg=901 kbps
