[openvenc][rc] f=227 P qp=16 bytes=415 avg=996 kbps
[openvenc][rc] f=228 P qp=16 bytes=409 avg=993 kbps
[openvenc][rc] f=229 P qp=16 bytes=408 avg=989 kbps
[openvenc][rc] f=230 P qp=16 bytes=414 avg=986 kbps
[openvenc][rc] f=231 P qp=16 bytes=414 avg=982 kbps
[openvenc][rc] f=232 P qp=16 bytes=410 avg=979 kbps
[openvenc][rc] f=233 P qp=16 bytes=408 avg=976 kbps
[openvenc][rc] f=234 P qp=16 bytes=412 avg=972 kbps
[openvenc][rc] f=235 P qp=16 bytes=414 avg=969 kbps
[openvenc][rc] f=236 P qp=16 bytes=409 avg=966 kbps
[openvenc][rc] f=237 P qp=16 bytes=409 avg=962 kbps
[openvenc][rc] f=238 P qp=16 bytes=414 avg=959 kbps
[openvenc][rc] f=239 P qp=16 bytes=414 avg=956 kbps
[openvenc][rc] f=240 P qp=16 bytes=408 avg=953 kbps
[openvenc][rc] f=241 P qp=16 bytes=409 avg=950 kbps
[openvenc][rc] f=242 P qp=16 bytes=414 avg=947 kbps
[openvenc][rc] f=243 P qp=16 bytes=414 avg=944 kbps
[openvenc][rc] f=244 P qp=16 bytes=408 avg=940 kbps
[openvenc][rc] f=245 P qp=16 bytes=408 avg=937 kbps
[openvenc][rc] f=246 P qp=16 bytes=414 avg=934 kbps
[openvenc][rc] f=247 P qp=16 bytes=414 avg=931 kbps
[openvenc][rc] f=248 P qp=16 bytes=408 avg=928 kbps
[openvenc][rc] f=249 P qp=16 bytes=414 avg=926 kbps
[openvenc][rc] f=250 IDR qp=17 bytes=63495 avg=1041 kbps
[openvenc][rc] f=251 P qp=17 bytes=770 avg=1039 kbps
[openvenc][rc] f=252 P qp=16 bytes=1027 avg=1036 kbps
[openvenc][rc] f=253 P qp=16 bytes=723 avg=1034 kbps
[openvenc][rc] f=254 P qp=16 bytes=622 avg=1031 kbps
[openvenc][rc] f=255 P qp=16 bytes=525 avg=1028 kbps
[openvenc][rc] f=256 P qp=16 bytes=450 avg=1025 kbps
[openvenc][rc] f=257 P qp=16 bytes=422 avg=1021 kbps
[openvenc][rc] f=258 P qp=16 bytes=411 avg=1018 kbps
[openvenc][rc] f=259 P qp=16 bytes=412 avg=1015 kbps
[openvenc][rc] f=260 P qp=16 bytes=414 avg=1012 kbps
[openvenc][rc] f=261 P qp=16 bytes=413 avg=1009 kbps
[openvenc][rc] f=262 P qp=16 bytes=408 avg=1006 kbps
[openvenc][rc] f=263 P qp=16 bytes=409 avg=1003 kbps
[openvenc][rc] f=264 P qp=16 bytes=414 avg=999 kbps
[openvenc][rc] f=265 P qp=16 bytes=413 avg=996 kbps
[openvenc][rc] f=266 P qp=16 bytes=414 avg=993 kbps
[openvenc][rc] f=267 P qp=16 bytes=409 avg=990 kbps
[openvenc][rc] f=268 P qp=16 bytes=413 avg=988 kbps
[openvenc][rc] f=269 P qp=16 bytes=414 avg=985 kbps
[openvenc][rc] f=270 P qp=16 bytes=409 avg=982 kbps
[openvenc][rc] f=271 P qp=16 bytes=409 avg=979 kbps
[openvenc][rc] f=272 P qp=16 bytes=413 avg=976 kbps
[openvenc][rc] f=273 P qp=16 bytes=413 avg=973 kbps
[openvenc][rc] f=274 P qp=16 bytes=409 avg=970 kbps
[openvenc][rc] f=275 P qp=16 bytes=409 avg=967 kbps
[openvenc][rc] f=276 P qp=16 bytes=413 avg=965 kbps
[openvenc][rc] f=277 P qp=16 bytes=415 avg=962 kbps
[openvenc][rc] f=278 P qp=16 bytes=409 avg=959 kbps
[openvenc][rc] f=279 P qp=16 bytes=408 avg=956 kbps
[openvenc][rc] f=280 P qp=16 bytes=414 avg=954 kbps
[openvenc][rc] f=281 P qp=16 bytes=414 avg=951 kbps
[openvenc][rc] f=282 P qp=16 bytes=410 avg=948 kbps
[openvenc][rc] f=283 P qp=16 bytes=408 avg=946 kbps
[openvenc][rc] f=284 P qp=16 bytes=412 avg=943 kbps
[openvenc][rc] f=285 P qp=16 bytes=414 avg=940 kbps
[openvenc][rc] f=286 P qp=16 bytes=409 avg=938 kbps
[openvenc][rc] f=287 P qp=16 bytes=409 avg=935 kbps
[openvenc][rc] f=288 P qp=16 bytes=414 avg=933 kbps
[openvenc][rc] f=289 P qp=16 bytes=414 avg=930 kbps
[openvenc][rc] f=290 P qp=16 bytes=408 avg=928 kbps
[openvenc][rc] f=291 P qp=16 bytes=409 avg=925 kbps
[openvenc][rc] f=292 P qp=16 bytes=414 avg=923 kbps
[openvenc][rc] f=293 P qp=16 bytes=414 avg=920 kbps
[openvenc][rc] f=294 P qp=16 bytes=408 avg=918 kbps
[openvenc][rc] f=295 P qp=16 bytes=408 avg=915 kbps
[openvenc][rc] f=296 P qp=16 bytes=414 avg=913 kbps
[openvenc][rc] f=297 P qp=16 bytes=414 avg=910 kbps
[openvenc][rc] f=298 P qp=16 bytes=408 avg=908 kbps
[openvenc][rc] f=299 P qp=16 bytes=414 avg=906 kbps
[openvenc][rc] f=300 IDR qp=17 bytes=63495 avg=1002 kbps
[openvenc][rc] f=301 P qp=17 bytes=770 avg=1000 kbps
[openvenc][rc] f=302 P qp=16 bytes=1027 avg=998 kbps
[openvenc][rc] f=303 P qp=16 bytes=723 avg=996 kbps
[openvenc][rc] f=304 P qp=16 bytes=622 avg=994 kbps
[openvenc][rc] f=305 P qp=16 bytes=525 avg=991 kbps
[openvenc][rc] f=306 P qp=16 bytes=450 avg=989 kbps
[openvenc][rc] f=307 P qp=16 bytes=422 avg=986 kbps
[openvenc][rc] f=308 P qp=16 bytes=411 avg=984 kbps
[openvenc][rc] f=309 P qp=16 bytes=412 avg=981 kbps
[openvenc][rc] f=310 P qp=16 bytes=414 avg=979 kbps
[openvenc][rc] f=311 P qp=16 bytes=413 avg=976 kbps
[openvenc][rc] f=312 P qp=16 bytes=408 avg=974 kbps
[openvenc][rc] f=313 P qp=16 bytes=409 avg=971 kbps
[openvenc][rc] f=314 P qp=16 bytes=414 avg=969 kbps
[openvenc][rc] f=315 P qp=16 bytes=413 avg=966 kbps
[openvenc][rc] f=316 P qp=16 bytes=414 avg=964 kbps
[openvenc][rc] f=317 P qp=16 bytes=409 avg=961 kbps
[openvenc][rc] f=318 P qp=16 bytes=413 avg=959 kbps
[openvenc][rc] f=319 P qp=16 bytes=414 avg=957 kbps
[openvenc][rc] f=320 P qp=16 bytes=409 avg=954 kbps
[openvenc][rc] f=321 P qp=16 bytes=409 avg=952 kbps
[openvenc][rc] f=322 P qp=16 bytes=413 avg=949 kbps
[openvenc][rc] f=323 P qp=16 bytes=413 avg=947 kbps
[openvenc][rc] f=324 P qp=16 bytes=409 avg=945 kbps
[openvenc][rc] f=325 P qp=16 bytes=409 avg=943 kbps
[openvenc][rc] f=326 P qp=16 bytes=413 avg=940 kbps
[openvenc][rc] f=327 P qp=16 bytes=415 avg=938 kbps
[openvenc][rc] f=328 P qp=16 bytes=409 avg=936 kbps
[openvenc][rc] f=329 P qp=16 bytes=408 avg=933 kbps
[openvenc][rc] f=330 P qp=16 bytes=414 avg=931 kbps
[openvenc][rc] f=331 P qp=16 bytes=414 avg=929 kbps
[openvenc][rc] f=332 P qp=16 bytes=410 avg=927 kbps
[openvenc][rc] f=333 P qp=16 bytes=408 avg=925 kbps
[openvenc][rc] f=334 P qp=16 bytes=412 avg=922 kbps
[openvenc][rc] f=335 P qp=16 bytes=414 avg=920 kbps
[openvenc][rc] f=336 P qp=16 bytes=409 avg=918 kbps
[openvenc][rc] f=337 P qp=16 bytes=409 avg=916 kbps
[openvenc][rc] f=338 P qp=16 bytes=414 avg=914 kbps
[openvenc][rc] f=339 P qp=16 bytes=414 avg=912 kbps
[openvenc][rc] f=340 P qp=16 bytes=408 avg=910 kbps
[openvenc][rc] f=341 P qp=16 bytes=558 avg=908 kbps
[openvenc][rc] f=342 P qp=16 bytes=422 avg=906 kbps
[openvenc][rc] f=343 P qp=16 bytes=643 avg=904 kbps
[openvenc][rc] f=344 P qp=16 bytes=796 avg=902 kbps
[openvenc][rc] f=345 P qp=16 bytes=640 avg=901 kbps
[openvenc][rc] f=346 P qp=16 bytes=449 avg=899 kbps
[openvenc][rc] f=347 P qp=16 bytes=455 avg=897 kbps
[openvenc][rc] f=348 P qp=16 bytes=424 avg=895 kbps
[openvenc][rc] f=349 P qp=16 bytes=425 avg=893 kbps
[openvenc][rc] f=350 IDR qp=17 bytes=63597 avg=976 kbps
[openvenc][rc] f=351 P qp=17 bytes=916 avg=974 kbps
[openvenc][rc] f=352 P qp=16 bytes=1107 avg=973 kbps
[openvenc][rc] f=353 P qp=16 bytes=1017 avg=971 kbps
[openvenc][rc] f=354 P qp=16 bytes=986 avg=970 kbps
[openvenc][rc] f=355 P qp=16 bytes=863 avg=968 kbps
[openvenc][rc] f=356 P qp=16 bytes=2122 avg=969 kbps
[openvenc][rc] f=357 P qp=16 bytes=1996 avg=968 kbps
[openvenc][rc] f=358 P qp=16 bytes=2297 avg=969 kbps
[openvenc][rc] f=359 P qp=16 bytes=552 avg=967 kbps
[openvenc][rc] f=360 P qp=16 bytes=479 avg=965 kbps
[openvenc][rc] f=361 P qp=16 bytes=438 avg=963 kbps
[openvenc][rc] f=362 P qp=16 bytes=424 avg=961 kbps
[openvenc][rc] f=363 P qp=16 bytes=401 avg=958 kbps
[openvenc][rc] f=364 P qp=16 bytes=402 avg=956 kbps
[openvenc][rc] f=365 P qp=16 bytes=402 avg=954 kbps
[openvenc][rc] f=366 P qp=16 bytes=403 avg=952 kbps
[openvenc][rc] f=367 P qp=16 bytes=398 avg=950 kbps
[openvenc][rc] f=368 P qp=16 bytes=401 avg=948 kbps
[openvenc][rc] f=369 P qp=16 bytes=402 avg=946 kbps
[openvenc][rc] f=370 P qp=16 bytes=398 avg=944 kbps
[openvenc][rc] f=371 P qp=16 bytes=398 avg=942 kbps
[openvenc][rc] f=372 P qp=16 bytes=401 avg=940 kbps
[openvenc][rc] f=373 P qp=16 bytes=401 avg=938 kbps
[openvenc][rc] f=374 P qp=16 bytes=398 avg=936 kbps
[openvenc][rc] f=375 P qp=16 bytes=398 avg=934 kbps
[openvenc][rc] f=376 P qp=16 bytes=402 avg=932 kbps
[openvenc][rc] f=377 P qp=16 bytes=403 avg=930 kbps
[openvenc][rc] f=378 P qp=16 bytes=398 avg=928 kbps
[openvenc][rc] f=379 P qp=16 bytes=397 avg=926 kbps
[openvenc][rc] f=380 P qp=16 bytes=402 avg=924 kbps
[openvenc][rc] f=381 P qp=16 bytes=402 avg=922 kbps
[openvenc][rc] f=382 P qp=16 bytes=398 avg=920 kbps
[openvenc][rc] f=383 P qp=16 bytes=397 avg=918 kbps
[openvenc][rc] f=384 P qp=16 bytes=401 avg=916 kbps
[openvenc][rc] f=385 P qp=16 bytes=402 avg=915 kbps
[openvenc][rc] f=386 P qp=16 bytes=398 avg=913 kbps
[openvenc][rc] f=387 P qp=16 bytes=397 avg=911 kbps
[openvenc][rc] f=388 P qp=16 bytes=403 avg=909 kbps
[openvenc][rc] f=389 P qp=16 bytes=402 avg=907 kbps
[openvenc][rc] f=390 P qp=16 bytes=397 avg=905 kbps
[openvenc][rc] f=391 P qp=16 bytes=398 avg=903 kbps
[openvenc][rc] f=392 P qp=16 bytes=402 avg=902 kbps
[openvenc][rc] f=393 P qp=16 bytes=402 avg=900 kbps
[openvenc][rc] f=394 P qp=16 bytes=397 avg=898 kbps
[openvenc][rc] f=395 P qp=16 bytes=396 avg=896 kbps
[openvenc][rc] f=396 P qp=16 bytes=402 avg=894 kbps
[openvenc][rc] f=397 P qp=16 bytes=402 avg=893 kbps
[openvenc][rc] f=398 P qp=16 bytes=397 avg=891 kbps
[openvenc][rc] f=399 P qp=16 bytes=403 avg=889 kbps
[openvenc][rc] f=400 IDR qp=17 bytes=63727 avg=962 kbps
[openvenc][rc] f=401 P qp=17 bytes=781 avg=961 kbps
[openvenc][rc] f=402 P qp=16 bytes=1040 avg=959 kbps
[openvenc][rc] f=403 P qp=16 bytes=709 avg=958 kbps
[openvenc][rc] f=404 P qp=16 bytes=553 avg=956 kbps
[openvenc][rc] f=405 P qp=16 bytes=513 avg=954 kbps
[openvenc][rc] f=406 P qp=16 bytes=446 avg=953 kbps
[openvenc][rc] f=407 P qp=16 bytes=426 avg=951 kbps
[openvenc][rc] f=408 P qp=16 bytes=419 avg=949 kbps
[openvenc][rc] f=409 P qp=16 bytes=417 avg=947 kbps
[openvenc][rc] f=410 P qp=16 bytes=416 avg=945 kbps
[openvenc][rc] f=411 P qp=16 bytes=418 avg=943 kbps
[openvenc][rc] f=412 P qp=16 bytes=417 avg=942 kbps
[openvenc][rc] f=413 P qp=16 bytes=416 avg=940 kbps
[openvenc][rc] f=414 P qp=16 bytes=418 avg=938 kbps
[openvenc][rc] f=415 P qp=16 bytes=417 avg=936 kbps
[openvenc][rc] f=416 P qp=16 bytes=415 avg=934 kbps
[openvenc][rc] f=417 P qp=16 bytes=418 avg=933 kbps
[openvenc][rc] f=418 P qp=16 bytes=416 avg=931 kbps
[openvenc][rc] f=419 P qp=16 bytes=416 avg=929 kbps
[openvenc][rc] f=420 P qp=16 bytes=419 avg=927 kbps
[openvenc][rc] f=421 P qp=16 bytes=416 avg=926 kbps
[openvenc][rc] f=422 P qp=16 bytes=417 avg=924 kbps
[openvenc][rc] f=423 P qp=16 bytes=418 avg=922 kbps
[openvenc][rc] f=424 P qp=16 bytes=418 avg=921 kbps
[openvenc][rc] f=425 P qp=16 bytes=414 avg=919 kbps
[openvenc] up: hwid=0x43421500 H.264 1920x1080 framebuf 0x73800000+0xef8000 rc=vbr program=fixqp QP32 gop=50
[openvenc] rc: 8000 kbps @ 59 fps, seed QP 32 (bpp 0.0654)
[openvenc][rc] f=0 IDR qp=32 bytes=32519 avg=15349 kbps
[openvenc][rc] f=1 P qp=32 bytes=1230 avg=7965 kbps
[openvenc][rc] f=2 P qp=31 bytes=1388 avg=5528 kbps
[openvenc][rc] f=3 P qp=30 bytes=2498 avg=4441 kbps
[openvenc][rc] f=4 P qp=29 bytes=4941 avg=4019 kbps
[openvenc][rc] f=5 P qp=28 bytes=6288 avg=3844 kbps
[openvenc][rc] f=6 P qp=27 bytes=5560 avg=3670 kbps
[openvenc][rc] f=7 P qp=26 bytes=6050 avg=3568 kbps
[openvenc][rc] f=8 P qp=25 bytes=7176 avg=3548 kbps
[openvenc][rc] f=9 P qp=24 bytes=5575 avg=3456 kbps
[openvenc][rc] f=10 P qp=23 bytes=7963 avg=3484 kbps
[openvenc][rc] f=11 P qp=22 bytes=7317 avg=3481 kbps
[openvenc][rc] f=12 P qp=21 bytes=6974 avg=3467 kbps
[openvenc][rc] f=13 P qp=20 bytes=6891 avg=3451 kbps
[openvenc][rc] f=14 P qp=19 bytes=9438 avg=3518 kbps
[openvenc][rc] f=15 P qp=18 bytes=9010 avg=3564 kbps
[openvenc][rc] f=16 P qp=17 bytes=10627 avg=3650 kbps
[openvenc][rc] f=17 P qp=16 bytes=8498 avg=3670 kbps
[openvenc][rc] f=18 P qp=16 bytes=3191 avg=3556 kbps
[openvenc][rc] f=19 P qp=16 bytes=2055 avg=3426 kbps
[openvenc][rc] f=20 P qp=16 bytes=1819 avg=3304 kbps
[openvenc][rc] f=21 P qp=16 bytes=1784 avg=3192 kbps
[openvenc][rc] f=22 P qp=16 bytes=1678 avg=3088 kbps
[openvenc][rc] f=23 P qp=16 bytes=1605 avg=2991 kbps
[openvenc][rc] f=24 P qp=16 bytes=1339 avg=2896 kbps
[openvenc][rc] f=25 P qp=16 bytes=1236 avg=2807 kbps
[openvenc][rc] f=26 P qp=16 bytes=1303 avg=2726 kbps
[openvenc][rc] f=27 P qp=16 bytes=1238 avg=2650 kbps
[openvenc][rc] f=28 P qp=16 bytes=1224 avg=2578 kbps
[openvenc][rc] f=29 P qp=16 bytes=1194 avg=2511 kbps
[openvenc][rc] f=30 P qp=16 bytes=1170 avg=2448 kbps
[openvenc][rc] f=31 P qp=16 bytes=1175 avg=2389 kbps
[openvenc][rc] f=32 P qp=16 bytes=1174 avg=2333 kbps
[openvenc][rc] f=33 P qp=16 bytes=1166 avg=2281 kbps
[openvenc][rc] f=34 P qp=16 bytes=1171 avg=2231 kbps
[openvenc][rc] f=35 P qp=16 bytes=1160 avg=2185 kbps
[openvenc][rc] f=36 P qp=16 bytes=1152 avg=2140 kbps
[openvenc][rc] f=37 P qp=16 bytes=1152 avg=2098 kbps
[openvenc][rc] f=38 P qp=16 bytes=1152 avg=2058 kbps
[openvenc][rc] f=39 P qp=16 bytes=1152 avg=2021 kbps
[openvenc][rc] f=40 P qp=16 bytes=1152 avg=1985 kbps
[openvenc][rc] f=41 P qp=16 bytes=1152 avg=1950 kbps
[openvenc][rc] f=42 P qp=16 bytes=1152 avg=1918 kbps
[openvenc][rc] f=43 P qp=16 bytes=1152 avg=1886 kbps
[openvenc][rc] f=44 P qp=16 bytes=1166 avg=1857 kbps
[openvenc][rc] f=45 P qp=16 bytes=1225 avg=1829 kbps
[openvenc][rc] f=46 P qp=16 bytes=1179 avg=1802 kbps
[openvenc][rc] f=47 P qp=16 bytes=1193 avg=1776 kbps
[openvenc][rc] f=48 P qp=16 bytes=1260 avg=1752 kbps
[openvenc][rc] f=49 P qp=16 bytes=1307 avg=1729 kbps
[openvenc][rc] f=50 IDR qp=17 bytes=66487 avg=2311 kbps
[openvenc][rc] f=51 P qp=17 bytes=3391 avg=2297 kbps
[openvenc][rc] f=52 P qp=16 bytes=3126 avg=2281 kbps
[openvenc][rc] f=53 P qp=16 bytes=1573 avg=2253 kbps
[openvenc][rc] f=54 P qp=16 bytes=1283 avg=2223 kbps
[openvenc][rc] f=55 P qp=16 bytes=1395 avg=2195 kbps
[openvenc][rc] f=56 P qp=16 bytes=1176 avg=2166 kbps
[openvenc][rc] f=57 P qp=16 bytes=1127 avg=2138 kbps
[openvenc][rc] f=58 P qp=16 bytes=1078 avg=2110 kbps
[openvenc][rc] f=59 P qp=16 bytes=1093 avg=2084 kbps
[openvenc][rc] f=60 P qp=16 bytes=1078 avg=2058 kbps
[openvenc][rc] f=61 P qp=16 bytes=1089 avg=2033 kbps
[openvenc][rc] f=62 P qp=16 bytes=1521 avg=2012 kbps
[openvenc][rc] f=63 P qp=16 bytes=2654 avg=2000 kbps
[openvenc][rc] f=64 P qp=16 bytes=1521 avg=1981 kbps
[openvenc][rc] f=65 P qp=16 bytes=2135 avg=1966 kbps
[openvenc][rc] f=66 P qp=16 bytes=1526 avg=1947 kbps
[openvenc][rc] f=67 P qp=16 bytes=1706 avg=1931 kbps
[openvenc][rc] f=68 P qp=16 bytes=1590 avg=1913 kbps
[openvenc][rc] f=69 P qp=16 bytes=1426 avg=1896 kbps
[openvenc][rc] f=70 P qp=16 bytes=1378 avg=1878 kbps
[openvenc][rc] f=71 P qp=16 bytes=855 avg=1858 kbps
[openvenc][rc] f=72 P qp=16 bytes=814 avg=1838 kbps
[openvenc][rc] f=73 P qp=16 bytes=813 avg=1818 kbps
[openvenc][rc] f=74 P qp=16 bytes=814 avg=1799 kbps
[openvenc][rc] f=75 P qp=16 bytes=809 avg=1780 kbps
[openvenc][rc] f=76 P qp=16 bytes=814 avg=1762 kbps
[openvenc][rc] f=77 P qp=16 bytes=813 avg=1744 kbps
[openvenc][rc] f=78 P qp=16 bytes=814 avg=1727 kbps
[openvenc][rc] f=79 P qp=16 bytes=809 avg=1710 kbps
[openvenc][rc] f=80 P qp=16 bytes=814 avg=1694 kbps
[openvenc][rc] f=81 P qp=16 bytes=813 avg=1678 kbps
[openvenc][rc] f=82 P qp=16 bytes=814 avg=1662 kbps
[openvenc][rc] f=83 P qp=16 bytes=809 avg=1647 kbps
[openvenc][rc] f=84 P qp=16 bytes=814 avg=1632 kbps
[openvenc][rc] f=85 P qp=16 bytes=813 avg=1618 kbps
[openvenc][rc] f=86 P qp=16 bytes=814 avg=1604 kbps
[openvenc][rc] f=87 P qp=16 bytes=809 avg=1590 kbps
[openvenc][rc] f=88 P qp=16 bytes=814 avg=1576 kbps
[openvenc][rc] f=89 P qp=16 bytes=813 avg=1563 kbps
[openvenc][rc] f=90 P qp=16 bytes=814 avg=1550 kbps
[openvenc][rc] f=91 P qp=16 bytes=809 avg=1537 kbps
[openvenc][rc] f=92 P qp=16 bytes=814 avg=1525 kbps
[openvenc][rc] f=93 P qp=16 bytes=813 avg=1513 kbps
[openvenc][rc] f=94 P qp=16 bytes=814 avg=1501 kbps
[openvenc][rc] f=95 P qp=16 bytes=809 avg=1489 kbps
[openvenc][rc] f=96 P qp=16 bytes=814 avg=1478 kbps
[openvenc][rc] f=97 P qp=16 bytes=813 avg=1467 kbps
[openvenc][rc] f=98 P qp=16 bytes=814 avg=1456 kbps
[openvenc][rc] f=99 P qp=16 bytes=809 avg=1445 kbps
[openvenc][rc] f=100 IDR qp=17 bytes=66351 avg=1741 kbps
[openvenc][rc] f=101 P qp=17 bytes=3005 avg=1738 kbps
[openvenc][rc] f=102 P qp=16 bytes=3064 avg=1735 kbps
[openvenc][rc] f=103 P qp=16 bytes=1426 avg=1725 kbps
[openvenc][rc] f=104 P qp=16 bytes=1125 avg=1713 kbps
[openvenc][rc] f=105 P qp=16 bytes=1086 avg=1702 kbps
[openvenc][rc] f=106 P qp=16 bytes=1085 avg=1691 kbps
[openvenc][rc] f=107 P qp=16 bytes=1048 avg=1680 kbps
[openvenc][rc] f=108 P qp=16 bytes=1045 avg=1669 kbps
[openvenc][rc] f=109 P qp=16 bytes=1039 avg=1658 kbps
[openvenc][rc] f=110 P qp=16 bytes=1044 avg=1648 kbps
[openvenc][rc] f=111 P qp=16 bytes=1044 avg=1637 kbps
[openvenc][rc] f=112 P qp=16 bytes=1033 avg=1627 kbps
[openvenc][rc] f=113 P qp=16 bytes=1028 avg=1617 kbps
[openvenc][rc] f=114 P qp=16 bytes=1033 avg=1607 kbps
[openvenc][rc] f=115 P qp=16 bytes=1032 avg=1598 kbps
[openvenc][rc] f=116 P qp=16 bytes=1033 avg=1588 kbps
[openvenc][rc] f=117 P qp=16 bytes=1028 avg=1579 kbps
[openvenc][rc] f=118 P qp=16 bytes=1033 avg=1570 kbps
[openvenc][rc] f=119 P qp=16 bytes=1032 avg=1561 kbps
[openvenc][rc] f=120 P qp=16 bytes=1033 avg=1552 kbps
[openvenc][rc] f=121 P qp=16 bytes=1028 avg=1543 kbps
[openvenc][rc] f=122 P qp=16 bytes=1033 avg=1534 kbps
[openvenc][rc] f=123 P qp=16 bytes=1032 avg=1526 kbps
[openvenc][rc] f=124 P qp=16 bytes=1033 avg=1518 kbps
[openvenc][rc] f=125 P qp=16 bytes=1028 avg=1509 kbps
[openvenc][rc] f=126 P qp=16 bytes=1033 avg=1501 kbps
[openvenc][rc] f=127 P qp=16 bytes=1032 avg=1493 kbps
[openvenc][rc] f=128 P qp=16 bytes=1033 avg=1486 kbps
[openvenc][rc] f=129 P qp=16 bytes=1028 avg=1478 kbps
[openvenc][rc] f=130 P qp=16 bytes=1033 avg=1470 kbps
[openvenc][rc] f=131 P qp=16 bytes=1032 avg=1463 kbps
[openvenc][rc] f=132 P qp=16 bytes=1033 avg=1456 kbps
[openvenc][rc] f=133 P qp=16 bytes=1028 avg=1448 kbps
[openvenc][rc] f=134 P qp=16 bytes=1033 avg=1441 kbps
[openvenc][rc] f=135 P qp=16 bytes=1032 avg=1434 kbps
[openvenc][rc] f=136 P qp=16 bytes=1033 avg=1427 kbps
[openvenc][rc] f=137 P qp=16 bytes=1789 avg=1423 kbps
[openvenc][rc] f=138 P qp=16 bytes=1369 avg=1417 kbps
[openvenc][rc] f=139 P qp=16 bytes=1297 avg=1412 kbps
[openvenc][rc] f=140 P qp=16 bytes=1236 avg=1406 kbps
[openvenc][rc] f=141 P qp=16 bytes=1240 avg=1400 kbps
[openvenc][rc] f=142 P qp=16 bytes=1237 avg=1394 kbps
[openvenc][rc] f=143 P qp=16 bytes=1257 avg=1389 kbps
[openvenc][rc] f=144 P qp=16 bytes=1249 avg=1383 kbps
[openvenc][rc] f=145 P qp=16 bytes=1228 avg=1378 kbps
[openvenc][rc] f=146 P qp=16 bytes=1197 avg=1372 kbps
[openvenc][rc] f=147 P qp=16 bytes=1157 avg=1367 kbps
[openvenc][rc] f=148 P qp=16 bytes=1126 avg=1361 kbps
[openvenc][rc] f=149 P qp=16 bytes=1117 avg=1356 kbps
[openvenc][rc] f=150 IDR qp=17 bytes=66502 avg=1554 kbps
[openvenc][rc] f=151 P qp=17 bytes=2996 avg=1553 kbps
[openvenc][rc] f=152 P qp=16 bytes=3076 avg=1553 kbps
[openvenc][rc] f=153 P qp=16 bytes=1425 avg=1547 kbps
[openvenc][rc] f=154 P qp=16 bytes=1362 avg=1541 kbps
[openvenc][rc] f=155 P qp=16 bytes=1230 avg=1535 kbps
[openvenc][rc] f=156 P qp=16 bytes=1097 avg=1529 kbps
[openvenc][rc] f=157 P qp=16 bytes=1053 avg=1522 kbps
[openvenc][rc] f=158 P qp=16 bytes=1048 avg=1516 kbps
[openvenc][rc] f=159 P qp=16 bytes=1044 avg=1509 kbps
[openvenc][rc] f=160 P qp=16 bytes=1047 avg=1503 kbps
[openvenc][rc] f=161 P qp=16 bytes=1048 avg=1497 kbps
[openvenc][rc] f=162 P qp=16 bytes=1036 avg=1491 kbps
[openvenc][rc] f=163 P qp=16 bytes=1032 avg=1484 kbps
[openvenc][rc] f=164 P qp=16 bytes=1036 avg=1478 kbps
[openvenc][rc] f=165 P qp=16 bytes=1036 avg=1472 kbps
[openvenc][rc] f=166 P qp=16 bytes=1036 avg=1467 kbps
[openvenc][rc] f=167 P qp=16 bytes=1032 avg=1461 kbps
[openvenc][rc] f=168 P qp=16 bytes=1036 avg=1455 kbps
[openvenc][rc] f=169 P qp=16 bytes=1036 avg=1449 kbps
[openvenc][rc] f=170 P qp=16 bytes=1036 avg=1444 kbps
[openvenc][rc] f=171 P qp=16 bytes=1032 avg=1438 kbps
[openvenc][rc] f=172 P qp=16 bytes=1036 avg=1433 kbps
[openvenc][rc] f=173 P qp=16 bytes=1036 avg=1427 kbps
[openvenc][rc] f=174 P qp=16 bytes=1036 avg=1422 kbps
[openvenc][rc] f=175 P qp=16 bytes=1032 avg=1417 kbps
[openvenc][rc] f=176 P qp=16 bytes=1036 avg=1411 kbps
[openvenc][rc] f=177 P qp=16 bytes=1036 avg=1406 kbps
[openvenc][rc] f=178 P qp=16 bytes=1036 avg=1401 kbps
[openvenc][rc] f=179 P qp=16 bytes=1032 avg=1396 kbps
[openvenc][rc] f=180 P qp=16 bytes=1036 avg=1391 kbps
[openvenc][rc] f=181 P qp=16 bytes=1036 avg=1386 kbps
[openvenc][rc] f=182 P qp=16 bytes=1036 avg=1381 kbps
[openvenc][rc] f=183 P qp=16 bytes=1032 avg=1376 kbps
[openvenc][rc] f=184 P qp=16 bytes=1036 avg=1371 kbps
[openvenc][rc] f=185 P qp=16 bytes=1036 avg=1367 kbps
[openvenc][rc] f=186 P qp=16 bytes=1036 avg=1362 kbps
[openvenc][rc] f=187 P qp=16 bytes=1032 avg=1357 kbps
[openvenc][rc] f=188 P qp=16 bytes=1036 avg=1353 kbps
[openvenc][rc] f=189 P qp=16 bytes=1036 avg=1348 kbps
[openvenc][rc] f=190 P qp=16 bytes=1036 avg=1344 kbps
[openvenc][rc] f=191 P qp=16 bytes=1032 avg=1339 kbps
[openvenc][rc] f=192 P qp=16 bytes=1036 avg=1335 kbps
[openvenc][rc] f=193 P qp=16 bytes=1036 avg=1330 kbps
[openvenc][rc] f=194 P qp=16 bytes=1036 avg=1326 kbps
[openvenc][rc] f=195 P qp=16 bytes=1032 avg=1322 kbps
[openvenc][rc] f=196 P qp=16 bytes=1036 avg=1318 kbps
[openvenc][rc] f=197 P qp=16 bytes=1036 avg=1313 kbps
[openvenc][rc] f=198 P qp=16 bytes=1036 avg=1309 kbps
[openvenc][rc] f=199 P qp=16 bytes=1032 avg=1305 kbps
[openvenc][rc] f=200 IDR qp=17 bytes=66422 avg=1455 kbps
[openvenc][rc] f=201 P qp=17 bytes=2997 avg=1454 kbps
[openvenc][rc] f=202 P qp=16 bytes=3065 avg=1454 kbps
[openvenc][rc] f=203 P qp=16 bytes=1426 avg=1451 kbps
[openvenc][rc] f=204 P qp=16 bytes=1125 avg=1446 kbps
[openvenc][rc] f=205 P qp=16 bytes=1086 avg=1442 kbps
[openvenc][rc] f=206 P qp=16 bytes=1085 avg=1437 kbps
[openvenc][rc] f=207 P qp=16 bytes=1048 avg=1433 kbps
[openvenc][rc] f=208 P qp=16 bytes=1045 avg=1428 kbps
[openvenc][rc] f=209 P qp=16 bytes=1039 avg=1424 kbps
[openvenc][rc] f=210 P qp=16 bytes=1043 avg=1419 kbps
[openvenc][rc] f=211 P qp=16 bytes=1044 avg=1415 kbps
[openvenc][rc] f=212 P qp=16 bytes=1033 avg=1410 kbps
[openvenc][rc] f=213 P qp=16 bytes=1028 avg=1406 kbps
[openvenc][rc] f=214 P qp=16 bytes=1033 avg=1402 kbps
[openvenc][rc] f=215 P qp=16 bytes=1032 avg=1398 kbps
[openvenc][rc] f=216 P qp=16 bytes=1033 avg=1393 kbps
[openvenc][rc] f=217 P qp=16 bytes=1028 avg=1389 kbps
[openvenc][rc] f=218 P qp=16 bytes=1033 avg=1385 kbps
[openvenc][rc] f=219 P qp=16 bytes=1032 avg=1381 kbps
[openvenc][rc] f=220 P qp=16 bytes=1033 avg=1377 kbps
[openvenc][rc] f=221 P qp=16 bytes=1028 avg=1373 kbps
[openvenc][rc] f=222 P qp=16 bytes=1033 avg=1369 kbps
[openvenc][rc] f=223 P qp=16 bytes=1032 avg=1365 kbps
[openvenc][rc] f=224 P qp=16 bytes=1033 avg=1361 kbps
[openvenc][rc] f=225 P qp=16 bytes=1028 avg=1357 kbps
[openvenc][rc] f=226 P qp=16 bytes=1033 avg=1353 kbps
[openvenc][rc] f=227 P qp=16 bytes=1032 avg=1350 kbps
[openvenc][rc] f=228 P qp=16 bytes=1033 avg=1346 kbps
[openvenc][rc] f=229 P qp=16 bytes=1028 avg=1342 kbps
[openvenc][rc] f=230 P qp=16 bytes=1033 avg=1338 kbps
[openvenc][rc] f=231 P qp=16 bytes=1032 avg=1335 kbps
[openvenc][rc] f=232 P qp=16 bytes=1033 avg=1331 kbps
[openvenc][rc] f=233 P qp=16 bytes=1028 avg=1328 kbps
[openvenc][rc] f=234 P qp=16 bytes=1033 avg=1324 kbps
[openvenc][rc] f=235 P qp=16 bytes=1032 avg=1320 kbps
[openvenc][rc] f=236 P qp=16 bytes=1033 avg=1317 kbps
[openvenc][rc] f=237 P qp=16 bytes=1028 avg=1313 kbps
[openvenc][rc] f=238 P qp=16 bytes=1033 avg=1310 kbps
[openvenc][rc] f=239 P qp=16 bytes=1032 avg=1307 kbps
[openvenc][rc] f=240 P qp=16 bytes=1033 avg=1303 kbps
[openvenc][rc] f=241 P qp=16 bytes=1028 avg=1300 kbps
[openvenc][rc] f=242 P qp=16 bytes=1033 avg=1296 kbps
[openvenc][rc] f=243 P qp=16 bytes=1032 avg=1293 kbps
[openvenc][rc] f=244 P qp=16 bytes=1033 avg=1290 kbps
[openvenc][rc] f=245 P qp=16 bytes=1028 avg=1287 kbps
[openvenc][rc] f=246 P qp=16 bytes=1033 avg=1283 kbps
[openvenc][rc] f=247 P qp=16 bytes=1032 avg=1280 kbps
[openvenc][rc] f=248 P qp=16 bytes=1033 avg=1277 kbps
[openvenc][rc] f=249 P qp=16 bytes=1028 avg=1274 kbps
[openvenc][rc] f=250 IDR qp=17 bytes=66422 avg=1394 kbps
[openvenc][rc] f=251 P qp=17 bytes=2997 avg=1394 kbps
[openvenc][rc] f=252 P qp=16 bytes=3065 avg=1394 kbps
[openvenc][rc] f=253 P qp=16 bytes=1426 avg=1391 kbps
[openvenc][rc] f=254 P qp=16 bytes=1125 avg=1388 kbps
[openvenc][rc] f=255 P qp=16 bytes=1086 avg=1384 kbps
[openvenc][rc] f=256 P qp=16 bytes=1085 avg=1381 kbps
[openvenc][rc] f=257 P qp=16 bytes=1048 avg=1377 kbps
[openvenc][rc] f=258 P qp=16 bytes=1045 avg=1374 kbps
[openvenc][rc] f=259 P qp=16 bytes=1039 avg=1371 kbps
[openvenc][rc] f=260 P qp=16 bytes=1043 avg=1367 kbps
[openvenc][rc] f=261 P qp=16 bytes=1044 avg=1364 kbps
[openvenc][rc] f=262 P qp=16 bytes=1033 avg=1361 kbps
[openvenc][rc] f=263 P qp=16 bytes=1028 avg=1357 kbps
[openvenc][rc] f=264 P qp=16 bytes=1033 avg=1354 kbps
[openvenc][rc] f=265 P qp=16 bytes=1032 avg=1351 kbps
[openvenc][rc] f=266 P qp=16 bytes=1033 avg=1347 kbps
[openvenc][rc] f=267 P qp=16 bytes=1028 avg=1344 kbps
[openvenc][rc] f=268 P qp=16 bytes=1033 avg=1341 kbps
[openvenc][rc] f=269 P qp=16 bytes=1032 avg=1338 kbps
[openvenc][rc] f=270 P qp=16 bytes=1033 avg=1335 kbps
[openvenc][rc] f=271 P qp=16 bytes=1028 avg=1332 kbps
[openvenc][rc] f=272 P qp=16 bytes=1033 avg=1329 kbps
[openvenc][rc] f=273 P qp=16 bytes=1032 avg=1325 kbps
[openvenc][rc] f=274 P qp=16 bytes=1033 avg=1322 kbps
[openvenc][rc] f=275 P qp=16 bytes=1028 avg=1319 kbps
[openvenc][rc] f=276 P qp=16 bytes=1033 avg=1316 kbps
[openvenc][rc] f=277 P qp=16 bytes=1032 avg=1313 kbps
[openvenc][rc] f=278 P qp=16 bytes=1033 avg=1310 kbps
[openvenc][rc] f=279 P qp=16 bytes=1028 avg=1308 kbps
[openvenc][rc] f=280 P qp=16 bytes=1033 avg=1305 kbps
[openvenc][rc] f=281 P qp=16 bytes=1032 avg=1302 kbps
[openvenc][rc] f=282 P qp=16 bytes=1033 avg=1299 kbps
[openvenc][rc] f=283 P qp=16 bytes=1028 avg=1296 kbps
[openvenc][rc] f=284 P qp=16 bytes=1033 avg=1293 kbps
[openvenc][rc] f=285 P qp=16 bytes=1032 avg=1290 kbps
[openvenc][rc] f=286 P qp=16 bytes=1033 avg=1288 kbps
[openvenc][rc] f=287 P qp=16 bytes=1028 avg=1285 kbps
[openvenc][rc] f=288 P qp=16 bytes=1033 avg=1282 kbps
[openvenc][rc] f=289 P qp=16 bytes=1032 avg=1279 kbps
[openvenc][rc] f=290 P qp=16 bytes=1033 avg=1277 kbps
[openvenc][rc] f=291 P qp=16 bytes=1028 avg=1274 kbps
[openvenc][rc] f=292 P qp=16 bytes=1033 avg=1271 kbps
[openvenc][rc] f=293 P qp=16 bytes=1032 avg=1268 kbps
[openvenc][rc] f=294 P qp=16 bytes=1033 avg=1266 kbps
[openvenc][rc] f=295 P qp=16 bytes=1028 avg=1263 kbps
[openvenc][rc] f=296 P qp=16 bytes=1033 avg=1261 kbps
[openvenc][rc] f=297 P qp=16 bytes=1032 avg=1258 kbps
[openvenc][rc] f=298 P qp=16 bytes=1033 avg=1255 kbps
[openvenc][rc] f=299 P qp=16 bytes=1028 avg=1253 kbps
[openvenc][rc] f=300 IDR qp=17 bytes=66422 avg=1353 kbps
[openvenc][rc] f=301 P qp=17 bytes=2997 avg=1353 kbps
[openvenc][rc] f=302 P qp=16 bytes=3065 avg=1353 kbps
[openvenc][rc] f=303 P qp=16 bytes=1426 avg=1351 kbps
[openvenc][rc] f=304 P qp=16 bytes=1125 avg=1348 kbps
[openvenc][rc] f=305 P qp=16 bytes=1086 avg=1346 kbps
[openvenc][rc] f=306 P qp=16 bytes=1085 avg=1343 kbps
[openvenc][rc] f=307 P qp=16 bytes=1048 avg=1340 kbps
[openvenc][rc] f=308 P qp=16 bytes=1045 avg=1337 kbps
[openvenc][rc] f=309 P qp=16 bytes=1039 avg=1335 kbps
[openvenc][rc] f=310 P qp=16 bytes=1043 avg=1332 kbps
[openvenc][rc] f=311 P qp=16 bytes=1044 avg=1329 kbps
[openvenc][rc] f=312 P qp=16 bytes=1033 avg=1327 kbps
[openvenc][rc] f=313 P qp=16 bytes=1028 avg=1324 kbps
[openvenc][rc] f=314 P qp=16 bytes=1033 avg=1321 kbps
[openvenc][rc] f=315 P qp=16 bytes=1032 avg=1319 kbps
[openvenc][rc] f=316 P qp=16 bytes=1033 avg=1316 kbps
[openvenc][rc] f=317 P qp=16 bytes=1028 avg=1313 kbps
[openvenc][rc] f=318 P qp=16 bytes=1033 avg=1311 kbps
[openvenc][rc] f=319 P qp=16 bytes=1032 avg=1308 kbps
[openvenc][rc] f=320 P qp=16 bytes=1033 avg=1306 kbps
[openvenc][rc] f=321 P qp=16 bytes=1028 avg=1303 kbps
[openvenc][rc] f=322 P qp=16 bytes=1033 avg=1301 kbps
[openvenc][rc] f=323 P qp=16 bytes=1032 avg=1298 kbps
[openvenc][rc] f=324 P qp=16 bytes=1033 avg=1296 kbps
[openvenc][rc] f=325 P qp=16 bytes=1028 avg=1293 kbps
[openvenc][rc] f=326 P qp=16 bytes=1033 avg=1291 kbps
[openvenc][rc] f=327 P qp=16 bytes=1032 avg=1288 kbps
[openvenc][rc] f=328 P qp=16 bytes=1033 avg=1286 kbps
[openvenc][rc] f=329 P qp=16 bytes=1028 avg=1283 kbps
[openvenc][rc] f=330 P qp=16 bytes=1033 avg=1281 kbps
[openvenc][rc] f=331 P qp=16 bytes=1032 avg=1279 kbps
[openvenc][rc] f=332 P qp=16 bytes=1033 avg=1276 kbps
[openvenc][rc] f=333 P qp=16 bytes=1028 avg=1274 kbps
[openvenc][rc] f=334 P qp=16 bytes=1033 avg=1271 kbps
[openvenc][rc] f=335 P qp=16 bytes=1032 avg=1269 kbps
[openvenc][rc] f=336 P qp=16 bytes=1033 avg=1267 kbps
[openvenc][rc] f=337 P qp=16 bytes=1028 avg=1265 kbps
[openvenc][rc] f=338 P qp=16 bytes=1033 avg=1262 kbps
[openvenc][rc] f=339 P qp=16 bytes=1032 avg=1260 kbps
[openvenc][rc] f=340 P qp=16 bytes=1033 avg=1258 kbps
[openvenc][rc] f=341 P qp=16 bytes=1028 avg=1255 kbps
[openvenc][rc] f=342 P qp=16 bytes=1033 avg=1253 kbps
[openvenc][rc] f=343 P qp=16 bytes=1032 avg=1251 kbps
[openvenc][rc] f=344 P qp=16 bytes=1033 avg=1249 kbps
[openvenc][rc] f=345 P qp=16 bytes=1028 avg=1247 kbps
[openvenc][rc] f=346 P qp=16 bytes=1033 avg=1244 kbps
[openvenc][rc] f=347 P qp=16 bytes=1032 avg=1242 kbps
[openvenc][rc] f=348 P qp=16 bytes=1033 avg=1240 kbps
[openvenc][rc] f=349 P qp=16 bytes=1028 avg=1238 kbps
[openvenc][rc] f=350 IDR qp=17 bytes=66422 avg=1324 kbps
[openvenc][rc] f=351 P qp=17 bytes=2997 avg=1324 kbps
[openvenc][rc] f=352 P qp=16 bytes=3065 avg=1324 kbps
[openvenc][rc] f=353 P qp=16 bytes=1426 avg=1322 kbps
[openvenc][rc] f=354 P qp=16 bytes=1125 avg=1320 kbps
[openvenc][rc] f=355 P qp=16 bytes=1086 avg=1318 kbps
[openvenc][rc] f=356 P qp=16 bytes=1085 avg=1316 kbps
[openvenc][rc] f=357 P qp=16 bytes=1048 avg=1313 kbps
[openvenc][rc] f=358 P qp=16 bytes=1045 avg=1311 kbps
[openvenc][rc] f=359 P qp=16 bytes=1039 avg=1309 kbps
[openvenc][rc] f=360 P qp=16 bytes=1043 avg=1307 kbps
[openvenc][rc] f=361 P qp=16 bytes=1044 avg=1304 kbps
[openvenc][rc] f=362 P qp=16 bytes=1033 avg=1302 kbps
[openvenc][rc] f=363 P qp=16 bytes=1028 avg=1300 kbps
[openvenc][rc] f=364 P qp=16 bytes=1033 avg=1298 kbps
[openvenc][rc] f=365 P qp=16 bytes=1032 avg=1295 kbps
[openvenc][rc] f=366 P qp=16 bytes=1033 avg=1293 kbps
[openvenc][rc] f=367 P qp=16 bytes=1028 avg=1291 kbps
[openvenc][rc] f=368 P qp=16 bytes=1033 avg=1289 kbps
[openvenc][rc] f=369 P qp=16 bytes=1032 avg=1287 kbps
[openvenc][rc] f=370 P qp=16 bytes=1033 avg=1284 kbps
[openvenc][rc] f=371 P qp=16 bytes=1028 avg=1282 kbps
[openvenc][rc] f=372 P qp=16 bytes=1033 avg=1280 kbps
[openvenc][rc] f=373 P qp=16 bytes=1032 avg=1278 kbps
[openvenc][rc] f=374 P qp=16 bytes=1033 avg=1276 kbps
[openvenc][rc] f=375 P qp=16 bytes=1028 avg=1274 kbps
[openvenc][rc] f=376 P qp=16 bytes=1033 avg=1272 kbps
[openvenc][rc] f=377 P qp=16 bytes=1032 avg=1270 kbps
[openvenc][rc] f=378 P qp=16 bytes=1033 avg=1268 kbps
[openvenc][rc] f=379 P qp=16 bytes=1028 avg=1266 kbps
[openvenc][rc] f=380 P qp=16 bytes=1033 avg=1264 kbps
[openvenc][rc] f=381 P qp=16 bytes=1032 avg=1261 kbps
[openvenc][rc] f=382 P qp=16 bytes=1033 avg=1259 kbps
[openvenc][rc] f=383 P qp=16 bytes=1028 avg=1257 kbps
[openvenc][rc] f=384 P qp=16 bytes=1033 avg=1255 kbps
[openvenc][rc] f=385 P qp=16 bytes=1032 avg=1253 kbps
[openvenc][rc] f=386 P qp=16 bytes=1033 avg=1251 kbps
[openvenc][rc] f=387 P qp=16 bytes=1028 avg=1250 kbps
[openvenc][rc] f=388 P qp=16 bytes=1033 avg=1248 kbps
[openvenc][rc] f=389 P qp=16 bytes=1032 avg=1246 kbps
[openvenc][rc] f=390 P qp=16 bytes=1033 avg=1244 kbps
[openvenc][rc] f=391 P qp=16 bytes=1028 avg=1242 kbps
[openvenc][rc] f=392 P qp=16 bytes=1033 avg=1240 kbps
[openvenc][rc] f=393 P qp=16 bytes=1032 avg=1238 kbps
[openvenc][rc] f=394 P qp=16 bytes=1033 avg=1236 kbps
[openvenc][rc] f=395 P qp=16 bytes=1028 avg=1234 kbps
[openvenc][rc] f=396 P qp=16 bytes=1033 avg=1232 kbps
[openvenc][rc] f=397 P qp=16 bytes=1032 avg=1230 kbps
[openvenc][rc] f=398 P qp=16 bytes=1033 avg=1228 kbps
[openvenc][rc] f=399 P qp=16 bytes=1028 avg=1227 kbps
[openvenc][rc] f=400 IDR qp=17 bytes=66422 avg=1302 kbps
[openvenc][rc] f=401 P qp=17 bytes=2997 avg=1302 kbps
[openvenc][rc] f=402 P qp=16 bytes=3065 avg=1302 kbps
[openvenc][rc] f=403 P qp=16 bytes=1426 avg=1301 kbps
[openvenc][rc] f=404 P qp=16 bytes=1125 avg=1299 kbps
[openvenc][rc] f=405 P qp=16 bytes=1086 avg=1297 kbps
[openvenc][rc] f=406 P qp=16 bytes=1085 avg=1295 kbps
[openvenc][rc] f=407 P qp=16 bytes=1048 avg=1293 kbps
[openvenc][rc] f=408 P qp=16 bytes=1045 avg=1291 kbps
[openvenc][rc] f=409 P qp=16 bytes=1039 avg=1289 kbps
[openvenc][rc] f=410 P qp=16 bytes=1043 avg=1287 kbps
[openvenc][rc] f=411 P qp=16 bytes=1044 avg=1285 kbps
[openvenc][rc] f=412 P qp=16 bytes=1033 avg=1283 kbps
[openvenc][rc] f=413 P qp=16 bytes=1028 avg=1281 kbps
[openvenc][rc] f=414 P qp=16 bytes=1033 avg=1280 kbps
[openvenc][rc] f=415 P qp=16 bytes=1032 avg=1278 kbps
[openvenc][rc] f=416 P qp=16 bytes=1033 avg=1276 kbps
[openvenc][rc] f=417 P qp=16 bytes=1028 avg=1274 kbps
[openvenc][rc] f=418 P qp=16 bytes=1033 avg=1272 kbps
[openvenc][rc] f=419 P qp=16 bytes=1032 avg=1270 kbps
[openvenc][rc] f=420 P qp=16 bytes=1033 avg=1268 kbps
[openvenc][rc] f=421 P qp=16 bytes=1028 avg=1266 kbps
[openvenc][rc] f=422 P qp=16 bytes=1033 avg=1265 kbps
[openvenc][rc] f=423 P qp=16 bytes=1032 avg=1263 kbps
[openvenc][rc] f=424 P qp=16 bytes=1033 avg=1261 kbps
[openvenc][rc] f=425 P qp=16 bytes=1028 avg=1259 kbps
[openvenc][rc] f=426 P qp=16 bytes=1033 avg=1257 kbps
[openvenc][rc] f=427 P qp=16 bytes=1032 avg=1255 kbps
[openvenc][rc] f=428 P qp=16 bytes=1033 avg=1254 kbps
[openvenc][rc] f=429 P qp=16 bytes=1028 avg=1252 kbps
[openvenc][rc] f=430 P qp=16 bytes=1033 avg=1250 kbps
[openvenc][rc] f=431 P qp=16 bytes=1032 avg=1248 kbps
[openvenc][rc] f=432 P qp=16 bytes=1033 avg=1247 kbps
[openvenc][rc] f=433 P qp=16 bytes=1028 avg=1245 kbps
[openvenc][rc] f=434 P qp=16 bytes=1033 avg=1243 kbps
[openvenc][rc] f=435 P qp=16 bytes=1032 avg=1241 kbps
[openvenc][rc] f=436 P qp=16 bytes=1033 avg=1240 kbps
[openvenc][rc] f=437 P qp=16 bytes=1028 avg=1238 kbps
[openvenc][rc] f=438 P qp=16 bytes=1033 avg=1236 kbps
[openvenc][rc] f=439 P qp=16 bytes=1032 avg=1235 kbps
[openvenc][rc] f=440 P qp=16 bytes=1033 avg=1233 kbps
[openvenc][rc] f=441 P qp=16 bytes=1028 avg=1231 kbps
[openvenc][rc] f=442 P qp=16 bytes=1033 avg=1229 kbps
[openvenc][rc] f=443 P qp=16 bytes=1032 avg=1228 kbps
[openvenc][rc] f=444 P qp=16 bytes=1033 avg=1226 kbps
[openvenc][rc] f=445 P qp=16 bytes=1028 avg=1224 kbps
[openvenc][rc] f=446 P qp=16 bytes=1033 avg=1223 kbps
[openvenc][rc] f=447 P qp=16 bytes=1032 avg=1221 kbps
[openvenc][rc] f=448 P qp=16 bytes=1033 avg=1220 kbps
[openvenc][rc] f=449 P qp=16 bytes=1028 avg=1218 kbps
[openvenc][rc] f=450 IDR qp=17 bytes=66422 avg=1285 kbps
[openvenc][rc] f=451 P qp=17 bytes=2997 avg=1285 kbps
[openvenc][rc] f=452 P qp=16 bytes=3065 avg=1285 kbps
[openvenc][rc] f=453 P qp=16 bytes=1426 avg=1284 kbps
[openvenc][rc] f=454 P qp=16 bytes=1125 avg=1282 kbps
[openvenc][rc] f=455 P qp=16 bytes=1086 avg=1281 kbps
[openvenc][rc] f=456 P qp=16 bytes=1085 avg=1279 kbps
[openvenc][rc] f=457 P qp=16 bytes=1048 avg=1277 kbps
[openvenc][rc] f=458 P qp=16 bytes=1045 avg=1276 kbps
[openvenc][rc] f=459 P qp=16 bytes=1039 avg=1274 kbps
[openvenc][rc] f=460 P qp=16 bytes=1043 avg=1272 kbps
[openvenc][rc] f=461 P qp=16 bytes=1044 avg=1270 kbps
[openvenc][rc] f=462 P qp=16 bytes=1033 avg=1269 kbps
[openvenc][rc] f=463 P qp=16 bytes=1028 avg=1267 kbps
[openvenc][rc] f=464 P qp=16 bytes=1033 avg=1265 kbps
[openvenc][rc] f=465 P qp=16 bytes=1032 avg=1264 kbps
[openvenc][rc] f=466 P qp=16 bytes=1033 avg=1262 kbps
[openvenc][rc] f=467 P qp=16 bytes=1028 avg=1260 kbps
[openvenc][rc] f=468 P qp=16 bytes=1033 avg=1259 kbps
[openvenc][rc] f=469 P qp=16 bytes=1032 avg=1257 kbps
[openvenc][rc] f=470 P qp=16 bytes=1033 avg=1256 kbps
[openvenc][rc] f=471 P qp=16 bytes=1028 avg=1254 kbps
[openvenc][rc] f=472 P qp=16 bytes=1033 avg=1252 kbps
[openvenc][rc] f=473 P qp=16 bytes=1032 avg=1251 kbps
[openvenc][rc] f=474 P qp=16 bytes=1033 avg=1249 kbps
[openvenc][rc] f=475 P qp=16 bytes=1028 avg=1247 kbps
[openvenc][rc] f=476 P qp=16 bytes=1033 avg=1246 kbps
[openvenc][rc] f=477 P qp=16 bytes=1032 avg=1244 kbps
[openvenc][rc] f=478 P qp=16 bytes=1033 avg=1243 kbps
[openvenc][rc] f=479 P qp=16 bytes=1028 avg=1241 kbps
[openvenc][rc] f=480 P qp=16 bytes=1033 avg=1240 kbps
[openvenc][rc] f=481 P qp=16 bytes=1032 avg=1238 kbps
[openvenc][rc] f=482 P qp=16 bytes=1033 avg=1236 kbps
[openvenc][rc] f=483 P qp=16 bytes=1028 avg=1235 kbps
[openvenc][rc] f=484 P qp=16 bytes=1033 avg=1233 kbps
[openvenc][rc] f=485 P qp=16 bytes=1032 avg=1232 kbps
[openvenc][rc] f=486 P qp=16 bytes=1033 avg=1230 kbps
[openvenc][rc] f=487 P qp=16 bytes=1028 avg=1229 kbps
[openvenc][rc] f=488 P qp=16 bytes=1033 avg=1227 kbps
[openvenc][rc] f=489 P qp=16 bytes=1032 avg=1226 kbps
[openvenc][rc] f=490 P qp=16 bytes=1033 avg=1224 kbps
[openvenc][rc] f=491 P qp=16 bytes=1028 avg=1223 kbps
[openvenc][rc] f=492 P qp=16 bytes=1033 avg=1221 kbps
[openvenc][rc] f=493 P qp=16 bytes=1032 avg=1220 kbps
[openvenc][rc] f=494 P qp=16 bytes=1033 avg=1218 kbps
[openvenc][rc] f=495 P qp=16 bytes=1028 avg=1217 kbps
[openvenc][rc] f=496 P qp=16 bytes=1033 avg=1215 kbps
[openvenc][rc] f=497 P qp=16 bytes=1032 avg=1214 kbps
[openvenc][rc] f=498 P qp=16 bytes=1033 avg=1212 kbps
[openvenc][rc] f=499 P qp=16 bytes=1028 avg=1211 kbps
[openvenc][rc] f=500 IDR qp=17 bytes=66422 avg=1271 kbps
[openvenc][rc] f=501 P qp=17 bytes=2997 avg=1271 kbps
[openvenc][rc] f=502 P qp=16 bytes=3065 avg=1272 kbps
[openvenc][rc] f=503 P qp=16 bytes=1426 avg=1271 kbps
[openvenc][rc] f=504 P qp=16 bytes=1125 avg=1269 kbps
[openvenc][rc] f=505 P qp=16 bytes=1086 avg=1268 kbps
[openvenc][rc] f=506 P qp=16 bytes=1085 avg=1266 kbps
[openvenc][rc] f=507 P qp=16 bytes=1048 avg=1265 kbps
[openvenc][rc] f=508 P qp=16 bytes=1045 avg=1263 kbps
[openvenc][rc] f=509 P qp=16 bytes=1039 avg=1262 kbps
[openvenc][rc] f=510 P qp=16 bytes=1043 avg=1260 kbps
[openvenc][rc] f=511 P qp=16 bytes=1044 avg=1259 kbps
[openvenc][rc] f=512 P qp=16 bytes=1033 avg=1257 kbps
[openvenc][rc] f=513 P qp=16 bytes=1028 avg=1256 kbps
[openvenc][rc] f=514 P qp=16 bytes=1033 avg=1254 kbps
[openvenc][rc] f=515 P qp=16 bytes=1032 avg=1253 kbps
[openvenc][rc] f=516 P qp=16 bytes=1033 avg=1251 kbps
[openvenc][rc] f=517 P qp=16 bytes=1028 avg=1250 kbps
[openvenc][rc] f=518 P qp=16 bytes=1033 avg=1248 kbps
[openvenc][rc] f=519 P qp=16 bytes=1032 avg=1247 kbps
[openvenc][rc] f=520 P qp=16 bytes=1033 avg=1245 kbps
[openvenc][rc] f=521 P qp=16 bytes=1028 avg=1244 kbps
[openvenc][rc] f=522 P qp=16 bytes=1033 avg=1242 kbps
[openvenc][rc] f=523 P qp=16 bytes=1032 avg=1241 kbps
[openvenc][rc] f=524 P qp=16 bytes=1033 avg=1239 kbps
[openvenc][rc] f=525 P qp=16 bytes=1028 avg=1238 kbps
[openvenc][rc] f=526 P qp=16 bytes=1033 avg=1237 kbps
[openvenc][rc] f=527 P qp=16 bytes=1032 avg=1235 kbps
[openvenc][rc] f=528 P qp=16 bytes=1033 avg=1234 kbps
[openvenc][rc] f=529 P qp=16 bytes=1028 avg=1232 kbps
[openvenc][rc] f=530 P qp=16 bytes=1033 avg=1231 kbps
[openvenc][rc] f=531 P qp=16 bytes=1032 avg=1230 kbps
[openvenc][rc] f=532 P qp=16 bytes=1033 avg=1228 kbps
[openvenc][rc] f=533 P qp=16 bytes=1028 avg=1227 kbps
[openvenc][rc] f=534 P qp=16 bytes=1033 avg=1225 kbps
[openvenc][rc] f=535 P qp=16 bytes=1032 avg=1224 kbps
[openvenc][rc] f=536 P qp=16 bytes=1033 avg=1223 kbps
[openvenc][rc] f=537 P qp=16 bytes=1028 avg=1221 kbps
[openvenc][rc] f=538 P qp=16 bytes=1033 avg=1220 kbps
[openvenc][rc] f=539 P qp=16 bytes=1032 avg=1219 kbps
[openvenc][rc] f=540 P qp=16 bytes=1033 avg=1217 kbps
[openvenc][rc] f=541 P qp=16 bytes=1028 avg=1216 kbps
[openvenc][rc] f=542 P qp=16 bytes=1033 avg=1214 kbps
[openvenc][rc] f=543 P qp=16 bytes=1032 avg=1213 kbps
[openvenc][rc] f=544 P qp=16 bytes=1033 avg=1212 kbps
[openvenc][rc] f=545 P qp=16 bytes=1028 avg=1210 kbps
[openvenc][rc] f=546 P qp=16 bytes=1033 avg=1209 kbps
[openvenc][rc] f=547 P qp=16 bytes=1032 avg=1208 kbps
[openvenc][rc] f=548 P qp=16 bytes=1033 avg=1207 kbps
[openvenc][rc] f=549 P qp=16 bytes=1028 avg=1205 kbps
[openvenc][rc] f=550 IDR qp=17 bytes=66422 avg=1260 kbps
[openvenc][rc] f=551 P qp=17 bytes=2997 avg=1260 kbps
[openvenc][rc] f=552 P qp=16 bytes=3065 avg=1261 kbps
[openvenc][rc] f=553 P qp=16 bytes=1426 avg=1259 kbps
[openvenc][rc] f=554 P qp=16 bytes=1125 avg=1258 kbps
[openvenc][rc] f=555 P qp=16 bytes=1086 avg=1257 kbps
[openvenc][rc] f=556 P qp=16 bytes=1085 avg=1255 kbps
[openvenc][rc] f=557 P qp=16 bytes=1048 avg=1254 kbps
[openvenc][rc] f=558 P qp=16 bytes=1045 avg=1253 kbps
[openvenc][rc] f=559 P qp=16 bytes=1039 avg=1251 kbps
[openvenc][rc] f=560 P qp=16 bytes=1043 avg=1250 kbps
[openvenc][rc] f=561 P qp=16 bytes=1044 avg=1249 kbps
[openvenc][rc] f=562 P qp=16 bytes=1033 avg=1247 kbps
[openvenc][rc] f=563 P qp=16 bytes=1028 avg=1246 kbps
[openvenc][rc] f=564 P qp=16 bytes=1033 avg=1245 kbps
[openvenc][rc] f=565 P qp=16 bytes=1032 avg=1243 kbps
[openvenc][rc] f=566 P qp=16 bytes=1033 avg=1242 kbps
[openvenc][rc] f=567 P qp=16 bytes=1028 avg=1241 kbps
[openvenc][rc] f=568 P qp=16 bytes=1033 avg=1239 kbps
[openvenc][rc] f=569 P qp=16 bytes=1032 avg=1238 kbps
[openvenc][rc] f=570 P qp=16 bytes=1033 avg=1237 kbps
[openvenc][rc] f=571 P qp=16 bytes=1028 avg=1235 kbps
[openvenc][rc] f=572 P qp=16 bytes=1033 avg=1234 kbps
[openvenc][rc] f=573 P qp=16 bytes=1032 avg=1233 kbps
[openvenc][rc] f=574 P qp=16 bytes=1033 avg=1231 kbps
[openvenc][rc] f=575 P qp=16 bytes=1028 avg=1230 kbps
[openvenc][rc] f=576 P qp=16 bytes=1033 avg=1229 kbps
[openvenc][rc] f=577 P qp=16 bytes=1032 avg=1228 kbps
[openvenc][rc] f=578 P qp=16 bytes=1033 avg=1226 kbps
[openvenc][rc] f=579 P qp=16 bytes=1028 avg=1225 kbps
[openvenc][rc] f=580 P qp=16 bytes=1033 avg=1224 kbps
[openvenc][rc] f=581 P qp=16 bytes=1032 avg=1223 kbps
[openvenc][rc] f=582 P qp=16 bytes=1033 avg=1221 kbps
[openvenc][rc] f=583 P qp=16 bytes=1028 avg=1220 kbps
[openvenc][rc] f=584 P qp=16 bytes=1033 avg=1219 kbps
[openvenc][rc] f=585 P qp=16 bytes=1032 avg=1217 kbps
[openvenc][rc] f=586 P qp=16 bytes=1033 avg=1216 kbps
[openvenc][rc] f=587 P qp=16 bytes=1028 avg=1215 kbps
[openvenc][rc] f=588 P qp=16 bytes=1033 avg=1214 kbps
[openvenc][rc] f=589 P qp=16 bytes=1032 avg=1213 kbps
[openvenc][rc] f=590 P qp=16 bytes=1033 avg=1211 kbps
[openvenc][rc] f=591 P qp=16 bytes=1028 avg=1210 kbps
[openvenc][rc] f=592 P qp=16 bytes=1033 avg=1209 kbps
[openvenc][rc] f=593 P qp=16 bytes=1032 avg=1208 kbps
[openvenc][rc] f=594 P qp=16 bytes=1033 avg=1206 kbps
[openvenc][rc] f=595 P qp=16 bytes=1028 avg=1205 kbps
[openvenc][rc] f=596 P qp=16 bytes=1033 avg=1204 kbps
[openvenc][rc] f=597 P qp=16 bytes=1032 avg=1203 kbps
[openvenc][rc] f=598 P qp=16 bytes=1033 avg=1202 kbps
[openvenc][rc] f=599 P qp=16 bytes=1028 avg=1200 kbps
[openvenc][rc] f=600 IDR qp=17 bytes=66422 avg=1251 kbps
[openvenc][rc] f=601 P qp=17 bytes=2997 avg=1251 kbps
[openvenc][rc] f=602 P qp=16 bytes=3065 avg=1251 kbps
[openvenc][rc] f=603 P qp=16 bytes=1426 avg=1250 kbps
[openvenc][rc] f=604 P qp=16 bytes=1125 avg=1249 kbps
[openvenc][rc] f=605 P qp=16 bytes=1086 avg=1248 kbps
[openvenc][rc] f=606 P qp=16 bytes=1085 avg=1247 kbps
[openvenc][rc] f=607 P qp=16 bytes=1048 avg=1245 kbps
[openvenc][rc] f=608 P qp=16 bytes=1045 avg=1244 kbps
[openvenc][rc] f=609 P qp=16 bytes=1039 avg=1243 kbps
[openvenc][rc] f=610 P qp=16 bytes=1043 avg=1242 kbps
[openvenc][rc] f=611 P qp=16 bytes=1044 avg=1240 kbps
[openvenc][rc] f=612 P qp=16 bytes=1033 avg=1239 kbps
[openvenc][rc] f=613 P qp=16 bytes=1028 avg=1238 kbps
[openvenc][rc] f=614 P qp=16 bytes=1033 avg=1237 kbps
[openvenc][rc] retarget 2000 kbps @ 59 fps
[openvenc][rc] f=615 P qp=16 bytes=1032 avg=1236 kbps
[openvenc][rc] f=616 P qp=16 bytes=1033 avg=1234 kbps
[openvenc][rc] f=617 P qp=16 bytes=1028 avg=1233 kbps
[openvenc][rc] f=618 P qp=16 bytes=1033 avg=1232 kbps
[openvenc][rc] f=619 P qp=16 bytes=1032 avg=1231 kbps
[openvenc][rc] f=620 P qp=16 bytes=1033 avg=1230 kbps
[openvenc][rc] f=621 P qp=16 bytes=1028 avg=1228 kbps
[openvenc][rc] f=622 P qp=16 bytes=1033 avg=1227 kbps
[openvenc][rc] f=623 P qp=16 bytes=1032 avg=1226 kbps
[openvenc][rc] f=624 P qp=16 bytes=1033 avg=1225 kbps
[openvenc][rc] f=625 P qp=16 bytes=1028 avg=1224 kbps
[openvenc][rc] f=626 P qp=16 bytes=1033 avg=1222 kbps
[openvenc][rc] f=627 P qp=16 bytes=1032 avg=1221 kbps
[openvenc][rc] f=628 P qp=16 bytes=1033 avg=1220 kbps
[openvenc][rc] f=629 P qp=16 bytes=1028 avg=1219 kbps
[openvenc][rc] f=630 P qp=16 bytes=1033 avg=1218 kbps
[openvenc][rc] f=631 P qp=16 bytes=1032 avg=1217 kbps
[openvenc][rc] f=632 P qp=16 bytes=1033 avg=1215 kbps
[openvenc][rc] f=633 P qp=16 bytes=1028 avg=1214 kbps
[openvenc][rc] f=634 P qp=16 bytes=1033 avg=1213 kbps
[openvenc][rc] f=635 P qp=16 bytes=1032 avg=1212 kbps
[openvenc][rc] f=636 P qp=16 bytes=1033 avg=1211 kbps
[openvenc][rc] f=637 P qp=16 bytes=1028 avg=1210 kbps
[openvenc][rc] f=638 P qp=16 bytes=1033 avg=1209 kbps
[openvenc][rc] f=639 P qp=16 bytes=1032 avg=1208 kbps
[openvenc][rc] f=640 P qp=16 bytes=1033 avg=1206 kbps
[openvenc][rc] f=641 P qp=16 bytes=1028 avg=1205 kbps
[openvenc][rc] f=642 P qp=16 bytes=1033 avg=1204 kbps
[openvenc][rc] f=643 P qp=16 bytes=1032 avg=1203 kbps
[openvenc][rc] f=644 P qp=16 bytes=1033 avg=1202 kbps
[openvenc][rc] f=645 P qp=16 bytes=1028 avg=1201 kbps
[openvenc][rc] f=646 P qp=16 bytes=1033 avg=1200 kbps
[openvenc][rc] f=647 P qp=16 bytes=1032 avg=1199 kbps
[openvenc][rc] f=648 P qp=16 bytes=1033 avg=1198 kbps
[openvenc][rc] f=649 P qp=16 bytes=1028 avg=1196 kbps
[openvenc][rc] f=650 IDR qp=32 bytes=32457 avg=1218 kbps
[openvenc][rc] f=651 P qp=32 bytes=1232 avg=1217 kbps
[openvenc][rc] f=652 P qp=31 bytes=1545 avg=1216 kbps
[openvenc][rc] f=653 P qp=30 bytes=2408 avg=1216 kbps
[openvenc][rc] f=654 P qp=29 bytes=5018 avg=1218 kbps
[openvenc][rc] f=655 P qp=31 bytes=672 avg=1217 kbps
[openvenc][rc] f=656 P qp=30 bytes=835 avg=1215 kbps
[openvenc][rc] f=657 P qp=29 bytes=1484 avg=1215 kbps
[openvenc][rc] f=658 P qp=28 bytes=5906 avg=1217 kbps
[openvenc][rc] f=659 P qp=28 bytes=1345 avg=1216 kbps
[openvenc][rc] f=660 P qp=27 bytes=5331 avg=1218 kbps
[openvenc][rc] f=661 P qp=27 bytes=1482 avg=1217 kbps
[openvenc][rc] f=662 P qp=26 bytes=5648 avg=1219 kbps
[openvenc][rc] f=663 P qp=26 bytes=1570 avg=1219 kbps
[openvenc][rc] f=664 P qp=25 bytes=6824 avg=1222 kbps
[openvenc][rc] f=665 P qp=25 bytes=1770 avg=1221 kbps
[openvenc][rc] f=666 P qp=24 bytes=5106 avg=1223 kbps
[openvenc][rc] f=667 P qp=24 bytes=1633 avg=1222 kbps
[openvenc][rc] f=668 P qp=23 bytes=7758 avg=1226 kbps
[openvenc][rc] f=669 P qp=23 bytes=1991 avg=1226 kbps
[openvenc][rc] f=670 P qp=22 bytes=6791 avg=1228 kbps
[openvenc][rc] f=671 P qp=22 bytes=1843 avg=1228 kbps
[openvenc][rc] f=672 P qp=21 bytes=6399 avg=1231 kbps
[openvenc][rc] f=673 P qp=21 bytes=1854 avg=1230 kbps
[openvenc][rc] f=674 P qp=20 bytes=6369 avg=1233 kbps
[openvenc][rc] f=675 P qp=20 bytes=1831 avg=1232 kbps
[openvenc][rc] f=676 P qp=19 bytes=7449 avg=1236 kbps
[openvenc][rc] f=677 P qp=19 bytes=2209 avg=1235 kbps
[openvenc][rc] f=678 P qp=18 bytes=5783 avg=1237 kbps
[openvenc][rc] f=679 P qp=18 bytes=1712 avg=1237 kbps
[openvenc][rc] f=680 P qp=17 bytes=8167 avg=1241 kbps
[openvenc][rc] f=681 P qp=17 bytes=2549 avg=1241 kbps
[openvenc][rc] f=682 P qp=16 bytes=7105 avg=1244 kbps
[openvenc][rc] f=683 P qp=16 bytes=2416 avg=1244 kbps
[openvenc][rc] f=684 P qp=16 bytes=1406 avg=1243 kbps
[openvenc][rc] f=685 P qp=16 bytes=1206 avg=1242 kbps
[openvenc][rc] f=686 P qp=16 bytes=1160 avg=1241 kbps
[openvenc][rc] f=687 P qp=16 bytes=1128 avg=1240 kbps
[openvenc][rc] f=688 P qp=16 bytes=1136 avg=1239 kbps
[openvenc][rc] f=689 P qp=16 bytes=1142 avg=1238 kbps
[openvenc][rc] f=690 P qp=16 bytes=1139 avg=1237 kbps
[openvenc][rc] f=691 P qp=16 bytes=1129 avg=1236 kbps
[openvenc][rc] f=692 P qp=16 bytes=1144 avg=1235 kbps
[openvenc][rc] f=693 P qp=16 bytes=1140 avg=1234 kbps
[openvenc][rc] f=694 P qp=16 bytes=1139 avg=1233 kbps
[openvenc] up: hwid=0x43421500 H.265 1920x1080 framebuf 0x73800000+0xef8000 rc=vbr program=fixqp QP36 gop=50
[openvenc] rc: 2000 kbps @ 59 fps, seed QP 36 (bpp 0.0163)
[openvenc][rc] f=0 IDR qp=36 bytes=25382 avg=11980 kbps
[openvenc][rc] f=1 P qp=36 bytes=632 avg=6139 kbps
[openvenc][rc] f=2 P qp=35 bytes=667 avg=4198 kbps
[openvenc][rc] f=3 P qp=34 bytes=717 avg=3233 kbps
[openvenc][rc] f=4 P qp=33 bytes=1142 avg=2694 kbps
[openvenc][rc] f=5 P qp=32 bytes=1962 avg=2399 kbps
[openvenc][rc] f=6 P qp=31 bytes=3188 avg=2272 kbps
[openvenc][rc] f=7 P qp=30 bytes=3263 avg=2180 kbps
[openvenc][rc] f=8 P qp=30 bytes=731 avg=1976 kbps
[openvenc][rc] f=9 P qp=29 bytes=2493 avg=1896 kbps
[openvenc][rc] f=10 P qp=28 bytes=3861 avg=1890 kbps
[openvenc][rc] f=11 P qp=30 bytes=271 avg=1743 kbps
[openvenc][rc] f=12 P qp=29 bytes=404 avg=1623 kbps
[openvenc][rc] f=13 P qp=28 bytes=714 avg=1532 kbps
[openvenc][rc] f=14 P qp=27 bytes=2722 avg=1515 kbps
[openvenc][rc] f=15 P qp=26 bytes=3747 avg=1531 kbps
[openvenc][rc] f=16 P qp=28 bytes=236 avg=1447 kbps
[openvenc][rc] f=17 P qp=27 bytes=367 avg=1377 kbps
[openvenc][rc] f=18 P qp=26 bytes=724 avg=1322 kbps
[openvenc][rc] f=19 P qp=25 bytes=3144 avg=1330 kbps
[openvenc][rc] f=20 P qp=24 bytes=4493 avg=1368 kbps
[openvenc][rc] f=21 P qp=26 bytes=294 avg=1312 kbps
[openvenc][rc] f=22 P qp=25 bytes=359 avg=1262 kbps
[openvenc][rc] f=23 P qp=24 bytes=745 avg=1224 kbps
[openvenc][rc] f=24 P qp=23 bytes=3369 avg=1239 kbps
[openvenc][rc] f=25 P qp=23 bytes=756 avg=1205 kbps
[openvenc][rc] f=26 P qp=22 bytes=4257 avg=1235 kbps
[openvenc][rc] f=27 P qp=22 bytes=891 avg=1206 kbps
[openvenc][rc] f=28 P qp=21 bytes=3959 avg=1229 kbps
[openvenc][rc] f=29 P qp=21 bytes=746 avg=1199 kbps
[openvenc][rc] f=30 P qp=20 bytes=4159 avg=1224 kbps
[openvenc][rc] f=31 P qp=20 bytes=933 avg=1200 kbps
[openvenc][rc] f=32 P qp=19 bytes=5026 avg=1235 kbps
[openvenc][rc] f=33 P qp=19 bytes=901 avg=1211 kbps
[openvenc][rc] f=34 P qp=18 bytes=5064 avg=1245 kbps
[openvenc][rc] f=35 P qp=18 bytes=1014 avg=1224 kbps
[openvenc][rc] f=36 P qp=17 bytes=5095 avg=1256 kbps
[openvenc][rc] f=37 P qp=17 bytes=1127 avg=1237 kbps
[openvenc][rc] f=38 P qp=16 bytes=5097 avg=1267 kbps
[openvenc][rc] f=39 P qp=16 bytes=1410 avg=1252 kbps
[openvenc][rc] f=40 P qp=16 bytes=945 avg=1232 kbps
[openvenc][rc] f=41 P qp=16 bytes=781 avg=1211 kbps
[openvenc][rc] f=42 P qp=16 bytes=788 avg=1192 kbps
[openvenc][rc] f=43 P qp=16 bytes=746 avg=1173 kbps
[openvenc][rc] f=44 P qp=16 bytes=690 avg=1154 kbps
[openvenc][rc] f=45 P qp=16 bytes=703 avg=1136 kbps
[openvenc][rc] f=46 P qp=16 bytes=681 avg=1119 kbps
[openvenc][rc] f=47 P qp=16 bytes=708 avg=1102 kbps
[openvenc][rc] f=48 P qp=16 bytes=691 avg=1087 kbps
[openvenc][rc] f=49 P qp=16 bytes=667 avg=1071 kbps
[openvenc][rc] f=50 IDR qp=17 bytes=63547 avg=1638 kbps
[openvenc][rc] f=51 P qp=17 bytes=764 avg=1614 kbps
[openvenc][rc] f=52 P qp=16 bytes=1016 avg=1592 kbps
[openvenc][rc] f=53 P qp=16 bytes=708 avg=1569 kbps
[openvenc][rc] f=54 P qp=16 bytes=620 avg=1546 kbps
[openvenc][rc] f=55 P qp=16 bytes=501 avg=1522 kbps
[openvenc][rc] f=56 P qp=16 bytes=430 avg=1499 kbps
[openvenc][rc] f=57 P qp=16 bytes=415 avg=1477 kbps
[openvenc][rc] f=58 P qp=16 bytes=409 avg=1455 kbps
[openvenc][rc] f=59 P qp=16 bytes=409 avg=1434 kbps
[openvenc][rc] f=60 P qp=16 bytes=414 avg=1414 kbps
[openvenc][rc] f=61 P qp=16 bytes=412 avg=1394 kbps
[openvenc][rc] f=62 P qp=16 bytes=407 avg=1375 kbps
[openvenc][rc] f=63 P qp=16 bytes=409 avg=1356 kbps
[openvenc][rc] f=64 P qp=16 bytes=413 avg=1339 kbps
[openvenc][rc] f=65 P qp=16 bytes=413 avg=1321 kbps
[openvenc][rc] f=66 P qp=16 bytes=414 avg=1304 kbps
[openvenc][rc] f=67 P qp=16 bytes=409 avg=1288 kbps
[openvenc][rc] f=68 P qp=16 bytes=412 avg=1272 kbps
[openvenc][rc] f=69 P qp=16 bytes=414 avg=1257 kbps
[openvenc][rc] f=70 P qp=16 bytes=409 avg=1242 kbps
[openvenc][rc] f=71 P qp=16 bytes=409 avg=1227 kbps
[openvenc][rc] f=72 P qp=16 bytes=412 avg=1213 kbps
[openvenc][rc] f=73 P qp=16 bytes=412 avg=1199 kbps
[openvenc][rc] f=74 P qp=16 bytes=409 avg=1186 kbps
[openvenc][rc] f=75 P qp=16 bytes=409 avg=1173 kbps
[openvenc][rc] f=76 P qp=16 bytes=413 avg=1160 kbps
[openvenc][rc] f=77 P qp=16 bytes=414 avg=1148 kbps
[openvenc][rc] f=78 P qp=16 bytes=409 avg=1136 kbps
[openvenc][rc] f=79 P qp=16 bytes=408 avg=1124 kbps
[openvenc][rc] f=80 P qp=16 bytes=413 avg=1112 kbps
[openvenc][rc] f=81 P qp=16 bytes=414 avg=1101 kbps
[openvenc][rc] f=82 P qp=16 bytes=409 avg=1090 kbps
[openvenc][rc] f=83 P qp=16 bytes=408 avg=1080 kbps
[openvenc][rc] f=84 P qp=16 bytes=412 avg=1069 kbps
[openvenc][rc] f=85 P qp=16 bytes=413 avg=1059 kbps
[openvenc][rc] f=86 P qp=16 bytes=409 avg=1049 kbps
[openvenc][rc] f=87 P qp=16 bytes=408 avg=1039 kbps
[openvenc][rc] f=88 P qp=16 bytes=414 avg=1030 kbps
[openvenc][rc] f=89 P qp=16 bytes=414 avg=1021 kbps
[openvenc][rc] f=90 P qp=16 bytes=408 avg=1012 kbps
[openvenc][rc] f=91 P qp=16 bytes=409 avg=1003 kbps
[openvenc][rc] f=92 P qp=16 bytes=413 avg=994 kbps
[openvenc][rc] f=93 P qp=16 bytes=414 avg=985 kbps
[openvenc][rc] f=94 P qp=16 bytes=408 avg=977 kbps
[openvenc][rc] f=95 P qp=16 bytes=408 avg=969 kbps
[openvenc][rc] f=96 P qp=16 bytes=413 avg=961 kbps
[openvenc][rc] f=97 P qp=16 bytes=414 avg=953 kbps
[openvenc][rc] f=98 P qp=16 bytes=408 avg=945 kbps
[openvenc][rc] f=99 P qp=16 bytes=414 avg=938 kbps
[openvenc][rc] f=100 IDR qp=17 bytes=63547 avg=1226 kbps
[openvenc][rc] f=101 P qp=17 bytes=764 avg=1217 kbps
[openvenc][rc] f=102 P qp=16 bytes=1016 avg=1210 kbps
[openvenc][rc] f=103 P qp=16 bytes=708 avg=1202 kbps
[openvenc][rc] f=104 P qp=16 bytes=620 avg=1193 kbps
[openvenc][rc] f=105 P qp=16 bytes=501 avg=1184 kbps
[openvenc][rc] f=106 P qp=16 bytes=430 avg=1175 kbps
[openvenc][rc] f=107 P qp=16 bytes=415 avg=1166 kbps
[openvenc][rc] f=108 P qp=16 bytes=409 avg=1157 kbps
[openvenc][rc] f=109 P qp=16 bytes=409 avg=1148 kbps
[openvenc][rc] f=110 P qp=16 bytes=414 avg=1139 kbps
[openvenc][rc] f=111 P qp=16 bytes=412 avg=1131 kbps
[openvenc][rc] f=112 P qp=16 bytes=407 avg=1123 kbps
[openvenc][rc] f=113 P qp=16 bytes=409 avg=1115 kbps
[openvenc][rc] f=114 P qp=16 bytes=413 avg=1107 kbps
[openvenc][rc] f=115 P qp=16 bytes=413 avg=1099 kbps
[openvenc][rc] f=116 P qp=16 bytes=414 avg=1091 kbps
[openvenc][rc] f=117 P qp=16 bytes=409 avg=1083 kbps
[openvenc][rc] f=118 P qp=16 bytes=412 avg=1076 kbps
[openvenc][rc] f=119 P qp=16 bytes=414 avg=1069 kbps
[openvenc][rc] f=120 P qp=16 bytes=409 avg=1061 kbps
[openvenc][rc] f=121 P qp=16 bytes=409 avg=1054 kbps
[openvenc][rc] f=122 P qp=16 bytes=412 avg=1047 kbps
[openvenc][rc] f=123 P qp=16 bytes=412 avg=1040 kbps
[openvenc][rc] f=124 P qp=16 bytes=409 avg=1034 kbps
[openvenc][rc] f=125 P qp=16 bytes=409 avg=1027 kbps
[openvenc][rc] f=126 P qp=16 bytes=413 avg=1020 kbps
[openvenc][rc] f=127 P qp=16 bytes=414 avg=1014 kbps
[openvenc][rc] f=128 P qp=16 bytes=409 avg=1008 kbps
[openvenc][rc] f=129 P qp=16 bytes=408 avg=1001 kbps
[openvenc][rc] f=130 P qp=16 bytes=413 avg=995 kbps
[openvenc][rc] f=131 P qp=16 bytes=414 avg=989 kbps
[openvenc][rc] f=132 P qp=16 bytes=409 avg=983 kbps
[openvenc][rc] f=133 P qp=16 bytes=408 avg=977 kbps
[openvenc][rc] f=134 P qp=16 bytes=412 avg=971 kbps
[openvenc][rc] f=135 P qp=16 bytes=413 avg=966 kbps
[openvenc][rc] f=136 P qp=16 bytes=409 avg=960 kbps
[openvenc][rc] f=137 P qp=16 bytes=408 avg=954 kbps
[openvenc][rc] f=138 P qp=16 bytes=414 avg=949 kbps
[openvenc][rc] f=139 P qp=16 bytes=414 avg=944 kbps
[openvenc][rc] f=140 P qp=16 bytes=408 avg=938 kbps
[openvenc][rc] f=141 P qp=16 bytes=409 avg=933 kbps
[openvenc][rc] f=142 P qp=16 bytes=413 avg=928 kbps
[openvenc][rc] f=143 P qp=16 bytes=414 avg=923 kbps
[openvenc][rc] f=144 P qp=16 bytes=408 avg=918 kbps
[openvenc][rc] f=145 P qp=16 bytes=408 avg=913 kbps
[openvenc][rc] f=146 P qp=16 bytes=413 avg=908 kbps
[openvenc][rc] f=147 P qp=16 bytes=414 avg=903 kbps
[openvenc][rc] f=148 P qp=16 bytes=408 avg=898 kbps
[openvenc][rc] f=149 P qp=16 bytes=414 avg=894 kbps
[openvenc][rc] f=150 IDR qp=17 bytes=63547 avg=1086 kbps
[openvenc][rc] f=151 P qp=17 bytes=764 avg=1082 kbps
[openvenc][rc] f=152 P qp=16 bytes=1016 avg=1078 kbps
[openvenc][rc] f=153 P qp=16 bytes=708 avg=1073 kbps
[openvenc][rc] f=154 P qp=16 bytes=620 avg=1068 kbps
[openvenc][rc] f=155 P qp=16 bytes=501 avg=1062 kbps
[openvenc][rc] f=156 P qp=16 bytes=430 avg=1057 kbps
[openvenc][rc] f=157 P qp=16 bytes=415 avg=1052 kbps
[openvenc][rc] f=158 P qp=16 bytes=409 avg=1046 kbps
[openvenc][rc] f=159 P qp=16 bytes=409 avg=1041 kbps
[openvenc][rc] f=160 P qp=16 bytes=414 avg=1036 kbps
[openvenc][rc] f=161 P qp=16 bytes=412 avg=1030 kbps
[openvenc][rc] f=162 P qp=16 bytes=407 avg=1025 kbps
[openvenc][rc] f=163 P qp=16 bytes=409 avg=1020 kbps
[openvenc][rc] f=164 P qp=16 bytes=413 avg=1015 kbps
[openvenc][rc] f=165 P qp=16 bytes=413 avg=1010 kbps
[openvenc][rc] f=166 P qp=16 bytes=414 avg=1005 kbps
[openvenc][rc] f=167 P qp=16 bytes=409 avg=1000 kbps
[openvenc][rc] f=168 P qp=16 bytes=412 avg=996 kbps
[openvenc][rc] f=169 P qp=16 bytes=414 avg=991 kbps
[openvenc][rc] f=170 P qp=16 bytes=409 avg=986 kbps
[openvenc][rc] f=171 P qp=16 bytes=409 avg=982 kbps
[openvenc][rc] f=172 P qp=16 bytes=412 avg=977 kbps
[openvenc][rc] f=173 P qp=16 bytes=412 avg=973 kbps
[openvenc][rc] f=174 P qp=16 bytes=409 avg=968 kbps
[openvenc][rc] f=175 P qp=16 bytes=409 avg=964 kbps
[openvenc][rc] f=176 P qp=16 bytes=413 avg=959 kbps
[openvenc][rc] f=177 P qp=16 bytes=414 avg=955 kbps
[openvenc][rc] f=178 P qp=16 bytes=409 avg=951 kbps
[openvenc][rc] f=179 P qp=16 bytes=408 avg=947 kbps
[openvenc][rc] f=180 P qp=16 bytes=413 avg=943 kbps
[openvenc][rc] f=181 P qp=16 bytes=414 avg=938 kbps
[openvenc][rc] f=182 P qp=16 bytes=409 avg=934 kbps
[openvenc][rc] f=183 P qp=16 bytes=408 avg=930 kbps
[openvenc][rc] f=184 P qp=16 bytes=412 avg=926 kbps
[openvenc][rc] f=185 P qp=16 bytes=413 avg=922 kbps
[openvenc][rc] f=186 P qp=16 bytes=409 avg=919 kbps
[openvenc][rc] f=187 P qp=16 bytes=408 avg=915 kbps
[openvenc][rc] f=188 P qp=16 bytes=414 avg=911 kbps
[openvenc][rc] f=189 P qp=16 bytes=414 avg=907 kbps
[openvenc][rc] f=190 P qp=16 bytes=408 avg=903 kbps
[openvenc][rc] f=191 P qp=16 bytes=409 avg=900 kbps
[openvenc][rc] f=192 P qp=16 bytes=413 avg=896 kbps
[openvenc][rc] f=193 P qp=16 bytes=414 avg=892 kbps
[openvenc][rc] f=194 P qp=16 bytes=408 avg=889 kbps
[openvenc][rc] f=195 P qp=16 bytes=408 avg=885 kbps
[openvenc][rc] f=196 P qp=16 bytes=413 avg=882 kbps
[openvenc][rc] f=197 P qp=16 bytes=414 avg=878 kbps
[openvenc][rc] f=198 P qp=16 bytes=408 avg=875 kbps
[openvenc][rc] f=199 P qp=16 bytes=414 avg=871 kbps
[openvenc][rc] f=200 IDR qp=17 bytes=63547 avg=1016 kbps
[openvenc][rc] f=201 P qp=17 bytes=764 avg=1013 kbps
[openvenc][rc] f=202 P qp=16 bytes=1016 avg=1010 kbps
[openvenc][rc] f=203 P qp=16 bytes=708 avg=1007 kbps
[openvenc][rc] f=204 P qp=16 bytes=620 avg=1004 kbps
[openvenc][rc] f=205 P qp=16 bytes=501 avg=1000 kbps
[openvenc][rc] f=206 P qp=16 bytes=430 avg=996 kbps
[openvenc][rc] f=207 P qp=16 bytes=415 avg=992 kbps
[openvenc][rc] f=208 P qp=16 bytes=409 avg=988 kbps
[openvenc][rc] f=209 P qp=16 bytes=409 avg=985 kbps
[openvenc][rc] f=210 P qp=16 bytes=414 avg=981 kbps
[openvenc][rc] f=211 P qp=16 bytes=412 avg=977 kbps
[openvenc][rc] f=212 P qp=16 bytes=407 avg=973 kbps
[openvenc][rc] f=213 P qp=16 bytes=409 avg=970 kbps
[openvenc][rc] f=214 P qp=16 bytes=413 avg=966 kbps
[openvenc][rc] f=215 P qp=16 bytes=413 avg=963 kbps
[openvenc][rc] f=216 P qp=16 bytes=414 avg=959 kbps
[openvenc][rc] f=217 P qp=16 bytes=409 avg=956 kbps
[openvenc][rc] f=218 P qp=16 bytes=412 avg=952 kbps
[openvenc][rc] f=219 P qp=16 bytes=414 avg=949 kbps
[openvenc][rc] f=220 P qp=16 bytes=409 avg=945 kbps
[openvenc][rc] f=221 P qp=16 bytes=409 avg=942 kbps
[openvenc][rc] f=222 P qp=16 bytes=412 avg=939 kbps
[openvenc][rc] f=223 P qp=16 bytes=412 avg=935 kbps
[openvenc][rc] f=224 P qp=16 bytes=409 avg=932 kbps
[openvenc][rc] f=225 P qp=16 bytes=409 avg=929 kbps
[openvenc][rc] f=226 P qp=16 bytes=413 avg=925 kbps
[openvenc][rc] f=227 P qp=16 bytes=414 avg=922 kbps
[openvenc][rc] f=228 P qp=16 bytes=409 avg=919 kbps
[openvenc][rc] f=229 P qp=16 bytes=408 avg=916 kbps
[openvenc][rc] f=230 P qp=16 bytes=413 avg=913 kbps
[openvenc][rc] f=231 P qp=16 bytes=414 avg=910 kbps
[openvenc][rc] f=232 P qp=16 bytes=409 avg=907 kbps
[openvenc][rc] f=233 P qp=16 bytes=408 avg=904 kbps
[openvenc][rc] f=234 P qp=16 bytes=412 avg=901 kbps
[openvenc][rc] f=235 P qp=16 bytes=413 avg=898 kbps
[openvenc][rc] f=236 P qp=16 bytes=409 avg=895 kbps
[openvenc][rc] f=237 P qp=16 bytes=408 avg=892 kbps
[openvenc][rc] f=238 P qp=16 bytes=414 avg=889 kbps
[openvenc][rc] f=239 P qp=16 bytes=414 avg=886 kbps
[openvenc][rc] f=240 P qp=16 bytes=408 avg=883 kbps
[openvenc][rc] f=241 P qp=16 bytes=409 avg=880 kbps
[openvenc][rc] f=242 P qp=16 bytes=413 avg=877 kbps
[openvenc][rc] f=243 P qp=16 bytes=414 avg=874 kbps
[openvenc][rc] f=244 P qp=16 bytes=408 avg=872 kbps
[openvenc][rc] f=245 P qp=16 bytes=408 avg=869 kbps
[openvenc][rc] f=246 P qp=16 bytes=413 avg=866 kbps
[openvenc][rc] f=247 P qp=16 bytes=414 avg=863 kbps
[openvenc][rc] f=248 P qp=16 bytes=408 avg=861 kbps
[openvenc][rc] f=249 P qp=16 bytes=414 avg=858 kbps
[openvenc][rc] f=250 IDR qp=17 bytes=63547 avg=974 kbps
[openvenc][rc] f=251 P qp=17 bytes=764 avg=972 kbps
[openvenc][rc] f=252 P qp=16 bytes=1016 avg=970 kbps
[openvenc][rc] f=253 P qp=16 bytes=708 avg=967 kbps
[openvenc][rc] f=254 P qp=16 bytes=620 avg=965 kbps
[openvenc][rc] f=255 P qp=16 bytes=501 avg=962 kbps
[openvenc][rc] f=256 P qp=16 bytes=430 avg=959 kbps
[openvenc][rc] f=257 P qp=16 bytes=415 avg=956 kbps
[openvenc][rc] f=258 P qp=16 bytes=409 avg=953 kbps
[openvenc][rc] f=259 P qp=16 bytes=409 avg=950 kbps
[openvenc][rc] f=260 P qp=16 bytes=414 avg=947 kbps
[openvenc][rc] f=261 P qp=16 bytes=412 avg=944 kbps
[openvenc][rc] f=262 P qp=16 bytes=407 avg=941 kbps
[openvenc][rc] f=263 P qp=16 bytes=409 avg=939 kbps
[openvenc][rc] f=264 P qp=16 bytes=413 avg=936 kbps
[openvenc][rc] f=265 P qp=16 bytes=413 avg=933 kbps
[openvenc][rc] f=266 P qp=16 bytes=414 avg=930 kbps
[openvenc][rc] f=267 P qp=16 bytes=409 avg=927 kbps
[openvenc][rc] f=268 P qp=16 bytes=412 avg=925 kbps
[openvenc][rc] f=269 P qp=16 bytes=414 avg=922 kbps
[openvenc][rc] f=270 P qp=16 bytes=409 avg=919 kbps
[openvenc][rc] f=271 P qp=16 bytes=409 avg=917 kbps
[openvenc][rc] f=272 P qp=16 bytes=412 avg=914 kbps
[openvenc][rc] f=273 P qp=16 bytes=412 avg=911 kbps
[openvenc][rc] f=274 P qp=16 bytes=409 avg=909 kbps
[openvenc][rc] f=275 P qp=16 bytes=409 avg=906 kbps
[openvenc][rc] f=276 P qp=16 bytes=413 avg=904 kbps
[openvenc][rc] f=277 P qp=16 bytes=829 avg=902 kbps
[openvenc][rc] f=278 P qp=16 bytes=429 avg=899 kbps
[openvenc][rc] f=279 P qp=16 bytes=927 avg=898 kbps
[openvenc][rc] f=280 P qp=16 bytes=687 avg=896 kbps
[openvenc][rc] f=281 P qp=16 bytes=614 avg=893 kbps
[openvenc][rc] f=282 P qp=16 bytes=937 avg=892 kbps
[openvenc][rc] f=283 P qp=16 bytes=874 avg=890 kbps
[openvenc][rc] f=284 P qp=16 bytes=1267 avg=889 kbps
[openvenc][rc] f=285 P qp=16 bytes=1084 avg=888 kbps
[openvenc][rc] f=286 P qp=16 bytes=904 avg=886 kbps
[openvenc][rc] f=287 P qp=16 bytes=704 avg=884 kbps
[openvenc][rc] f=288 P qp=16 bytes=729 avg=882 kbps
[openvenc][rc] f=289 P qp=16 bytes=1008 avg=881 kbps
[openvenc][rc] f=290 P qp=16 bytes=960 avg=880 kbps
[openvenc][rc] f=291 P qp=16 bytes=1000 avg=878 kbps
[openvenc][rc] f=292 P qp=16 bytes=924 avg=877 kbps
[openvenc][rc] f=293 P qp=16 bytes=985 avg=875 kbps
[openvenc][rc] f=294 P qp=16 bytes=1046 avg=874 kbps
[openvenc][rc] f=295 P qp=16 bytes=522 avg=872 kbps
[openvenc][rc] f=296 P qp=16 bytes=549 avg=870 kbps
[openvenc][rc] f=297 P qp=16 bytes=509 avg=868 kbps
[openvenc][rc] f=298 P qp=16 bytes=454 avg=865 kbps
[openvenc][rc] f=299 P qp=16 bytes=420 avg=863 kbps
[openvenc][rc] f=300 IDR qp=17 bytes=63771 avg=960 kbps
[openvenc][rc] f=301 P qp=17 bytes=743 avg=958 kbps
[openvenc][rc] f=302 P qp=16 bytes=952 avg=957 kbps
[openvenc][rc] f=303 P qp=16 bytes=658 avg=955 kbps
[openvenc][rc] f=304 P qp=16 bytes=566 avg=952 kbps
[openvenc][rc] f=305 P qp=16 bytes=473 avg=950 kbps
[openvenc][rc] f=306 P qp=16 bytes=490 avg=948 kbps
[openvenc][rc] f=307 P qp=16 bytes=374 avg=945 kbps
[openvenc][rc] f=308 P qp=16 bytes=367 avg=943 kbps
[openvenc][rc] f=309 P qp=16 bytes=364 avg=940 kbps
[openvenc][rc] f=310 P qp=16 bytes=362 avg=938 kbps
[openvenc][rc] f=311 P qp=16 bytes=362 avg=935 kbps
[openvenc][rc] f=312 P qp=16 bytes=362 avg=933 kbps
[openvenc][rc] f=313 P qp=16 bytes=362 avg=930 kbps
[openvenc][rc] f=314 P qp=16 bytes=362 avg=928 kbps
[openvenc][rc] f=315 P qp=16 bytes=362 avg=926 kbps
[openvenc][rc] f=316 P qp=16 bytes=362 avg=923 kbps
[openvenc][rc] f=317 P qp=16 bytes=362 avg=921 kbps
[openvenc][rc] f=318 P qp=16 bytes=362 avg=918 kbps
[openvenc][rc] f=319 P qp=16 bytes=362 avg=916 kbps
[openvenc][rc] f=320 P qp=16 bytes=362 avg=914 kbps
[openvenc][rc] f=321 P qp=16 bytes=362 avg=911 kbps
[openvenc][rc] f=322 P qp=16 bytes=362 avg=909 kbps
[openvenc][rc] f=323 P qp=16 bytes=362 avg=907 kbps
[openvenc][rc] f=324 P qp=16 bytes=362 avg=905 kbps
[openvenc][rc] f=325 P qp=16 bytes=362 avg=902 kbps
[openvenc][rc] f=326 P qp=16 bytes=362 avg=900 kbps
[openvenc][rc] f=327 P qp=16 bytes=362 avg=898 kbps
[openvenc][rc] f=328 P qp=16 bytes=362 avg=896 kbps
[openvenc][rc] f=329 P qp=16 bytes=362 avg=893 kbps
[openvenc][rc] f=330 P qp=16 bytes=362 avg=891 kbps
[openvenc][rc] f=331 P qp=16 bytes=362 avg=889 kbps
[openvenc][rc] f=332 P qp=16 bytes=362 avg=887 kbps
[openvenc][rc] f=333 P qp=16 bytes=362 avg=885 kbps
[openvenc][rc] f=334 P qp=16 bytes=362 avg=883 kbps
[openvenc][rc] f=335 P qp=16 bytes=362 avg=881 kbps
[openvenc][rc] f=336 P qp=16 bytes=362 avg=878 kbps
[openvenc][rc] f=337 P qp=16 bytes=362 avg=876 kbps
[openvenc][rc] f=338 P qp=16 bytes=362 avg=874 kbps
[openvenc][rc] f=339 P qp=16 bytes=362 avg=872 kbps
[openvenc][rc] f=340 P qp=16 bytes=362 avg=870 kbps
[openvenc][rc] f=341 P qp=16 bytes=362 avg=868 kbps
[openvenc][rc] f=342 P qp=16 bytes=362 avg=866 kbps
[openvenc][rc] f=343 P qp=16 bytes=362 avg=864 kbps
[openvenc][rc] f=344 P qp=16 bytes=362 avg=862 kbps
[openvenc][rc] f=345 P qp=16 bytes=440 avg=860 kbps
[openvenc][rc] f=346 P qp=16 bytes=389 avg=858 kbps
[openvenc][rc] f=347 P qp=16 bytes=443 avg=856 kbps
[openvenc][rc] f=348 P qp=16 bytes=766 avg=855 kbps
[openvenc][rc] f=349 P qp=16 bytes=1048 avg=854 kbps
[openvenc][rc] f=350 IDR qp=17 bytes=63550 avg=937 kbps
[openvenc][rc] f=351 P qp=17 bytes=1479 avg=936 kbps
[openvenc][rc] f=352 P qp=16 bytes=1662 avg=936 kbps
[openvenc][rc] f=353 P qp=16 bytes=1236 avg=935 kbps
[openvenc][rc] f=354 P qp=16 bytes=1046 avg=934 kbps
[openvenc][rc] f=355 P qp=16 bytes=949 avg=932 kbps
[openvenc][rc] f=356 P qp=16 bytes=681 avg=931 kbps
[openvenc][rc] f=357 P qp=16 bytes=662 avg=929 kbps
[openvenc][rc] f=358 P qp=16 bytes=602 avg=927 kbps
[openvenc][rc] f=359 P qp=16 bytes=521 avg=925 kbps
[openvenc][rc] f=360 P qp=16 bytes=432 avg=923 kbps
[openvenc][rc] f=361 P qp=16 bytes=411 avg=921 kbps
[openvenc][rc] f=362 P qp=16 bytes=388 avg=919 kbps
[openvenc][rc] f=363 P qp=16 bytes=389 avg=917 kbps
[openvenc][rc] f=364 P qp=16 bytes=386 avg=915 kbps
[openvenc][rc] f=365 P qp=16 bytes=386 avg=913 kbps
[openvenc][rc] f=366 P qp=16 bytes=386 avg=911 kbps
[openvenc][rc] f=367 P qp=16 bytes=386 avg=909 kbps
[openvenc][rc] f=368 P qp=16 bytes=386 avg=907 kbps
[openvenc][rc] f=369 P qp=16 bytes=386 avg=905 kbps
[openvenc][rc] f=370 P qp=16 bytes=386 avg=903 kbps
[openvenc][rc] f=371 P qp=16 bytes=386 avg=901 kbps
[openvenc][rc] f=372 P qp=16 bytes=386 avg=899 kbps
[openvenc][rc] f=373 P qp=16 bytes=386 avg=897 kbps
[openvenc][rc] f=374 P qp=16 bytes=386 avg=895 kbps
[openvenc][rc] f=375 P qp=16 bytes=386 avg=894 kbps
[openvenc][rc] f=376 P qp=16 bytes=386 avg=892 kbps
[openvenc][rc] f=377 P qp=16 bytes=988 avg=891 kbps
[openvenc][rc] f=378 P qp=16 bytes=1185 avg=890 kbps
[openvenc][rc] f=379 P qp=16 bytes=995 avg=889 kbps
[openvenc][rc] f=380 P qp=16 bytes=1124 avg=888 kbps
[openvenc][rc] f=381 P qp=16 bytes=2138 avg=888 kbps
[openvenc][rc] f=382 P qp=16 bytes=2101 avg=888 kbps
[openvenc][rc] f=383 P qp=16 bytes=2431 avg=889 kbps
[openvenc][rc] f=384 P qp=16 bytes=2649 avg=890 kbps
[openvenc][rc] f=385 P qp=16 bytes=2787 avg=891 kbps
[openvenc][rc] f=386 P qp=16 bytes=582 avg=889 kbps
[openvenc][rc] f=387 P qp=16 bytes=477 avg=888 kbps
[openvenc][rc] f=388 P qp=16 bytes=444 avg=886 kbps
[openvenc][rc] f=389 P qp=16 bytes=436 avg=884 kbps
[openvenc][rc] f=390 P qp=16 bytes=430 avg=882 kbps
[openvenc][rc] f=391 P qp=16 bytes=432 avg=881 kbps
[openvenc][rc] f=392 P qp=16 bytes=409 avg=879 kbps
[openvenc][rc] f=393 P qp=16 bytes=400 avg=877 kbps
[openvenc][rc] f=394 P qp=16 bytes=398 avg=875 kbps
[openvenc][rc] f=395 P qp=16 bytes=398 avg=874 kbps
[openvenc][rc] f=396 P qp=16 bytes=396 avg=872 kbps
[openvenc][rc] f=397 P qp=16 bytes=396 avg=870 kbps
[openvenc][rc] f=398 P qp=16 bytes=396 avg=869 kbps
[openvenc][rc] f=399 P qp=16 bytes=396 avg=867 kbps
[openvenc][rc] f=400 IDR qp=17 bytes=64047 avg=940 kbps
[openvenc][rc] f=401 P qp=17 bytes=810 avg=939 kbps
[openvenc][rc] f=402 P qp=16 bytes=1047 avg=938 kbps
[openvenc][rc] f=403 P qp=16 bytes=734 avg=936 kbps
[openvenc][rc] f=404 P qp=16 bytes=586 avg=934 kbps
[openvenc][rc] f=405 P qp=16 bytes=500 avg=933 kbps
[openvenc][rc] f=406 P qp=16 bytes=446 avg=931 kbps
[openvenc][rc] f=407 P qp=16 bytes=426 avg=929 kbps
[openvenc][rc] f=408 P qp=16 bytes=414 avg=927 kbps
[openvenc][rc] f=409 P qp=16 bytes=410 avg=926 kbps
[openvenc][rc] f=410 P qp=16 bytes=415 avg=924 kbps
[openvenc][rc] f=411 P qp=16 bytes=414 avg=922 kbps
[openvenc][rc] f=412 P qp=16 bytes=409 avg=920 kbps
[openvenc][rc] f=413 P qp=16 bytes=410 avg=919 kbps
[openvenc][rc] f=414 P qp=16 bytes=415 avg=917 kbps
[openvenc][rc] f=415 P qp=16 bytes=414 avg=915 kbps
[openvenc][rc] f=416 P qp=16 bytes=415 avg=913 kbps
[openvenc][rc] f=417 P qp=16 bytes=411 avg=912 kbps
[openvenc][rc] f=418 P qp=16 bytes=414 avg=910 kbps
[openvenc][rc] f=419 P qp=16 bytes=415 avg=908 kbps
[openvenc][rc] f=420 P qp=16 bytes=410 avg=907 kbps
[openvenc][rc] f=421 P qp=16 bytes=411 avg=905 kbps
[openvenc][rc] f=422 P qp=16 bytes=414 avg=903 kbps
[openvenc][rc] f=423 P qp=16 bytes=414 avg=901 kbps
[openvenc][rc] f=424 P qp=16 bytes=410 avg=900 kbps
[openvenc][rc] f=425 P qp=16 bytes=411 avg=898 kbps
[openvenc][rc] f=426 P qp=16 bytes=414 avg=897 kbps
[openvenc][rc] f=427 P qp=16 bytes=416 avg=895 kbps
[openvenc][rc] f=428 P qp=16 bytes=410 avg=893 kbps
[openvenc][rc] f=429 P qp=16 bytes=409 avg=892 kbps
[openvenc][rc] f=430 P qp=16 bytes=415 avg=890 kbps
[openvenc][rc] f=431 P qp=16 bytes=415 avg=888 kbps
[openvenc][rc] f=432 P qp=16 bytes=411 avg=887 kbps
[openvenc][rc] f=433 P qp=16 bytes=409 avg=885 kbps
[openvenc][rc] f=434 P qp=16 bytes=413 avg=884 kbps
[openvenc][rc] f=435 P qp=16 bytes=415 avg=882 kbps
[openvenc][rc] f=436 P qp=16 bytes=410 avg=880 kbps
[openvenc][rc] f=437 P qp=16 bytes=410 avg=879 kbps
[openvenc][rc] f=438 P qp=16 bytes=415 avg=877 kbps
[openvenc][rc] f=439 P qp=16 bytes=415 avg=876 kbps
[openvenc][rc] f=440 P qp=16 bytes=409 avg=874 kbps
[openvenc][rc] f=441 P qp=16 bytes=411 avg=873 kbps
[openvenc][rc] f=442 P qp=16 bytes=415 avg=871 kbps
[openvenc][rc] f=443 P qp=16 bytes=415 avg=870 kbps
[openvenc][rc] f=444 P qp=16 bytes=409 avg=868 kbps
[openvenc][rc] f=445 P qp=16 bytes=409 avg=867 kbps
[openvenc][rc] f=446 P qp=16 bytes=415 avg=865 kbps
[openvenc][rc] f=447 P qp=16 bytes=415 avg=864 kbps
[openvenc][rc] f=448 P qp=16 bytes=409 avg=862 kbps
[openvenc][rc] f=449 P qp=16 bytes=416 avg=861 kbps
[openvenc][rc] f=450 IDR qp=17 bytes=64047 avg=926 kbps
[openvenc][rc] f=451 P qp=17 bytes=810 avg=925 kbps
[openvenc][rc] f=452 P qp=16 bytes=1047 avg=924 kbps
[openvenc][rc] f=453 P qp=16 bytes=734 avg=922 kbps
[openvenc][rc] f=454 P qp=16 bytes=586 avg=921 kbps
[openvenc][rc] f=455 P qp=16 bytes=500 avg=919 kbps
[openvenc][rc] f=456 P qp=16 bytes=446 avg=918 kbps
[openvenc][rc] f=457 P qp=16 bytes=426 avg=916 kbps
[openvenc][rc] f=458 P qp=16 bytes=414 avg=915 kbps
[openvenc][rc] f=459 P qp=16 bytes=410 avg=913 kbps
[openvenc][rc] f=460 P qp=16 bytes=415 avg=912 kbps
[openvenc][rc] f=461 P qp=16 bytes=414 avg=910 kbps
[openvenc][rc] f=462 P qp=16 bytes=409 avg=909 kbps
[openvenc][rc] f=463 P qp=16 bytes=410 avg=907 kbps
[openvenc][rc] f=464 P qp=16 bytes=415 avg=905 kbps
[openvenc][rc] f=465 P qp=16 bytes=414 avg=904 kbps
[openvenc][rc] f=466 P qp=16 bytes=415 avg=902 kbps
[openvenc][rc] f=467 P qp=16 bytes=411 avg=901 kbps
[openvenc][rc] f=468 P qp=16 bytes=414 avg=899 kbps
[openvenc][rc] f=469 P qp=16 bytes=415 avg=898 kbps
[openvenc][rc] f=470 P qp=16 bytes=410 avg=896 kbps
[openvenc][rc] f=471 P qp=16 bytes=411 avg=895 kbps
[openvenc][rc] f=472 P qp=16 bytes=414 avg=893 kbps
[openvenc][rc] f=473 P qp=16 bytes=414 avg=892 kbps
[openvenc][rc] f=474 P qp=16 bytes=410 avg=890 kbps
[openvenc][rc] f=475 P qp=16 bytes=411 avg=889 kbps
[openvenc][rc] f=476 P qp=16 bytes=414 avg=888 kbps
[openvenc][rc] f=477 P qp=16 bytes=416 avg=886 kbps
[openvenc][rc] f=478 P qp=16 bytes=410 avg=885 kbps
[openvenc][rc] f=479 P qp=16 bytes=409 avg=883 kbps
[openvenc][rc] f=480 P qp=16 bytes=415 avg=882 kbps
[openvenc][rc] f=481 P qp=16 bytes=415 avg=880 kbps
[openvenc][rc] f=482 P qp=16 bytes=411 avg=879 kbps
[openvenc][rc] f=483 P qp=16 bytes=409 avg=878 kbps
[openvenc][rc] f=484 P qp=16 bytes=413 avg=876 kbps
[openvenc][rc] f=485 P qp=16 bytes=415 avg=875 kbps
[openvenc][rc] f=486 P qp=16 bytes=410 avg=873 kbps
[openvenc][rc] f=487 P qp=16 bytes=410 avg=872 kbps
[openvenc][rc] f=488 P qp=16 bytes=415 avg=871 kbps
[openvenc][rc] f=489 P qp=16 bytes=415 avg=869 kbps
[openvenc][rc] f=490 P qp=16 bytes=409 avg=868 kbps
[openvenc][rc] f=491 P qp=16 bytes=411 avg=866 kbps
[openvenc][rc] f=492 P qp=16 bytes=415 avg=865 kbps
[openvenc][rc] f=493 P qp=16 bytes=415 avg=864 kbps
[openvenc][rc] f=494 P qp=16 bytes=409 avg=862 kbps
[openvenc][rc] f=495 P qp=16 bytes=409 avg=861 kbps
[openvenc][rc] f=496 P qp=16 bytes=415 avg=860 kbps
[openvenc][rc] f=497 P qp=16 bytes=415 avg=858 kbps
[openvenc][rc] f=498 P qp=16 bytes=409 avg=857 kbps
[openvenc][rc] f=499 P qp=16 bytes=416 avg=856 kbps
[openvenc][rc] f=500 IDR qp=17 bytes=64047 avg=914 kbps
[openvenc][rc] f=501 P qp=17 bytes=810 avg=913 kbps
[openvenc][rc] f=502 P qp=16 bytes=1047 avg=912 kbps
[openvenc][rc] f=503 P qp=16 bytes=734 avg=911 kbps
[openvenc][rc] f=504 P qp=16 bytes=586 avg=910 kbps
[openvenc][rc] f=505 P qp=16 bytes=500 avg=909 kbps
[openvenc][rc] f=506 P qp=16 bytes=446 avg=907 kbps
[openvenc][rc] f=507 P qp=16 bytes=426 avg=906 kbps
[openvenc][rc] f=508 P qp=16 bytes=414 avg=905 kbps
[openvenc][rc] f=509 P qp=16 bytes=410 avg=903 kbps
[openvenc][rc] f=510 P qp=16 bytes=415 avg=902 kbps
[openvenc][rc] f=511 P qp=16 bytes=414 avg=900 kbps
[openvenc][rc] f=512 P qp=16 bytes=409 avg=899 kbps
[openvenc][rc] f=513 P qp=16 bytes=410 avg=898 kbps
[openvenc][rc] f=514 P qp=16 bytes=415 avg=896 kbps
[openvenc][rc] f=515 P qp=16 bytes=414 avg=895 kbps
[openvenc][rc] f=516 P qp=16 bytes=415 avg=894 kbps
[openvenc][rc] f=517 P qp=16 bytes=411 avg=892 kbps
[openvenc][rc] f=518 P qp=16 bytes=414 avg=891 kbps
[openvenc][rc] f=519 P qp=16 bytes=415 avg=890 kbps
[openvenc][rc] f=520 P qp=16 bytes=410 avg=888 kbps
[openvenc][rc] f=521 P qp=16 bytes=411 avg=887 kbps
[openvenc][rc] f=522 P qp=16 bytes=414 avg=886 kbps
[openvenc][rc] f=523 P qp=16 bytes=414 avg=884 kbps
[openvenc][rc] f=524 P qp=16 bytes=410 avg=883 kbps
[openvenc][rc] f=525 P qp=16 bytes=411 avg=882 kbps
[openvenc][rc] f=526 P qp=16 bytes=414 avg=880 kbps
[openvenc][rc] f=527 P qp=16 bytes=416 avg=879 kbps
[openvenc][rc] f=528 P qp=16 bytes=410 avg=878 kbps
[openvenc][rc] f=529 P qp=16 bytes=409 avg=876 kbps
[openvenc][rc] f=530 P qp=16 bytes=415 avg=875 kbps
[openvenc][rc] f=531 P qp=16 bytes=415 avg=874 kbps
[openvenc][rc] f=532 P qp=16 bytes=411 avg=873 kbps
[openvenc][rc] f=533 P qp=16 bytes=409 avg=871 kbps
[openvenc][rc] f=534 P qp=16 bytes=413 avg=870 kbps
[openvenc][rc] f=535 P qp=16 bytes=415 avg=869 kbps
[openvenc][rc] f=536 P qp=16 bytes=410 avg=868 kbps
[openvenc][rc] f=537 P qp=16 bytes=410 avg=866 kbps
[openvenc][rc] f=538 P qp=16 bytes=415 avg=865 kbps
[openvenc][rc] f=539 P qp=16 bytes=415 avg=864 kbps
[openvenc][rc] f=540 P qp=16 bytes=409 avg=863 kbps
[openvenc][rc] f=541 P qp=16 bytes=411 avg=861 kbps
[openvenc][rc] f=542 P qp=16 bytes=415 avg=860 kbps
[openvenc][rc] f=543 P qp=16 bytes=415 avg=859 kbps
[openvenc][rc] f=544 P qp=16 bytes=409 avg=858 kbps
[openvenc][rc] f=545 P qp=16 bytes=409 avg=856 kbps
[openvenc][rc] f=546 P qp=16 bytes=415 avg=855 kbps
[openvenc][rc] f=547 P qp=16 bytes=415 avg=854 kbps
[openvenc][rc] f=548 P qp=16 bytes=409 avg=853 kbps
[openvenc][rc] f=549 P qp=16 bytes=416 avg=852 kbps
[openvenc][rc] f=550 IDR qp=17 bytes=64047 avg=905 kbps
[openvenc][rc] f=551 P qp=17 bytes=810 avg=904 kbps
[openvenc][rc] f=552 P qp=16 bytes=1047 avg=903 kbps
[openvenc][rc] f=553 P qp=16 bytes=734 avg=902 kbps
[openvenc][rc] f=554 P qp=16 bytes=586 avg=901 kbps
[openvenc][rc] f=555 P qp=16 bytes=500 avg=900 kbps
[openvenc][rc] f=556 P qp=16 bytes=446 avg=899 kbps
[openvenc][rc] f=557 P qp=16 bytes=426 avg=897 kbps
[openvenc][rc] f=558 P qp=16 bytes=414 avg=896 kbps
[openvenc][rc] f=559 P qp=16 bytes=410 avg=895 kbps
[openvenc][rc] f=560 P qp=16 bytes=415 avg=894 kbps
[openvenc][rc] f=561 P qp=16 bytes=414 avg=892 kbps
[openvenc][rc] f=562 P qp=16 bytes=409 avg=891 kbps
[openvenc][rc] f=563 P qp=16 bytes=410 avg=890 kbps
[openvenc][rc] f=564 P qp=16 bytes=415 avg=889 kbps
[openvenc][rc] f=565 P qp=16 bytes=414 avg=888 kbps
[openvenc][rc] f=566 P qp=16 bytes=415 avg=886 kbps
[openvenc][rc] f=567 P qp=16 bytes=411 avg=885 kbps
[openvenc][rc] f=568 P qp=16 bytes=414 avg=884 kbps
[openvenc][rc] f=569 P qp=16 bytes=415 avg=883 kbps
[openvenc][rc] f=570 P qp=16 bytes=410 avg=881 kbps
[openvenc][rc] f=571 P qp=16 bytes=411 avg=880 kbps
[openvenc][rc] f=572 P qp=16 bytes=414 avg=879 kbps
[openvenc][rc] f=573 P qp=16 bytes=414 avg=878 kbps
[openvenc][rc] f=574 P qp=16 bytes=410 avg=877 kbps
[openvenc][rc] f=575 P qp=16 bytes=411 avg=875 kbps
[openvenc][rc] f=576 P qp=16 bytes=414 avg=874 kbps
[openvenc][rc] f=577 P qp=16 bytes=416 avg=873 kbps
[openvenc][rc] f=578 P qp=16 bytes=410 avg=872 kbps
[openvenc][rc] f=579 P qp=16 bytes=409 avg=871 kbps
[openvenc][rc] f=580 P qp=16 bytes=415 avg=870 kbps
[openvenc][rc] f=581 P qp=16 bytes=415 avg=868 kbps
[openvenc][rc] f=582 P qp=16 bytes=411 avg=867 kbps
[openvenc][rc] f=583 P qp=16 bytes=409 avg=866 kbps
[openvenc][rc] f=584 P qp=16 bytes=413 avg=865 kbps
[openvenc][rc] f=585 P qp=16 bytes=415 avg=864 kbps
[openvenc][rc] f=586 P qp=16 bytes=410 avg=863 kbps
[openvenc][rc] f=587 P qp=16 bytes=410 avg=862 kbps
[openvenc][rc] f=588 P qp=16 bytes=415 avg=860 kbps
[openvenc][rc] f=589 P qp=16 bytes=415 avg=859 kbps
[openvenc][rc] f=590 P qp=16 bytes=409 avg=858 kbps
[openvenc][rc] f=591 P qp=16 bytes=411 avg=857 kbps
[openvenc][rc] f=592 P qp=16 bytes=415 avg=856 kbps
[openvenc][rc] f=593 P qp=16 bytes=415 avg=855 kbps
[openvenc][rc] f=594 P qp=16 bytes=409 avg=854 kbps
[openvenc][rc] f=595 P qp=16 bytes=409 avg=853 kbps
[openvenc][rc] f=596 P qp=16 bytes=415 avg=852 kbps
[openvenc][rc] f=597 P qp=16 bytes=415 avg=850 kbps
[openvenc][rc] f=598 P qp=16 bytes=409 avg=849 kbps
[openvenc][rc] f=599 P qp=16 bytes=416 avg=848 kbps
[openvenc][rc] f=600 IDR qp=17 bytes=64047 avg=897 kbps
