== tag=P_L4 lanes=4
AX_MIPI_RX_SetLaneCombo(0)=0
AX_MIPI_RX_Start(0)=0 (0x0)
poll: 12 transition events -> /tmp/axwork/mipi/P_L4-poll.txt
# transitions of watched words during Start..Stop (t0 = first sample); 12 events
# t_us csi+04 csi+28 csi+2c csi+40 csi+4c csi+50 csi+100 csi+110 csi+118 dphy+34 dphy+110 glb+00
     0.0 deadbeef deadbeef deadbeef deadbeef deadbeef deadbeef deadbeef deadbeef deadbeef deadbeef deadbeef 000005af
0.0 deadbeef deadbeef deadbeef deadbeef deadbeef
20035.9 00000000 0000001f 00000002 00001060 00000000
49798.0 00000000 0000001f 00000002 00001160 00000000
49887.2 00000000 0000001f 00000001 00000000 00000000
674464.9 00000000 0000001f 00000002 00000000 00000000
674467.5 deadbeef deadbeef deadbeef deadbeef deadbeef
== tag=P_L4rst lanes=4 reset=1
AX_MIPI_RX_SetLaneCombo(0)=0
AX_MIPI_RX_Start(0)=0 (0x0)
poll: 13 transition events -> /tmp/axwork/mipi/P_L4rst-poll.txt
# transitions of watched words during Start..Stop (t0 = first sample); 13 events
# t_us csi+04 csi+28 csi+2c csi+40 csi+4c csi+50 csi+100 csi+110 csi+118 dphy+34 dphy+110 glb+00
     0.0 deadbeef deadbeef deadbeef deadbeef deadbeef deadbeef deadbeef deadbeef deadbeef deadbeef deadbeef 000005af
0.0 deadbeef deadbeef deadbeef deadbeef deadbeef
72960.4 00000000 0000001f 00000002 00000000 00000000
100430.5 00000000 0000001f 00000002 00000100 00000000
100531.3 00000000 0000001f 00000001 00000000 00000000
725163.3 00000000 0000001f 00000002 00000000 00000000
725165.9 deadbeef deadbeef deadbeef deadbeef deadbeef
== tag=P_L1ord lanes=1 order=1
AX_MIPI_RX_SetLaneCombo(0)=0 (after SetAttr)
AX_MIPI_RX_Start(0)=0 (0x0)
poll: 4000 transition events -> /tmp/axwork/mipi/P_L1ord-poll.txt
# transitions of watched words during Start..Stop (t0 = first sample); 4000 events
# t_us csi+04 csi+28 csi+2c csi+40 csi+4c csi+50 csi+100 csi+110 csi+118 dphy+34 dphy+110 glb+00
     0.0 deadbeef deadbeef deadbeef deadbeef deadbeef deadbeef deadbeef deadbeef deadbeef deadbeef deadbeef 000005af
0.0 deadbeef deadbeef deadbeef deadbeef deadbeef
20089.4 deadbeef deadbeef 00000002 deadbeef deadbeef
20100.7 00000000 0000001f 00000002 00000000 00000000
42738.8 00000000 0000001f 00000002 00000100 00000000
42828.0 00000000 0000001f 00000002 00001100 00000000
42839.3 00000000 0000001f 00000001 00001020 00000000
42850.6 00000000 0000001f 00000001 00000000 00000000
42861.8 00000000 0000001f 00000001 00001040 00000000
42881.3 00000000 0000001f 00000001 00001060 00000000
42896.9 00000000 0000001f 00000001 00000000 00000000
42910.8 00000000 0000001f 00000001 00001060 00000000
42933.3 00000000 0000001f 00000001 00000000 00000000
42958.3 00000000 0000001f 00000001 00001040 00000000
42980.8 00000000 0000001f 00000001 00000000 00000000
42999.0 00000000 0000001f 00000001 00001040 00000000
43071.6 00000000 0000001f 00000001 00000000 00000000
43089.8 00000000 0000001f 00000001 00001040 00000000
43103.7 00000000 0000001f 00000001 00001060 00000000
43126.1 00000000 0000001f 00000001 00000000 00000000
43151.2 00000000 0000001f 00000001 00001040 00000000
43173.7 00000000 0000001f 00000001 00000000 00000000
43191.8 00000000 0000001f 00000001 00001040 00000000
43205.7 00000000 0000001f 00000001 00001060 00000000
43228.2 00000000 0000001f 00000001 00001020 00000000
43242.1 00000000 0000001f 00000001 00000000 00000000
43253.4 00000000 0000001f 00000001 00001020 00000000
43275.9 00000000 0000001f 00000001 00000000 00000000
43294.1 00000000 0000001f 00000001 00001020 00000000
43362.7 00000000 0000001f 00000001 00000000 00000000
43374.1 00000000 0000001f 00000001 00001040 00000000
43396.5 00000000 0000001f 00000001 00000000 00000000
43414.7 00000000 0000001f 00000001 00001040 00000000
43428.6 00000000 0000001f 00000001 00001060 00000000
43446.7 00000000 0000001f 00000001 00001040 00000000
43469.2 00000000 0000001f 00000001 00000000 00000000
43487.3 00000000 0000001f 00000001 00001040 00000000
43519.4 00000000 0000001f 00000001 00001060 00000000
43541.8 00000000 0000001f 00000001 00000000 00000000
43567.0 00000000 0000001f 00000001 00001040 00000000
43589.5 00000000 0000001f 00000001 00000000 00000000
== tag=P_L2ord lanes=2 order=1
AX_MIPI_RX_SetLaneCombo(0)=0 (after SetAttr)
AX_MIPI_RX_Start(0)=0 (0x0)
poll: 4000 transition events -> /tmp/axwork/mipi/P_L2ord-poll.txt
# transitions of watched words during Start..Stop (t0 = first sample); 4000 events
# t_us csi+04 csi+28 csi+2c csi+40 csi+4c csi+50 csi+100 csi+110 csi+118 dphy+34 dphy+110 glb+00
     0.0 deadbeef deadbeef deadbeef deadbeef deadbeef deadbeef deadbeef deadbeef deadbeef deadbeef deadbeef 000005af
0.0 deadbeef deadbeef deadbeef deadbeef deadbeef
20424.5 00000000 0000001f 00000002 00001060 00000000
48254.8 00000000 0000001f 00000001 00001020 00000000
48267.5 00000000 0000001f 00000001 00000000 00000000
48319.5 00000000 0000001f 00000001 00001020 00000000
48387.9 00000000 0000001f 00000001 00000000 00000000
48417.3 00000000 0000001f 00000001 00001060 00000000
48432.9 00000000 0000001f 00000001 00000000 00000000
48451.0 00000000 0000001f 00000001 00001060 00000000
48469.2 00000000 0000001f 00000001 00001020 00000000
48483.1 00000000 0000001f 00000001 00001060 00000000
48505.5 00000000 0000001f 00000001 00001000 00000000
48519.4 00000000 0000001f 00000001 00000000 00000000
48571.4 00000000 0000001f 00000001 00001020 00000000
48639.7 00000000 0000001f 00000001 00000000 00000000
48673.5 00000000 0000001f 00000001 00001020 00000000
48709.8 00000000 0000001f 00000001 00001060 00000000
48723.6 00000000 0000001f 00000001 00001040 00000000
48746.1 00000000 0000001f 00000001 00000000 00000000
48764.3 00000000 0000001f 00000001 00001020 00000000
48832.6 00000000 0000001f 00000001 00000000 00000000
48866.4 00000000 0000001f 00000001 00001020 00000000
48884.5 00000000 0000001f 00000001 00001040 00000000
48920.9 00000000 0000001f 00000001 00001000 00000000
48934.8 00000000 0000001f 00000001 00000000 00000000
48946.0 00000000 0000001f 00000001 00001040 00000000
48968.5 00000000 0000001f 00000001 00001000 00000000
48986.7 00000000 0000001f 00000001 00001060 00000000
49041.2 00000000 0000001f 00000001 00001020 00000000
49055.0 00000000 0000001f 00000001 00000000 00000000
49088.8 00000000 0000001f 00000001 00001040 00000000
49125.1 00000000 0000001f 00000001 00001060 00000000
49143.3 00000000 0000001f 00000001 00001020 00000000
49157.2 00000000 0000001f 00000001 00000000 00000000
49168.4 00000000 0000001f 00000001 00001040 00000000
49190.9 00000000 0000001f 00000001 00000000 00000000
49209.1 00000000 0000001f 00000001 00001040 00000000
49227.2 00000000 0000001f 00000001 00001060 00000000
49245.4 00000000 0000001f 00000001 00001020 00000000
49277.4 00000000 0000001f 00000001 00000000 00000000
== tag=P_L2C1 lanes=2 combo=1
AX_MIPI_RX_SetLaneCombo(1)=0
AX_MIPI_RX_Start(0)=0 (0x0)
poll: 4000 transition events -> /tmp/axwork/mipi/P_L2C1-poll.txt
# transitions of watched words during Start..Stop (t0 = first sample); 4000 events
# t_us csi+04 csi+28 csi+2c csi+40 csi+4c csi+50 csi+100 csi+110 csi+118 dphy+34 dphy+110 glb+00
     0.0 deadbeef deadbeef deadbeef deadbeef deadbeef deadbeef deadbeef deadbeef deadbeef deadbeef deadbeef 000005af
0.0 deadbeef deadbeef deadbeef deadbeef deadbeef
12366.8 00000000 0000001f 00000002 00000000 00000000
39982.1 00000000 0000001f 00000002 00000100 00000000
40259.8 00000000 0000001f 00000001 00001100 00000000
40409.7 00000000 0000001f 00000001 00000000 00000000
46166.1 00000000 0000001f 00000001 00001040 00000000
46215.7 00000000 0000001f 00000001 00000000 00000000
76016.3 00000000 0000001f 00000001 00001020 00000000
76087.1 00000000 0000001f 00000001 00000000 00000000
77426.5 00000000 0000001f 00000001 00001040 00000000
77437.8 00000000 0000001f 00000001 00000000 00000000
84858.8 00000000 0000001f 00000001 00001040 00000000
84901.1 00000000 0000001f 00000001 00000000 00000000
98588.7 00000000 0000001f 00000001 00001020 00000000
98713.9 00000000 0000001f 00000001 00000000 00000000
136794.3 00000000 0000001f 00000001 00001000 00000000
136835.6 00000000 0000001f 00000001 00000000 00000000
144030.2 00000000 0000001f 00000001 00001020 00000000
144152.5 00000000 0000001f 00000001 00000000 00000000
145226.8 00000000 0000001f 00000001 00001040 00000000
145278.0 00000000 0000001f 00000001 00000000 00000000
176382.7 00000000 0000001f 00000001 00001040 00000000
176394.1 00000000 0000001f 00000001 00000000 00000000
212639.1 00000000 0000001f 00000001 00001020 00000000
212688.3 00000000 0000001f 00000001 00000000 00000000
212925.0 00000000 0000001f 00000001 00001040 00000000
212936.3 00000000 0000001f 00000001 00000000 00000000
253334.1 00000000 0000001f 00000001 00001040 00000000
253440.7 00000000 0000001f 00000001 00000000 00000000
263088.8 00000000 0000001f 00000001 00001000 00000000
263142.0 00000000 0000001f 00000001 00000000 00000000
265969.1 00000000 0000001f 00000001 00001000 00000000
265980.4 00000000 0000001f 00000001 00000000 00000000
269997.4 00000000 0000001f 00000001 00001000 00000000
270089.8 00000000 0000001f 00000001 00000000 00000000
277010.3 00000000 0000001f 00000001 00001000 00000000
277078.2 00000000 0000001f 00000001 00000000 00000000
280716.8 00000000 0000001f 00000001 00001040 00000000
280769.1 00000000 0000001f 00000001 00000000 00000000
299542.5 00000000 0000001f 00000001 00001020 00000000
 12:39:40 up 48 min,  0 users,  load average: 1.71, 1.32, 1.17
