--- browser firefox 154.0.1
--- seeded {"cookie":"nano-kvm-token=loopback-tunnel-bypass","mode":"h264-direct"}
--- probe t=6s
{
 "href": "https://127.0.0.1:8443/",
 "title": "Remote Desktop - NanoKVM",
 "storedMode": "h264-direct",
 "cookie": "nano-kvm-token",
 "canvas": {
  "el": "#screen",
  "width": 1920,
  "height": 1080,
  "clientWidth": 1366,
  "clientHeight": 768
 },
 "video": null,
 "img": null,
 "codecs": {
  "MediaSource": "function",
  "VideoDecoder": "function"
 },
 "notifications": [
  "Browser Recommendation For the best user experience, we recommend using the Chrome browser. While we strive for compatibility across all major browsers, some advanced features may not work as intended outside of Chrome.",
  "Change Password For the security of your device, please change the password! Ok"
 ]
}
--- probe t=12s
{
 "href": "https://127.0.0.1:8443/",
 "title": "Remote Desktop - NanoKVM",
 "storedMode": "h264-direct",
 "cookie": "nano-kvm-token",
 "canvas": {
  "el": "#screen",
  "width": 1920,
  "height": 1080,
  "clientWidth": 1366,
  "clientHeight": 768
 },
 "video": null,
 "img": null,
 "codecs": {
  "MediaSource": "function",
  "VideoDecoder": "function"
 },
 "notifications": [
  "Browser Recommendation For the best user experience, we recommend using the Chrome browser. While we strive for compatibility across all major browsers, some advanced features may not work as intended outside of Chrome.",
  "Change Password For the security of your device, please change the password! Ok"
 ]
}
--- screenshot <scratch>/harness/ff_h264_direct2.png (209596 bytes)
--- console
  info[log]: [mse] isTypeSupported avc1.4D002A: true
  info[log]: [mse] isTypeSupported avc1.42E01F: true
  info[log]: [mse] isTypeSupported hvc1.1.2.L123.80: true
  info[log]: [mse] isTypeSupported hvc1.1.2.L153.80: true
  info[log]: [mse] isTypeSupported hev1.1.2.L123.80: true
  info[log]: [mse] isTypeSupported hev1.1.2.L153.80: true
  info[log]: [direct] decoder configured: avc1.42E01F (default)
