=== stage1trace loaded (argbytes=64 memfd=4) ===
OPEN fd=23 /dev/ax_jenc (J)
OPEN fd=24 /dev/ax_venc (V)
  PRE arg=0xffff95259ad4 got=64: 00000000000000000000000000000000000000000000000000000000000000000000000000000000000000000000000000000000000000000000000000000000
IOCTL J req=0xc0086b32 dir=3 type=0x6b nr=50 size=8 rc=0 fd=23
  POST arg=0xffff95259ad4 got=64: 01000000000000000000000000000000000000000000000000000000000000000000000000000000000000000000000000000000000000000000000000000000
  PRE arg=0xaaaac70e56ac got=64: 000000000000000000000000000000000000000000000000000000000000000000000000ffffffffffffffff0000000000000000000000000000000000000000
IOCTL J req=0xc0086b33 dir=3 type=0x6b nr=51 size=8 rc=0 fd=23
  POST arg=0xaaaac70e56ac got=64: 000000000000000000000000000000000000000000000000000000000000000000000000ffffffffffffffff0000000000000000000000000000000000000000
  PRE arg=0xaaaac70e56b8 got=64: 030000000000000000000000000000000000000000000000ffffffffffffffff000000000000000000000000000000000000000000000000ffffffffffffffff
IOCTL J req=0xc0086b1c dir=3 type=0x6b nr=28 size=8 rc=0 fd=23
  POST arg=0xaaaac70e56b8 got=64: 030001000010ffffffffffffffffffffffff010000154243ffffffffffffffff000000000000000000000000000000000000000000000000ffffffffffffffff
  PRE arg=0xaaaac70e56d0 got=64: ffffffffffffffff000000000000000000000000000000000000000000000000ffffffffffffffff000000000000000000000000000000000000000000000000
IOCTL J req=0xc0086b19 dir=3 type=0x6b nr=25 size=8 rc=0 fd=23
  POST arg=0xaaaac70e56d0 got=64: 38781c080000ffff00b082730000000000b0827300000000000001000020ffff10ac182e0080ffff00b083730000000000b08373000000000000010000200000
  PRE arg=0xffffe68da8e8 got=64: 03000ec7aaaa0000b0a98de6ffff00006814d895ffff0000f07000000000000000dc4a96ffff00000070e995ffff00007800000000000000101be995ffff0000
IOCTL J req=0xc0086b1c dir=3 type=0x6b nr=28 size=8 rc=0 fd=23
  POST arg=0xffffe68da8e8 got=64: 030001000010ffffffffffffffffffffffff010000154243f07000000000000000dc4a96ffff00000070e995ffff00007800000000000000101be995ffff0000
  PRE arg=0xffffe68da900 got=64: f07000000000000000dc4a96ffff00000070e995ffff00007800000000000000101be995ffff000080e9010000000000803627c7aaaa000040d44a96ffff0000
IOCTL J req=0xc0086b19 dir=3 type=0x6b nr=25 size=8 rc=0 fd=23
  POST arg=0xffffe68da900 got=64: 38781c080000ffff00b082730000000000b0827300000000000001000020ffff10ac182e0080ffff00b083730000000000b08373000000000000010000200000
  PRE arg=0xffffe68da8d8 got=64: 0300ffffffffffff00d81c94ffff0000030001000010ffffffffffffffffffffffff010000154243ffffffffffffffff00b082730000000000b0827300000000
IOCTL J req=0xc0086b1c dir=3 type=0x6b nr=28 size=8 rc=0 fd=23
  POST arg=0xffffe68da8d8 got=64: 030001000010ffffffffffffffffffffffff010000154243ffffffffffffffffffff010000154243ffffffffffffffff00b082730000000000b0827300000000
  PRE arg=0xffffe68da900 got=64: ffffffffffffffff00b082730000000000b0827300000000000001000020ffffffffffffffffffff00b083730000000000b08373000000000000010000200000
IOCTL J req=0xc0086b19 dir=3 type=0x6b nr=25 size=8 rc=0 fd=23
  POST arg=0xffffe68da900 got=64: 38781c080000ffff00b082730000000000b0827300000000000001000020ffff10ac182e0080ffff00b083730000000000b08373000000000000010000200000
  PRE arg=0xffffe68db2ec got=64: 07000000401f00000000000008002895ffff000030b38de6ffff00006000000080070000380400001e000000401f00000000000000000f000000000000000f00
IOCTL V req=0xc0086b50 dir=3 type=0x6b nr=80 size=8 rc=0 fd=24
  POST arg=0xffffe68db2ec got=64: 07000000401f00000000000008002895ffff000030b38de6ffff00006000000080070000380400001e000000401f00000000000000000f000000000000000f00
OPEN fd=27 /dev/ax_venc (V)
  PRE arg=0xffffe68db2ec got=64: 07000000401f00000000000008002895ffff000030b38de6ffff00006000000080070000380400001e000000401f00000000000000000f000000000000000f00
IOCTL V req=0xc0086b56 dir=3 type=0x6b nr=86 size=8 rc=0 fd=27
  POST arg=0xffffe68db2ec got=64: 07000000401f00000000000008002895ffff000030b38de6ffff00006000000080070000380400001e000000401f00000000000000000f000000000000000f00
  PRE arg=0xffffe68db248 got=64: 07000000ffff0000070000000200000000002595ffff000030b38de660000000070000000000000000002195ffff0000ecb28de6ffff000030b48de6ffff0000
IOCTL V req=0xc0086b47 dir=3 type=0x6b nr=71 size=8 rc=0 fd=24
  POST arg=0xffffe68db248 got=64: 07000000ffff0000070000000200000000002595ffff000030b38de660000000070000000000000000002195ffff0000ecb28de6ffff000030b48de6ffff0000
  PRE arg=0xffffe68db0d8 got=64: 00000ff00ff00ff010b18de6ffff0000f48f1995ffff000002000000000000000100000000000000781728c7aaaa000080b18de6ffff000020b28de6ffff0000
IOCTL J req=0xc0086b1c dir=3 type=0x6b nr=28 size=8 rc=0 fd=23
  POST arg=0xffffe68db0d8 got=64: 00000000ffffffffffffffffffffffffffff00000110424302000000000000000100000000000000781728c7aaaa000080b18de6ffff000020b28de6ffff0000
  PRE arg=0xffff95259104 got=64: 00000000018100800008000000000000000000000100000000000000000000000000000000100000001000000000000000000000000000000080000000000000
IOCTL V req=0xc0086b32 dir=3 type=0x6b nr=50 size=8 rc=0 fd=24
  POST arg=0xffff95259104 got=64: 01000000018100800008000000000000000000000100000000000000000000000000000000100000001000000000000000000000000000000080000000000000
  PRE arg=0xaaaac712903c got=64: 000000000000000000000000000000000000000000000000000000000000000000000000000000000000000000000000000000000000000000000000ffffffff
IOCTL V req=0xc0086b33 dir=3 type=0x6b nr=51 size=8 rc=0 fd=24
  POST arg=0xaaaac712903c got=64: 000000000000000000000000000000000000000000000000000000000000000000000000000000000000000000000000000000000000000000000000ffffffff
  PRE arg=0xaaaac712904c got=64: 0000000000000000000000000000000000000000000000000000000000000000000000000000000000000000ffffffffffffffff000000000000000000000000
IOCTL V req=0xc0086b1c dir=3 type=0x6b nr=28 size=8 rc=0 fd=24
  POST arg=0xaaaac712904c got=64: 000001000010ffffffffffffffffffffffff0000000001000015424300000000000000000000000000000000ffffffffffffffff000000000000000000000000
  PRE arg=0xaaaac7129078 got=64: ffffffffffffffff000000000000000000000000000000000000000000000000ffffffffffffffff000000000000000000000000000000000000000000000000
IOCTL V req=0xc0086b19 dir=3 type=0x6b nr=25 size=8 rc=0 fd=24
  POST arg=0xaaaac7129078 got=64: 00ac182e0080ffff00a080730000000000a08073000000000000010000200000150000000000000000a081730000000000a08173000000000000010000200000
  PRE arg=0xffffe68da390 got=64: 00008de6ffff000054c11595ffff0000e04b22c7aaaa00006800000000000000e0a38de6ffff000064c11595ffff000030a48de6ffff000028c71b95ffff0000
IOCTL V req=0xc0086b1c dir=3 type=0x6b nr=28 size=8 rc=0 fd=24
  POST arg=0xffffe68da390 got=64: 000001000010ffffffffffffffffffffffff22c7000001000015424300000000e0a38de6ffff000064c11595ffff000030a48de6ffff000028c71b95ffff0000
  PRE arg=0xffffe68da390 got=64: 000001000010ffffffffffffffffffffffff22c7000001000015424300000000e0a38de6ffff000064c11595ffff000030a48de6ffff000028c71b95ffff0000
IOCTL V req=0xc0086b1c dir=3 type=0x6b nr=28 size=8 rc=0 fd=24
  POST arg=0xffffe68da390 got=64: 000001000010ffffffffffffffffffffffff22c7000001000015424300000000e0a38de6ffff000064c11595ffff000030a48de6ffff000028c71b95ffff0000
  PRE arg=0xffffe68da2a8 got=64: 000000000000000008000000ffff0000000000000000000018000000ffff000000000000ffff000018000000ffff000070a38de6ffff000070a38de6ffff0000
IOCTL V req=0xc0086b1c dir=3 type=0x6b nr=28 size=8 rc=0 fd=24
  POST arg=0xffffe68da2a8 got=64: 000001000010ffffffffffffffffffffffff000000000100001542430000000000000000ffff000018000000ffff000070a38de6ffff000070a38de6ffff0000
  PRE arg=0xffffe68da2d8 got=64: 70a38de6ffff000070a38de6ffff000060a38de6ffff0000f8ffffff00000000ffffffffffffffff70a38de6ffff0000e4ad1f95ffff000010a48de6ffff0000
IOCTL V req=0xc0086b19 dir=3 type=0x6b nr=25 size=8 rc=0 fd=24
  POST arg=0xffffe68da2d8 got=64: 00ac182e0080ffff00a080730000000000a08073000000000000010000200000150000000000000000a081730000000000a08173000000000000010000200000
  PRE arg=0xffffe68da2c8 got=64: 00000600ffff000018000000ffff0000ffffffffffffffff00a080730000000000a0807300000000000001000020000000605592ffff000000a0817300000000
IOCTL V req=0xc0086b1c dir=3 type=0x6b nr=28 size=8 rc=0 fd=24
  POST arg=0xffffe68da2c8 got=64: 000001000010ffffffffffffffffffffffffffff00000100001542430000000000a0807300000000000001000020000000605592ffff000000a0817300000000
  PRE arg=0xffffe68da2f8 got=64: 00605592ffff000000a081730000000000a081730000000000000100002000000000000000000000000000000000000001000000000000000000000000000000
IOCTL V req=0xc0086b19 dir=3 type=0x6b nr=25 size=8 rc=0 fd=24
  POST arg=0xffffe68da2f8 got=64: 00ac182e0080ffff00a080730000000000a08073000000000000010000200000150000000000000000a081730000000000a08173000000000000010000200000
  PRE arg=0xffffe68da2c8 got=64: 000001000010ffffffffffffffffffffffffffff00000100001542430000000000a08073000000000000010000200000ffffffffffffffff00a0807300000000
IOCTL V req=0xc0086b1c dir=3 type=0x6b nr=28 size=8 rc=0 fd=24
  POST arg=0xffffe68da2c8 got=64: 000001000010ffffffffffffffffffffffffffff00000100001542430000000000a08073000000000000010000200000ffffffffffffffff00a0807300000000
  PRE arg=0xffffe68da2f8 got=64: ffffffffffffffff00a080730000000000a08073000000000000010000200000ffffffffffffffff00a081730000000000a08173000000000000010000200000
IOCTL V req=0xc0086b19 dir=3 type=0x6b nr=25 size=8 rc=0 fd=24
  POST arg=0xffffe68da2f8 got=64: 00ac182e0080ffff00a080730000000000a08073000000000000010000200000150000000000000000a081730000000000a08173000000000000010000200000
  PRE arg=0xffffe68db2c8 got=64: 07000000ffff000080070000000000003804000000000000010000000000000088b48de607000000004840000024200060000000ffff000030b38de6ffff0000
IOCTL V req=0xc0086b46 dir=3 type=0x6b nr=70 size=8 rc=0 fd=24
  POST arg=0xffffe68db2c8 got=64: 07000000ffff000080070000000000003804000000000000010000000000000088b48de607000000004840000024200060000000ffff000030b38de6ffff0000
  PRE arg=0xffff9319978c got=64: 0500000010991993ffff00009803d795ffff000000000000000000001ca51993ffff0000ceb08de6ffff000040e9800000000000cfb08de6ffff000000000000
IOCTL V req=0xc0086b53 dir=3 type=0x6b nr=83 size=8 rc=0 fd=24
  POST arg=0xffff9319978c got=64: 0500000010991993ffff00009803d795ffff000000000000000000001ca51993ffff0000ceb08de6ffff000040e9800000000000cfb08de6ffff000000000000
  PRE arg=0xffff9319978c got=64: 0500000010991993ffff00009803d795ffff000000000000000000001ca51993ffff0000ceb08de6ffff000040e9800000000000cfb08de6ffff000000000000
IOCTL V req=0xc0086b53 dir=3 type=0x6b nr=83 size=8 rc=0 fd=24
  POST arg=0xffff9319978c got=64: 0500000010991993ffff00009803d795ffff000000000000000000001ca51993ffff0000ceb08de6ffff000040e9800000000000cfb08de6ffff000000000000
  PRE arg=0xaaaac71290c0 got=64: 00a41f00000000000000000000000100000000000000000000885692ffff00000100000000000000070000000000000030010000000000001105000000000000
IOCTL V req=0xc0086b1d dir=3 type=0x6b nr=29 size=8 rc=0 fd=24
  POST arg=0xaaaac71290c0 got=64: 00a41f00000000200000010000000100000000000000000000885692ffff00000100000000000000070000000000000030010000000000001105000000000000
  PRE arg=0xaaaac71290c0 got=64: 00a41f000000e8080000010000000100000000000000000000885692ffff00000100000000000000070000000000000030010000000000001105000000000000
IOCTL V req=0x80086b1e dir=2 type=0x6b nr=30 size=8 rc=0 fd=24
  POST arg=0xaaaac71290c0 got=64: 00a41f000000e8080000010000000100000000000000000000885692ffff00000100000000000000070000000000000030010000000000001105000000000000
  PRE arg=0xffff931984be got=64: 0100000000000000000060851993ffff0000b0851993ffff0000e0911c95ffff0000010000000000000050e029c7aaaa0000488b1993ffff0000c08c28c7aaaa
IOCTL V req=0x80086b1f dir=2 type=0x6b nr=31 size=8 rc=0 fd=24
  POST arg=0xffff931984be got=64: 0000000000000000000060851993ffff0000b0851993ffff0000e0911c95ffff0000010000000000000050e029c7aaaa0000488b1993ffff0000c08c28c7aaaa
  PRE arg=0xffff931984be got=64: 01000000000000000000022f0000ffff0000b0851993ffff0000e0911c95ffff0000010000000000000050e029c7aaaa0000488b1993ffff0000c08c28c7aaaa
IOCTL V req=0x80086b20 dir=2 type=0x6b nr=32 size=8 rc=0 fd=24
  POST arg=0xffff931984be got=64: 01000000000000000000022f0000ffff0000b0851993ffff0000e0911c95ffff0000010000000000000050e029c7aaaa0000488b1993ffff0000c08c28c7aaaa
IOCTL V req=0x00006b57 dir=0 type=0x6b nr=87 size=0 rc=0 fd=27
IOCTL V req=0x00006b58 dir=0 type=0x6b nr=88 size=0 rc=0 fd=27
  PRE arg=0xffff9319978c got=64: 0500000010991993ffff00009803d795ffff000000000000000000001ca51993ffff0000ceb08de6ffff000040e9800000000000cfb08de6ffff000000000000
IOCTL V req=0xc0086b53 dir=3 type=0x6b nr=83 size=8 rc=0 fd=24
  POST arg=0xffff9319978c got=64: 0500000010991993ffff00009803d795ffff000000000000000000001ca51993ffff0000ceb08de6ffff000040e9800000000000cfb08de6ffff000000000000
  PRE arg=0xffff9319978c got=64: 0500000010991993ffff00009803d795ffff000000000000000000001ca51993ffff0000ceb08de6ffff000040e9800000000000cfb08de6ffff000000000000
  PRE arg=0xffffe68dbb28 got=64: 070000000000000000bd8de6ffff00001851fd95ffff000002000000ffff0000b0255395ffff0000e8723d96ffff0000d04a5695ffff000080bb8de6ffff0000
IOCTL V req=0xc0086b46 dir=3 type=0x6b nr=70 size=8 rc=0 fd=24
  POST arg=0xffffe68dbb28 got=64: 070000000000000000bd8de6ffff00001851fd95ffff000002000000ffff0000b0255395ffff0000e8723d96ffff0000d04a5695ffff000080bb8de6ffff0000
  PRE arg=0xffffe68dbae8 got=64: 07000000ffff00000700000002000000000000000000000020bb8de6ffff000060671895ffff0000f0d327c7aaaa0000000000000000000080bb8de6ffff0000
IOCTL V req=0xc0086b48 dir=3 type=0x6b nr=72 size=8 rc=0 fd=24
  POST arg=0xffffe68dbae8 got=64: 07000000ffff00000700000002000000000000000000000020bb8de6ffff000060671895ffff0000f0d327c7aaaa0000000000000000000080bb8de6ffff0000
IOCTL V req=0x00006b59 dir=0 type=0x6b nr=89 size=0 rc=0 fd=27
  PRE arg=0xffffe68dbb7c got=64: 07000000a0bb8de6ffff00002c442695ffff0000e0861fc7aaaa000008002895ffff0000d0bb8de6ffff0000106e4295ffff0000000000000000000000000000
IOCTL V req=0xc0086b4f dir=3 type=0x6b nr=79 size=8 rc=0 fd=24
  POST arg=0xffffe68dbb7c got=64: 07000000a0bb8de6ffff00002c442695ffff0000e0861fc7aaaa000008002895ffff0000d0bb8de6ffff0000106e4295ffff0000000000000000000000000000
IOCTL V req=0xc0086b53 dir=3 type=0x6b nr=83 size=8 rc=0 fd=24
  POST arg=0xffff9319978c got=64: 0500000010991993ffff00009803d795ffff000000000000000000001ca51993ffff0000ceb08de6ffff000040e9800000000000cfb08de6ffff000000000000
IOCTL V req=0x00006b51 dir=0 type=0x6b nr=81 size=0 rc=0 fd=24
  PRE arg=0xffff95255284 got=64:   PRE arg=0xffff95251e4c got=64: 00000000000000000000000000000000000000000000000000000000000000000000000000000000000000000000000000000000000000000000000000000000
00000000000000000000000000000000000000000000000000000000000000000000000000000000000000000000000000000000000000000000000000000000
IOCTL J req=0xc0086b52 dir=3 type=0x6b nr=82 size=8 rc=0 fd=23
  POST arg=0xffff95255284 got=64: 000000000000000000000000000000000000IOCTL V req=0xc0086b52 dir=3 type=0x6b nr=82 size=8 rc=0 fd=24
00  POST arg=0xffff95251e4c got=64: 00000000000000000000000000000000000000000000000000000000000000000000000000000000000000000000000000000000000000000000000000000000
000000000000000000000000000000000000000000000000000000000000000000000000000000000000000000  PRE arg=0x1 got=0: 

IOCTL J req=0x00006b51 dir=0 type=0x6b nr=81 size=0 rc=0 fd=23
  POST arg=0x1 got=0: 
