# vdrive tag=h264_vbr2000 codec=h264 1920x1080 rc=vbr br=2000 fps=60/60 gop=30 gopmode=normalp ltrint=0 ltrqpo=0 iqp=32 pqp=32 profile=10 level=51 tier=0 qp[10..51] iqp[10..51] iqd=0 firstqp=-1 iprop[10..40] idrrange=2 stattime=1 vq=0 ir=0/0 slice=0 debreath=0 scd=-1 rowqpd=-1 vui=-1 move=0 nframes=240
src=/root/rc65/clips/static.yuyv frames=30 loop=pingpong motion=vscroll mstep=4 window=0..-1
AX_SYS_Init rc=0x0
AX_VENC_Init rc=0x0
AX_VENC_CreateChn(7) rc=0x0
StartRecvFrame rc=0x0
AX_POOL_CreatePool id=0x0
blk=0x5e000000 phys=0x742d1000 virt=0xffff983c5000
frame: modid=0x11 stride=1920 fmt=0xd
  snapshot pre: 3 venc_ko blocks (pool0 0x73801000 len 0x10000)
src frame 0: srcf=0 off=4 br=2000
frame 0: send=0x0 get=0x0 len=23451 coding=0 startqp=0 meanqp=0 picbytes=0 pskip=0 nalus=3 n7:32 n8:9 n5:23410
  snapshot f000: 3 venc_ko blocks (pool0 0x73801000 len 0x10000)
src frame 1: srcf=1 off=8 br=2000
frame 1: send=0x0 get=0x0 len=3335 coding=1 startqp=0 meanqp=0 picbytes=0 pskip=0 nalus=1 n1:3335
  snapshot f001: 3 venc_ko blocks (pool0 0x73801000 len 0x10000)
src frame 2: srcf=2 off=12 br=2000
frame 2: send=0x0 get=0x0 len=1638 coding=1 startqp=0 meanqp=0 picbytes=0 pskip=0 nalus=1 n1:1638
  snapshot f002: 3 venc_ko blocks (pool0 0x73801000 len 0x10000)
src frame 3: srcf=3 off=16 br=2000
frame 3: send=0x0 get=0x0 len=2290 coding=1 startqp=0 meanqp=0 picbytes=0 pskip=0 nalus=1 n1:2290
  snapshot f003: 3 venc_ko blocks (pool0 0x73801000 len 0x10000)
src frame 4: srcf=4 off=20 br=2000
frame 4: send=0x0 get=0x0 len=2726 coding=1 startqp=0 meanqp=0 picbytes=0 pskip=0 nalus=1 n1:2726
  snapshot f004: 3 venc_ko blocks (pool0 0x73801000 len 0x10000)
src frame 5: srcf=5 off=24 br=2000
frame 5: send=0x0 get=0x0 len=1801 coding=1 startqp=0 meanqp=0 picbytes=0 pskip=0 nalus=1 n1:1801
  snapshot f005: 3 venc_ko blocks (pool0 0x73801000 len 0x10000)
src frame 6: srcf=6 off=28 br=2000
frame 6: send=0x0 get=0x0 len=2225 coding=1 startqp=0 meanqp=0 picbytes=0 pskip=0 nalus=1 n1:2225
  snapshot f006: 3 venc_ko blocks (pool0 0x73801000 len 0x10000)
src frame 7: srcf=7 off=32 br=2000
frame 7: send=0x0 get=0x0 len=2956 coding=1 startqp=0 meanqp=0 picbytes=0 pskip=0 nalus=1 n1:2956
  snapshot f007: 3 venc_ko blocks (pool0 0x73801000 len 0x10000)
src frame 8: srcf=8 off=36 br=2000
frame 8: send=0x0 get=0x0 len=2657 coding=1 startqp=0 meanqp=0 picbytes=0 pskip=0 nalus=1 n1:2657
  snapshot f008: 3 venc_ko blocks (pool0 0x73801000 len 0x10000)
src frame 9: srcf=9 off=40 br=2000
frame 9: send=0x0 get=0x0 len=2942 coding=1 startqp=0 meanqp=0 picbytes=0 pskip=0 nalus=1 n1:2942
  snapshot f009: 3 venc_ko blocks (pool0 0x73801000 len 0x10000)
src frame 10: srcf=10 off=44 br=2000
frame 10: send=0x0 get=0x0 len=2307 coding=1 startqp=0 meanqp=0 picbytes=0 pskip=0 nalus=1 n1:2307
  snapshot f010: 3 venc_ko blocks (pool0 0x73801000 len 0x10000)
src frame 11: srcf=11 off=48 br=2000
frame 11: send=0x0 get=0x0 len=3744 coding=1 startqp=0 meanqp=0 picbytes=0 pskip=0 nalus=1 n1:3744
  snapshot f011: 3 venc_ko blocks (pool0 0x73801000 len 0x10000)
src frame 12: srcf=12 off=52 br=2000
frame 12: send=0x0 get=0x0 len=2182 coding=1 startqp=0 meanqp=0 picbytes=0 pskip=0 nalus=1 n1:2182
  snapshot f012: 3 venc_ko blocks (pool0 0x73801000 len 0x10000)
src frame 13: srcf=13 off=56 br=2000
frame 13: send=0x0 get=0x0 len=2420 coding=1 startqp=0 meanqp=0 picbytes=0 pskip=0 nalus=1 n1:2420
  snapshot f013: 3 venc_ko blocks (pool0 0x73801000 len 0x10000)
src frame 14: srcf=14 off=60 br=2000
frame 14: send=0x0 get=0x0 len=3687 coding=1 startqp=0 meanqp=0 picbytes=0 pskip=0 nalus=1 n1:3687
  snapshot f014: 3 venc_ko blocks (pool0 0x73801000 len 0x10000)
src frame 15: srcf=15 off=64 br=2000
frame 15: send=0x0 get=0x0 len=1914 coding=1 startqp=0 meanqp=0 picbytes=0 pskip=0 nalus=1 n1:1914
  snapshot f015: 3 venc_ko blocks (pool0 0x73801000 len 0x10000)
src frame 16: srcf=16 off=68 br=2000
frame 16: send=0x0 get=0x0 len=2157 coding=1 startqp=0 meanqp=0 picbytes=0 pskip=0 nalus=1 n1:2157
  snapshot f016: 3 venc_ko blocks (pool0 0x73801000 len 0x10000)
src frame 17: srcf=17 off=72 br=2000
frame 17: send=0x0 get=0x0 len=2776 coding=1 startqp=0 meanqp=0 picbytes=0 pskip=0 nalus=1 n1:2776
  snapshot f017: 3 venc_ko blocks (pool0 0x73801000 len 0x10000)
src frame 18: srcf=18 off=76 br=2000
frame 18: send=0x0 get=0x0 len=3856 coding=1 startqp=0 meanqp=0 picbytes=0 pskip=0 nalus=1 n1:3856
  snapshot f018: 3 venc_ko blocks (pool0 0x73801000 len 0x10000)
src frame 19: srcf=19 off=80 br=2000
frame 19: send=0x0 get=0x0 len=1859 coding=1 startqp=0 meanqp=0 picbytes=0 pskip=0 nalus=1 n1:1859
  snapshot f019: 3 venc_ko blocks (pool0 0x73801000 len 0x10000)
src frame 20: srcf=20 off=84 br=2000
frame 20: send=0x0 get=0x0 len=2509 coding=1 startqp=0 meanqp=0 picbytes=0 pskip=0 nalus=1 n1:2509
  snapshot f020: 3 venc_ko blocks (pool0 0x73801000 len 0x10000)
src frame 21: srcf=21 off=88 br=2000
frame 21: send=0x0 get=0x0 len=3102 coding=1 startqp=0 meanqp=0 picbytes=0 pskip=0 nalus=1 n1:3102
  snapshot f021: 3 venc_ko blocks (pool0 0x73801000 len 0x10000)
src frame 22: srcf=22 off=92 br=2000
frame 22: send=0x0 get=0x0 len=3328 coding=1 startqp=0 meanqp=0 picbytes=0 pskip=0 nalus=1 n1:3328
  snapshot f022: 3 venc_ko blocks (pool0 0x73801000 len 0x10000)
src frame 23: srcf=23 off=96 br=2000
frame 23: send=0x0 get=0x0 len=4521 coding=1 startqp=0 meanqp=0 picbytes=0 pskip=0 nalus=1 n1:4521
  snapshot f023: 3 venc_ko blocks (pool0 0x73801000 len 0x10000)
src frame 24: srcf=24 off=100 br=2000
frame 24: send=0x0 get=0x0 len=3312 coding=1 startqp=0 meanqp=0 picbytes=0 pskip=0 nalus=1 n1:3312
  snapshot f024: 3 venc_ko blocks (pool0 0x73801000 len 0x10000)
src frame 25: srcf=25 off=104 br=2000
frame 25: send=0x0 get=0x0 len=2151 coding=1 startqp=0 meanqp=0 picbytes=0 pskip=0 nalus=1 n1:2151
  snapshot f025: 3 venc_ko blocks (pool0 0x73801000 len 0x10000)
src frame 26: srcf=26 off=108 br=2000
frame 26: send=0x0 get=0x0 len=1848 coding=1 startqp=0 meanqp=0 picbytes=0 pskip=0 nalus=1 n1:1848
  snapshot f026: 3 venc_ko blocks (pool0 0x73801000 len 0x10000)
src frame 27: srcf=27 off=112 br=2000
frame 27: send=0x0 get=0x0 len=3115 coding=1 startqp=0 meanqp=0 picbytes=0 pskip=0 nalus=1 n1:3115
  snapshot f027: 3 venc_ko blocks (pool0 0x73801000 len 0x10000)
src frame 28: srcf=28 off=116 br=2000
frame 28: send=0x0 get=0x0 len=2979 coding=1 startqp=0 meanqp=0 picbytes=0 pskip=0 nalus=1 n1:2979
  snapshot f028: 3 venc_ko blocks (pool0 0x73801000 len 0x10000)
src frame 29: srcf=29 off=120 br=2000
frame 29: send=0x0 get=0x0 len=3054 coding=1 startqp=0 meanqp=0 picbytes=0 pskip=0 nalus=1 n1:3054
  snapshot f029: 3 venc_ko blocks (pool0 0x73801000 len 0x10000)
src frame 30: srcf=28 off=124 br=2000
frame 30: send=0x0 get=0x0 len=32200 coding=0 startqp=0 meanqp=0 picbytes=0 pskip=0 nalus=3 n7:32 n8:9 n5:32159
  snapshot f030: 3 venc_ko blocks (pool0 0x73801000 len 0x10000)
src frame 31: srcf=27 off=128 br=2000
frame 31: send=0x0 get=0x0 len=3425 coding=1 startqp=0 meanqp=0 picbytes=0 pskip=0 nalus=1 n1:3425
  snapshot f031: 3 venc_ko blocks (pool0 0x73801000 len 0x10000)
src frame 32: srcf=26 off=132 br=2000
frame 32: send=0x0 get=0x0 len=1879 coding=1 startqp=0 meanqp=0 picbytes=0 pskip=0 nalus=1 n1:1879
  snapshot f032: 3 venc_ko blocks (pool0 0x73801000 len 0x10000)
src frame 33: srcf=25 off=136 br=2000
frame 33: send=0x0 get=0x0 len=2657 coding=1 startqp=0 meanqp=0 picbytes=0 pskip=0 nalus=1 n1:2657
  snapshot f033: 3 venc_ko blocks (pool0 0x73801000 len 0x10000)
src frame 34: srcf=24 off=140 br=2000
frame 34: send=0x0 get=0x0 len=2337 coding=1 startqp=0 meanqp=0 picbytes=0 pskip=0 nalus=1 n1:2337
  snapshot f034: 3 venc_ko blocks (pool0 0x73801000 len 0x10000)
src frame 35: srcf=23 off=144 br=2000
frame 35: send=0x0 get=0x0 len=2138 coding=1 startqp=0 meanqp=0 picbytes=0 pskip=0 nalus=1 n1:2138
  snapshot f035: 3 venc_ko blocks (pool0 0x73801000 len 0x10000)
src frame 36: srcf=22 off=148 br=2000
frame 36: send=0x0 get=0x0 len=2295 coding=1 startqp=0 meanqp=0 picbytes=0 pskip=0 nalus=1 n1:2295
  snapshot f036: 3 venc_ko blocks (pool0 0x73801000 len 0x10000)
src frame 37: srcf=21 off=152 br=2000
frame 37: send=0x0 get=0x0 len=3057 coding=1 startqp=0 meanqp=0 picbytes=0 pskip=0 nalus=1 n1:3057
  snapshot f037: 3 venc_ko blocks (pool0 0x73801000 len 0x10000)
src frame 38: srcf=20 off=156 br=2000
frame 38: send=0x0 get=0x0 len=2325 coding=1 startqp=0 meanqp=0 picbytes=0 pskip=0 nalus=1 n1:2325
  snapshot f038: 3 venc_ko blocks (pool0 0x73801000 len 0x10000)
src frame 39: srcf=19 off=160 br=2000
frame 39: send=0x0 get=0x0 len=2847 coding=1 startqp=0 meanqp=0 picbytes=0 pskip=0 nalus=1 n1:2847
  snapshot f039: 3 venc_ko blocks (pool0 0x73801000 len 0x10000)
src frame 40: srcf=18 off=164 br=2000
frame 40: send=0x0 get=0x0 len=2546 coding=1 startqp=0 meanqp=0 picbytes=0 pskip=0 nalus=1 n1:2546
  snapshot f040: 3 venc_ko blocks (pool0 0x73801000 len 0x10000)
src frame 41: srcf=17 off=168 br=2000
frame 41: send=0x0 get=0x0 len=4177 coding=1 startqp=0 meanqp=0 picbytes=0 pskip=0 nalus=1 n1:4177
  snapshot f041: 3 venc_ko blocks (pool0 0x73801000 len 0x10000)
src frame 42: srcf=16 off=172 br=2000
frame 42: send=0x0 get=0x0 len=2408 coding=1 startqp=0 meanqp=0 picbytes=0 pskip=0 nalus=1 n1:2408
  snapshot f042: 3 venc_ko blocks (pool0 0x73801000 len 0x10000)
src frame 43: srcf=15 off=176 br=2000
frame 43: send=0x0 get=0x0 len=2781 coding=1 startqp=0 meanqp=0 picbytes=0 pskip=0 nalus=1 n1:2781
  snapshot f043: 3 venc_ko blocks (pool0 0x73801000 len 0x10000)
src frame 44: srcf=14 off=180 br=2000
frame 44: send=0x0 get=0x0 len=2013 coding=1 startqp=0 meanqp=0 picbytes=0 pskip=0 nalus=1 n1:2013
  snapshot f044: 3 venc_ko blocks (pool0 0x73801000 len 0x10000)
src frame 45: srcf=13 off=184 br=2000
frame 45: send=0x0 get=0x0 len=2727 coding=1 startqp=0 meanqp=0 picbytes=0 pskip=0 nalus=1 n1:2727
  snapshot f045: 3 venc_ko blocks (pool0 0x73801000 len 0x10000)
src frame 46: srcf=12 off=188 br=2000
frame 46: send=0x0 get=0x0 len=3943 coding=1 startqp=0 meanqp=0 picbytes=0 pskip=0 nalus=1 n1:3943
  snapshot f046: 3 venc_ko blocks (pool0 0x73801000 len 0x10000)
src frame 47: srcf=11 off=192 br=2000
frame 47: send=0x0 get=0x0 len=1472 coding=1 startqp=0 meanqp=0 picbytes=0 pskip=0 nalus=1 n1:1472
  snapshot f047: 3 venc_ko blocks (pool0 0x73801000 len 0x10000)
src frame 48: srcf=10 off=196 br=2000
frame 48: send=0x0 get=0x0 len=2342 coding=1 startqp=0 meanqp=0 picbytes=0 pskip=0 nalus=1 n1:2342
  snapshot f048: 3 venc_ko blocks (pool0 0x73801000 len 0x10000)
src frame 49: srcf=9 off=200 br=2000
frame 49: send=0x0 get=0x0 len=3118 coding=1 startqp=0 meanqp=0 picbytes=0 pskip=0 nalus=1 n1:3118
  snapshot f049: 3 venc_ko blocks (pool0 0x73801000 len 0x10000)
src frame 50: srcf=8 off=204 br=2000
frame 50: send=0x0 get=0x0 len=2842 coding=1 startqp=0 meanqp=0 picbytes=0 pskip=0 nalus=1 n1:2842
  snapshot f050: 3 venc_ko blocks (pool0 0x73801000 len 0x10000)
src frame 51: srcf=7 off=208 br=2000
frame 51: send=0x0 get=0x0 len=3674 coding=1 startqp=0 meanqp=0 picbytes=0 pskip=0 nalus=1 n1:3674
  snapshot f051: 3 venc_ko blocks (pool0 0x73801000 len 0x10000)
src frame 52: srcf=6 off=212 br=2000
frame 52: send=0x0 get=0x0 len=2018 coding=1 startqp=0 meanqp=0 picbytes=0 pskip=0 nalus=1 n1:2018
  snapshot f052: 3 venc_ko blocks (pool0 0x73801000 len 0x10000)
src frame 53: srcf=5 off=216 br=2000
frame 53: send=0x0 get=0x0 len=2718 coding=1 startqp=0 meanqp=0 picbytes=0 pskip=0 nalus=1 n1:2718
  snapshot f053: 3 venc_ko blocks (pool0 0x73801000 len 0x10000)
src frame 54: srcf=4 off=220 br=2000
frame 54: send=0x0 get=0x0 len=2656 coding=1 startqp=0 meanqp=0 picbytes=0 pskip=0 nalus=1 n1:2656
  snapshot f054: 3 venc_ko blocks (pool0 0x73801000 len 0x10000)
src frame 55: srcf=3 off=224 br=2000
frame 55: send=0x0 get=0x0 len=3862 coding=1 startqp=0 meanqp=0 picbytes=0 pskip=0 nalus=1 n1:3862
  snapshot f055: 3 venc_ko blocks (pool0 0x73801000 len 0x10000)
src frame 56: srcf=2 off=228 br=2000
frame 56: send=0x0 get=0x0 len=1641 coding=1 startqp=0 meanqp=0 picbytes=0 pskip=0 nalus=1 n1:1641
  snapshot f056: 3 venc_ko blocks (pool0 0x73801000 len 0x10000)
src frame 57: srcf=1 off=232 br=2000
frame 57: send=0x0 get=0x0 len=2357 coding=1 startqp=0 meanqp=0 picbytes=0 pskip=0 nalus=1 n1:2357
  snapshot f057: 3 venc_ko blocks (pool0 0x73801000 len 0x10000)
src frame 58: srcf=0 off=236 br=2000
frame 58: send=0x0 get=0x0 len=2928 coding=1 startqp=0 meanqp=0 picbytes=0 pskip=0 nalus=1 n1:2928
  snapshot f058: 3 venc_ko blocks (pool0 0x73801000 len 0x10000)
src frame 59: srcf=1 off=240 br=2000
frame 59: send=0x0 get=0x0 len=1728 coding=1 startqp=0 meanqp=0 picbytes=0 pskip=0 nalus=1 n1:1728
  snapshot f059: 3 venc_ko blocks (pool0 0x73801000 len 0x10000)
src frame 60: srcf=2 off=244 br=2000
frame 60: send=0x0 get=0x0 len=42007 coding=0 startqp=0 meanqp=0 picbytes=0 pskip=0 nalus=3 n7:32 n8:9 n5:41966
  snapshot f060: 3 venc_ko blocks (pool0 0x73801000 len 0x10000)
src frame 61: srcf=3 off=248 br=2000
frame 61: send=0x0 get=0x0 len=4189 coding=1 startqp=0 meanqp=0 picbytes=0 pskip=0 nalus=1 n1:4189
  snapshot f061: 3 venc_ko blocks (pool0 0x73801000 len 0x10000)
src frame 62: srcf=4 off=252 br=2000
frame 62: send=0x0 get=0x0 len=2516 coding=1 startqp=0 meanqp=0 picbytes=0 pskip=0 nalus=1 n1:2516
  snapshot f062: 3 venc_ko blocks (pool0 0x73801000 len 0x10000)
src frame 63: srcf=5 off=256 br=2000
frame 63: send=0x0 get=0x0 len=2192 coding=1 startqp=0 meanqp=0 picbytes=0 pskip=0 nalus=1 n1:2192
  snapshot f063: 3 venc_ko blocks (pool0 0x73801000 len 0x10000)
src frame 64: srcf=6 off=260 br=2000
frame 64: send=0x0 get=0x0 len=2280 coding=1 startqp=0 meanqp=0 picbytes=0 pskip=0 nalus=1 n1:2280
  snapshot f064: 3 venc_ko blocks (pool0 0x73801000 len 0x10000)
src frame 65: srcf=7 off=264 br=2000
frame 65: send=0x0 get=0x0 len=1681 coding=1 startqp=0 meanqp=0 picbytes=0 pskip=0 nalus=1 n1:1681
  snapshot f065: 3 venc_ko blocks (pool0 0x73801000 len 0x10000)
src frame 66: srcf=8 off=268 br=2000
frame 66: send=0x0 get=0x0 len=2432 coding=1 startqp=0 meanqp=0 picbytes=0 pskip=0 nalus=1 n1:2432
  snapshot f066: 3 venc_ko blocks (pool0 0x73801000 len 0x10000)
src frame 67: srcf=9 off=272 br=2000
frame 67: send=0x0 get=0x0 len=3322 coding=1 startqp=0 meanqp=0 picbytes=0 pskip=0 nalus=1 n1:3322
  snapshot f067: 3 venc_ko blocks (pool0 0x73801000 len 0x10000)
src frame 68: srcf=10 off=276 br=2000
frame 68: send=0x0 get=0x0 len=1559 coding=1 startqp=0 meanqp=0 picbytes=0 pskip=0 nalus=1 n1:1559
  snapshot f068: 3 venc_ko blocks (pool0 0x73801000 len 0x10000)
src frame 69: srcf=11 off=280 br=2000
frame 69: send=0x0 get=0x0 len=1851 coding=1 startqp=0 meanqp=0 picbytes=0 pskip=0 nalus=1 n1:1851
  snapshot f069: 3 venc_ko blocks (pool0 0x73801000 len 0x10000)
src frame 70: srcf=12 off=284 br=2000
frame 70: send=0x0 get=0x0 len=2477 coding=1 startqp=0 meanqp=0 picbytes=0 pskip=0 nalus=1 n1:2477
  snapshot f070: 3 venc_ko blocks (pool0 0x73801000 len 0x10000)
src frame 71: srcf=13 off=288 br=2000
frame 71: send=0x0 get=0x0 len=3588 coding=1 startqp=0 meanqp=0 picbytes=0 pskip=0 nalus=1 n1:3588
  snapshot f071: 3 venc_ko blocks (pool0 0x73801000 len 0x10000)
src frame 72: srcf=14 off=292 br=2000
frame 72: send=0x0 get=0x0 len=2154 coding=1 startqp=0 meanqp=0 picbytes=0 pskip=0 nalus=1 n1:2154
  snapshot f072: 3 venc_ko blocks (pool0 0x73801000 len 0x10000)
src frame 73: srcf=15 off=296 br=2000
frame 73: send=0x0 get=0x0 len=2422 coding=1 startqp=0 meanqp=0 picbytes=0 pskip=0 nalus=1 n1:2422
  snapshot f073: 3 venc_ko blocks (pool0 0x73801000 len 0x10000)
src frame 74: srcf=16 off=300 br=2000
frame 74: send=0x0 get=0x0 len=2290 coding=1 startqp=0 meanqp=0 picbytes=0 pskip=0 nalus=1 n1:2290
  snapshot f074: 3 venc_ko blocks (pool0 0x73801000 len 0x10000)
src frame 75: srcf=17 off=304 br=2000
frame 75: send=0x0 get=0x0 len=3646 coding=1 startqp=0 meanqp=0 picbytes=0 pskip=0 nalus=1 n1:3646
  snapshot f075: 3 venc_ko blocks (pool0 0x73801000 len 0x10000)
src frame 76: srcf=18 off=308 br=2000
frame 76: send=0x0 get=0x0 len=1723 coding=1 startqp=0 meanqp=0 picbytes=0 pskip=0 nalus=1 n1:1723
  snapshot f076: 3 venc_ko blocks (pool0 0x73801000 len 0x10000)
src frame 77: srcf=19 off=312 br=2000
frame 77: send=0x0 get=0x0 len=2264 coding=1 startqp=0 meanqp=0 picbytes=0 pskip=0 nalus=1 n1:2264
  snapshot f077: 3 venc_ko blocks (pool0 0x73801000 len 0x10000)
src frame 78: srcf=20 off=316 br=2000
frame 78: send=0x0 get=0x0 len=3145 coding=1 startqp=0 meanqp=0 picbytes=0 pskip=0 nalus=1 n1:3145
  snapshot f078: 3 venc_ko blocks (pool0 0x73801000 len 0x10000)
src frame 79: srcf=21 off=320 br=2000
frame 79: send=0x0 get=0x0 len=1680 coding=1 startqp=0 meanqp=0 picbytes=0 pskip=0 nalus=1 n1:1680
  snapshot f079: 3 venc_ko blocks (pool0 0x73801000 len 0x10000)
src frame 80: srcf=22 off=324 br=2000
frame 80: send=0x0 get=0x0 len=2642 coding=1 startqp=0 meanqp=0 picbytes=0 pskip=0 nalus=1 n1:2642
  snapshot f080: 3 venc_ko blocks (pool0 0x73801000 len 0x10000)
src frame 81: srcf=23 off=328 br=2000
frame 81: send=0x0 get=0x0 len=2795 coding=1 startqp=0 meanqp=0 picbytes=0 pskip=0 nalus=1 n1:2795
  snapshot f081: 3 venc_ko blocks (pool0 0x73801000 len 0x10000)
src frame 82: srcf=24 off=332 br=2000
frame 82: send=0x0 get=0x0 len=2370 coding=1 startqp=0 meanqp=0 picbytes=0 pskip=0 nalus=1 n1:2370
  snapshot f082: 3 venc_ko blocks (pool0 0x73801000 len 0x10000)
src frame 83: srcf=25 off=336 br=2000
frame 83: send=0x0 get=0x0 len=2179 coding=1 startqp=0 meanqp=0 picbytes=0 pskip=0 nalus=1 n1:2179
  snapshot f083: 3 venc_ko blocks (pool0 0x73801000 len 0x10000)
src frame 84: srcf=26 off=340 br=2000
frame 84: send=0x0 get=0x0 len=4567 coding=1 startqp=0 meanqp=0 picbytes=0 pskip=0 nalus=1 n1:4567
  snapshot f084: 3 venc_ko blocks (pool0 0x73801000 len 0x10000)
src frame 85: srcf=27 off=344 br=2000
frame 85: send=0x0 get=0x0 len=1559 coding=1 startqp=0 meanqp=0 picbytes=0 pskip=0 nalus=1 n1:1559
  snapshot f085: 3 venc_ko blocks (pool0 0x73801000 len 0x10000)
src frame 86: srcf=28 off=348 br=2000
frame 86: send=0x0 get=0x0 len=1696 coding=1 startqp=0 meanqp=0 picbytes=0 pskip=0 nalus=1 n1:1696
  snapshot f086: 3 venc_ko blocks (pool0 0x73801000 len 0x10000)
src frame 87: srcf=29 off=352 br=2000
frame 87: send=0x0 get=0x0 len=3200 coding=1 startqp=0 meanqp=0 picbytes=0 pskip=0 nalus=1 n1:3200
  snapshot f087: 3 venc_ko blocks (pool0 0x73801000 len 0x10000)
src frame 88: srcf=28 off=356 br=2000
frame 88: send=0x0 get=0x0 len=1551 coding=1 startqp=0 meanqp=0 picbytes=0 pskip=0 nalus=1 n1:1551
  snapshot f088: 3 venc_ko blocks (pool0 0x73801000 len 0x10000)
src frame 89: srcf=27 off=360 br=2000
frame 89: send=0x0 get=0x0 len=2954 coding=1 startqp=0 meanqp=0 picbytes=0 pskip=0 nalus=1 n1:2954
  snapshot f089: 3 venc_ko blocks (pool0 0x73801000 len 0x10000)
src frame 90: srcf=26 off=364 br=2000
frame 90: send=0x0 get=0x0 len=50537 coding=0 startqp=0 meanqp=0 picbytes=0 pskip=0 nalus=3 n7:32 n8:9 n5:50496
  snapshot f090: 3 venc_ko blocks (pool0 0x73801000 len 0x10000)
src frame 91: srcf=25 off=368 br=2000
frame 91: send=0x0 get=0x0 len=3354 coding=1 startqp=0 meanqp=0 picbytes=0 pskip=0 nalus=1 n1:3354
  snapshot f091: 3 venc_ko blocks (pool0 0x73801000 len 0x10000)
src frame 92: srcf=24 off=372 br=2000
frame 92: send=0x0 get=0x0 len=1980 coding=1 startqp=0 meanqp=0 picbytes=0 pskip=0 nalus=1 n1:1980
  snapshot f092: 3 venc_ko blocks (pool0 0x73801000 len 0x10000)
src frame 93: srcf=23 off=376 br=2000
frame 93: send=0x0 get=0x0 len=2288 coding=1 startqp=0 meanqp=0 picbytes=0 pskip=0 nalus=1 n1:2288
  snapshot f093: 3 venc_ko blocks (pool0 0x73801000 len 0x10000)
src frame 94: srcf=22 off=380 br=2000
frame 94: send=0x0 get=0x0 len=1595 coding=1 startqp=0 meanqp=0 picbytes=0 pskip=0 nalus=1 n1:1595
  snapshot f094: 3 venc_ko blocks (pool0 0x73801000 len 0x10000)
src frame 95: srcf=21 off=384 br=2000
frame 95: send=0x0 get=0x0 len=1207 coding=1 startqp=0 meanqp=0 picbytes=0 pskip=0 nalus=1 n1:1207
  snapshot f095: 3 venc_ko blocks (pool0 0x73801000 len 0x10000)
src frame 96: srcf=20 off=388 br=2000
frame 96: send=0x0 get=0x0 len=2125 coding=1 startqp=0 meanqp=0 picbytes=0 pskip=0 nalus=1 n1:2125
  snapshot f096: 3 venc_ko blocks (pool0 0x73801000 len 0x10000)
src frame 97: srcf=19 off=392 br=2000
frame 97: send=0x0 get=0x0 len=2798 coding=1 startqp=0 meanqp=0 picbytes=0 pskip=0 nalus=1 n1:2798
  snapshot f097: 3 venc_ko blocks (pool0 0x73801000 len 0x10000)
src frame 98: srcf=18 off=396 br=2000
frame 98: send=0x0 get=0x0 len=1407 coding=1 startqp=0 meanqp=0 picbytes=0 pskip=0 nalus=1 n1:1407
  snapshot f098: 3 venc_ko blocks (pool0 0x73801000 len 0x10000)
src frame 99: srcf=17 off=400 br=2000
frame 99: send=0x0 get=0x0 len=1863 coding=1 startqp=0 meanqp=0 picbytes=0 pskip=0 nalus=1 n1:1863
  snapshot f099: 3 venc_ko blocks (pool0 0x73801000 len 0x10000)
src frame 100: srcf=16 off=404 br=2000
frame 100: send=0x0 get=0x0 len=2415 coding=1 startqp=0 meanqp=0 picbytes=0 pskip=0 nalus=1 n1:2415
  snapshot f100: 3 venc_ko blocks (pool0 0x73801000 len 0x10000)
src frame 101: srcf=15 off=408 br=2000
frame 101: send=0x0 get=0x0 len=2354 coding=1 startqp=0 meanqp=0 picbytes=0 pskip=0 nalus=1 n1:2354
  snapshot f101: 3 venc_ko blocks (pool0 0x73801000 len 0x10000)
src frame 102: srcf=14 off=412 br=2000
frame 102: send=0x0 get=0x0 len=2448 coding=1 startqp=0 meanqp=0 picbytes=0 pskip=0 nalus=1 n1:2448
  snapshot f102: 3 venc_ko blocks (pool0 0x73801000 len 0x10000)
src frame 103: srcf=13 off=416 br=2000
frame 103: send=0x0 get=0x0 len=2612 coding=1 startqp=0 meanqp=0 picbytes=0 pskip=0 nalus=1 n1:2612
  snapshot f103: 3 venc_ko blocks (pool0 0x73801000 len 0x10000)
src frame 104: srcf=12 off=420 br=2000
frame 104: send=0x0 get=0x0 len=1480 coding=1 startqp=0 meanqp=0 picbytes=0 pskip=0 nalus=1 n1:1480
  snapshot f104: 3 venc_ko blocks (pool0 0x73801000 len 0x10000)
src frame 105: srcf=11 off=424 br=2000
frame 105: send=0x0 get=0x0 len=2298 coding=1 startqp=0 meanqp=0 picbytes=0 pskip=0 nalus=1 n1:2298
  snapshot f105: 3 venc_ko blocks (pool0 0x73801000 len 0x10000)
src frame 106: srcf=10 off=428 br=2000
frame 106: send=0x0 get=0x0 len=3155 coding=1 startqp=0 meanqp=0 picbytes=0 pskip=0 nalus=1 n1:3155
  snapshot f106: 3 venc_ko blocks (pool0 0x73801000 len 0x10000)
src frame 107: srcf=9 off=432 br=2000
frame 107: send=0x0 get=0x0 len=1500 coding=1 startqp=0 meanqp=0 picbytes=0 pskip=0 nalus=1 n1:1500
  snapshot f107: 3 venc_ko blocks (pool0 0x73801000 len 0x10000)
src frame 108: srcf=8 off=436 br=2000
frame 108: send=0x0 get=0x0 len=2353 coding=1 startqp=0 meanqp=0 picbytes=0 pskip=0 nalus=1 n1:2353
  snapshot f108: 3 venc_ko blocks (pool0 0x73801000 len 0x10000)
src frame 109: srcf=7 off=440 br=2000
frame 109: send=0x0 get=0x0 len=3201 coding=1 startqp=0 meanqp=0 picbytes=0 pskip=0 nalus=1 n1:3201
  snapshot f109: 3 venc_ko blocks (pool0 0x73801000 len 0x10000)
src frame 110: srcf=6 off=444 br=2000
frame 110: send=0x0 get=0x0 len=1770 coding=1 startqp=0 meanqp=0 picbytes=0 pskip=0 nalus=1 n1:1770
  snapshot f110: 3 venc_ko blocks (pool0 0x73801000 len 0x10000)
src frame 111: srcf=5 off=448 br=2000
frame 111: send=0x0 get=0x0 len=2760 coding=1 startqp=0 meanqp=0 picbytes=0 pskip=0 nalus=1 n1:2760
  snapshot f111: 3 venc_ko blocks (pool0 0x73801000 len 0x10000)
src frame 112: srcf=4 off=452 br=2000
frame 112: send=0x0 get=0x0 len=2266 coding=1 startqp=0 meanqp=0 picbytes=0 pskip=0 nalus=1 n1:2266
  snapshot f112: 3 venc_ko blocks (pool0 0x73801000 len 0x10000)
src frame 113: srcf=3 off=456 br=2000
frame 113: send=0x0 get=0x0 len=2943 coding=1 startqp=0 meanqp=0 picbytes=0 pskip=0 nalus=1 n1:2943
  snapshot f113: 3 venc_ko blocks (pool0 0x73801000 len 0x10000)
src frame 114: srcf=2 off=460 br=2000
frame 114: send=0x0 get=0x0 len=977 coding=1 startqp=0 meanqp=0 picbytes=0 pskip=0 nalus=1 n1:977
  snapshot f114: 3 venc_ko blocks (pool0 0x73801000 len 0x10000)
src frame 115: srcf=1 off=464 br=2000
frame 115: send=0x0 get=0x0 len=1313 coding=1 startqp=0 meanqp=0 picbytes=0 pskip=0 nalus=1 n1:1313
  snapshot f115: 3 venc_ko blocks (pool0 0x73801000 len 0x10000)
src frame 116: srcf=0 off=468 br=2000
frame 116: send=0x0 get=0x0 len=2148 coding=1 startqp=0 meanqp=0 picbytes=0 pskip=0 nalus=1 n1:2148
  snapshot f116: 3 venc_ko blocks (pool0 0x73801000 len 0x10000)
src frame 117: srcf=1 off=472 br=2000
frame 117: send=0x0 get=0x0 len=3099 coding=1 startqp=0 meanqp=0 picbytes=0 pskip=0 nalus=1 n1:3099
  snapshot f117: 3 venc_ko blocks (pool0 0x73801000 len 0x10000)
src frame 118: srcf=2 off=476 br=2000
frame 118: send=0x0 get=0x0 len=1772 coding=1 startqp=0 meanqp=0 picbytes=0 pskip=0 nalus=1 n1:1772
  snapshot f118: 3 venc_ko blocks (pool0 0x73801000 len 0x10000)
src frame 119: srcf=3 off=480 br=2000
frame 119: send=0x0 get=0x0 len=2508 coding=1 startqp=0 meanqp=0 picbytes=0 pskip=0 nalus=1 n1:2508
  snapshot f119: 3 venc_ko blocks (pool0 0x73801000 len 0x10000)
src frame 120: srcf=4 off=484 br=2000
frame 120: send=0x0 get=0x0 len=53113 coding=0 startqp=0 meanqp=0 picbytes=0 pskip=0 nalus=3 n7:32 n8:9 n5:53072
  snapshot f120: 3 venc_ko blocks (pool0 0x73801000 len 0x10000)
src frame 121: srcf=5 off=488 br=2000
frame 121: send=0x0 get=0x0 len=4019 coding=1 startqp=0 meanqp=0 picbytes=0 pskip=0 nalus=1 n1:4019
  snapshot f121: 3 venc_ko blocks (pool0 0x73801000 len 0x10000)
src frame 122: srcf=6 off=492 br=2000
frame 122: send=0x0 get=0x0 len=2098 coding=1 startqp=0 meanqp=0 picbytes=0 pskip=0 nalus=1 n1:2098
  snapshot f122: 3 venc_ko blocks (pool0 0x73801000 len 0x10000)
src frame 123: srcf=7 off=496 br=2000
frame 123: send=0x0 get=0x0 len=1747 coding=1 startqp=0 meanqp=0 picbytes=0 pskip=0 nalus=1 n1:1747
  snapshot f123: 3 venc_ko blocks (pool0 0x73801000 len 0x10000)
src frame 124: srcf=8 off=500 br=2000
frame 124: send=0x0 get=0x0 len=1572 coding=1 startqp=0 meanqp=0 picbytes=0 pskip=0 nalus=1 n1:1572
  snapshot f124: 3 venc_ko blocks (pool0 0x73801000 len 0x10000)
src frame 125: srcf=9 off=504 br=2000
frame 125: send=0x0 get=0x0 len=1611 coding=1 startqp=0 meanqp=0 picbytes=0 pskip=0 nalus=1 n1:1611
  snapshot f125: 3 venc_ko blocks (pool0 0x73801000 len 0x10000)
src frame 126: srcf=10 off=508 br=2000
frame 126: send=0x0 get=0x0 len=1963 coding=1 startqp=0 meanqp=0 picbytes=0 pskip=0 nalus=1 n1:1963
  snapshot f126: 3 venc_ko blocks (pool0 0x73801000 len 0x10000)
src frame 127: srcf=11 off=512 br=2000
frame 127: send=0x0 get=0x0 len=2949 coding=1 startqp=0 meanqp=0 picbytes=0 pskip=0 nalus=1 n1:2949
  snapshot f127: 3 venc_ko blocks (pool0 0x73801000 len 0x10000)
src frame 128: srcf=12 off=516 br=2000
frame 128: send=0x0 get=0x0 len=1557 coding=1 startqp=0 meanqp=0 picbytes=0 pskip=0 nalus=1 n1:1557
  snapshot f128: 3 venc_ko blocks (pool0 0x73801000 len 0x10000)
src frame 129: srcf=13 off=520 br=2000
frame 129: send=0x0 get=0x0 len=1730 coding=1 startqp=0 meanqp=0 picbytes=0 pskip=0 nalus=1 n1:1730
  snapshot f129: 3 venc_ko blocks (pool0 0x73801000 len 0x10000)
src frame 130: srcf=14 off=524 br=2000
frame 130: send=0x0 get=0x0 len=1947 coding=1 startqp=0 meanqp=0 picbytes=0 pskip=0 nalus=1 n1:1947
  snapshot f130: 3 venc_ko blocks (pool0 0x73801000 len 0x10000)
src frame 131: srcf=15 off=528 br=2000
frame 131: send=0x0 get=0x0 len=2340 coding=1 startqp=0 meanqp=0 picbytes=0 pskip=0 nalus=1 n1:2340
  snapshot f131: 3 venc_ko blocks (pool0 0x73801000 len 0x10000)
src frame 132: srcf=16 off=532 br=2000
frame 132: send=0x0 get=0x0 len=2410 coding=1 startqp=0 meanqp=0 picbytes=0 pskip=0 nalus=1 n1:2410
  snapshot f132: 3 venc_ko blocks (pool0 0x73801000 len 0x10000)
src frame 133: srcf=17 off=536 br=2000
frame 133: send=0x0 get=0x0 len=2657 coding=1 startqp=0 meanqp=0 picbytes=0 pskip=0 nalus=1 n1:2657
  snapshot f133: 3 venc_ko blocks (pool0 0x73801000 len 0x10000)
src frame 134: srcf=18 off=540 br=2000
frame 134: send=0x0 get=0x0 len=2166 coding=1 startqp=0 meanqp=0 picbytes=0 pskip=0 nalus=1 n1:2166
  snapshot f134: 3 venc_ko blocks (pool0 0x73801000 len 0x10000)
src frame 135: srcf=19 off=544 br=2000
frame 135: send=0x0 get=0x0 len=2533 coding=1 startqp=0 meanqp=0 picbytes=0 pskip=0 nalus=1 n1:2533
  snapshot f135: 3 venc_ko blocks (pool0 0x73801000 len 0x10000)
src frame 136: srcf=20 off=548 br=2000
frame 136: send=0x0 get=0x0 len=2099 coding=1 startqp=0 meanqp=0 picbytes=0 pskip=0 nalus=1 n1:2099
  snapshot f136: 3 venc_ko blocks (pool0 0x73801000 len 0x10000)
src frame 137: srcf=21 off=552 br=2000
frame 137: send=0x0 get=0x0 len=1721 coding=1 startqp=0 meanqp=0 picbytes=0 pskip=0 nalus=1 n1:1721
  snapshot f137: 3 venc_ko blocks (pool0 0x73801000 len 0x10000)
src frame 138: srcf=22 off=556 br=2000
frame 138: send=0x0 get=0x0 len=2316 coding=1 startqp=0 meanqp=0 picbytes=0 pskip=0 nalus=1 n1:2316
  snapshot f138: 3 venc_ko blocks (pool0 0x73801000 len 0x10000)
src frame 139: srcf=23 off=560 br=2000
frame 139: send=0x0 get=0x0 len=1853 coding=1 startqp=0 meanqp=0 picbytes=0 pskip=0 nalus=1 n1:1853
  snapshot f139: 3 venc_ko blocks (pool0 0x73801000 len 0x10000)
src frame 140: srcf=24 off=564 br=2000
frame 140: send=0x0 get=0x0 len=2586 coding=1 startqp=0 meanqp=0 picbytes=0 pskip=0 nalus=1 n1:2586
  snapshot f140: 3 venc_ko blocks (pool0 0x73801000 len 0x10000)
src frame 141: srcf=25 off=568 br=2000
frame 141: send=0x0 get=0x0 len=2231 coding=1 startqp=0 meanqp=0 picbytes=0 pskip=0 nalus=1 n1:2231
  snapshot f141: 3 venc_ko blocks (pool0 0x73801000 len 0x10000)
src frame 142: srcf=26 off=572 br=2000
frame 142: send=0x0 get=0x0 len=2207 coding=1 startqp=0 meanqp=0 picbytes=0 pskip=0 nalus=1 n1:2207
  snapshot f142: 3 venc_ko blocks (pool0 0x73801000 len 0x10000)
src frame 143: srcf=27 off=576 br=2000
frame 143: send=0x0 get=0x0 len=2533 coding=1 startqp=0 meanqp=0 picbytes=0 pskip=0 nalus=1 n1:2533
  snapshot f143: 3 venc_ko blocks (pool0 0x73801000 len 0x10000)
src frame 144: srcf=28 off=580 br=2000
frame 144: send=0x0 get=0x0 len=2331 coding=1 startqp=0 meanqp=0 picbytes=0 pskip=0 nalus=1 n1:2331
  snapshot f144: 3 venc_ko blocks (pool0 0x73801000 len 0x10000)
src frame 145: srcf=29 off=584 br=2000
frame 145: send=0x0 get=0x0 len=2241 coding=1 startqp=0 meanqp=0 picbytes=0 pskip=0 nalus=1 n1:2241
  snapshot f145: 3 venc_ko blocks (pool0 0x73801000 len 0x10000)
src frame 146: srcf=28 off=588 br=2000
frame 146: send=0x0 get=0x0 len=2186 coding=1 startqp=0 meanqp=0 picbytes=0 pskip=0 nalus=1 n1:2186
  snapshot f146: 3 venc_ko blocks (pool0 0x73801000 len 0x10000)
src frame 147: srcf=27 off=592 br=2000
frame 147: send=0x0 get=0x0 len=3349 coding=1 startqp=0 meanqp=0 picbytes=0 pskip=0 nalus=1 n1:3349
  snapshot f147: 3 venc_ko blocks (pool0 0x73801000 len 0x10000)
src frame 148: srcf=26 off=596 br=2000
frame 148: send=0x0 get=0x0 len=1728 coding=1 startqp=0 meanqp=0 picbytes=0 pskip=0 nalus=1 n1:1728
  snapshot f148: 3 venc_ko blocks (pool0 0x73801000 len 0x10000)
src frame 149: srcf=25 off=600 br=2000
frame 149: send=0x0 get=0x0 len=1498 coding=1 startqp=0 meanqp=0 picbytes=0 pskip=0 nalus=1 n1:1498
  snapshot f149: 3 venc_ko blocks (pool0 0x73801000 len 0x10000)
src frame 150: srcf=24 off=604 br=2000
frame 150: send=0x0 get=0x0 len=55506 coding=0 startqp=0 meanqp=0 picbytes=0 pskip=0 nalus=3 n7:32 n8:9 n5:55465
  snapshot f150: 3 venc_ko blocks (pool0 0x73801000 len 0x10000)
src frame 151: srcf=23 off=608 br=2000
frame 151: send=0x0 get=0x0 len=4554 coding=1 startqp=0 meanqp=0 picbytes=0 pskip=0 nalus=1 n1:4554
  snapshot f151: 3 venc_ko blocks (pool0 0x73801000 len 0x10000)
src frame 152: srcf=22 off=612 br=2000
frame 152: send=0x0 get=0x0 len=2724 coding=1 startqp=0 meanqp=0 picbytes=0 pskip=0 nalus=1 n1:2724
  snapshot f152: 3 venc_ko blocks (pool0 0x73801000 len 0x10000)
src frame 153: srcf=21 off=616 br=2000
frame 153: send=0x0 get=0x0 len=2689 coding=1 startqp=0 meanqp=0 picbytes=0 pskip=0 nalus=1 n1:2689
  snapshot f153: 3 venc_ko blocks (pool0 0x73801000 len 0x10000)
src frame 154: srcf=20 off=620 br=2000
frame 154: send=0x0 get=0x0 len=1657 coding=1 startqp=0 meanqp=0 picbytes=0 pskip=0 nalus=1 n1:1657
  snapshot f154: 3 venc_ko blocks (pool0 0x73801000 len 0x10000)
src frame 155: srcf=19 off=624 br=2000
frame 155: send=0x0 get=0x0 len=1188 coding=1 startqp=0 meanqp=0 picbytes=0 pskip=0 nalus=1 n1:1188
  snapshot f155: 3 venc_ko blocks (pool0 0x73801000 len 0x10000)
src frame 156: srcf=18 off=628 br=2000
frame 156: send=0x0 get=0x0 len=1209 coding=1 startqp=0 meanqp=0 picbytes=0 pskip=0 nalus=1 n1:1209
  snapshot f156: 3 venc_ko blocks (pool0 0x73801000 len 0x10000)
src frame 157: srcf=17 off=632 br=2000
frame 157: send=0x0 get=0x0 len=1722 coding=1 startqp=0 meanqp=0 picbytes=0 pskip=0 nalus=1 n1:1722
  snapshot f157: 3 venc_ko blocks (pool0 0x73801000 len 0x10000)
src frame 158: srcf=16 off=636 br=2000
frame 158: send=0x0 get=0x0 len=1771 coding=1 startqp=0 meanqp=0 picbytes=0 pskip=0 nalus=1 n1:1771
  snapshot f158: 3 venc_ko blocks (pool0 0x73801000 len 0x10000)
src frame 159: srcf=15 off=640 br=2000
frame 159: send=0x0 get=0x0 len=1523 coding=1 startqp=0 meanqp=0 picbytes=0 pskip=0 nalus=1 n1:1523
  snapshot f159: 3 venc_ko blocks (pool0 0x73801000 len 0x10000)
src frame 160: srcf=14 off=644 br=2000
frame 160: send=0x0 get=0x0 len=1947 coding=1 startqp=0 meanqp=0 picbytes=0 pskip=0 nalus=1 n1:1947
  snapshot f160: 3 venc_ko blocks (pool0 0x73801000 len 0x10000)
src frame 161: srcf=13 off=648 br=2000
frame 161: send=0x0 get=0x0 len=2063 coding=1 startqp=0 meanqp=0 picbytes=0 pskip=0 nalus=1 n1:2063
  snapshot f161: 3 venc_ko blocks (pool0 0x73801000 len 0x10000)
src frame 162: srcf=12 off=652 br=2000
frame 162: send=0x0 get=0x0 len=1720 coding=1 startqp=0 meanqp=0 picbytes=0 pskip=0 nalus=1 n1:1720
  snapshot f162: 3 venc_ko blocks (pool0 0x73801000 len 0x10000)
src frame 163: srcf=11 off=656 br=2000
frame 163: send=0x0 get=0x0 len=1784 coding=1 startqp=0 meanqp=0 picbytes=0 pskip=0 nalus=1 n1:1784
  snapshot f163: 3 venc_ko blocks (pool0 0x73801000 len 0x10000)
src frame 164: srcf=10 off=660 br=2000
frame 164: send=0x0 get=0x0 len=2322 coding=1 startqp=0 meanqp=0 picbytes=0 pskip=0 nalus=1 n1:2322
  snapshot f164: 3 venc_ko blocks (pool0 0x73801000 len 0x10000)
src frame 165: srcf=9 off=664 br=2000
frame 165: send=0x0 get=0x0 len=1596 coding=1 startqp=0 meanqp=0 picbytes=0 pskip=0 nalus=1 n1:1596
  snapshot f165: 3 venc_ko blocks (pool0 0x73801000 len 0x10000)
src frame 166: srcf=8 off=668 br=2000
frame 166: send=0x0 get=0x0 len=2223 coding=1 startqp=0 meanqp=0 picbytes=0 pskip=0 nalus=1 n1:2223
  snapshot f166: 3 venc_ko blocks (pool0 0x73801000 len 0x10000)
src frame 167: srcf=7 off=672 br=2000
frame 167: send=0x0 get=0x0 len=1903 coding=1 startqp=0 meanqp=0 picbytes=0 pskip=0 nalus=1 n1:1903
  snapshot f167: 3 venc_ko blocks (pool0 0x73801000 len 0x10000)
src frame 168: srcf=6 off=676 br=2000
frame 168: send=0x0 get=0x0 len=1521 coding=1 startqp=0 meanqp=0 picbytes=0 pskip=0 nalus=1 n1:1521
  snapshot f168: 3 venc_ko blocks (pool0 0x73801000 len 0x10000)
src frame 169: srcf=5 off=680 br=2000
frame 169: send=0x0 get=0x0 len=2984 coding=1 startqp=0 meanqp=0 picbytes=0 pskip=0 nalus=1 n1:2984
  snapshot f169: 3 venc_ko blocks (pool0 0x73801000 len 0x10000)
src frame 170: srcf=4 off=684 br=2000
frame 170: send=0x0 get=0x0 len=1271 coding=1 startqp=0 meanqp=0 picbytes=0 pskip=0 nalus=1 n1:1271
  snapshot f170: 3 venc_ko blocks (pool0 0x73801000 len 0x10000)
src frame 171: srcf=3 off=688 br=2000
frame 171: send=0x0 get=0x0 len=1456 coding=1 startqp=0 meanqp=0 picbytes=0 pskip=0 nalus=1 n1:1456
  snapshot f171: 3 venc_ko blocks (pool0 0x73801000 len 0x10000)
src frame 172: srcf=2 off=692 br=2000
frame 172: send=0x0 get=0x0 len=1826 coding=1 startqp=0 meanqp=0 picbytes=0 pskip=0 nalus=1 n1:1826
  snapshot f172: 3 venc_ko blocks (pool0 0x73801000 len 0x10000)
src frame 173: srcf=1 off=696 br=2000
frame 173: send=0x0 get=0x0 len=2965 coding=1 startqp=0 meanqp=0 picbytes=0 pskip=0 nalus=1 n1:2965
  snapshot f173: 3 venc_ko blocks (pool0 0x73801000 len 0x10000)
src frame 174: srcf=0 off=700 br=2000
frame 174: send=0x0 get=0x0 len=1715 coding=1 startqp=0 meanqp=0 picbytes=0 pskip=0 nalus=1 n1:1715
  snapshot f174: 3 venc_ko blocks (pool0 0x73801000 len 0x10000)
src frame 175: srcf=1 off=704 br=2000
frame 175: send=0x0 get=0x0 len=2139 coding=1 startqp=0 meanqp=0 picbytes=0 pskip=0 nalus=1 n1:2139
  snapshot f175: 3 venc_ko blocks (pool0 0x73801000 len 0x10000)
src frame 176: srcf=2 off=708 br=2000
frame 176: send=0x0 get=0x0 len=1704 coding=1 startqp=0 meanqp=0 picbytes=0 pskip=0 nalus=1 n1:1704
  snapshot f176: 3 venc_ko blocks (pool0 0x73801000 len 0x10000)
src frame 177: srcf=3 off=712 br=2000
frame 177: send=0x0 get=0x0 len=1662 coding=1 startqp=0 meanqp=0 picbytes=0 pskip=0 nalus=1 n1:1662
  snapshot f177: 3 venc_ko blocks (pool0 0x73801000 len 0x10000)
src frame 178: srcf=4 off=716 br=2000
frame 178: send=0x0 get=0x0 len=3678 coding=1 startqp=0 meanqp=0 picbytes=0 pskip=0 nalus=1 n1:3678
  snapshot f178: 3 venc_ko blocks (pool0 0x73801000 len 0x10000)
src frame 179: srcf=5 off=720 br=2000
frame 179: send=0x0 get=0x0 len=1306 coding=1 startqp=0 meanqp=0 picbytes=0 pskip=0 nalus=1 n1:1306
  snapshot f179: 3 venc_ko blocks (pool0 0x73801000 len 0x10000)
src frame 180: srcf=6 off=724 br=2000
frame 180: send=0x0 get=0x0 len=57944 coding=0 startqp=0 meanqp=0 picbytes=0 pskip=0 nalus=3 n7:32 n8:9 n5:57903
  snapshot f180: 3 venc_ko blocks (pool0 0x73801000 len 0x10000)
src frame 181: srcf=7 off=728 br=2000
frame 181: send=0x0 get=0x0 len=4273 coding=1 startqp=0 meanqp=0 picbytes=0 pskip=0 nalus=1 n1:4273
  snapshot f181: 3 venc_ko blocks (pool0 0x73801000 len 0x10000)
src frame 182: srcf=8 off=732 br=2000
frame 182: send=0x0 get=0x0 len=2560 coding=1 startqp=0 meanqp=0 picbytes=0 pskip=0 nalus=1 n1:2560
  snapshot f182: 3 venc_ko blocks (pool0 0x73801000 len 0x10000)
src frame 183: srcf=9 off=736 br=2000
frame 183: send=0x0 get=0x0 len=1857 coding=1 startqp=0 meanqp=0 picbytes=0 pskip=0 nalus=1 n1:1857
  snapshot f183: 3 venc_ko blocks (pool0 0x73801000 len 0x10000)
src frame 184: srcf=10 off=740 br=2000
frame 184: send=0x0 get=0x0 len=1736 coding=1 startqp=0 meanqp=0 picbytes=0 pskip=0 nalus=1 n1:1736
  snapshot f184: 3 venc_ko blocks (pool0 0x73801000 len 0x10000)
src frame 185: srcf=11 off=744 br=2000
frame 185: send=0x0 get=0x0 len=1284 coding=1 startqp=0 meanqp=0 picbytes=0 pskip=0 nalus=1 n1:1284
  snapshot f185: 3 venc_ko blocks (pool0 0x73801000 len 0x10000)
src frame 186: srcf=12 off=748 br=2000
frame 186: send=0x0 get=0x0 len=1496 coding=1 startqp=0 meanqp=0 picbytes=0 pskip=0 nalus=1 n1:1496
  snapshot f186: 3 venc_ko blocks (pool0 0x73801000 len 0x10000)
src frame 187: srcf=13 off=752 br=2000
frame 187: send=0x0 get=0x0 len=1827 coding=1 startqp=0 meanqp=0 picbytes=0 pskip=0 nalus=1 n1:1827
  snapshot f187: 3 venc_ko blocks (pool0 0x73801000 len 0x10000)
src frame 188: srcf=14 off=756 br=2000
frame 188: send=0x0 get=0x0 len=1527 coding=1 startqp=0 meanqp=0 picbytes=0 pskip=0 nalus=1 n1:1527
  snapshot f188: 3 venc_ko blocks (pool0 0x73801000 len 0x10000)
src frame 189: srcf=15 off=760 br=2000
frame 189: send=0x0 get=0x0 len=1510 coding=1 startqp=0 meanqp=0 picbytes=0 pskip=0 nalus=1 n1:1510
  snapshot f189: 3 venc_ko blocks (pool0 0x73801000 len 0x10000)
src frame 190: srcf=16 off=764 br=2000
frame 190: send=0x0 get=0x0 len=1937 coding=1 startqp=0 meanqp=0 picbytes=0 pskip=0 nalus=1 n1:1937
  snapshot f190: 3 venc_ko blocks (pool0 0x73801000 len 0x10000)
src frame 191: srcf=17 off=768 br=2000
frame 191: send=0x0 get=0x0 len=1924 coding=1 startqp=0 meanqp=0 picbytes=0 pskip=0 nalus=1 n1:1924
  snapshot f191: 3 venc_ko blocks (pool0 0x73801000 len 0x10000)
src frame 192: srcf=18 off=772 br=2000
frame 192: send=0x0 get=0x0 len=1775 coding=1 startqp=0 meanqp=0 picbytes=0 pskip=0 nalus=1 n1:1775
  snapshot f192: 3 venc_ko blocks (pool0 0x73801000 len 0x10000)
src frame 193: srcf=19 off=776 br=2000
frame 193: send=0x0 get=0x0 len=2272 coding=1 startqp=0 meanqp=0 picbytes=0 pskip=0 nalus=1 n1:2272
  snapshot f193: 3 venc_ko blocks (pool0 0x73801000 len 0x10000)
src frame 194: srcf=20 off=780 br=2000
frame 194: send=0x0 get=0x0 len=1600 coding=1 startqp=0 meanqp=0 picbytes=0 pskip=0 nalus=1 n1:1600
  snapshot f194: 3 venc_ko blocks (pool0 0x73801000 len 0x10000)
src frame 195: srcf=21 off=784 br=2000
frame 195: send=0x0 get=0x0 len=1858 coding=1 startqp=0 meanqp=0 picbytes=0 pskip=0 nalus=1 n1:1858
  snapshot f195: 3 venc_ko blocks (pool0 0x73801000 len 0x10000)
src frame 196: srcf=22 off=788 br=2000
frame 196: send=0x0 get=0x0 len=1196 coding=1 startqp=0 meanqp=0 picbytes=0 pskip=0 nalus=1 n1:1196
  snapshot f196: 3 venc_ko blocks (pool0 0x73801000 len 0x10000)
src frame 197: srcf=23 off=792 br=2000
frame 197: send=0x0 get=0x0 len=1330 coding=1 startqp=0 meanqp=0 picbytes=0 pskip=0 nalus=1 n1:1330
  snapshot f197: 3 venc_ko blocks (pool0 0x73801000 len 0x10000)
src frame 198: srcf=24 off=796 br=2000
frame 198: send=0x0 get=0x0 len=2447 coding=1 startqp=0 meanqp=0 picbytes=0 pskip=0 nalus=1 n1:2447
  snapshot f198: 3 venc_ko blocks (pool0 0x73801000 len 0x10000)
src frame 199: srcf=25 off=800 br=2000
frame 199: send=0x0 get=0x0 len=1227 coding=1 startqp=0 meanqp=0 picbytes=0 pskip=0 nalus=1 n1:1227
  snapshot f199: 3 venc_ko blocks (pool0 0x73801000 len 0x10000)
src frame 200: srcf=26 off=804 br=2000
frame 200: send=0x0 get=0x0 len=1349 coding=1 startqp=0 meanqp=0 picbytes=0 pskip=0 nalus=1 n1:1349
  snapshot f200: 3 venc_ko blocks (pool0 0x73801000 len 0x10000)
src frame 201: srcf=27 off=808 br=2000
frame 201: send=0x0 get=0x0 len=2146 coding=1 startqp=0 meanqp=0 picbytes=0 pskip=0 nalus=1 n1:2146
  snapshot f201: 3 venc_ko blocks (pool0 0x73801000 len 0x10000)
src frame 202: srcf=28 off=812 br=2000
frame 202: send=0x0 get=0x0 len=1477 coding=1 startqp=0 meanqp=0 picbytes=0 pskip=0 nalus=1 n1:1477
  snapshot f202: 3 venc_ko blocks (pool0 0x73801000 len 0x10000)
src frame 203: srcf=29 off=816 br=2000
frame 203: send=0x0 get=0x0 len=3823 coding=1 startqp=0 meanqp=0 picbytes=0 pskip=0 nalus=1 n1:3823
  snapshot f203: 3 venc_ko blocks (pool0 0x73801000 len 0x10000)
src frame 204: srcf=28 off=820 br=2000
frame 204: send=0x0 get=0x0 len=1623 coding=1 startqp=0 meanqp=0 picbytes=0 pskip=0 nalus=1 n1:1623
  snapshot f204: 3 venc_ko blocks (pool0 0x73801000 len 0x10000)
src frame 205: srcf=27 off=824 br=2000
frame 205: send=0x0 get=0x0 len=1474 coding=1 startqp=0 meanqp=0 picbytes=0 pskip=0 nalus=1 n1:1474
  snapshot f205: 3 venc_ko blocks (pool0 0x73801000 len 0x10000)
src frame 206: srcf=26 off=828 br=2000
frame 206: send=0x0 get=0x0 len=1870 coding=1 startqp=0 meanqp=0 picbytes=0 pskip=0 nalus=1 n1:1870
  snapshot f206: 3 venc_ko blocks (pool0 0x73801000 len 0x10000)
src frame 207: srcf=25 off=832 br=2000
frame 207: send=0x0 get=0x0 len=3346 coding=1 startqp=0 meanqp=0 picbytes=0 pskip=0 nalus=1 n1:3346
  snapshot f207: 3 venc_ko blocks (pool0 0x73801000 len 0x10000)
src frame 208: srcf=24 off=836 br=2000
frame 208: send=0x0 get=0x0 len=1475 coding=1 startqp=0 meanqp=0 picbytes=0 pskip=0 nalus=1 n1:1475
  snapshot f208: 3 venc_ko blocks (pool0 0x73801000 len 0x10000)
src frame 209: srcf=23 off=840 br=2000
frame 209: send=0x0 get=0x0 len=1928 coding=1 startqp=0 meanqp=0 picbytes=0 pskip=0 nalus=1 n1:1928
  snapshot f209: 3 venc_ko blocks (pool0 0x73801000 len 0x10000)
src frame 210: srcf=22 off=844 br=2000
frame 210: send=0x0 get=0x0 len=63459 coding=0 startqp=0 meanqp=0 picbytes=0 pskip=0 nalus=3 n7:32 n8:9 n5:63418
  snapshot f210: 3 venc_ko blocks (pool0 0x73801000 len 0x10000)
src frame 211: srcf=21 off=848 br=2000
frame 211: send=0x0 get=0x0 len=3877 coding=1 startqp=0 meanqp=0 picbytes=0 pskip=0 nalus=1 n1:3877
  snapshot f211: 3 venc_ko blocks (pool0 0x73801000 len 0x10000)
src frame 212: srcf=20 off=852 br=2000
frame 212: send=0x0 get=0x0 len=1843 coding=1 startqp=0 meanqp=0 picbytes=0 pskip=0 nalus=1 n1:1843
  snapshot f212: 3 venc_ko blocks (pool0 0x73801000 len 0x10000)
src frame 213: srcf=19 off=856 br=2000
frame 213: send=0x0 get=0x0 len=1777 coding=1 startqp=0 meanqp=0 picbytes=0 pskip=0 nalus=1 n1:1777
  snapshot f213: 3 venc_ko blocks (pool0 0x73801000 len 0x10000)
src frame 214: srcf=18 off=860 br=2000
frame 214: send=0x0 get=0x0 len=1258 coding=1 startqp=0 meanqp=0 picbytes=0 pskip=0 nalus=1 n1:1258
  snapshot f214: 3 venc_ko blocks (pool0 0x73801000 len 0x10000)
src frame 215: srcf=17 off=864 br=2000
frame 215: send=0x0 get=0x0 len=935 coding=1 startqp=0 meanqp=0 picbytes=0 pskip=0 nalus=1 n1:935
  snapshot f215: 3 venc_ko blocks (pool0 0x73801000 len 0x10000)
src frame 216: srcf=16 off=868 br=2000
frame 216: send=0x0 get=0x0 len=978 coding=1 startqp=0 meanqp=0 picbytes=0 pskip=0 nalus=1 n1:978
  snapshot f216: 3 venc_ko blocks (pool0 0x73801000 len 0x10000)
src frame 217: srcf=15 off=872 br=2000
frame 217: send=0x0 get=0x0 len=1200 coding=1 startqp=0 meanqp=0 picbytes=0 pskip=0 nalus=1 n1:1200
  snapshot f217: 3 venc_ko blocks (pool0 0x73801000 len 0x10000)
src frame 218: srcf=14 off=876 br=2000
frame 218: send=0x0 get=0x0 len=1447 coding=1 startqp=0 meanqp=0 picbytes=0 pskip=0 nalus=1 n1:1447
  snapshot f218: 3 venc_ko blocks (pool0 0x73801000 len 0x10000)
src frame 219: srcf=13 off=880 br=2000
frame 219: send=0x0 get=0x0 len=1285 coding=1 startqp=0 meanqp=0 picbytes=0 pskip=0 nalus=1 n1:1285
  snapshot f219: 3 venc_ko blocks (pool0 0x73801000 len 0x10000)
src frame 220: srcf=12 off=884 br=2000
frame 220: send=0x0 get=0x0 len=1783 coding=1 startqp=0 meanqp=0 picbytes=0 pskip=0 nalus=1 n1:1783
  snapshot f220: 3 venc_ko blocks (pool0 0x73801000 len 0x10000)
src frame 221: srcf=11 off=888 br=2000
frame 221: send=0x0 get=0x0 len=2214 coding=1 startqp=0 meanqp=0 picbytes=0 pskip=0 nalus=1 n1:2214
  snapshot f221: 3 venc_ko blocks (pool0 0x73801000 len 0x10000)
src frame 222: srcf=10 off=892 br=2000
frame 222: send=0x0 get=0x0 len=1573 coding=1 startqp=0 meanqp=0 picbytes=0 pskip=0 nalus=1 n1:1573
  snapshot f222: 3 venc_ko blocks (pool0 0x73801000 len 0x10000)
src frame 223: srcf=9 off=896 br=2000
frame 223: send=0x0 get=0x0 len=1708 coding=1 startqp=0 meanqp=0 picbytes=0 pskip=0 nalus=1 n1:1708
  snapshot f223: 3 venc_ko blocks (pool0 0x73801000 len 0x10000)
src frame 224: srcf=8 off=900 br=2000
frame 224: send=0x0 get=0x0 len=1462 coding=1 startqp=0 meanqp=0 picbytes=0 pskip=0 nalus=1 n1:1462
  snapshot f224: 3 venc_ko blocks (pool0 0x73801000 len 0x10000)
src frame 225: srcf=7 off=904 br=2000
frame 225: send=0x0 get=0x0 len=1514 coding=1 startqp=0 meanqp=0 picbytes=0 pskip=0 nalus=1 n1:1514
  snapshot f225: 3 venc_ko blocks (pool0 0x73801000 len 0x10000)
src frame 226: srcf=6 off=908 br=2000
frame 226: send=0x0 get=0x0 len=1834 coding=1 startqp=0 meanqp=0 picbytes=0 pskip=0 nalus=1 n1:1834
  snapshot f226: 3 venc_ko blocks (pool0 0x73801000 len 0x10000)
src frame 227: srcf=5 off=912 br=2000
frame 227: send=0x0 get=0x0 len=1483 coding=1 startqp=0 meanqp=0 picbytes=0 pskip=0 nalus=1 n1:1483
  snapshot f227: 3 venc_ko blocks (pool0 0x73801000 len 0x10000)
src frame 228: srcf=4 off=916 br=2000
frame 228: send=0x0 get=0x0 len=1865 coding=1 startqp=0 meanqp=0 picbytes=0 pskip=0 nalus=1 n1:1865
  snapshot f228: 3 venc_ko blocks (pool0 0x73801000 len 0x10000)
src frame 229: srcf=3 off=920 br=2000
frame 229: send=0x0 get=0x0 len=1772 coding=1 startqp=0 meanqp=0 picbytes=0 pskip=0 nalus=1 n1:1772
  snapshot f229: 3 venc_ko blocks (pool0 0x73801000 len 0x10000)
src frame 230: srcf=2 off=924 br=2000
frame 230: send=0x0 get=0x0 len=2037 coding=1 startqp=0 meanqp=0 picbytes=0 pskip=0 nalus=1 n1:2037
  snapshot f230: 3 venc_ko blocks (pool0 0x73801000 len 0x10000)
src frame 231: srcf=1 off=928 br=2000
frame 231: send=0x0 get=0x0 len=2224 coding=1 startqp=0 meanqp=0 picbytes=0 pskip=0 nalus=1 n1:2224
  snapshot f231: 3 venc_ko blocks (pool0 0x73801000 len 0x10000)
src frame 232: srcf=0 off=932 br=2000
frame 232: send=0x0 get=0x0 len=1480 coding=1 startqp=0 meanqp=0 picbytes=0 pskip=0 nalus=1 n1:1480
  snapshot f232: 3 venc_ko blocks (pool0 0x73801000 len 0x10000)
src frame 233: srcf=1 off=936 br=2000
frame 233: send=0x0 get=0x0 len=1875 coding=1 startqp=0 meanqp=0 picbytes=0 pskip=0 nalus=1 n1:1875
  snapshot f233: 3 venc_ko blocks (pool0 0x73801000 len 0x10000)
src frame 234: srcf=2 off=940 br=2000
frame 234: send=0x0 get=0x0 len=1248 coding=1 startqp=0 meanqp=0 picbytes=0 pskip=0 nalus=1 n1:1248
  snapshot f234: 3 venc_ko blocks (pool0 0x73801000 len 0x10000)
src frame 235: srcf=3 off=944 br=2000
frame 235: send=0x0 get=0x0 len=1152 coding=1 startqp=0 meanqp=0 picbytes=0 pskip=0 nalus=1 n1:1152
  snapshot f235: 3 venc_ko blocks (pool0 0x73801000 len 0x10000)
src frame 236: srcf=4 off=948 br=2000
frame 236: send=0x0 get=0x0 len=2263 coding=1 startqp=0 meanqp=0 picbytes=0 pskip=0 nalus=1 n1:2263
  snapshot f236: 3 venc_ko blocks (pool0 0x73801000 len 0x10000)
src frame 237: srcf=5 off=952 br=2000
frame 237: send=0x0 get=0x0 len=2130 coding=1 startqp=0 meanqp=0 picbytes=0 pskip=0 nalus=1 n1:2130
  snapshot f237: 3 venc_ko blocks (pool0 0x73801000 len 0x10000)
src frame 238: srcf=6 off=956 br=2000
frame 238: send=0x0 get=0x0 len=1718 coding=1 startqp=0 meanqp=0 picbytes=0 pskip=0 nalus=1 n1:1718
  snapshot f238: 3 venc_ko blocks (pool0 0x73801000 len 0x10000)
src frame 239: srcf=7 off=960 br=2000
frame 239: send=0x0 get=0x0 len=2508 coding=1 startqp=0 meanqp=0 picbytes=0 pskip=0 nalus=1 n1:2508
  snapshot f239: 3 venc_ko blocks (pool0 0x73801000 len 0x10000)
---- /proc/ax_proc/venc ----
-------- VENC VERSION ------------------------
[Axera version]: ax_venc V3.0.0_20250319114413 Mar 19 2025 11:58:34 JK

-------- MODULE PARAM ------------------------
MaxChnNum   MaxRoiNum   MaxProcNum  
16          8           16          

-------- VENC CHN ATTR 1 ------------------------
ID    Type    wSrc    hSrc    Strd0   Strd1   maxW    maxH    PixFmt  link  InFifoDep    OutFifoDep   InDbgFifoLen InDbgFifoDep StrmBufSize(KB)
7     h264    1920    1080    3840    0       1920    1080    YUYV422 N     2            2            0            4            4114      
-------- VENC CHN ATTR 2 ------------------------
ID    [CropEn StartX  StartY  CropW   CropH]  Rotation  EncW    EncH    FrmSize      PTS          SeqNum       CompMode     CompLevel    PhyAddr0     PhyAddr1     PhyAddr2     
7     N       0       0       0       0       0         1920    1080    4147200      3266666      197          NONE         0            742d1000     0            0            
-------- VENC RC ATTR 1 ------------------------
ID    RcMode    SrcFr   DstFr   Br(kbps)  MinQp   MaxQp   MinIQp  MaxIQp  IQpDelta  IpropMax   IpropMin   StartQp    QpDltRng   DeBrQpDlt  SvcEn   ChgPos  StillPercent MaxStillQp 
7     VBR       60.00   60.00   2000      10      51      10      51      0         -          -          -1         2          0          False   90      -            -          
-------- VENC RC ATTR 2  -----------------------
ID    QMapQpType  QMapUnit    QMapBlkType IQp   PQp   MinQpDelta MaxQpDelta MaxBitRate shtStaTime ltStaTime  ltMinBr  ltMaxBr  Br_ST(kbps)    Br_LT(kbps)    
7     N/A         64x64       N/A         -     -     -          -          -          -          -          -        -        -              -              
-------- VENC GOP ATTR  ------------------------
ID    GopMode   Gop   GopVI 
7     NormalP   30    0     
-------- VENC STATUS 1 -------------------------
ID    RJEn         RJThr(bps)   RJMode       RJEncGaps    SupFrmEn     SupPri       SupThrI      SupThrP      SplitEn      SliceNum     Range(In)    Range(out)   
7     N            0            Normal       0            N            0            500000       500000       N            0            Full         Full         
-------- VENC STATUS 2 -------------------------
ID    ChnStat   FrmRecv   FrmRls    FrmEnc    FrmDrop   FrmDup    EncFail   MissMatch StrmGet   StrmRls   OutFps    RealBr    ReEncCnt  DropCnt   BlkFail   GrpID     PID     TID     ThNum   RefInc    RefDec    Fail1   Fail2   Fail3   Fail4   
7     STARTED   198       197       197       0         0         0         0         197       197       49.51     1675.83   0         0         0         -1        130119  130123  1       198       197       0       0       0       0       
-------- VENC HW STATUS  ------------------------
ID    OverFlow     TimeOut      
7     0            0            
-------- VENC ROI INFO  ------------------------
ID    Index        bEnable      bAbsQp       RoiQP        Width        Height       StartX       StartY       
done h264_vbr2000
