CODEC: H.265/HEVC (fixed-QP overlay, level_idc 123)
RC: vbr 2000 kbps @ 60 fps gop 30, seed QP 36
VCMD: hwid=0x43421500 main_addr=0x1000
FRAMEBUF: alloc 0x73800000+0x16e1000 (1920x1080)  in +0x446000  out +0x0
frame   0: IDR qp=36 wait=0 bytes=663    cycles=2080680  nal=19 ok
frame   1: P   qp=36 wait=0 bytes=160    cycles=2085990  nal=1 ok
frame   2: P   qp=35 wait=0 bytes=142    cycles=2086170  nal=1 ok
frame   3: P   qp=34 wait=0 bytes=255    cycles=2086748  nal=1 ok
frame   4: P   qp=33 wait=0 bytes=132    cycles=2086105  nal=1 ok
frame   5: P   qp=32 wait=0 bytes=270    cycles=2087592  nal=1 ok
frame   6: P   qp=31 wait=0 bytes=239    cycles=2086255  nal=1 ok
frame   7: P   qp=30 wait=0 bytes=311    cycles=2086982  nal=1 ok
frame   8: P   qp=29 wait=0 bytes=387    cycles=2084557  nal=1 ok
frame   9: P   qp=28 wait=0 bytes=244    cycles=2082784  nal=1 ok
frame  10: P   qp=27 wait=0 bytes=283    cycles=2085515  nal=1 ok
frame  11: P   qp=26 wait=0 bytes=361    cycles=2086775  nal=1 ok
frame  12: P   qp=25 wait=0 bytes=266    cycles=2085975  nal=1 ok
frame  13: P   qp=24 wait=0 bytes=200    cycles=2085730  nal=1 ok
frame  14: P   qp=23 wait=0 bytes=254    cycles=2085887  nal=1 ok
frame  15: P   qp=22 wait=0 bytes=147    cycles=2085742  nal=1 ok
frame  16: P   qp=21 wait=0 bytes=144    cycles=2085258  nal=1 ok
frame  17: P   qp=20 wait=0 bytes=176    cycles=2087982  nal=1 ok
frame  18: P   qp=19 wait=0 bytes=142    cycles=2085466  nal=1 ok
frame  19: P   qp=18 wait=0 bytes=129    cycles=2085167  nal=1 ok
frame  20: P   qp=17 wait=0 bytes=171    cycles=2081985  nal=1 ok
frame  21: P   qp=16 wait=0 bytes=147    cycles=2082127  nal=1 ok
frame  22: P   qp=16 wait=0 bytes=123    cycles=2079544  nal=1 ok
frame  23: P   qp=16 wait=0 bytes=100    cycles=2079602  nal=1 ok
frame  24: P   qp=16 wait=0 bytes=151    cycles=2079410  nal=1 ok
frame  25: P   qp=16 wait=0 bytes=176    cycles=2079380  nal=1 ok
frame  26: P   qp=16 wait=0 bytes=114    cycles=2082035  nal=1 ok
frame  27: P   qp=16 wait=0 bytes=96     cycles=2082199  nal=1 ok
frame  28: P   qp=16 wait=0 bytes=118    cycles=2082214  nal=1 ok
frame  29: P   qp=16 wait=0 bytes=98     cycles=2082206  nal=1 ok
frame  30: IDR qp=17 wait=0 bytes=791    cycles=2081034  nal=19 ok
frame  31: P   qp=17 wait=0 bytes=101    cycles=2085238  nal=1 ok
frame  32: P   qp=16 wait=0 bytes=104    cycles=2088290  nal=1 ok
frame  33: P   qp=16 wait=0 bytes=76     cycles=2085485  nal=1 ok
frame  34: P   qp=16 wait=0 bytes=92     cycles=2085478  nal=1 ok
frame  35: P   qp=16 wait=0 bytes=76     cycles=2085476  nal=1 ok
frame  36: P   qp=16 wait=0 bytes=102    cycles=2085478  nal=1 ok
frame  37: P   qp=16 wait=0 bytes=75     cycles=2085494  nal=1 ok
frame  38: P   qp=16 wait=0 bytes=106    cycles=2085265  nal=1 ok
frame  39: P   qp=16 wait=0 bytes=104    cycles=2085376  nal=1 ok
frame  40: P   qp=16 wait=0 bytes=112    cycles=2085406  nal=1 ok
frame  41: P   qp=16 wait=0 bytes=87     cycles=2085495  nal=1 ok
frame  42: P   qp=16 wait=0 bytes=94     cycles=2085477  nal=1 ok
frame  43: P   qp=16 wait=0 bytes=85     cycles=2085508  nal=1 ok
frame  44: P   qp=16 wait=0 bytes=103    cycles=2085478  nal=1 ok
frame  45: P   qp=16 wait=0 bytes=103    cycles=2085272  nal=1 ok
frame  46: P   qp=16 wait=0 bytes=93     cycles=2085515  nal=1 ok
frame  47: P   qp=16 wait=0 bytes=75     cycles=2085503  nal=1 ok
frame  48: P   qp=16 wait=0 bytes=92     cycles=2085518  nal=1 ok
frame  49: P   qp=16 wait=0 bytes=77     cycles=2085488  nal=1 ok
frame  50: P   qp=16 wait=0 bytes=93     cycles=2085500  nal=1 ok
frame  51: P   qp=16 wait=0 bytes=76     cycles=2085482  nal=1 ok
frame  52: P   qp=16 wait=0 bytes=103    cycles=2085476  nal=1 ok
frame  53: P   qp=16 wait=0 bytes=76     cycles=2085504  nal=1 ok
frame  54: P   qp=16 wait=0 bytes=127    cycles=2085333  nal=1 ok
frame  55: P   qp=16 wait=0 bytes=95     cycles=2085333  nal=1 ok
frame  56: P   qp=16 wait=0 bytes=108    cycles=2085416  nal=1 ok
frame  57: P   qp=16 wait=0 bytes=87     cycles=2085487  nal=1 ok
frame  58: P   qp=16 wait=0 bytes=93     cycles=2085503  nal=1 ok
frame  59: P   qp=16 wait=0 bytes=85     cycles=2085477  nal=1 ok
frame  60: IDR qp=17 wait=0 bytes=801    cycles=2080789  nal=19 ok
frame  61: P   qp=17 wait=0 bytes=108    cycles=2085295  nal=1 ok
frame  62: P   qp=16 wait=0 bytes=95     cycles=2088287  nal=1 ok
frame  63: P   qp=16 wait=0 bytes=77     cycles=2085488  nal=1 ok
frame  64: P   qp=16 wait=0 bytes=101    cycles=2085503  nal=1 ok
frame  65: P   qp=16 wait=0 bytes=76     cycles=2085475  nal=1 ok
frame  66: P   qp=16 wait=0 bytes=92     cycles=2085518  nal=1 ok
frame  67: P   qp=16 wait=0 bytes=76     cycles=2085502  nal=1 ok
frame  68: P   qp=16 wait=0 bytes=108    cycles=2085318  nal=1 ok
frame  69: P   qp=16 wait=0 bytes=105    cycles=2085324  nal=1 ok
frame  70: P   qp=16 wait=0 bytes=108    cycles=2085400  nal=1 ok
frame  71: P   qp=16 wait=0 bytes=87     cycles=2085475  nal=1 ok
frame  72: P   qp=16 wait=0 bytes=103    cycles=2085514  nal=1 ok
frame  73: P   qp=16 wait=0 bytes=87     cycles=2085510  nal=1 ok
frame  74: P   qp=16 wait=0 bytes=92     cycles=2085498  nal=1 ok
frame  75: P   qp=16 wait=0 bytes=94     cycles=2085357  nal=1 ok
frame  76: P   qp=16 wait=0 bytes=100    cycles=2085497  nal=1 ok
frame  77: P   qp=16 wait=0 bytes=75     cycles=2085518  nal=1 ok
frame  78: P   qp=16 wait=0 bytes=93     cycles=2085478  nal=1 ok
frame  79: P   qp=16 wait=0 bytes=75     cycles=2085522  nal=1 ok
frame  80: P   qp=16 wait=0 bytes=100    cycles=2085499  nal=1 ok
frame  81: P   qp=16 wait=0 bytes=76     cycles=2085515  nal=1 ok
frame  82: P   qp=16 wait=0 bytes=93     cycles=2085497  nal=1 ok
frame  83: P   qp=16 wait=0 bytes=76     cycles=2085504  nal=1 ok
frame  84: P   qp=16 wait=0 bytes=111    cycles=2085341  nal=1 ok
frame  85: P   qp=16 wait=0 bytes=93     cycles=2085317  nal=1 ok
frame  86: P   qp=16 wait=0 bytes=97     cycles=2085302  nal=1 ok
frame  87: P   qp=16 wait=0 bytes=88     cycles=2085521  nal=1 ok
frame  88: P   qp=16 wait=0 bytes=104    cycles=2085494  nal=1 ok
frame  89: P   qp=16 wait=0 bytes=87     cycles=2085476  nal=1 ok
frame  90: IDR qp=17 wait=0 bytes=805    cycles=2080472  nal=19 ok
frame  91: P   qp=17 wait=0 bytes=102    cycles=2085325  nal=1 ok
frame  92: P   qp=16 wait=0 bytes=117    cycles=2088289  nal=1 ok
frame  93: P   qp=16 wait=0 bytes=80     cycles=2085496  nal=1 ok
frame  94: P   qp=16 wait=0 bytes=92     cycles=2085497  nal=1 ok
frame  95: P   qp=16 wait=0 bytes=76     cycles=2085515  nal=1 ok
frame  96: P   qp=16 wait=0 bytes=100    cycles=2085491  nal=1 ok
frame  97: P   qp=16 wait=0 bytes=76     cycles=2085511  nal=1 ok
frame  98: P   qp=16 wait=0 bytes=101    cycles=2085307  nal=1 ok
frame  99: P   qp=16 wait=0 bytes=103    cycles=2085116  nal=1 ok
frame 100: P   qp=16 wait=0 bytes=117    cycles=2085139  nal=1 ok
frame 101: P   qp=16 wait=0 bytes=84     cycles=2085487  nal=1 ok
frame 102: P   qp=16 wait=0 bytes=96     cycles=2085439  nal=1 ok
frame 103: P   qp=16 wait=0 bytes=90     cycles=2085426  nal=1 ok
frame 104: P   qp=16 wait=0 bytes=108    cycles=2085302  nal=1 ok
frame 105: P   qp=16 wait=0 bytes=107    cycles=2085033  nal=1 ok
frame 106: P   qp=16 wait=0 bytes=94     cycles=2085426  nal=1 ok
frame 107: P   qp=16 wait=0 bytes=98     cycles=2085224  nal=1 ok
frame 108: P   qp=16 wait=0 bytes=108    cycles=2085274  nal=1 ok
frame 109: P   qp=16 wait=0 bytes=83     cycles=2085267  nal=1 ok
frame 110: P   qp=16 wait=0 bytes=113    cycles=2085203  nal=1 ok
frame 111: P   qp=16 wait=0 bytes=93     cycles=2085447  nal=1 ok
frame 112: P   qp=16 wait=0 bytes=111    cycles=2085637  nal=1 ok
frame 113: P   qp=16 wait=0 bytes=87     cycles=2085640  nal=1 ok
frame 114: P   qp=16 wait=0 bytes=146    cycles=2085434  nal=1 ok
frame 115: P   qp=16 wait=0 bytes=77     cycles=2085640  nal=1 ok
frame 116: P   qp=16 wait=0 bytes=84     cycles=2085746  nal=1 ok
frame 117: P   qp=16 wait=0 bytes=77     cycles=2085506  nal=1 ok
frame 118: P   qp=16 wait=0 bytes=80     cycles=2085514  nal=1 ok
frame 119: P   qp=16 wait=0 bytes=77     cycles=2085549  nal=1 ok
frame 120: IDR qp=17 wait=0 bytes=761    cycles=2081163  nal=19 ok
frame 121: P   qp=17 wait=0 bytes=83     cycles=2085641  nal=1 ok
frame 122: P   qp=16 wait=0 bytes=88     cycles=2088369  nal=1 ok
frame 123: P   qp=16 wait=0 bytes=142    cycles=2085610  nal=1 ok
frame 124: P   qp=16 wait=0 bytes=97     cycles=2085519  nal=1 ok
frame 125: P   qp=16 wait=0 bytes=91     cycles=2085665  nal=1 ok
frame 126: P   qp=16 wait=0 bytes=92     cycles=2085388  nal=1 ok
frame 127: P   qp=16 wait=0 bytes=93     cycles=2085806  nal=1 ok
frame 128: P   qp=16 wait=0 bytes=86     cycles=2085280  nal=1 ok
frame 129: P   qp=16 wait=0 bytes=113    cycles=2085398  nal=1 ok
frame 130: P   qp=16 wait=0 bytes=84     cycles=2085455  nal=1 ok
frame 131: P   qp=16 wait=0 bytes=78     cycles=2085457  nal=1 ok
frame 132: P   qp=16 wait=0 bytes=80     cycles=2085505  nal=1 ok
frame 133: P   qp=16 wait=0 bytes=75     cycles=2085514  nal=1 ok
frame 134: P   qp=16 wait=0 bytes=81     cycles=2085474  nal=1 ok
frame 135: P   qp=16 wait=0 bytes=77     cycles=2085461  nal=1 ok
frame 136: P   qp=16 wait=0 bytes=79     cycles=2085481  nal=1 ok
frame 137: P   qp=16 wait=0 bytes=75     cycles=2085456  nal=1 ok
frame 138: P   qp=16 wait=0 bytes=93     cycles=2085408  nal=1 ok
frame 139: P   qp=16 wait=0 bytes=88     cycles=2085282  nal=1 ok
frame 140: P   qp=16 wait=0 bytes=90     cycles=2085300  nal=1 ok
frame 141: P   qp=16 wait=0 bytes=84     cycles=2085464  nal=1 ok
frame 142: P   qp=16 wait=0 bytes=86     cycles=2085455  nal=1 ok
frame 143: P   qp=16 wait=0 bytes=87     cycles=2085473  nal=1 ok
frame 144: P   qp=16 wait=0 bytes=103    cycles=2085275  nal=1 ok
frame 145: P   qp=16 wait=0 bytes=89     cycles=2085289  nal=1 ok
frame 146: P   qp=16 wait=0 bytes=85     cycles=2085503  nal=1 ok
frame 147: P   qp=16 wait=0 bytes=78     cycles=2085476  nal=1 ok
frame 148: P   qp=16 wait=0 bytes=79     cycles=2085496  nal=1 ok
frame 149: P   qp=16 wait=0 bytes=76     cycles=2085456  nal=1 ok
frame 150: IDR qp=17 wait=0 bytes=768    cycles=2081258  nal=19 ok
frame 151: P   qp=17 wait=0 bytes=87     cycles=2085512  nal=1 ok
frame 152: P   qp=16 wait=0 bytes=88     cycles=2088085  nal=1 ok
frame 153: P   qp=16 wait=0 bytes=94     cycles=2085397  nal=1 ok
frame 154: P   qp=16 wait=0 bytes=95     cycles=2085436  nal=1 ok
frame 155: P   qp=16 wait=0 bytes=89     cycles=2085495  nal=1 ok
frame 156: P   qp=16 wait=0 bytes=90     cycles=2085516  nal=1 ok
frame 157: P   qp=16 wait=0 bytes=85     cycles=2085492  nal=1 ok
frame 158: P   qp=16 wait=0 bytes=98     cycles=2085383  nal=1 ok
frame 159: P   qp=16 wait=0 bytes=124    cycles=2085502  nal=1 ok
frame 160: P   qp=16 wait=0 bytes=90     cycles=2085546  nal=1 ok
frame 161: P   qp=16 wait=0 bytes=75     cycles=2085494  nal=1 ok
frame 162: P   qp=16 wait=0 bytes=79     cycles=2085535  nal=1 ok
frame 163: P   qp=16 wait=0 bytes=77     cycles=2085511  nal=1 ok
frame 164: P   qp=16 wait=0 bytes=79     cycles=2085513  nal=1 ok
frame 165: P   qp=16 wait=0 bytes=76     cycles=2085516  nal=1 ok
frame 166: P   qp=16 wait=0 bytes=82     cycles=2085490  nal=1 ok
frame 167: P   qp=16 wait=0 bytes=77     cycles=2085496  nal=1 ok
frame 168: P   qp=16 wait=0 bytes=97     cycles=2085290  nal=1 ok
frame 169: P   qp=16 wait=0 bytes=91     cycles=2085350  nal=1 ok
frame 170: P   qp=16 wait=0 bytes=97     cycles=2085419  nal=1 ok
frame 171: P   qp=16 wait=0 bytes=86     cycles=2085495  nal=1 ok
frame 172: P   qp=16 wait=0 bytes=90     cycles=2085492  nal=1 ok
frame 173: P   qp=16 wait=0 bytes=87     cycles=2085498  nal=1 ok
frame 174: P   qp=16 wait=0 bytes=104    cycles=2085344  nal=1 ok
frame 175: P   qp=16 wait=0 bytes=109    cycles=2085134  nal=1 ok
frame 176: P   qp=16 wait=0 bytes=108    cycles=2085407  nal=1 ok
frame 177: P   qp=16 wait=0 bytes=94     cycles=2085398  nal=1 ok
frame 178: P   qp=16 wait=0 bytes=88     cycles=2085496  nal=1 ok
frame 179: P   qp=16 wait=0 bytes=88     cycles=2085434  nal=1 ok

RESULT: PASS -- 180/180 frames blob-free (24007 stream bytes, written; avg P = 108 bytes; RC achieved 63 kbps over 180 frames (target 2000))
