CODEC: H.265/HEVC (fixed-QP overlay, level_idc 123)
RC: cbr 8000 kbps @ 60 fps gop 30, seed QP 32 (retarget at half-way)
VCMD: hwid=0x43421500 main_addr=0x1000
FRAMEBUF: alloc 0x73800000+0x16e1000 (1920x1080)  in +0x446000  out +0x0
frame   0: IDR qp=32 wait=0 bytes=748    cycles=2081526  nal=19 ok
frame   1: P   qp=35 wait=0 bytes=269    cycles=2087636  nal=1 ok
frame   2: P   qp=33 wait=0 bytes=337    cycles=2087902  nal=1 ok
frame   3: P   qp=32 wait=0 bytes=303    cycles=2087439  nal=1 ok
frame   4: P   qp=31 wait=0 bytes=383    cycles=2087804  nal=1 ok
frame   5: P   qp=30 wait=0 bytes=288    cycles=2087048  nal=1 ok
frame   6: P   qp=29 wait=0 bytes=377    cycles=2087778  nal=1 ok
frame   7: P   qp=28 wait=0 bytes=382    cycles=2085455  nal=1 ok
frame   8: P   qp=27 wait=0 bytes=430    cycles=2083883  nal=1 ok
frame   9: P   qp=26 wait=0 bytes=334    cycles=2086458  nal=1 ok
frame  10: P   qp=25 wait=0 bytes=320    cycles=2086405  nal=1 ok
frame  11: P   qp=24 wait=0 bytes=356    cycles=2087099  nal=1 ok
frame  12: P   qp=23 wait=0 bytes=233    cycles=2086470  nal=1 ok
frame  13: P   qp=22 wait=0 bytes=198    cycles=2087051  nal=1 ok
frame  14: P   qp=21 wait=0 bytes=178    cycles=2085592  nal=1 ok
frame  15: P   qp=21 wait=0 bytes=103    cycles=2085524  nal=1 ok
frame  16: P   qp=21 wait=0 bytes=103    cycles=2085632  nal=1 ok
frame  17: P   qp=21 wait=0 bytes=82     cycles=2085652  nal=1 ok
frame  18: P   qp=21 wait=0 bytes=107    cycles=2085638  nal=1 ok
frame  19: P   qp=21 wait=0 bytes=82     cycles=2085647  nal=1 ok
frame  20: P   qp=21 wait=0 bytes=110    cycles=2085662  nal=1 ok
frame  21: P   qp=21 wait=0 bytes=84     cycles=2085641  nal=1 ok
frame  22: P   qp=21 wait=0 bytes=97     cycles=2085638  nal=1 ok
frame  23: P   qp=21 wait=0 bytes=81     cycles=2085657  nal=1 ok
frame  24: P   qp=21 wait=0 bytes=137    cycles=2085500  nal=1 ok
frame  25: P   qp=21 wait=0 bytes=104    cycles=2085472  nal=1 ok
frame  26: P   qp=21 wait=0 bytes=113    cycles=2086328  nal=1 ok
frame  27: P   qp=21 wait=0 bytes=99     cycles=2085518  nal=1 ok
frame  28: P   qp=21 wait=0 bytes=128    cycles=2084912  nal=1 ok
frame  29: P   qp=21 wait=0 bytes=99     cycles=2085563  nal=1 ok
frame  30: IDR qp=30 wait=0 bytes=834    cycles=2078148  nal=19 ok
frame  31: P   qp=33 wait=0 bytes=288    cycles=2086770  nal=1 ok
frame  32: P   qp=32 wait=0 bytes=372    cycles=2087522  nal=1 ok
frame  33: P   qp=31 wait=0 bytes=315    cycles=2087414  nal=1 ok
frame  34: P   qp=30 wait=0 bytes=374    cycles=2087506  nal=1 ok
frame  35: P   qp=29 wait=0 bytes=227    cycles=2086833  nal=1 ok
frame  36: P   qp=28 wait=0 bytes=273    cycles=2086071  nal=1 ok
frame  37: P   qp=27 wait=0 bytes=332    cycles=2086420  nal=1 ok
frame  38: P   qp=26 wait=0 bytes=335    cycles=2085929  nal=1 ok
frame  39: P   qp=25 wait=0 bytes=257    cycles=2087326  nal=1 ok
frame  40: P   qp=24 wait=0 bytes=244    cycles=2088025  nal=1 ok
frame  41: P   qp=23 wait=0 bytes=221    cycles=2087606  nal=1 ok
frame  42: P   qp=22 wait=0 bytes=162    cycles=2085747  nal=1 ok
frame  43: P   qp=21 wait=0 bytes=171    cycles=2085156  nal=1 ok
frame  44: P   qp=20 wait=0 bytes=162    cycles=2085435  nal=1 ok
frame  45: P   qp=19 wait=0 bytes=216    cycles=2082132  nal=1 ok
frame  46: P   qp=19 wait=0 bytes=126    cycles=2085390  nal=1 ok
frame  47: P   qp=19 wait=0 bytes=108    cycles=2085461  nal=1 ok
frame  48: P   qp=19 wait=0 bytes=126    cycles=2085517  nal=1 ok
frame  49: P   qp=19 wait=0 bytes=107    cycles=2085475  nal=1 ok
frame  50: P   qp=19 wait=0 bytes=122    cycles=2085507  nal=1 ok
frame  51: P   qp=19 wait=0 bytes=107    cycles=2085463  nal=1 ok
frame  52: P   qp=19 wait=0 bytes=133    cycles=2085460  nal=1 ok
frame  53: P   qp=19 wait=0 bytes=108    cycles=2085478  nal=1 ok
frame  54: P   qp=19 wait=0 bytes=157    cycles=2084898  nal=1 ok
frame  55: P   qp=19 wait=0 bytes=128    cycles=2085139  nal=1 ok
frame  56: P   qp=19 wait=0 bytes=144    cycles=2085201  nal=1 ok
frame  57: P   qp=19 wait=0 bytes=122    cycles=2085329  nal=1 ok
frame  58: P   qp=19 wait=0 bytes=126    cycles=2085357  nal=1 ok
frame  59: P   qp=19 wait=0 bytes=121    cycles=2085237  nal=1 ok
frame  60: IDR qp=28 wait=0 bytes=761    cycles=2081280  nal=19 ok
frame  61: P   qp=31 wait=0 bytes=90     cycles=2085632  nal=1 ok
frame  62: P   qp=30 wait=0 bytes=143    cycles=2086344  nal=1 ok
frame  63: P   qp=29 wait=0 bytes=99     cycles=2085846  nal=1 ok
frame  64: P   qp=28 wait=0 bytes=118    cycles=2086034  nal=1 ok
frame  65: P   qp=27 wait=0 bytes=108    cycles=2085774  nal=1 ok
frame  66: P   qp=26 wait=0 bytes=122    cycles=2085925  nal=1 ok
frame  67: P   qp=25 wait=0 bytes=83     cycles=2085705  nal=1 ok
frame  68: P   qp=24 wait=0 bytes=138    cycles=2085675  nal=1 ok
frame  69: P   qp=23 wait=0 bytes=234    cycles=2088571  nal=1 ok
frame  70: P   qp=22 wait=0 bytes=146    cycles=2085155  nal=1 ok
frame  71: P   qp=21 wait=0 bytes=111    cycles=2085490  nal=1 ok
frame  72: P   qp=20 wait=0 bytes=128    cycles=2087929  nal=1 ok
frame  73: P   qp=19 wait=0 bytes=100    cycles=2085513  nal=1 ok
frame  74: P   qp=18 wait=0 bytes=116    cycles=2088262  nal=1 ok
frame  75: P   qp=17 wait=0 bytes=120    cycles=2085034  nal=1 ok
frame  76: P   qp=17 wait=0 bytes=110    cycles=2085447  nal=1 ok
frame  77: P   qp=17 wait=0 bytes=87     cycles=2085511  nal=1 ok
frame  78: P   qp=17 wait=0 bytes=104    cycles=2085507  nal=1 ok
frame  79: P   qp=17 wait=0 bytes=87     cycles=2085613  nal=1 ok
frame  80: P   qp=17 wait=0 bytes=109    cycles=2085517  nal=1 ok
frame  81: P   qp=17 wait=0 bytes=88     cycles=2085506  nal=1 ok
frame  82: P   qp=17 wait=0 bytes=103    cycles=2085518  nal=1 ok
frame  83: P   qp=17 wait=0 bytes=88     cycles=2085506  nal=1 ok
frame  84: P   qp=17 wait=0 bytes=116    cycles=2085362  nal=1 ok
frame  85: P   qp=17 wait=0 bytes=103    cycles=2085376  nal=1 ok
frame  86: P   qp=17 wait=0 bytes=109    cycles=2085358  nal=1 ok
frame  87: P   qp=17 wait=0 bytes=98     cycles=2085501  nal=1 ok
frame  88: P   qp=17 wait=0 bytes=112    cycles=2085522  nal=1 ok
frame  89: P   qp=17 wait=0 bytes=97     cycles=2085508  nal=1 ok
frame  90: IDR qp=26 wait=0 bytes=839    cycles=2079898  nal=19 ok
frame  91: P   qp=29 wait=0 bytes=323    cycles=2087458  nal=1 ok
frame  92: P   qp=28 wait=0 bytes=358    cycles=2087139  nal=1 ok
frame  93: P   qp=27 wait=0 bytes=317    cycles=2087144  nal=1 ok
frame  94: P   qp=26 wait=0 bytes=270    cycles=2086085  nal=1 ok
frame  95: P   qp=25 wait=0 bytes=298    cycles=2087092  nal=1 ok
frame  96: P   qp=24 wait=0 bytes=269    cycles=2086405  nal=1 ok
frame  97: P   qp=23 wait=0 bytes=206    cycles=2085601  nal=1 ok
frame  98: P   qp=22 wait=0 bytes=198    cycles=2085158  nal=1 ok
frame  99: P   qp=21 wait=0 bytes=215    cycles=2084842  nal=1 ok
frame 100: P   qp=20 wait=0 bytes=239    cycles=2084745  nal=1 ok
frame 101: P   qp=19 wait=0 bytes=217    cycles=2084724  nal=1 ok
frame 102: P   qp=18 wait=0 bytes=170    cycles=2086643  nal=1 ok
frame 103: P   qp=17 wait=0 bytes=160    cycles=2079404  nal=1 ok
frame 104: P   qp=16 wait=0 bytes=232    cycles=2079697  nal=1 ok
frame 105: P   qp=16 wait=0 bytes=122    cycles=2079436  nal=1 ok
frame 106: P   qp=16 wait=0 bytes=116    cycles=2079521  nal=1 ok
frame 107: P   qp=16 wait=0 bytes=116    cycles=2079529  nal=1 ok
frame 108: P   qp=16 wait=0 bytes=142    cycles=2079322  nal=1 ok
frame 109: P   qp=16 wait=0 bytes=117    cycles=2079463  nal=1 ok
frame 110: P   qp=16 wait=0 bytes=131    cycles=2079579  nal=1 ok
frame 111: P   qp=16 wait=0 bytes=126    cycles=2079747  nal=1 ok
frame 112: P   qp=16 wait=0 bytes=124    cycles=2079907  nal=1 ok
frame 113: P   qp=16 wait=0 bytes=99     cycles=2079701  nal=1 ok
frame 114: P   qp=16 wait=0 bytes=158    cycles=2079606  nal=1 ok
frame 115: P   qp=16 wait=0 bytes=87     cycles=2079905  nal=1 ok
frame 116: P   qp=16 wait=0 bytes=99     cycles=2081142  nal=1 ok
frame 117: P   qp=16 wait=0 bytes=87     cycles=2079764  nal=1 ok
frame 118: P   qp=16 wait=0 bytes=90     cycles=2079808  nal=1 ok
frame 119: P   qp=16 wait=0 bytes=87     cycles=2079772  nal=1 ok
frame 120: IDR qp=35 wait=0 bytes=693    cycles=2081606  nal=19 ok
frame 121: P   qp=38 wait=0 bytes=76     cycles=2085904  nal=1 ok
frame 122: P   qp=37 wait=0 bytes=90     cycles=2085813  nal=1 ok
frame 123: P   qp=36 wait=0 bytes=159    cycles=2087711  nal=1 ok
frame 124: P   qp=35 wait=0 bytes=196    cycles=2087034  nal=1 ok
frame 125: P   qp=34 wait=0 bytes=127    cycles=2086023  nal=1 ok
frame 126: P   qp=33 wait=0 bytes=229    cycles=2086467  nal=1 ok
frame 127: P   qp=32 wait=0 bytes=254    cycles=2086694  nal=1 ok
frame 128: P   qp=31 wait=0 bytes=221    cycles=2086159  nal=1 ok
frame 129: P   qp=30 wait=0 bytes=275    cycles=2086099  nal=1 ok
frame 130: P   qp=29 wait=0 bytes=292    cycles=2086748  nal=1 ok
frame 131: P   qp=28 wait=0 bytes=261    cycles=2087205  nal=1 ok
frame 132: P   qp=27 wait=0 bytes=283    cycles=2087068  nal=1 ok
frame 133: P   qp=26 wait=0 bytes=270    cycles=2086685  nal=1 ok
frame 134: P   qp=25 wait=0 bytes=140    cycles=2086029  nal=1 ok
frame 135: P   qp=24 wait=0 bytes=288    cycles=2085907  nal=1 ok
frame 136: P   qp=24 wait=0 bytes=98     cycles=2085279  nal=1 ok
frame 137: P   qp=24 wait=0 bytes=84     cycles=2085364  nal=1 ok
frame 138: P   qp=24 wait=0 bytes=98     cycles=2085208  nal=1 ok
frame 139: P   qp=24 wait=0 bytes=109    cycles=2085241  nal=1 ok
frame 140: P   qp=24 wait=0 bytes=97     cycles=2085287  nal=1 ok
frame 141: P   qp=24 wait=0 bytes=86     cycles=2085358  nal=1 ok
frame 142: P   qp=24 wait=0 bytes=94     cycles=2085364  nal=1 ok
frame 143: P   qp=24 wait=0 bytes=92     cycles=2085367  nal=1 ok
frame 144: P   qp=24 wait=0 bytes=107    cycles=2085222  nal=1 ok
frame 145: P   qp=24 wait=0 bytes=96     cycles=2085184  nal=1 ok
frame 146: P   qp=24 wait=0 bytes=88     cycles=2085243  nal=1 ok
frame 147: P   qp=24 wait=0 bytes=79     cycles=2085363  nal=1 ok
frame 148: P   qp=24 wait=0 bytes=88     cycles=2085397  nal=1 ok
frame 149: P   qp=24 wait=0 bytes=83     cycles=2085381  nal=1 ok
frame 150: IDR qp=33 wait=0 bytes=680    cycles=2081427  nal=19 ok
frame 151: P   qp=36 wait=0 bytes=89     cycles=2085790  nal=1 ok
frame 152: P   qp=35 wait=0 bytes=142    cycles=2085556  nal=1 ok
frame 153: P   qp=34 wait=0 bytes=100    cycles=2085656  nal=1 ok
frame 154: P   qp=33 wait=0 bytes=172    cycles=2085659  nal=1 ok
frame 155: P   qp=32 wait=0 bytes=229    cycles=2087630  nal=1 ok
frame 156: P   qp=31 wait=0 bytes=210    cycles=2087340  nal=1 ok
frame 157: P   qp=30 wait=0 bytes=319    cycles=2087913  nal=1 ok
frame 158: P   qp=29 wait=0 bytes=201    cycles=2085338  nal=1 ok
frame 159: P   qp=28 wait=0 bytes=378    cycles=2086606  nal=1 ok
frame 160: P   qp=27 wait=0 bytes=264    cycles=2087607  nal=1 ok
frame 161: P   qp=26 wait=0 bytes=292    cycles=2087065  nal=1 ok
frame 162: P   qp=25 wait=0 bytes=262    cycles=2085966  nal=1 ok
frame 163: P   qp=24 wait=0 bytes=228    cycles=2085696  nal=1 ok
frame 164: P   qp=23 wait=0 bytes=105    cycles=2085619  nal=1 ok
frame 165: P   qp=22 wait=0 bytes=107    cycles=2085332  nal=1 ok
frame 166: P   qp=22 wait=0 bytes=109    cycles=2085411  nal=1 ok
frame 167: P   qp=22 wait=0 bytes=104    cycles=2085381  nal=1 ok
frame 168: P   qp=22 wait=0 bytes=110    cycles=2085222  nal=1 ok
frame 169: P   qp=22 wait=0 bytes=99     cycles=2084738  nal=1 ok
frame 170: P   qp=22 wait=0 bytes=104    cycles=2084833  nal=1 ok
frame 171: P   qp=22 wait=0 bytes=110    cycles=2085077  nal=1 ok
frame 172: P   qp=22 wait=0 bytes=97     cycles=2085364  nal=1 ok
frame 173: P   qp=22 wait=0 bytes=90     cycles=2085314  nal=1 ok
frame 174: P   qp=22 wait=0 bytes=106    cycles=2085225  nal=1 ok
frame 175: P   qp=22 wait=0 bytes=94     cycles=2085032  nal=1 ok
frame 176: P   qp=22 wait=0 bytes=94     cycles=2085261  nal=1 ok
frame 177: P   qp=22 wait=0 bytes=80     cycles=2085243  nal=1 ok
frame 178: P   qp=22 wait=0 bytes=88     cycles=2085374  nal=1 ok
frame 179: P   qp=22 wait=0 bytes=83     cycles=2085249  nal=1 ok
frame 180: IDR qp=31 wait=0 bytes=727    cycles=2077254  nal=19 ok
frame 181: P   qp=34 wait=0 bytes=244    cycles=2087184  nal=1 ok
frame 182: P   qp=33 wait=0 bytes=349    cycles=2087096  nal=1 ok
frame 183: P   qp=32 wait=0 bytes=327    cycles=2087984  nal=1 ok
frame 184: P   qp=31 wait=0 bytes=303    cycles=2086904  nal=1 ok
frame 185: P   qp=30 wait=0 bytes=259    cycles=2087930  nal=1 ok
frame 186: P   qp=29 wait=0 bytes=276    cycles=2086220  nal=1 ok
frame 187: P   qp=28 wait=0 bytes=308    cycles=2086976  nal=1 ok
frame 188: P   qp=27 wait=0 bytes=348    cycles=2086434  nal=1 ok
frame 189: P   qp=26 wait=0 bytes=366    cycles=2086871  nal=1 ok
frame 190: P   qp=25 wait=0 bytes=248    cycles=2086662  nal=1 ok
frame 191: P   qp=24 wait=0 bytes=296    cycles=2086570  nal=1 ok
frame 192: P   qp=23 wait=0 bytes=325    cycles=2087705  nal=1 ok
frame 193: P   qp=22 wait=0 bytes=140    cycles=2086487  nal=1 ok
frame 194: P   qp=21 wait=0 bytes=121    cycles=2084844  nal=1 ok
frame 195: P   qp=20 wait=0 bytes=289    cycles=2087026  nal=1 ok
frame 196: P   qp=20 wait=0 bytes=99     cycles=2085447  nal=1 ok
frame 197: P   qp=20 wait=0 bytes=99     cycles=2085546  nal=1 ok
frame 198: P   qp=20 wait=0 bytes=113    cycles=2085303  nal=1 ok
frame 199: P   qp=20 wait=0 bytes=116    cycles=2085188  nal=1 ok
frame 200: P   qp=20 wait=0 bytes=122    cycles=2085284  nal=1 ok
frame 201: P   qp=20 wait=0 bytes=96     cycles=2085515  nal=1 ok
frame 202: P   qp=20 wait=0 bytes=102    cycles=2085574  nal=1 ok
frame 203: P   qp=20 wait=0 bytes=99     cycles=2085531  nal=1 ok
frame 204: P   qp=20 wait=0 bytes=119    cycles=2085372  nal=1 ok
frame 205: P   qp=20 wait=0 bytes=104    cycles=2085360  nal=1 ok
frame 206: P   qp=20 wait=0 bytes=108    cycles=2085572  nal=1 ok
frame 207: P   qp=20 wait=0 bytes=93     cycles=2085557  nal=1 ok
frame 208: P   qp=20 wait=0 bytes=100    cycles=2085576  nal=1 ok
frame 209: P   qp=20 wait=0 bytes=92     cycles=2085532  nal=1 ok
frame 210: IDR qp=29 wait=0 bytes=717    cycles=2077288  nal=19 ok
frame 211: P   qp=32 wait=0 bytes=319    cycles=2088074  nal=1 ok
frame 212: P   qp=31 wait=0 bytes=268    cycles=2086496  nal=1 ok
frame 213: P   qp=30 wait=0 bytes=341    cycles=2087020  nal=1 ok
frame 214: P   qp=29 wait=0 bytes=277    cycles=2085739  nal=1 ok
frame 215: P   qp=28 wait=0 bytes=258    cycles=2086190  nal=1 ok
frame 216: P   qp=27 wait=0 bytes=318    cycles=2086542  nal=1 ok
frame 217: P   qp=26 wait=0 bytes=330    cycles=2086724  nal=1 ok
frame 218: P   qp=25 wait=0 bytes=239    cycles=2087193  nal=1 ok
frame 219: P   qp=24 wait=0 bytes=277    cycles=2085278  nal=1 ok
frame 220: P   qp=23 wait=0 bytes=309    cycles=2086061  nal=1 ok
frame 221: P   qp=22 wait=0 bytes=308    cycles=2083020  nal=1 ok
frame 222: P   qp=21 wait=0 bytes=244    cycles=2081958  nal=1 ok
frame 223: P   qp=20 wait=0 bytes=309    cycles=2086516  nal=1 ok
frame 224: P   qp=19 wait=0 bytes=121    cycles=2085271  nal=1 ok
frame 225: P   qp=18 wait=0 bytes=131    cycles=2085068  nal=1 ok
frame 226: P   qp=18 wait=0 bytes=101    cycles=2085218  nal=1 ok
frame 227: P   qp=18 wait=0 bytes=102    cycles=2085178  nal=1 ok
frame 228: P   qp=18 wait=0 bytes=136    cycles=2085323  nal=1 ok
frame 229: P   qp=18 wait=0 bytes=91     cycles=2085372  nal=1 ok
frame 230: P   qp=18 wait=0 bytes=93     cycles=2085302  nal=1 ok
frame 231: P   qp=18 wait=0 bytes=89     cycles=2085444  nal=1 ok
frame 232: P   qp=18 wait=0 bytes=91     cycles=2085290  nal=1 ok
frame 233: P   qp=18 wait=0 bytes=85     cycles=2085531  nal=1 ok
frame 234: P   qp=18 wait=0 bytes=87     cycles=2085553  nal=1 ok
frame 235: P   qp=18 wait=0 bytes=88     cycles=2085615  nal=1 ok
frame 236: P   qp=18 wait=0 bytes=92     cycles=2085425  nal=1 ok
frame 237: P   qp=18 wait=0 bytes=113    cycles=2085407  nal=1 ok
frame 238: P   qp=18 wait=0 bytes=104    cycles=2085492  nal=1 ok
frame 239: P   qp=18 wait=0 bytes=113    cycles=2086592  nal=1 ok

RESULT: PASS -- 240/240 frames blob-free (46797 stream bytes, written; avg P = 172 bytes; RC achieved 92 kbps over 240 frames (target 2000 after retarget))
